Initialized native services in: C:\Users\hp\.gradle\native
Initialized jansi services in: C:\Users\hp\.gradle\native
Found daemon DaemonInfo{pid=17480, address=[0cf49e4f-f2a1-489e-8a2a-f4a07c28c041 port:52617, addresses:[/127.0.0.1]], state=Idle, lastBusy=1769336674498, context=DefaultDaemonContext[uid=80c25cab-683d-4d0a-98c6-fc30a2d96dc8,javaHome=C:\Program Files\Java\jdk-20,javaVersion=20,javaVendor=Oracle Corporation,daemonRegistryDir=C:\Users\hp\.gradle\daemon,pid=17480,idleTimeout=10800000,priority=NORMAL,applyInstrumentationAgent=true,nativeServicesMode=ENABLED,daemonOpts=-XX:MaxMetaspaceSize=384m,-XX:+HeapDumpOnOutOfMemoryError,-Xms256m,-Xmx512m,-Dfile.encoding=UTF-8,-Duser.country=US,-Duser.language=en,-Duser.variant]} however its context does not match the desired criteria.
At least one daemon option is different.
Wanted: DaemonRequestContext{jvmCriteria=C:\Program Files\Java\jdk-20 (no JDK specified, using current Java home), daemonOpts=[-XX:MaxMetaspaceSize=512m, -Xmx2048m, -Dfile.encoding=UTF-8, -Duser.country=US, -Duser.language=en, -Duser.variant], applyInstrumentationAgent=true, nativeServicesMode=ENABLED, priority=NORMAL}
Actual: DefaultDaemonContext[uid=80c25cab-683d-4d0a-98c6-fc30a2d96dc8,javaHome=C:\Program Files\Java\jdk-20,javaVersion=20,javaVendor=Oracle Corporation,daemonRegistryDir=C:\Users\hp\.gradle\daemon,pid=17480,idleTimeout=10800000,priority=NORMAL,applyInstrumentationAgent=true,nativeServicesMode=ENABLED,daemonOpts=-XX:MaxMetaspaceSize=384m,-XX:+HeapDumpOnOutOfMemoryError,-Xms256m,-Xmx512m,-Dfile.encoding=UTF-8,-Duser.country=US,-Duser.language=en,-Duser.variant]

  Looking for a different daemon...
The client will now receive all logging from the daemon (pid: 16608). The daemon log file: C:\Users\hp\.gradle\daemon\8.13\daemon-16608.out.log
Starting 6th build in daemon [uptime: 27 mins 55.954 secs, performance: 100%, GC rate: 0.00/s, heap usage: 0% of 2 GiB, non-heap usage: 47% of 512 MiB]
Using 4 worker leases.
Now considering [C:\dev\ferify-project\ferify-mobile-app\android, C:\dev\ferify-project\ferify-mobile-app\node_modules\expo-modules-core\expo-module-gradle-plugin, C:\dev\ferify-project\ferify-mobile-app\node_modules\expo-dev-launcher\expo-dev-launcher-gradle-plugin, C:\dev\ferify-project\ferify-mobile-app\node_modules\expo-modules-autolinking\android\expo-gradle-plugin, C:\dev\ferify-project\ferify-mobile-app\node_modules\@react-native\gradle-plugin] as hierarchies to watch
Watching the file system is configured to be enabled if available
File system watching is active
Starting Build
Starting process 'command 'node''. Working directory: C:\dev\ferify-project\ferify-mobile-app\android Command: node --print require.resolve('@react-native/gradle-plugin/package.json', { paths: [require.resolve('react-native/package.json')] })
Successfully started process 'command 'node''
Starting process 'command 'node''. Working directory: C:\dev\ferify-project\ferify-mobile-app\android Command: node --print require.resolve('expo-modules-autolinking/package.json', { paths: [require.resolve('expo/package.json')] })
Successfully started process 'command 'node''
Now considering [C:\dev\ferify-project\ferify-mobile-app\node_modules\@react-native\gradle-plugin, C:\dev\ferify-project\ferify-mobile-app\android, C:\dev\ferify-project\ferify-mobile-app\node_modules\expo-modules-core\expo-module-gradle-plugin, C:\dev\ferify-project\ferify-mobile-app\node_modules\expo-dev-launcher\expo-dev-launcher-gradle-plugin, C:\dev\ferify-project\ferify-mobile-app\node_modules\expo-modules-autolinking\android\expo-gradle-plugin] as hierarchies to watch
Resolved plugin [id: 'org.gradle.toolchains.foojay-resolver-convention', version: '0.5.0']
Now considering [C:\dev\ferify-project\ferify-mobile-app\node_modules\expo-modules-autolinking\android\expo-gradle-plugin, C:\dev\ferify-project\ferify-mobile-app\node_modules\@react-native\gradle-plugin, C:\dev\ferify-project\ferify-mobile-app\android, C:\dev\ferify-project\ferify-mobile-app\node_modules\expo-modules-core\expo-module-gradle-plugin, C:\dev\ferify-project\ferify-mobile-app\node_modules\expo-dev-launcher\expo-dev-launcher-gradle-plugin] as hierarchies to watch

> Configure project :gradle-plugin
Evaluating project ':gradle-plugin' using build file 'C:\dev\ferify-project\ferify-mobile-app\node_modules\@react-native\gradle-plugin\build.gradle.kts'.
Resolved plugin [id: 'org.jetbrains.kotlin.jvm', version: '2.0.21', apply: false]

> Configure project :gradle-plugin:react-native-gradle-plugin
Evaluating project ':gradle-plugin:react-native-gradle-plugin' using build file 'C:\dev\ferify-project\ferify-mobile-app\node_modules\@react-native\gradle-plugin\react-native-gradle-plugin\build.gradle.kts'.
Resolved plugin [id: 'org.jetbrains.kotlin.jvm', version: '2.0.21']
Resolved plugin [id: 'java-gradle-plugin']
Using Kotlin Gradle Plugin gradle85 variant
kotlin scripting plugin: created the scripting discovery configuration: kotlinScriptDef
kotlin scripting plugin: created the scripting discovery configuration: testKotlinScriptDef

> Configure project :gradle-plugin:settings-plugin
Evaluating project ':gradle-plugin:settings-plugin' using build file 'C:\dev\ferify-project\ferify-mobile-app\node_modules\@react-native\gradle-plugin\settings-plugin\build.gradle.kts'.
Resolved plugin [id: 'org.jetbrains.kotlin.jvm', version: '2.0.21']
Resolved plugin [id: 'java-gradle-plugin']
Using Kotlin Gradle Plugin gradle85 variant
kotlin scripting plugin: created the scripting discovery configuration: kotlinScriptDef
kotlin scripting plugin: created the scripting discovery configuration: testKotlinScriptDef

> Configure project :gradle-plugin:shared
Evaluating project ':gradle-plugin:shared' using build file 'C:\dev\ferify-project\ferify-mobile-app\node_modules\@react-native\gradle-plugin\shared\build.gradle.kts'.
Resolved plugin [id: 'org.jetbrains.kotlin.jvm', version: '2.0.21']
Using Kotlin Gradle Plugin gradle85 variant
kotlin scripting plugin: created the scripting discovery configuration: kotlinScriptDef
kotlin scripting plugin: created the scripting discovery configuration: testKotlinScriptDef

> Configure project :gradle-plugin:shared-testutil
Evaluating project ':gradle-plugin:shared-testutil' using build file 'C:\dev\ferify-project\ferify-mobile-app\node_modules\@react-native\gradle-plugin\shared-testutil\build.gradle.kts'.
Resolved plugin [id: 'org.jetbrains.kotlin.jvm', version: '2.0.21']
Using Kotlin Gradle Plugin gradle85 variant
kotlin scripting plugin: created the scripting discovery configuration: kotlinScriptDef
kotlin scripting plugin: created the scripting discovery configuration: testKotlinScriptDef
Resolved plugin [id: 'com.facebook.react.settings']

> Configure project :expo-gradle-plugin
Evaluating project ':expo-gradle-plugin' using build file 'C:\dev\ferify-project\ferify-mobile-app\node_modules\expo-modules-autolinking\android\expo-gradle-plugin\build.gradle.kts'.
Resolved plugin [id: 'org.jetbrains.kotlin.jvm', version: '1.9.24', apply: false]
Resolved plugin [id: 'java-gradle-plugin']

> Configure project :expo-gradle-plugin:expo-autolinking-plugin
Evaluating project ':expo-gradle-plugin:expo-autolinking-plugin' using build file 'C:\dev\ferify-project\ferify-mobile-app\node_modules\expo-modules-autolinking\android\expo-gradle-plugin\expo-autolinking-plugin\build.gradle.kts'.
Resolved plugin [id: 'org.jetbrains.kotlin.jvm']
Resolved plugin [id: 'java-gradle-plugin']
Using Kotlin Gradle Plugin gradle82 variant
kotlin scripting plugin: created the scripting discovery configuration: kotlinScriptDef
kotlin scripting plugin: created the scripting discovery configuration: testKotlinScriptDef

> Configure project :expo-gradle-plugin:expo-autolinking-plugin-shared
Evaluating project ':expo-gradle-plugin:expo-autolinking-plugin-shared' using build file 'C:\dev\ferify-project\ferify-mobile-app\node_modules\expo-modules-autolinking\android\expo-gradle-plugin\expo-autolinking-plugin-shared\build.gradle.kts'.
Resolved plugin [id: 'org.jetbrains.kotlin.jvm']
Resolved plugin [id: 'org.jetbrains.kotlin.plugin.serialization', version: '1.9.24']
Using Kotlin Gradle Plugin gradle82 variant
kotlin scripting plugin: created the scripting discovery configuration: kotlinScriptDef
kotlin scripting plugin: created the scripting discovery configuration: testKotlinScriptDef

> Configure project :expo-gradle-plugin:expo-autolinking-settings-plugin
Evaluating project ':expo-gradle-plugin:expo-autolinking-settings-plugin' using build file 'C:\dev\ferify-project\ferify-mobile-app\node_modules\expo-modules-autolinking\android\expo-gradle-plugin\expo-autolinking-settings-plugin\build.gradle.kts'.
Resolved plugin [id: 'org.jetbrains.kotlin.jvm']
Resolved plugin [id: 'java-gradle-plugin']
Using Kotlin Gradle Plugin gradle82 variant
kotlin scripting plugin: created the scripting discovery configuration: kotlinScriptDef
kotlin scripting plugin: created the scripting discovery configuration: testKotlinScriptDef
Resolved plugin [id: 'expo-autolinking-settings']
Resolve mutations for :gradle-plugin:settings-plugin:checkKotlinGradlePluginConfigurationErrors (Thread[#614,included builds Thread 2,5,main]) started.
Resolve mutations for :expo-gradle-plugin:expo-autolinking-plugin-shared:checkKotlinGradlePluginConfigurationErrors (Thread[#613,included builds,5,main]) started.
:gradle-plugin:settings-plugin:checkKotlinGradlePluginConfigurationErrors (Thread[#614,included builds Thread 2,5,main]) started.
:expo-gradle-plugin:expo-autolinking-plugin-shared:checkKotlinGradlePluginConfigurationErrors (Thread[#613,included builds,5,main]) started.

> Task :gradle-plugin:settings-plugin:checkKotlinGradlePluginConfigurationErrors SKIPPED
Skipping task ':gradle-plugin:settings-plugin:checkKotlinGradlePluginConfigurationErrors' as task onlyIf 'errorDiagnostics are present' is false.
Resolve mutations for :gradle-plugin:shared:checkKotlinGradlePluginConfigurationErrors (Thread[#614,included builds Thread 2,5,main]) started.
:gradle-plugin:shared:checkKotlinGradlePluginConfigurationErrors (Thread[#614,included builds Thread 2,5,main]) started.

> Task :expo-gradle-plugin:expo-autolinking-plugin-shared:checkKotlinGradlePluginConfigurationErrors
Caching disabled for task ':expo-gradle-plugin:expo-autolinking-plugin-shared:checkKotlinGradlePluginConfigurationErrors' because:
  Build cache is disabled
Task ':expo-gradle-plugin:expo-autolinking-plugin-shared:checkKotlinGradlePluginConfigurationErrors' is not up-to-date because:
  Task has not declared any outputs despite executing actions.
Resolve mutations for :expo-gradle-plugin:expo-autolinking-plugin-shared:compileKotlin (Thread[#613,included builds,5,main]) started.
:expo-gradle-plugin:expo-autolinking-plugin-shared:compileKotlin (Thread[#613,included builds,5,main]) started.

> Task :gradle-plugin:shared:checkKotlinGradlePluginConfigurationErrors SKIPPED
Skipping task ':gradle-plugin:shared:checkKotlinGradlePluginConfigurationErrors' as task onlyIf 'errorDiagnostics are present' is false.
Resolve mutations for :gradle-plugin:shared:compileKotlin (Thread[#614,included builds Thread 2,5,main]) started.
:gradle-plugin:shared:compileKotlin (Thread[#614,included builds Thread 2,5,main]) started.

> Task :gradle-plugin:shared:compileKotlin UP-TO-DATE
Caching disabled for task ':gradle-plugin:shared:compileKotlin' because:
  Build cache is disabled
Skipping task ':gradle-plugin:shared:compileKotlin' as it is up-to-date.
Resolve mutations for :gradle-plugin:shared:compileJava (Thread[#614,included builds Thread 2,5,main]) started.
:gradle-plugin:shared:compileJava (Thread[#614,included builds Thread 2,5,main]) started.

> Task :gradle-plugin:shared:compileJava NO-SOURCE
Skipping task ':gradle-plugin:shared:compileJava' as it has no source files and no previous output files.
Resolve mutations for :gradle-plugin:shared:processResources (Thread[#614,included builds Thread 2,5,main]) started.

> Task :expo-gradle-plugin:expo-autolinking-plugin-shared:compileKotlin UP-TO-DATE
Caching disabled for task ':expo-gradle-plugin:expo-autolinking-plugin-shared:compileKotlin' because:
  Build cache is disabled
Skipping task ':expo-gradle-plugin:expo-autolinking-plugin-shared:compileKotlin' as it is up-to-date.
Resolve mutations for :expo-gradle-plugin:expo-autolinking-plugin-shared:compileJava (Thread[#613,included builds,5,main]) started.
:gradle-plugin:shared:processResources (Thread[#614,included builds Thread 2,5,main]) started.
:expo-gradle-plugin:expo-autolinking-plugin-shared:compileJava (Thread[#613,included builds,5,main]) started.

> Task :expo-gradle-plugin:expo-autolinking-plugin-shared:compileJava NO-SOURCE
Skipping task ':expo-gradle-plugin:expo-autolinking-plugin-shared:compileJava' as it has no source files and no previous output files.
Resolve mutations for :expo-gradle-plugin:expo-autolinking-plugin-shared:processResources (Thread[#613,included builds,5,main]) started.
:expo-gradle-plugin:expo-autolinking-plugin-shared:processResources (Thread[#613,included builds,5,main]) started.

> Task :expo-gradle-plugin:expo-autolinking-plugin-shared:processResources NO-SOURCE
Skipping task ':expo-gradle-plugin:expo-autolinking-plugin-shared:processResources' as it has no source files and no previous output files.
Resolve mutations for :expo-gradle-plugin:expo-autolinking-plugin-shared:classes (Thread[#613,included builds,5,main]) started.
:expo-gradle-plugin:expo-autolinking-plugin-shared:classes (Thread[#613,included builds,5,main]) started.

> Task :expo-gradle-plugin:expo-autolinking-plugin-shared:classes UP-TO-DATE
Skipping task ':expo-gradle-plugin:expo-autolinking-plugin-shared:classes' as it has no actions.
Resolve mutations for :expo-gradle-plugin:expo-autolinking-plugin-shared:jar (Thread[#613,included builds,5,main]) started.
:expo-gradle-plugin:expo-autolinking-plugin-shared:jar (Thread[#613,included builds,5,main]) started.

> Task :gradle-plugin:shared:processResources NO-SOURCE
Skipping task ':gradle-plugin:shared:processResources' as it has no source files and no previous output files.
Resolve mutations for :gradle-plugin:shared:classes (Thread[#617,Execution worker Thread 3,5,main]) started.
:gradle-plugin:shared:classes (Thread[#617,Execution worker Thread 3,5,main]) started.

> Task :gradle-plugin:shared:classes UP-TO-DATE
Skipping task ':gradle-plugin:shared:classes' as it has no actions.
Resolve mutations for :gradle-plugin:shared:jar (Thread[#614,included builds Thread 2,5,main]) started.

> Task :expo-gradle-plugin:expo-autolinking-plugin-shared:jar UP-TO-DATE
Caching disabled for task ':expo-gradle-plugin:expo-autolinking-plugin-shared:jar' because:
  Build cache is disabled
  Not worth caching
Skipping task ':expo-gradle-plugin:expo-autolinking-plugin-shared:jar' as it is up-to-date.
:gradle-plugin:shared:jar (Thread[#614,included builds Thread 2,5,main]) started.
work action resolve expo-autolinking-plugin-shared.jar (project :expo-gradle-plugin:expo-autolinking-plugin-shared) (Thread[#613,included builds,5,main]) started.
Resolve mutations for :expo-gradle-plugin:expo-autolinking-settings-plugin:checkKotlinGradlePluginConfigurationErrors (Thread[#613,included builds,5,main]) started.
:expo-gradle-plugin:expo-autolinking-settings-plugin:checkKotlinGradlePluginConfigurationErrors (Thread[#613,included builds,5,main]) started.

> Task :expo-gradle-plugin:expo-autolinking-settings-plugin:checkKotlinGradlePluginConfigurationErrors
Caching disabled for task ':expo-gradle-plugin:expo-autolinking-settings-plugin:checkKotlinGradlePluginConfigurationErrors' because:
  Build cache is disabled
Task ':expo-gradle-plugin:expo-autolinking-settings-plugin:checkKotlinGradlePluginConfigurationErrors' is not up-to-date because:
  Task has not declared any outputs despite executing actions.
Resolve mutations for :expo-gradle-plugin:expo-autolinking-settings-plugin:compileKotlin (Thread[#613,included builds,5,main]) started.
:expo-gradle-plugin:expo-autolinking-settings-plugin:compileKotlin (Thread[#613,included builds,5,main]) started.

> Task :gradle-plugin:shared:jar UP-TO-DATE
Caching disabled for task ':gradle-plugin:shared:jar' because:
  Build cache is disabled
  Not worth caching
Skipping task ':gradle-plugin:shared:jar' as it is up-to-date.
work action resolve shared.jar (project :gradle-plugin:shared) (Thread[#614,included builds Thread 2,5,main]) started.
Resolve mutations for :gradle-plugin:settings-plugin:compileKotlin (Thread[#614,included builds Thread 2,5,main]) started.
:gradle-plugin:settings-plugin:compileKotlin (Thread[#614,included builds Thread 2,5,main]) started.

> Task :expo-gradle-plugin:expo-autolinking-settings-plugin:compileKotlin UP-TO-DATE
Caching disabled for task ':expo-gradle-plugin:expo-autolinking-settings-plugin:compileKotlin' because:
  Build cache is disabled
Skipping task ':expo-gradle-plugin:expo-autolinking-settings-plugin:compileKotlin' as it is up-to-date.

> Task :gradle-plugin:settings-plugin:compileKotlin UP-TO-DATE
Caching disabled for task ':gradle-plugin:settings-plugin:compileKotlin' because:
  Build cache is disabled
Skipping task ':gradle-plugin:settings-plugin:compileKotlin' as it is up-to-date.
Resolve mutations for :expo-gradle-plugin:expo-autolinking-settings-plugin:compileJava (Thread[#613,included builds,5,main]) started.
Resolve mutations for :gradle-plugin:settings-plugin:compileJava (Thread[#614,included builds Thread 2,5,main]) started.
:expo-gradle-plugin:expo-autolinking-settings-plugin:compileJava (Thread[#613,included builds,5,main]) started.
:gradle-plugin:settings-plugin:compileJava (Thread[#614,included builds Thread 2,5,main]) started.

> Task :gradle-plugin:settings-plugin:compileJava NO-SOURCE
Skipping task ':gradle-plugin:settings-plugin:compileJava' as it has no source files and no previous output files.

> Task :expo-gradle-plugin:expo-autolinking-settings-plugin:compileJava NO-SOURCE
Skipping task ':expo-gradle-plugin:expo-autolinking-settings-plugin:compileJava' as it has no source files and no previous output files.
Resolve mutations for :gradle-plugin:settings-plugin:pluginDescriptors (Thread[#614,included builds Thread 2,5,main]) started.
Resolve mutations for :expo-gradle-plugin:expo-autolinking-settings-plugin:pluginDescriptors (Thread[#613,included builds,5,main]) started.
:gradle-plugin:settings-plugin:pluginDescriptors (Thread[#614,included builds Thread 2,5,main]) started.
:expo-gradle-plugin:expo-autolinking-settings-plugin:pluginDescriptors (Thread[#617,Execution worker Thread 3,5,main]) started.

> Task :gradle-plugin:settings-plugin:pluginDescriptors UP-TO-DATE
Caching disabled for task ':gradle-plugin:settings-plugin:pluginDescriptors' because:
  Build cache is disabled
  Not worth caching
Skipping task ':gradle-plugin:settings-plugin:pluginDescriptors' as it is up-to-date.

> Task :expo-gradle-plugin:expo-autolinking-settings-plugin:pluginDescriptors UP-TO-DATE
Caching disabled for task ':expo-gradle-plugin:expo-autolinking-settings-plugin:pluginDescriptors' because:
  Build cache is disabled
  Not worth caching
Skipping task ':expo-gradle-plugin:expo-autolinking-settings-plugin:pluginDescriptors' as it is up-to-date.
Resolve mutations for :gradle-plugin:settings-plugin:processResources (Thread[#614,included builds Thread 2,5,main]) started.
Resolve mutations for :expo-gradle-plugin:expo-autolinking-settings-plugin:processResources (Thread[#617,Execution worker Thread 3,5,main]) started.
:gradle-plugin:settings-plugin:processResources (Thread[#614,included builds Thread 2,5,main]) started.
:expo-gradle-plugin:expo-autolinking-settings-plugin:processResources (Thread[#617,Execution worker Thread 3,5,main]) started.

> Task :gradle-plugin:settings-plugin:processResources UP-TO-DATE
Caching disabled for task ':gradle-plugin:settings-plugin:processResources' because:
  Build cache is disabled
  Not worth caching
Skipping task ':gradle-plugin:settings-plugin:processResources' as it is up-to-date.
Resolve mutations for :gradle-plugin:settings-plugin:classes (Thread[#614,included builds Thread 2,5,main]) started.
:gradle-plugin:settings-plugin:classes (Thread[#614,included builds Thread 2,5,main]) started.

> Task :gradle-plugin:settings-plugin:classes UP-TO-DATE
Skipping task ':gradle-plugin:settings-plugin:classes' as it has no actions.
Resolve mutations for :gradle-plugin:settings-plugin:jar (Thread[#614,included builds Thread 2,5,main]) started.
:gradle-plugin:settings-plugin:jar (Thread[#614,included builds Thread 2,5,main]) started.

> Task :expo-gradle-plugin:expo-autolinking-settings-plugin:processResources UP-TO-DATE
Caching disabled for task ':expo-gradle-plugin:expo-autolinking-settings-plugin:processResources' because:
  Build cache is disabled
  Not worth caching
Skipping task ':expo-gradle-plugin:expo-autolinking-settings-plugin:processResources' as it is up-to-date.
Resolve mutations for :expo-gradle-plugin:expo-autolinking-settings-plugin:classes (Thread[#617,Execution worker Thread 3,5,main]) started.
:expo-gradle-plugin:expo-autolinking-settings-plugin:classes (Thread[#617,Execution worker Thread 3,5,main]) started.

> Task :expo-gradle-plugin:expo-autolinking-settings-plugin:classes UP-TO-DATE
Skipping task ':expo-gradle-plugin:expo-autolinking-settings-plugin:classes' as it has no actions.
Resolve mutations for :expo-gradle-plugin:expo-autolinking-settings-plugin:jar (Thread[#617,Execution worker Thread 3,5,main]) started.
:expo-gradle-plugin:expo-autolinking-settings-plugin:jar (Thread[#617,Execution worker Thread 3,5,main]) started.

> Task :gradle-plugin:settings-plugin:jar UP-TO-DATE
Caching disabled for task ':gradle-plugin:settings-plugin:jar' because:
  Build cache is disabled
  Not worth caching
Skipping task ':gradle-plugin:settings-plugin:jar' as it is up-to-date.

> Task :expo-gradle-plugin:expo-autolinking-settings-plugin:jar UP-TO-DATE
Caching disabled for task ':expo-gradle-plugin:expo-autolinking-settings-plugin:jar' because:
  Build cache is disabled
  Not worth caching
Skipping task ':expo-gradle-plugin:expo-autolinking-settings-plugin:jar' as it is up-to-date.
Starting process 'command 'node''. Working directory: C:\dev\ferify-project\ferify-mobile-app\android Command: node --print require.resolve('expo-modules-autolinking/package.json', { paths: [require.resolve('expo/package.json')] })
Successfully started process 'command 'node''
Starting process 'command 'cmd''. Working directory: C:\dev\ferify-project\ferify-mobile-app\android Command: cmd /c node --no-warnings --eval require(require.resolve('expo-modules-autolinking', { paths: [require.resolve('expo/package.json')] }))(process.argv.slice(1)) -- resolve --platform android --json
Successfully started process 'command 'cmd''
Starting process 'command 'node''. Working directory: C:\dev\ferify-project\ferify-mobile-app\android Command: node --print require.resolve('react-native/package.json')
Successfully started process 'command 'node''
Starting process 'command 'node''. Working directory: C:\dev\ferify-project\ferify-mobile-app\android Command: node --print require.resolve('@react-native/gradle-plugin/package.json', { paths: [require.resolve('react-native/package.json')] })
Successfully started process 'command 'node''
Settings evaluated using settings file 'C:\dev\ferify-project\ferify-mobile-app\android\settings.gradle'.
Now considering [C:\dev\ferify-project\ferify-mobile-app\node_modules\expo-dev-launcher\expo-dev-launcher-gradle-plugin, C:\dev\ferify-project\ferify-mobile-app\node_modules\expo-modules-autolinking\android\expo-gradle-plugin, C:\dev\ferify-project\ferify-mobile-app\node_modules\@react-native\gradle-plugin, C:\dev\ferify-project\ferify-mobile-app\android, C:\dev\ferify-project\ferify-mobile-app\node_modules\expo-modules-core\expo-module-gradle-plugin] as hierarchies to watch
Now considering [C:\dev\ferify-project\ferify-mobile-app\node_modules\expo-modules-core\expo-module-gradle-plugin, C:\dev\ferify-project\ferify-mobile-app\node_modules\expo-dev-launcher\expo-dev-launcher-gradle-plugin, C:\dev\ferify-project\ferify-mobile-app\node_modules\expo-modules-autolinking\android\expo-gradle-plugin, C:\dev\ferify-project\ferify-mobile-app\node_modules\@react-native\gradle-plugin, C:\dev\ferify-project\ferify-mobile-app\android] as hierarchies to watch
Projects loaded. Root project using build file 'C:\dev\ferify-project\ferify-mobile-app\android\build.gradle'.
Included projects: [root project 'ferify-mobile-app', project ':app', project ':expo', project ':expo-constants', project ':expo-dev-client', project ':expo-dev-launcher', project ':expo-dev-menu', project ':expo-dev-menu-interface', project ':expo-image-loader', project ':expo-json-utils', project ':expo-manifests', project ':expo-modules-core', project ':expo-speech-recognition', project ':expo-updates-interface', project ':react-native-async-storage_async-storage', project ':react-native-edge-to-edge', project ':react-native-gesture-handler', project ':react-native-google-signin_google-signin', project ':react-native-reanimated', project ':react-native-safe-area-context', project ':react-native-screens', project ':react-native-vector-icons', project ':react-native-voice_voice', project ':react-native-webview']
Registering project ':expo-gradle-plugin' in composite build. Will substitute for module ':expo-gradle-plugin'.
Registering project ':expo-gradle-plugin:expo-autolinking-plugin' in composite build. Will substitute for module 'expo.modules:expo-autolinking-plugin'.
Registering project ':expo-gradle-plugin:expo-autolinking-plugin-shared' in composite build. Will substitute for module 'expo.modules:expo-autolinking-plugin-shared'.
Registering project ':expo-gradle-plugin:expo-autolinking-settings-plugin' in composite build. Will substitute for module 'expo.modules:expo-autolinking-settings-plugin'.

> Configure project :expo-dev-launcher-gradle-plugin
Evaluating project ':expo-dev-launcher-gradle-plugin' using build file 'C:\dev\ferify-project\ferify-mobile-app\node_modules\expo-dev-launcher\expo-dev-launcher-gradle-plugin\build.gradle.kts'.
Resolved plugin [id: 'org.jetbrains.kotlin.jvm', version: '1.9.24']
Resolved plugin [id: 'java-gradle-plugin']
Using Kotlin Gradle Plugin gradle82 variant
kotlin scripting plugin: created the scripting discovery configuration: kotlinScriptDef
kotlin scripting plugin: created the scripting discovery configuration: testKotlinScriptDef
Registering project ':expo-dev-launcher-gradle-plugin' in composite build. Will substitute for module 'expo.modules:expo-dev-launcher-gradle-plugin'.

> Configure project :expo-module-gradle-plugin
Evaluating project ':expo-module-gradle-plugin' using build file 'C:\dev\ferify-project\ferify-mobile-app\node_modules\expo-modules-core\expo-module-gradle-plugin\build.gradle.kts'.
Resolved plugin [id: 'org.jetbrains.kotlin.jvm', version: '1.9.24']
Resolved plugin [id: 'java-gradle-plugin']
Using Kotlin Gradle Plugin gradle82 variant
kotlin scripting plugin: created the scripting discovery configuration: kotlinScriptDef
kotlin scripting plugin: created the scripting discovery configuration: testKotlinScriptDef
Registering project ':expo-module-gradle-plugin' in composite build. Will substitute for module 'expo.modules:expo-module-gradle-plugin'.
Registering project ':gradle-plugin' in composite build. Will substitute for module ':gradle-plugin-root'.
Registering project ':gradle-plugin:react-native-gradle-plugin' in composite build. Will substitute for module 'com.facebook.react:react-native-gradle-plugin'.
Registering project ':gradle-plugin:settings-plugin' in composite build. Will substitute for module 'com.facebook.react:settings-plugin'.
Registering project ':gradle-plugin:shared' in composite build. Will substitute for module 'com.facebook.react:shared'.
Registering project ':gradle-plugin:shared-testutil' in composite build. Will substitute for module 'com.facebook.react:shared-testutil'.
:expo-gradle-plugin:expo-autolinking-plugin:checkKotlinGradlePluginConfigurationErrors (Thread[#616,Execution worker Thread 2,5,main]) started.

> Task :expo-gradle-plugin:expo-autolinking-plugin:checkKotlinGradlePluginConfigurationErrors
Caching disabled for task ':expo-gradle-plugin:expo-autolinking-plugin:checkKotlinGradlePluginConfigurationErrors' because:
  Build cache is disabled
Task ':expo-gradle-plugin:expo-autolinking-plugin:checkKotlinGradlePluginConfigurationErrors' is not up-to-date because:
  Task has not declared any outputs despite executing actions.
Resolve mutations for :expo-gradle-plugin:expo-autolinking-plugin:compileKotlin (Thread[#616,Execution worker Thread 2,5,main]) started.
:expo-gradle-plugin:expo-autolinking-plugin:compileKotlin (Thread[#616,Execution worker Thread 2,5,main]) started.

> Task :expo-dev-launcher-gradle-plugin:checkKotlinGradlePluginConfigurationErrors
Caching disabled for task ':expo-dev-launcher-gradle-plugin:checkKotlinGradlePluginConfigurationErrors' because:
  Build cache is disabled
Task ':expo-dev-launcher-gradle-plugin:checkKotlinGradlePluginConfigurationErrors' is not up-to-date because:
  Task has not declared any outputs despite executing actions.

> Task :expo-dev-launcher-gradle-plugin:pluginDescriptors UP-TO-DATE
Caching disabled for task ':expo-dev-launcher-gradle-plugin:pluginDescriptors' because:
  Build cache is disabled
  Not worth caching
Skipping task ':expo-dev-launcher-gradle-plugin:pluginDescriptors' as it is up-to-date.

> Task :expo-dev-launcher-gradle-plugin:processResources UP-TO-DATE
Caching disabled for task ':expo-dev-launcher-gradle-plugin:processResources' because:
  Build cache is disabled
  Not worth caching
Skipping task ':expo-dev-launcher-gradle-plugin:processResources' as it is up-to-date.
Resolve mutations for :expo-module-gradle-plugin:checkKotlinGradlePluginConfigurationErrors (Thread[#615,Execution worker,5,main]) started.
:expo-module-gradle-plugin:checkKotlinGradlePluginConfigurationErrors (Thread[#615,Execution worker,5,main]) started.
work action resolve expo-autolinking-plugin-shared.jar (project :expo-gradle-plugin:expo-autolinking-plugin-shared) (Thread[#617,Execution worker Thread 3,5,main]) started.

> Task :expo-gradle-plugin:expo-autolinking-plugin:compileKotlin UP-TO-DATE
Caching disabled for task ':expo-gradle-plugin:expo-autolinking-plugin:compileKotlin' because:
  Build cache is disabled
Skipping task ':expo-gradle-plugin:expo-autolinking-plugin:compileKotlin' as it is up-to-date.
Resolve mutations for :expo-gradle-plugin:expo-autolinking-plugin:compileJava (Thread[#616,Execution worker Thread 2,5,main]) started.

> Task :expo-module-gradle-plugin:checkKotlinGradlePluginConfigurationErrors
Caching disabled for task ':expo-module-gradle-plugin:checkKotlinGradlePluginConfigurationErrors' because:
  Build cache is disabled
Task ':expo-module-gradle-plugin:checkKotlinGradlePluginConfigurationErrors' is not up-to-date because:
  Task has not declared any outputs despite executing actions.
:expo-gradle-plugin:expo-autolinking-plugin:compileJava (Thread[#616,Execution worker Thread 2,5,main]) started.
Resolve mutations for :expo-module-gradle-plugin:pluginDescriptors (Thread[#615,Execution worker,5,main]) started.
:expo-module-gradle-plugin:pluginDescriptors (Thread[#615,Execution worker,5,main]) started.

> Task :expo-module-gradle-plugin:pluginDescriptors UP-TO-DATE
Caching disabled for task ':expo-module-gradle-plugin:pluginDescriptors' because:
  Build cache is disabled
  Not worth caching
Skipping task ':expo-module-gradle-plugin:pluginDescriptors' as it is up-to-date.
Resolve mutations for :expo-module-gradle-plugin:processResources (Thread[#615,Execution worker,5,main]) started.

> Task :expo-gradle-plugin:expo-autolinking-plugin:compileJava NO-SOURCE
Skipping task ':expo-gradle-plugin:expo-autolinking-plugin:compileJava' as it has no source files and no previous output files.
:expo-module-gradle-plugin:processResources (Thread[#616,Execution worker Thread 2,5,main]) started.
Resolve mutations for :expo-gradle-plugin:expo-autolinking-plugin:pluginDescriptors (Thread[#617,Execution worker Thread 3,5,main]) started.
:expo-gradle-plugin:expo-autolinking-plugin:pluginDescriptors (Thread[#617,Execution worker Thread 3,5,main]) started.

> Task :expo-gradle-plugin:expo-autolinking-plugin:pluginDescriptors UP-TO-DATE
Caching disabled for task ':expo-gradle-plugin:expo-autolinking-plugin:pluginDescriptors' because:
  Build cache is disabled
  Not worth caching
Skipping task ':expo-gradle-plugin:expo-autolinking-plugin:pluginDescriptors' as it is up-to-date.
Resolve mutations for :expo-gradle-plugin:expo-autolinking-plugin:processResources (Thread[#617,Execution worker Thread 3,5,main]) started.
:expo-gradle-plugin:expo-autolinking-plugin:processResources (Thread[#617,Execution worker Thread 3,5,main]) started.

> Task :expo-module-gradle-plugin:processResources UP-TO-DATE
Caching disabled for task ':expo-module-gradle-plugin:processResources' because:
  Build cache is disabled
  Not worth caching
Skipping task ':expo-module-gradle-plugin:processResources' as it is up-to-date.

> Task :expo-gradle-plugin:expo-autolinking-plugin:processResources UP-TO-DATE
Caching disabled for task ':expo-gradle-plugin:expo-autolinking-plugin:processResources' because:
  Build cache is disabled
  Not worth caching
Skipping task ':expo-gradle-plugin:expo-autolinking-plugin:processResources' as it is up-to-date.
Resolve mutations for :expo-gradle-plugin:expo-autolinking-plugin:classes (Thread[#617,Execution worker Thread 3,5,main]) started.
:expo-gradle-plugin:expo-autolinking-plugin:classes (Thread[#617,Execution worker Thread 3,5,main]) started.

> Task :expo-gradle-plugin:expo-autolinking-plugin:classes UP-TO-DATE
Skipping task ':expo-gradle-plugin:expo-autolinking-plugin:classes' as it has no actions.
Resolve mutations for :expo-gradle-plugin:expo-autolinking-plugin:jar (Thread[#617,Execution worker Thread 3,5,main]) started.
:expo-gradle-plugin:expo-autolinking-plugin:jar (Thread[#617,Execution worker Thread 3,5,main]) started.
Resolve mutations for :gradle-plugin:react-native-gradle-plugin:checkKotlinGradlePluginConfigurationErrors (Thread[#616,Execution worker Thread 2,5,main]) started.

> Task :expo-gradle-plugin:expo-autolinking-plugin:jar UP-TO-DATE
Caching disabled for task ':expo-gradle-plugin:expo-autolinking-plugin:jar' because:
  Build cache is disabled
  Not worth caching
Skipping task ':expo-gradle-plugin:expo-autolinking-plugin:jar' as it is up-to-date.
:gradle-plugin:react-native-gradle-plugin:checkKotlinGradlePluginConfigurationErrors (Thread[#616,Execution worker Thread 2,5,main]) started.

> Task :gradle-plugin:react-native-gradle-plugin:checkKotlinGradlePluginConfigurationErrors SKIPPED
Skipping task ':gradle-plugin:react-native-gradle-plugin:checkKotlinGradlePluginConfigurationErrors' as task onlyIf 'errorDiagnostics are present' is false.
Resolve mutations for :gradle-plugin:react-native-gradle-plugin:compileKotlin (Thread[#616,Execution worker Thread 2,5,main]) started.
:gradle-plugin:react-native-gradle-plugin:compileKotlin (Thread[#616,Execution worker Thread 2,5,main]) started.

> Task :gradle-plugin:react-native-gradle-plugin:compileKotlin UP-TO-DATE
Caching disabled for task ':gradle-plugin:react-native-gradle-plugin:compileKotlin' because:
  Build cache is disabled
Skipping task ':gradle-plugin:react-native-gradle-plugin:compileKotlin' as it is up-to-date.
Resolve mutations for :gradle-plugin:react-native-gradle-plugin:compileJava (Thread[#616,Execution worker Thread 2,5,main]) started.
:gradle-plugin:react-native-gradle-plugin:compileJava (Thread[#616,Execution worker Thread 2,5,main]) started.

> Task :gradle-plugin:react-native-gradle-plugin:compileJava NO-SOURCE
Skipping task ':gradle-plugin:react-native-gradle-plugin:compileJava' as it has no source files and no previous output files.
Resolve mutations for :gradle-plugin:react-native-gradle-plugin:pluginDescriptors (Thread[#616,Execution worker Thread 2,5,main]) started.
:gradle-plugin:react-native-gradle-plugin:pluginDescriptors (Thread[#616,Execution worker Thread 2,5,main]) started.

> Task :gradle-plugin:react-native-gradle-plugin:pluginDescriptors UP-TO-DATE
Caching disabled for task ':gradle-plugin:react-native-gradle-plugin:pluginDescriptors' because:
  Build cache is disabled
  Not worth caching
Skipping task ':gradle-plugin:react-native-gradle-plugin:pluginDescriptors' as it is up-to-date.
Resolve mutations for :gradle-plugin:react-native-gradle-plugin:processResources (Thread[#615,Execution worker,5,main]) started.
:gradle-plugin:react-native-gradle-plugin:processResources (Thread[#615,Execution worker,5,main]) started.

> Task :gradle-plugin:react-native-gradle-plugin:processResources UP-TO-DATE
Caching disabled for task ':gradle-plugin:react-native-gradle-plugin:processResources' because:
  Build cache is disabled
  Not worth caching
Skipping task ':gradle-plugin:react-native-gradle-plugin:processResources' as it is up-to-date.
Resolve mutations for :gradle-plugin:react-native-gradle-plugin:classes (Thread[#615,Execution worker,5,main]) started.
:gradle-plugin:react-native-gradle-plugin:classes (Thread[#615,Execution worker,5,main]) started.

> Task :gradle-plugin:react-native-gradle-plugin:classes UP-TO-DATE
Skipping task ':gradle-plugin:react-native-gradle-plugin:classes' as it has no actions.
Resolve mutations for :gradle-plugin:react-native-gradle-plugin:jar (Thread[#615,Execution worker,5,main]) started.
:gradle-plugin:react-native-gradle-plugin:jar (Thread[#615,Execution worker,5,main]) started.

> Task :gradle-plugin:react-native-gradle-plugin:jar UP-TO-DATE
Caching disabled for task ':gradle-plugin:react-native-gradle-plugin:jar' because:
  Build cache is disabled
  Not worth caching
Skipping task ':gradle-plugin:react-native-gradle-plugin:jar' as it is up-to-date.
work action resolve main (project :gradle-plugin:react-native-gradle-plugin) (Thread[#617,Execution worker Thread 3,5,main]) started.
work action resolve main (project :gradle-plugin:react-native-gradle-plugin) (Thread[#617,Execution worker Thread 3,5,main]) started.
Resolve mutations for :expo-module-gradle-plugin:compileKotlin (Thread[#617,Execution worker Thread 3,5,main]) started.
:expo-module-gradle-plugin:compileKotlin (Thread[#617,Execution worker Thread 3,5,main]) started.

> Task :expo-dev-launcher-gradle-plugin:compileKotlin UP-TO-DATE
Caching disabled for task ':expo-dev-launcher-gradle-plugin:compileKotlin' because:
  Build cache is disabled
Skipping task ':expo-dev-launcher-gradle-plugin:compileKotlin' as it is up-to-date.

> Task :expo-dev-launcher-gradle-plugin:compileJava NO-SOURCE
Skipping task ':expo-dev-launcher-gradle-plugin:compileJava' as it has no source files and no previous output files.

> Task :expo-dev-launcher-gradle-plugin:classes UP-TO-DATE
Skipping task ':expo-dev-launcher-gradle-plugin:classes' as it has no actions.

> Task :expo-dev-launcher-gradle-plugin:jar UP-TO-DATE
Caching disabled for task ':expo-dev-launcher-gradle-plugin:jar' because:
  Build cache is disabled
  Not worth caching
Skipping task ':expo-dev-launcher-gradle-plugin:jar' as it is up-to-date.

> Task :expo-module-gradle-plugin:compileKotlin UP-TO-DATE
Caching disabled for task ':expo-module-gradle-plugin:compileKotlin' because:
  Build cache is disabled
Skipping task ':expo-module-gradle-plugin:compileKotlin' as it is up-to-date.
Resolve mutations for :expo-module-gradle-plugin:compileJava (Thread[#615,Execution worker,5,main]) started.
:expo-module-gradle-plugin:compileJava (Thread[#615,Execution worker,5,main]) started.

> Task :expo-module-gradle-plugin:compileJava NO-SOURCE
Skipping task ':expo-module-gradle-plugin:compileJava' as it has no source files and no previous output files.
Resolve mutations for :expo-module-gradle-plugin:classes (Thread[#615,Execution worker,5,main]) started.
:expo-module-gradle-plugin:classes (Thread[#615,Execution worker,5,main]) started.

> Task :expo-module-gradle-plugin:classes UP-TO-DATE
Skipping task ':expo-module-gradle-plugin:classes' as it has no actions.
Resolve mutations for :expo-module-gradle-plugin:jar (Thread[#615,Execution worker,5,main]) started.
:expo-module-gradle-plugin:jar (Thread[#615,Execution worker,5,main]) started.

> Task :expo-module-gradle-plugin:jar UP-TO-DATE
Caching disabled for task ':expo-module-gradle-plugin:jar' because:
  Build cache is disabled
  Not worth caching
Skipping task ':expo-module-gradle-plugin:jar' as it is up-to-date.

> Configure project :
Evaluating root project 'ferify-mobile-app' using build file 'C:\dev\ferify-project\ferify-mobile-app\android\build.gradle'.
Found project 'project :expo-gradle-plugin:expo-autolinking-plugin' as substitute for module 'expo.modules:expo-autolinking-plugin'.
Found project 'project :expo-dev-launcher-gradle-plugin' as substitute for module 'expo.modules:expo-dev-launcher-gradle-plugin'.
Found project 'project :expo-module-gradle-plugin' as substitute for module 'expo.modules:expo-module-gradle-plugin'.
Found project 'project :gradle-plugin:react-native-gradle-plugin' as substitute for module 'com.facebook.react:react-native-gradle-plugin'.
Found project 'project :expo-gradle-plugin:expo-autolinking-plugin-shared' as substitute for module 'expo.modules:expo-autolinking-plugin-shared'.
Found project 'project :gradle-plugin:react-native-gradle-plugin' as substitute for module 'com.facebook.react:react-native-gradle-plugin'.
Found project 'project :gradle-plugin:react-native-gradle-plugin' as substitute for module 'com.facebook.react:react-native-gradle-plugin'.
Found project 'project :expo-gradle-plugin:expo-autolinking-plugin-shared' as substitute for module 'expo.modules:expo-autolinking-plugin-shared'.
Ignoring listeners of task graph ready event, as this build (:expo-gradle-plugin) has already executed work.
Ignoring listeners of task graph ready event, as this build (:gradle-plugin) has already executed work.
Resolve mutations for :expo-dev-launcher-gradle-plugin:checkKotlinGradlePluginConfigurationErrors (Thread[#613,included builds,5,main]) started.
:expo-dev-launcher-gradle-plugin:checkKotlinGradlePluginConfigurationErrors (Thread[#613,included builds,5,main]) started.
Resolve mutations for :expo-gradle-plugin:expo-autolinking-plugin:checkKotlinGradlePluginConfigurationErrors (Thread[#614,included builds Thread 2,5,main]) started.
Resolve mutations for :expo-dev-launcher-gradle-plugin:pluginDescriptors (Thread[#613,included builds,5,main]) started.
:expo-dev-launcher-gradle-plugin:pluginDescriptors (Thread[#613,included builds,5,main]) started.
Resolve mutations for :expo-dev-launcher-gradle-plugin:processResources (Thread[#613,included builds,5,main]) started.
:expo-dev-launcher-gradle-plugin:processResources (Thread[#613,included builds,5,main]) started.
other build task :gradle-plugin:react-native-gradle-plugin:compileKotlin (Thread[#613,included builds,5,main]) started.
other build task :gradle-plugin:react-native-gradle-plugin:compileKotlin (Thread[#646,included builds Thread 3,5,main]) started.
other build task :gradle-plugin:react-native-gradle-plugin:compileJava (Thread[#646,included builds Thread 3,5,main]) started.
other build task :gradle-plugin:react-native-gradle-plugin:compileJava (Thread[#613,included builds,5,main]) started.
work action resolve main (project :gradle-plugin:react-native-gradle-plugin) (Thread[#613,included builds,5,main]) started.
work action resolve main (project :gradle-plugin:react-native-gradle-plugin) (Thread[#613,included builds,5,main]) started.
Resolve mutations for :expo-dev-launcher-gradle-plugin:compileKotlin (Thread[#613,included builds,5,main]) started.
:expo-dev-launcher-gradle-plugin:compileKotlin (Thread[#613,included builds,5,main]) started.
Resolve mutations for :expo-dev-launcher-gradle-plugin:compileJava (Thread[#613,included builds,5,main]) started.
:expo-dev-launcher-gradle-plugin:compileJava (Thread[#613,included builds,5,main]) started.
Resolve mutations for :expo-dev-launcher-gradle-plugin:classes (Thread[#613,included builds,5,main]) started.
:expo-dev-launcher-gradle-plugin:classes (Thread[#613,included builds,5,main]) started.
Resolve mutations for :expo-dev-launcher-gradle-plugin:jar (Thread[#613,included builds,5,main]) started.
:expo-dev-launcher-gradle-plugin:jar (Thread[#613,included builds,5,main]) started.
Starting process 'command 'node''. Working directory: C:\dev\ferify-project\ferify-mobile-app\android Command: node --print require.resolve('react-native/package.json')
Successfully started process 'command 'node''
[32m[ExpoRootProject][0m Using the following versions:
  - buildTools:  [32m35.0.0[0m
  - minSdk:      [32m24[0m
  - compileSdk:  [32m35[0m
  - targetSdk:   [32m35[0m
  - ndk:         [32m27.1.12297006[0m
  - kotlin:      [32m2.0.21[0m
  - ksp:         [32m2.0.21-1.0.28[0m

> Configure project :app
Evaluating project ':app' using build file 'C:\dev\ferify-project\ferify-mobile-app\android\app\build.gradle'.
Using default execution profile
Using Kotlin Gradle Plugin gradle85 variant
 Γä╣∩╕Å  [33mApplying gradle plugin[0m '[32mexpo-dev-launcher-gradle-plugin[0m'
C/C++: android.ndkVersion from module build.gradle is [27.1.12297006]
C/C++: android.ndkPath from module build.gradle is not set
C/C++: ndk.dir in local.properties is not set
C/C++: Not considering ANDROID_NDK_HOME because support was removed after deprecation period.
C/C++: sdkFolder is C:\Users\hp\AppData\Local\Android\Sdk
C/C++: android.ndkVersion from module build.gradle is [27.1.12297006]
C/C++: android.ndkPath from module build.gradle is not set
C/C++: ndk.dir in local.properties is not set
C/C++: Not considering ANDROID_NDK_HOME because support was removed after deprecation period.
C/C++: sdkFolder is C:\Users\hp\AppData\Local\Android\Sdk
C/C++: android.ndkVersion from module build.gradle is [27.1.12297006]
C/C++: android.ndkPath from module build.gradle is not set
C/C++: ndk.dir in local.properties is not set
C/C++: Not considering ANDROID_NDK_HOME because support was removed after deprecation period.
C/C++: sdkFolder is C:\Users\hp\AppData\Local\Android\Sdk
C/C++: android.ndkVersion from module build.gradle is [27.1.12297006]
C/C++: android.ndkPath from module build.gradle is not set
C/C++: ndk.dir in local.properties is not set
C/C++: Not considering ANDROID_NDK_HOME because support was removed after deprecation period.
C/C++: sdkFolder is C:\Users\hp\AppData\Local\Android\Sdk
C/C++: android.ndkVersion from module build.gradle is [27.1.12297006]
C/C++: android.ndkPath from module build.gradle is not set
C/C++: ndk.dir in local.properties is not set
C/C++: Not considering ANDROID_NDK_HOME because support was removed after deprecation period.
C/C++: sdkFolder is C:\Users\hp\AppData\Local\Android\Sdk
C/C++: android.ndkVersion from module build.gradle is [27.1.12297006]
C/C++: android.ndkPath from module build.gradle is not set
C/C++: ndk.dir in local.properties is not set
C/C++: Not considering ANDROID_NDK_HOME because support was removed after deprecation period.
C/C++: sdkFolder is C:\Users\hp\AppData\Local\Android\Sdk
C/C++: android.ndkVersion from module build.gradle is [27.1.12297006]
C/C++: android.ndkPath from module build.gradle is not set
C/C++: ndk.dir in local.properties is not set
C/C++: Not considering ANDROID_NDK_HOME because support was removed after deprecation period.
C/C++: sdkFolder is C:\Users\hp\AppData\Local\Android\Sdk
C/C++: android.ndkVersion from module build.gradle is [27.1.12297006]
C/C++: android.ndkPath from module build.gradle is not set
C/C++: ndk.dir in local.properties is not set
C/C++: Not considering ANDROID_NDK_HOME because support was removed after deprecation period.
C/C++: sdkFolder is C:\Users\hp\AppData\Local\Android\Sdk
C/C++: android.ndkVersion from module build.gradle is [27.1.12297006]
C/C++: android.ndkPath from module build.gradle is not set
C/C++: ndk.dir in local.properties is not set
C/C++: Not considering ANDROID_NDK_HOME because support was removed after deprecation period.
C/C++: sdkFolder is C:\Users\hp\AppData\Local\Android\Sdk
C/C++: android.ndkVersion from module build.gradle is [27.1.12297006]
C/C++: android.ndkPath from module build.gradle is not set
C/C++: ndk.dir in local.properties is not set
C/C++: Not considering ANDROID_NDK_HOME because support was removed after deprecation period.
C/C++: sdkFolder is C:\Users\hp\AppData\Local\Android\Sdk
C/C++: android.ndkVersion from module build.gradle is [27.1.12297006]
C/C++: android.ndkPath from module build.gradle is not set
C/C++: ndk.dir in local.properties is not set
C/C++: Not considering ANDROID_NDK_HOME because support was removed after deprecation period.
C/C++: sdkFolder is C:\Users\hp\AppData\Local\Android\Sdk
C/C++: android.ndkVersion from module build.gradle is [27.1.12297006]
C/C++: android.ndkPath from module build.gradle is not set
C/C++: ndk.dir in local.properties is not set
C/C++: Not considering ANDROID_NDK_HOME because support was removed after deprecation period.
C/C++: sdkFolder is C:\Users\hp\AppData\Local\Android\Sdk
C/C++: android.ndkVersion from module build.gradle is [27.1.12297006]
C/C++: android.ndkPath from module build.gradle is not set
C/C++: ndk.dir in local.properties is not set
C/C++: Not considering ANDROID_NDK_HOME because support was removed after deprecation period.
C/C++: sdkFolder is C:\Users\hp\AppData\Local\Android\Sdk

> Configure project :expo-constants
Evaluating project ':expo-constants' using build file 'C:\dev\ferify-project\ferify-mobile-app\node_modules\expo-constants\android\build.gradle'.
Resolved plugin [id: 'com.android.library']
Resolved plugin [id: 'expo-module-gradle-plugin']
Using default execution profile
Using Kotlin Gradle Plugin gradle85 variant
Starting process 'command 'node''. Working directory: C:\dev\ferify-project\ferify-mobile-app\node_modules\expo-constants\android Command: node -e console.log(require('path').dirname(require.resolve('expo-constants/package.json')));
Successfully started process 'command 'node''

> Configure project :expo-dev-client
Evaluating project ':expo-dev-client' using build file 'C:\dev\ferify-project\ferify-mobile-app\node_modules\expo-dev-client\android\build.gradle'.
Resolved plugin [id: 'com.android.library']
Resolved plugin [id: 'expo-module-gradle-plugin']
Using default execution profile
Using Kotlin Gradle Plugin gradle85 variant

> Configure project :expo
Evaluating project ':expo' using build file 'C:\dev\ferify-project\ferify-mobile-app\node_modules\expo\android\build.gradle'.
Using default execution profile
Using Kotlin Gradle Plugin gradle85 variant

Using expo modules
  - [32mexpo-constants[0m (17.1.8)
  - [32mexpo-dev-client[0m (5.2.4)

> Configure project :expo-dev-launcher
Evaluating project ':expo-dev-launcher' using build file 'C:\dev\ferify-project\ferify-mobile-app\node_modules\expo-dev-launcher\android\build.gradle'.
Resolved plugin [id: 'com.android.library']
Resolved plugin [id: 'expo-module-gradle-plugin']
Using default execution profile
Using Kotlin Gradle Plugin gradle85 variant

> Configure project :expo-dev-menu
Evaluating project ':expo-dev-menu' using build file 'C:\dev\ferify-project\ferify-mobile-app\node_modules\expo-dev-menu\android\build.gradle'.
Resolved plugin [id: 'com.android.library']
Resolved plugin [id: 'expo-module-gradle-plugin']
Using default execution profile
Using Kotlin Gradle Plugin gradle85 variant

> Configure project :expo-dev-menu-interface
Evaluating project ':expo-dev-menu-interface' using build file 'C:\dev\ferify-project\ferify-mobile-app\node_modules\expo-dev-menu-interface\android\build.gradle'.
Resolved plugin [id: 'com.android.library']
Resolved plugin [id: 'expo-module-gradle-plugin']
Using default execution profile
Using Kotlin Gradle Plugin gradle85 variant

> Configure project :expo
  - [32mexpo-dev-launcher[0m (5.1.16)
  - [32mexpo-dev-menu[0m (6.1.14)
  - [32mexpo-dev-menu-interface[0m (1.10.0)

> Configure project :expo-image-loader
Evaluating project ':expo-image-loader' using build file 'C:\dev\ferify-project\ferify-mobile-app\node_modules\expo-image-loader\android\build.gradle'.
Resolved plugin [id: 'com.android.library']
Resolved plugin [id: 'expo-module-gradle-plugin']
Using default execution profile
Using Kotlin Gradle Plugin gradle85 variant

> Configure project :expo-json-utils
Evaluating project ':expo-json-utils' using build file 'C:\dev\ferify-project\ferify-mobile-app\node_modules\expo-json-utils\android\build.gradle'.
Resolved plugin [id: 'com.android.library']
Resolved plugin [id: 'expo-module-gradle-plugin']
Using default execution profile
Using Kotlin Gradle Plugin gradle85 variant

> Configure project :expo-manifests
Evaluating project ':expo-manifests' using build file 'C:\dev\ferify-project\ferify-mobile-app\node_modules\expo-manifests\android\build.gradle'.
Resolved plugin [id: 'com.android.library']
Resolved plugin [id: 'expo-module-gradle-plugin']
Using default execution profile
Using Kotlin Gradle Plugin gradle85 variant

> Configure project :expo
  - [32mexpo-image-loader[0m (5.1.0)
  - [32mexpo-json-utils[0m (0.15.0)
  - [32mexpo-manifests[0m (0.16.6)

> Configure project :expo-modules-core
Evaluating project ':expo-modules-core' using build file 'C:\dev\ferify-project\ferify-mobile-app\node_modules\expo-modules-core\android\build.gradle'.
Using default execution profile
Using Kotlin Gradle Plugin gradle85 variant
Starting process 'command 'node''. Working directory: C:\dev\ferify-project\ferify-mobile-app\android Command: node --print require.resolve('react-native/package.json')
Successfully started process 'command 'node''
C/C++: android.ndkVersion from module build.gradle is [27.1.12297006]
C/C++: android.ndkPath from module build.gradle is not set
C/C++: ndk.dir in local.properties is not set
C/C++: Not considering ANDROID_NDK_HOME because support was removed after deprecation period.
C/C++: sdkFolder is C:\Users\hp\AppData\Local\Android\Sdk
C/C++: android.ndkVersion from module build.gradle is [27.1.12297006]
C/C++: android.ndkPath from module build.gradle is not set
C/C++: ndk.dir in local.properties is not set
C/C++: Not considering ANDROID_NDK_HOME because support was removed after deprecation period.
C/C++: sdkFolder is C:\Users\hp\AppData\Local\Android\Sdk
C/C++: android.ndkVersion from module build.gradle is [27.1.12297006]
C/C++: android.ndkPath from module build.gradle is not set
C/C++: ndk.dir in local.properties is not set
C/C++: Not considering ANDROID_NDK_HOME because support was removed after deprecation period.
C/C++: sdkFolder is C:\Users\hp\AppData\Local\Android\Sdk
C/C++: android.ndkVersion from module build.gradle is [27.1.12297006]
C/C++: android.ndkPath from module build.gradle is not set
C/C++: ndk.dir in local.properties is not set
C/C++: Not considering ANDROID_NDK_HOME because support was removed after deprecation period.
C/C++: sdkFolder is C:\Users\hp\AppData\Local\Android\Sdk
C/C++: android.ndkVersion from module build.gradle is [27.1.12297006]
C/C++: android.ndkPath from module build.gradle is not set
C/C++: ndk.dir in local.properties is not set
C/C++: Not considering ANDROID_NDK_HOME because support was removed after deprecation period.
C/C++: sdkFolder is C:\Users\hp\AppData\Local\Android\Sdk
C/C++: android.ndkVersion from module build.gradle is [27.1.12297006]
C/C++: android.ndkPath from module build.gradle is not set
C/C++: ndk.dir in local.properties is not set
C/C++: Not considering ANDROID_NDK_HOME because support was removed after deprecation period.
C/C++: sdkFolder is C:\Users\hp\AppData\Local\Android\Sdk
C/C++: android.ndkVersion from module build.gradle is [27.1.12297006]
C/C++: android.ndkPath from module build.gradle is not set
C/C++: ndk.dir in local.properties is not set
C/C++: Not considering ANDROID_NDK_HOME because support was removed after deprecation period.
C/C++: sdkFolder is C:\Users\hp\AppData\Local\Android\Sdk
C/C++: android.ndkVersion from module build.gradle is [27.1.12297006]
C/C++: android.ndkPath from module build.gradle is not set
C/C++: ndk.dir in local.properties is not set
C/C++: Not considering ANDROID_NDK_HOME because support was removed after deprecation period.
C/C++: sdkFolder is C:\Users\hp\AppData\Local\Android\Sdk
C/C++: android.ndkVersion from module build.gradle is [27.1.12297006]
C/C++: android.ndkPath from module build.gradle is not set
C/C++: ndk.dir in local.properties is not set
C/C++: Not considering ANDROID_NDK_HOME because support was removed after deprecation period.
C/C++: sdkFolder is C:\Users\hp\AppData\Local\Android\Sdk
C/C++: android.ndkVersion from module build.gradle is [27.1.12297006]
C/C++: android.ndkPath from module build.gradle is not set
C/C++: ndk.dir in local.properties is not set
C/C++: Not considering ANDROID_NDK_HOME because support was removed after deprecation period.
C/C++: sdkFolder is C:\Users\hp\AppData\Local\Android\Sdk
C/C++: android.ndkVersion from module build.gradle is [27.1.12297006]
C/C++: android.ndkPath from module build.gradle is not set
C/C++: ndk.dir in local.properties is not set
C/C++: Not considering ANDROID_NDK_HOME because support was removed after deprecation period.
C/C++: sdkFolder is C:\Users\hp\AppData\Local\Android\Sdk
C/C++: android.ndkVersion from module build.gradle is [27.1.12297006]
C/C++: android.ndkPath from module build.gradle is not set
C/C++: ndk.dir in local.properties is not set
C/C++: Not considering ANDROID_NDK_HOME because support was removed after deprecation period.
C/C++: sdkFolder is C:\Users\hp\AppData\Local\Android\Sdk
C/C++: android.ndkVersion from module build.gradle is [27.1.12297006]
C/C++: android.ndkPath from module build.gradle is not set
C/C++: ndk.dir in local.properties is not set
C/C++: Not considering ANDROID_NDK_HOME because support was removed after deprecation period.
C/C++: sdkFolder is C:\Users\hp\AppData\Local\Android\Sdk

> Configure project :expo-speech-recognition
Evaluating project ':expo-speech-recognition' using build file 'C:\dev\ferify-project\ferify-mobile-app\node_modules\expo-speech-recognition\android\build.gradle'.
Using default execution profile
Using Kotlin Gradle Plugin gradle85 variant

> Configure project :expo-updates-interface
Evaluating project ':expo-updates-interface' using build file 'C:\dev\ferify-project\ferify-mobile-app\node_modules\expo-updates-interface\android\build.gradle'.
Resolved plugin [id: 'com.android.library']
Resolved plugin [id: 'expo-module-gradle-plugin']
Using default execution profile
Using Kotlin Gradle Plugin gradle85 variant

> Configure project :expo
  - [32mexpo-modules-core[0m (2.5.0)
  - [32mexpo-speech-recognition[0m (0.1.0)
  - [32mexpo-updates-interface[0m (1.1.0)
  - [33m[≡ƒôª][0m [32mexpo-application[0m (6.1.5)
  - [33m[≡ƒôª][0m [32mexpo-asset[0m (11.1.7)
  - [33m[≡ƒôª][0m [32mexpo-blur[0m (14.1.5)
  - [33m[≡ƒôª][0m [32mexpo-crypto[0m (14.1.5)
  - [33m[≡ƒôª][0m [32mexpo-file-system[0m (18.1.11)
  - [33m[≡ƒôª][0m [32mexpo-font[0m (13.3.2)
  - [33m[≡ƒôª][0m [32mexpo-haptics[0m (14.1.4)
  - [33m[≡ƒôª][0m [32mexpo-image[0m (2.4.1)
  - [33m[≡ƒôª][0m [32mexpo-image-picker[0m (16.1.4)
  - [33m[≡ƒôª][0m [32mexpo-keep-awake[0m (14.1.4)
  - [33m[≡ƒôª][0m [32mexpo-linking[0m (7.1.7)
  - [33m[≡ƒôª][0m [32mexpo-location[0m (18.1.6)
  - [33m[≡ƒôª][0m [32mexpo-splash-screen[0m (0.30.10)
  - [33m[≡ƒôª][0m [32mexpo-system-ui[0m (5.0.11)
  - [33m[≡ƒôª][0m [32mexpo-web-browser[0m (14.2.0)


> Configure project :react-native-async-storage_async-storage
Evaluating project ':react-native-async-storage_async-storage' using build file 'C:\dev\ferify-project\ferify-mobile-app\node_modules\@react-native-async-storage\async-storage\android\build.gradle'.
Using default execution profile
[AsyncStorage] Config used: {kotlinVersion=2.0.21, kspVersion=1.9.24-1.0.20, roomVersion=2.6.1, minSdkVersion=24, targetSdkVersion=35, compileSdkVersion=35, useNextStorage=false, databaseSizeMB=6, isNewArchitectureEnabled=true, useDedicatedExecutor=false}

> Configure project :react-native-edge-to-edge
Evaluating project ':react-native-edge-to-edge' using build file 'C:\dev\ferify-project\ferify-mobile-app\node_modules\react-native-edge-to-edge\android\build.gradle'.
Using default execution profile
Using Kotlin Gradle Plugin gradle85 variant

> Configure project :react-native-gesture-handler
Evaluating project ':react-native-gesture-handler' using build file 'C:\dev\ferify-project\ferify-mobile-app\node_modules\react-native-gesture-handler\android\build.gradle'.
Using default execution profile
Using Kotlin Gradle Plugin gradle85 variant
C/C++: android.ndkVersion from module build.gradle is [27.1.12297006]
C/C++: android.ndkPath from module build.gradle is not set
C/C++: ndk.dir in local.properties is not set
C/C++: Not considering ANDROID_NDK_HOME because support was removed after deprecation period.
C/C++: sdkFolder is C:\Users\hp\AppData\Local\Android\Sdk
C/C++: android.ndkVersion from module build.gradle is [27.1.12297006]
C/C++: android.ndkPath from module build.gradle is not set
C/C++: ndk.dir in local.properties is not set
C/C++: Not considering ANDROID_NDK_HOME because support was removed after deprecation period.
C/C++: sdkFolder is C:\Users\hp\AppData\Local\Android\Sdk
C/C++: android.ndkVersion from module build.gradle is [27.1.12297006]
C/C++: android.ndkPath from module build.gradle is not set
C/C++: ndk.dir in local.properties is not set
C/C++: Not considering ANDROID_NDK_HOME because support was removed after deprecation period.
C/C++: sdkFolder is C:\Users\hp\AppData\Local\Android\Sdk
C/C++: android.ndkVersion from module build.gradle is [27.1.12297006]
C/C++: android.ndkPath from module build.gradle is not set
C/C++: ndk.dir in local.properties is not set
C/C++: Not considering ANDROID_NDK_HOME because support was removed after deprecation period.
C/C++: sdkFolder is C:\Users\hp\AppData\Local\Android\Sdk
C/C++: android.ndkVersion from module build.gradle is [27.1.12297006]
C/C++: android.ndkPath from module build.gradle is not set
C/C++: ndk.dir in local.properties is not set
C/C++: Not considering ANDROID_NDK_HOME because support was removed after deprecation period.
C/C++: sdkFolder is C:\Users\hp\AppData\Local\Android\Sdk
C/C++: android.ndkVersion from module build.gradle is [27.1.12297006]
C/C++: android.ndkPath from module build.gradle is not set
C/C++: ndk.dir in local.properties is not set
C/C++: Not considering ANDROID_NDK_HOME because support was removed after deprecation period.
C/C++: sdkFolder is C:\Users\hp\AppData\Local\Android\Sdk
C/C++: android.ndkVersion from module build.gradle is [27.1.12297006]
C/C++: android.ndkPath from module build.gradle is not set
C/C++: ndk.dir in local.properties is not set
C/C++: Not considering ANDROID_NDK_HOME because support was removed after deprecation period.
C/C++: sdkFolder is C:\Users\hp\AppData\Local\Android\Sdk
C/C++: android.ndkVersion from module build.gradle is [27.1.12297006]
C/C++: android.ndkPath from module build.gradle is not set
C/C++: ndk.dir in local.properties is not set
C/C++: Not considering ANDROID_NDK_HOME because support was removed after deprecation period.
C/C++: sdkFolder is C:\Users\hp\AppData\Local\Android\Sdk
C/C++: android.ndkVersion from module build.gradle is [27.1.12297006]
C/C++: android.ndkPath from module build.gradle is not set
C/C++: ndk.dir in local.properties is not set
C/C++: Not considering ANDROID_NDK_HOME because support was removed after deprecation period.
C/C++: sdkFolder is C:\Users\hp\AppData\Local\Android\Sdk
C/C++: android.ndkVersion from module build.gradle is [27.1.12297006]
C/C++: android.ndkPath from module build.gradle is not set
C/C++: ndk.dir in local.properties is not set
C/C++: Not considering ANDROID_NDK_HOME because support was removed after deprecation period.
C/C++: sdkFolder is C:\Users\hp\AppData\Local\Android\Sdk
C/C++: android.ndkVersion from module build.gradle is [27.1.12297006]
C/C++: android.ndkPath from module build.gradle is not set
C/C++: ndk.dir in local.properties is not set
C/C++: Not considering ANDROID_NDK_HOME because support was removed after deprecation period.
C/C++: sdkFolder is C:\Users\hp\AppData\Local\Android\Sdk
C/C++: android.ndkVersion from module build.gradle is [27.1.12297006]
C/C++: android.ndkPath from module build.gradle is not set
C/C++: ndk.dir in local.properties is not set
C/C++: Not considering ANDROID_NDK_HOME because support was removed after deprecation period.
C/C++: sdkFolder is C:\Users\hp\AppData\Local\Android\Sdk
C/C++: android.ndkVersion from module build.gradle is [27.1.12297006]
C/C++: android.ndkPath from module build.gradle is not set
C/C++: ndk.dir in local.properties is not set
C/C++: Not considering ANDROID_NDK_HOME because support was removed after deprecation period.
C/C++: sdkFolder is C:\Users\hp\AppData\Local\Android\Sdk

> Configure project :react-native-google-signin_google-signin
Evaluating project ':react-native-google-signin_google-signin' using build file 'C:\dev\ferify-project\ferify-mobile-app\node_modules\@react-native-google-signin\google-signin\android\build.gradle'.
Using default execution profile
Using Kotlin Gradle Plugin gradle85 variant

> Configure project :react-native-reanimated
Evaluating project ':react-native-reanimated' using build file 'C:\dev\ferify-project\ferify-mobile-app\node_modules\react-native-reanimated\android\build.gradle'.
Using default execution profile
Android gradle plugin: 8.8.2
Gradle: 8.13
C/C++: android.ndkVersion from module build.gradle is [27.1.12297006]
C/C++: android.ndkPath from module build.gradle is not set
C/C++: ndk.dir in local.properties is not set
C/C++: Not considering ANDROID_NDK_HOME because support was removed after deprecation period.
C/C++: sdkFolder is C:\Users\hp\AppData\Local\Android\Sdk
C/C++: android.ndkVersion from module build.gradle is [27.1.12297006]
C/C++: android.ndkPath from module build.gradle is not set
C/C++: ndk.dir in local.properties is not set
C/C++: Not considering ANDROID_NDK_HOME because support was removed after deprecation period.
C/C++: sdkFolder is C:\Users\hp\AppData\Local\Android\Sdk
C/C++: android.ndkVersion from module build.gradle is [27.1.12297006]
C/C++: android.ndkPath from module build.gradle is not set
C/C++: ndk.dir in local.properties is not set
C/C++: Not considering ANDROID_NDK_HOME because support was removed after deprecation period.
C/C++: sdkFolder is C:\Users\hp\AppData\Local\Android\Sdk
C/C++: android.ndkVersion from module build.gradle is [27.1.12297006]
C/C++: android.ndkPath from module build.gradle is not set
C/C++: ndk.dir in local.properties is not set
C/C++: Not considering ANDROID_NDK_HOME because support was removed after deprecation period.
C/C++: sdkFolder is C:\Users\hp\AppData\Local\Android\Sdk
C/C++: android.ndkVersion from module build.gradle is [27.1.12297006]
C/C++: android.ndkPath from module build.gradle is not set
C/C++: ndk.dir in local.properties is not set
C/C++: Not considering ANDROID_NDK_HOME because support was removed after deprecation period.
C/C++: sdkFolder is C:\Users\hp\AppData\Local\Android\Sdk
C/C++: android.ndkVersion from module build.gradle is [27.1.12297006]
C/C++: android.ndkPath from module build.gradle is not set
C/C++: ndk.dir in local.properties is not set
C/C++: Not considering ANDROID_NDK_HOME because support was removed after deprecation period.
C/C++: sdkFolder is C:\Users\hp\AppData\Local\Android\Sdk
C/C++: android.ndkVersion from module build.gradle is [27.1.12297006]
C/C++: android.ndkPath from module build.gradle is not set
C/C++: ndk.dir in local.properties is not set
C/C++: Not considering ANDROID_NDK_HOME because support was removed after deprecation period.
C/C++: sdkFolder is C:\Users\hp\AppData\Local\Android\Sdk
C/C++: android.ndkVersion from module build.gradle is [27.1.12297006]
C/C++: android.ndkPath from module build.gradle is not set
C/C++: ndk.dir in local.properties is not set
C/C++: Not considering ANDROID_NDK_HOME because support was removed after deprecation period.
C/C++: sdkFolder is C:\Users\hp\AppData\Local\Android\Sdk
C/C++: android.ndkVersion from module build.gradle is [27.1.12297006]
C/C++: android.ndkPath from module build.gradle is not set
C/C++: ndk.dir in local.properties is not set
C/C++: Not considering ANDROID_NDK_HOME because support was removed after deprecation period.
C/C++: sdkFolder is C:\Users\hp\AppData\Local\Android\Sdk
C/C++: android.ndkVersion from module build.gradle is [27.1.12297006]
C/C++: android.ndkPath from module build.gradle is not set
C/C++: ndk.dir in local.properties is not set
C/C++: Not considering ANDROID_NDK_HOME because support was removed after deprecation period.
C/C++: sdkFolder is C:\Users\hp\AppData\Local\Android\Sdk
C/C++: android.ndkVersion from module build.gradle is [27.1.12297006]
C/C++: android.ndkPath from module build.gradle is not set
C/C++: ndk.dir in local.properties is not set
C/C++: Not considering ANDROID_NDK_HOME because support was removed after deprecation period.
C/C++: sdkFolder is C:\Users\hp\AppData\Local\Android\Sdk
C/C++: android.ndkVersion from module build.gradle is [27.1.12297006]
C/C++: android.ndkPath from module build.gradle is not set
C/C++: ndk.dir in local.properties is not set
C/C++: Not considering ANDROID_NDK_HOME because support was removed after deprecation period.
C/C++: sdkFolder is C:\Users\hp\AppData\Local\Android\Sdk
C/C++: android.ndkVersion from module build.gradle is [27.1.12297006]
C/C++: android.ndkPath from module build.gradle is not set
C/C++: ndk.dir in local.properties is not set
C/C++: Not considering ANDROID_NDK_HOME because support was removed after deprecation period.
C/C++: sdkFolder is C:\Users\hp\AppData\Local\Android\Sdk

> Configure project :react-native-safe-area-context
Evaluating project ':react-native-safe-area-context' using build file 'C:\dev\ferify-project\ferify-mobile-app\node_modules\react-native-safe-area-context\android\build.gradle'.
Using default execution profile
Using Kotlin Gradle Plugin gradle85 variant

> Configure project :react-native-screens
Evaluating project ':react-native-screens' using build file 'C:\dev\ferify-project\ferify-mobile-app\node_modules\react-native-screens\android\build.gradle'.
Using default execution profile
Using Kotlin Gradle Plugin gradle85 variant
C/C++: android.ndkVersion from module build.gradle is [27.1.12297006]
C/C++: android.ndkPath from module build.gradle is not set
C/C++: ndk.dir in local.properties is not set
C/C++: Not considering ANDROID_NDK_HOME because support was removed after deprecation period.
C/C++: sdkFolder is C:\Users\hp\AppData\Local\Android\Sdk
C/C++: android.ndkVersion from module build.gradle is [27.1.12297006]
C/C++: android.ndkPath from module build.gradle is not set
C/C++: ndk.dir in local.properties is not set
C/C++: Not considering ANDROID_NDK_HOME because support was removed after deprecation period.
C/C++: sdkFolder is C:\Users\hp\AppData\Local\Android\Sdk
C/C++: android.ndkVersion from module build.gradle is [27.1.12297006]
C/C++: android.ndkPath from module build.gradle is not set
C/C++: ndk.dir in local.properties is not set
C/C++: Not considering ANDROID_NDK_HOME because support was removed after deprecation period.
C/C++: sdkFolder is C:\Users\hp\AppData\Local\Android\Sdk
C/C++: android.ndkVersion from module build.gradle is [27.1.12297006]
C/C++: android.ndkPath from module build.gradle is not set
C/C++: ndk.dir in local.properties is not set
C/C++: Not considering ANDROID_NDK_HOME because support was removed after deprecation period.
C/C++: sdkFolder is C:\Users\hp\AppData\Local\Android\Sdk
C/C++: android.ndkVersion from module build.gradle is [27.1.12297006]
C/C++: android.ndkPath from module build.gradle is not set
C/C++: ndk.dir in local.properties is not set
C/C++: Not considering ANDROID_NDK_HOME because support was removed after deprecation period.
C/C++: sdkFolder is C:\Users\hp\AppData\Local\Android\Sdk
C/C++: android.ndkVersion from module build.gradle is [27.1.12297006]
C/C++: android.ndkPath from module build.gradle is not set
C/C++: ndk.dir in local.properties is not set
C/C++: Not considering ANDROID_NDK_HOME because support was removed after deprecation period.
C/C++: sdkFolder is C:\Users\hp\AppData\Local\Android\Sdk
C/C++: android.ndkVersion from module build.gradle is [27.1.12297006]
C/C++: android.ndkPath from module build.gradle is not set
C/C++: ndk.dir in local.properties is not set
C/C++: Not considering ANDROID_NDK_HOME because support was removed after deprecation period.
C/C++: sdkFolder is C:\Users\hp\AppData\Local\Android\Sdk
C/C++: android.ndkVersion from module build.gradle is [27.1.12297006]
C/C++: android.ndkPath from module build.gradle is not set
C/C++: ndk.dir in local.properties is not set
C/C++: Not considering ANDROID_NDK_HOME because support was removed after deprecation period.
C/C++: sdkFolder is C:\Users\hp\AppData\Local\Android\Sdk
C/C++: android.ndkVersion from module build.gradle is [27.1.12297006]
C/C++: android.ndkPath from module build.gradle is not set
C/C++: ndk.dir in local.properties is not set
C/C++: Not considering ANDROID_NDK_HOME because support was removed after deprecation period.
C/C++: sdkFolder is C:\Users\hp\AppData\Local\Android\Sdk
C/C++: android.ndkVersion from module build.gradle is [27.1.12297006]
C/C++: android.ndkPath from module build.gradle is not set
C/C++: ndk.dir in local.properties is not set
C/C++: Not considering ANDROID_NDK_HOME because support was removed after deprecation period.
C/C++: sdkFolder is C:\Users\hp\AppData\Local\Android\Sdk
C/C++: android.ndkVersion from module build.gradle is [27.1.12297006]
C/C++: android.ndkPath from module build.gradle is not set
C/C++: ndk.dir in local.properties is not set
C/C++: Not considering ANDROID_NDK_HOME because support was removed after deprecation period.
C/C++: sdkFolder is C:\Users\hp\AppData\Local\Android\Sdk
C/C++: android.ndkVersion from module build.gradle is [27.1.12297006]
C/C++: android.ndkPath from module build.gradle is not set
C/C++: ndk.dir in local.properties is not set
C/C++: Not considering ANDROID_NDK_HOME because support was removed after deprecation period.
C/C++: sdkFolder is C:\Users\hp\AppData\Local\Android\Sdk
C/C++: android.ndkVersion from module build.gradle is [27.1.12297006]
C/C++: android.ndkPath from module build.gradle is not set
C/C++: ndk.dir in local.properties is not set
C/C++: Not considering ANDROID_NDK_HOME because support was removed after deprecation period.
C/C++: sdkFolder is C:\Users\hp\AppData\Local\Android\Sdk

> Configure project :react-native-vector-icons
Evaluating project ':react-native-vector-icons' using build file 'C:\dev\ferify-project\ferify-mobile-app\node_modules\react-native-vector-icons\android\build.gradle'.
Using default execution profile

> Configure project :react-native-voice_voice
Evaluating project ':react-native-voice_voice' using build file 'C:\dev\ferify-project\ferify-mobile-app\node_modules\@react-native-voice\voice\android\build.gradle'.
Using default execution profile

> Configure project :react-native-webview
Evaluating project ':react-native-webview' using build file 'C:\dev\ferify-project\ferify-mobile-app\node_modules\react-native-webview\android\build.gradle'.
Using default execution profile
Using Kotlin Gradle Plugin gradle85 variant
All projects evaluated.
Task name matched 'assembleDebug'
Selected primary task 'assembleDebug' from project :
file or directory 'C:\dev\ferify-project\ferify-mobile-app\node_modules\@react-native-voice\voice\android\libs', not found
file or directory 'C:\dev\ferify-project\ferify-mobile-app\node_modules\@react-native-voice\voice\android\libs', not found
file or directory 'C:\dev\ferify-project\ferify-mobile-app\node_modules\@react-native-voice\voice\android\libs', not found
file or directory 'C:\dev\ferify-project\ferify-mobile-app\node_modules\@react-native-voice\voice\android\libs', not found
Tasks to be executed: [task ':app:generateAutolinkingNewArchitectureFiles', task ':app:generateAutolinkingPackageList', task ':app:generateCodegenSchemaFromJavaScript', task ':app:generateCodegenArtifactsFromSchema', task ':app:preBuild', task ':app:preDebugBuild', task ':app:mergeDebugNativeDebugMetadata', task ':app:checkKotlinGradlePluginConfigurationErrors', task ':app:generateDebugBuildConfig', task ':expo:generatePackagesList', task ':expo:preBuild', task ':expo:preDebugBuild', task ':expo:writeDebugAarMetadata', task ':expo-constants:createExpoConfig', task ':expo-constants:preBuild', task ':expo-constants:preDebugBuild', task ':expo-constants:writeDebugAarMetadata', task ':expo-dev-client:preBuild', task ':expo-dev-client:preDebugBuild', task ':expo-dev-client:writeDebugAarMetadata', task ':expo-dev-launcher:preBuild', task ':expo-dev-launcher:preDebugBuild', task ':expo-dev-launcher:writeDebugAarMetadata', task ':expo-dev-menu:clenupAssets', task ':expo-dev-menu:copyAssets', task ':expo-dev-menu:preBuild', task ':expo-dev-menu:preDebugBuild', task ':expo-dev-menu:writeDebugAarMetadata', task ':expo-dev-menu-interface:preBuild', task ':expo-dev-menu-interface:preDebugBuild', task ':expo-dev-menu-interface:writeDebugAarMetadata', task ':expo-image-loader:preBuild', task ':expo-image-loader:preDebugBuild', task ':expo-image-loader:writeDebugAarMetadata', task ':expo-json-utils:preBuild', task ':expo-json-utils:preDebugBuild', task ':expo-json-utils:writeDebugAarMetadata', task ':expo-manifests:preBuild', task ':expo-manifests:preDebugBuild', task ':expo-manifests:writeDebugAarMetadata', task ':expo-modules-core:preBuild', task ':expo-modules-core:preDebugBuild', task ':expo-modules-core:writeDebugAarMetadata', task ':expo-speech-recognition:preBuild', task ':expo-speech-recognition:preDebugBuild', task ':expo-speech-recognition:writeDebugAarMetadata', task ':expo-updates-interface:preBuild', task ':expo-updates-interface:preDebugBuild', task ':expo-updates-interface:writeDebugAarMetadata', task ':react-native-async-storage_async-storage:generateCodegenSchemaFromJavaScript', task ':react-native-async-storage_async-storage:generateCodegenArtifactsFromSchema', task ':react-native-async-storage_async-storage:preBuild', task ':react-native-async-storage_async-storage:preDebugBuild', task ':react-native-async-storage_async-storage:writeDebugAarMetadata', task ':react-native-edge-to-edge:generateCodegenSchemaFromJavaScript', task ':react-native-edge-to-edge:generateCodegenArtifactsFromSchema', task ':react-native-edge-to-edge:preBuild', task ':react-native-edge-to-edge:preDebugBuild', task ':react-native-edge-to-edge:writeDebugAarMetadata', task ':react-native-gesture-handler:generateCodegenSchemaFromJavaScript', task ':react-native-gesture-handler:generateCodegenArtifactsFromSchema', task ':react-native-gesture-handler:preBuild', task ':react-native-gesture-handler:preDebugBuild', task ':react-native-gesture-handler:writeDebugAarMetadata', task ':react-native-google-signin_google-signin:generateCodegenSchemaFromJavaScript', task ':react-native-google-signin_google-signin:generateCodegenArtifactsFromSchema', task ':react-native-google-signin_google-signin:preBuild', task ':react-native-google-signin_google-signin:preDebugBuild', task ':react-native-google-signin_google-signin:writeDebugAarMetadata', task ':react-native-reanimated:assertMinimalReactNativeVersionTask', task ':react-native-reanimated:generateCodegenSchemaFromJavaScript', task ':react-native-reanimated:generateCodegenArtifactsFromSchema', task ':react-native-reanimated:prepareReanimatedHeadersForPrefabs', task ':react-native-reanimated:prepareWorkletsHeadersForPrefabs', task ':react-native-reanimated:preBuild', task ':react-native-reanimated:preDebugBuild', task ':react-native-reanimated:writeDebugAarMetadata', task ':react-native-safe-area-context:generateCodegenSchemaFromJavaScript', task ':react-native-safe-area-context:generateCodegenArtifactsFromSchema', task ':react-native-safe-area-context:preBuild', task ':react-native-safe-area-context:preDebugBuild', task ':react-native-safe-area-context:writeDebugAarMetadata', task ':react-native-screens:generateCodegenSchemaFromJavaScript', task ':react-native-screens:generateCodegenArtifactsFromSchema', task ':react-native-screens:preBuild', task ':react-native-screens:preDebugBuild', task ':react-native-screens:writeDebugAarMetadata', task ':react-native-vector-icons:generateCodegenSchemaFromJavaScript', task ':react-native-vector-icons:generateCodegenArtifactsFromSchema', task ':react-native-vector-icons:preBuild', task ':react-native-vector-icons:preDebugBuild', task ':react-native-vector-icons:writeDebugAarMetadata', task ':react-native-voice_voice:preBuild', task ':react-native-voice_voice:preDebugBuild', task ':react-native-voice_voice:writeDebugAarMetadata', task ':react-native-webview:generateCodegenSchemaFromJavaScript', task ':react-native-webview:generateCodegenArtifactsFromSchema', task ':react-native-webview:preBuild', task ':react-native-webview:preDebugBuild', task ':react-native-webview:writeDebugAarMetadata', task ':app:checkDebugAarMetadata', task ':app:generateDebugResValues', task ':expo:generateDebugResValues', task ':expo:generateDebugResources', task ':expo:packageDebugResources', task ':expo-constants:generateDebugResValues', task ':expo-constants:generateDebugResources', task ':expo-constants:packageDebugResources', task ':expo-dev-client:generateDebugResValues', task ':expo-dev-client:generateDebugResources', task ':expo-dev-client:packageDebugResources', task ':expo-dev-launcher:generateDebugResValues', task ':expo-dev-launcher:generateDebugResources', task ':expo-dev-launcher:packageDebugResources', task ':expo-dev-menu:generateDebugResValues', task ':expo-dev-menu:generateDebugResources', task ':expo-dev-menu:packageDebugResources', task ':expo-dev-menu-interface:generateDebugResValues', task ':expo-dev-menu-interface:generateDebugResources', task ':expo-dev-menu-interface:packageDebugResources', task ':expo-image-loader:generateDebugResValues', task ':expo-image-loader:generateDebugResources', task ':expo-image-loader:packageDebugResources', task ':expo-json-utils:generateDebugResValues', task ':expo-json-utils:generateDebugResources', task ':expo-json-utils:packageDebugResources', task ':expo-manifests:generateDebugResValues', task ':expo-manifests:generateDebugResources', task ':expo-manifests:packageDebugResources', task ':expo-modules-core:generateDebugResValues', task ':expo-modules-core:generateDebugResources', task ':expo-modules-core:packageDebugResources', task ':expo-speech-recognition:generateDebugResValues', task ':expo-speech-recognition:generateDebugResources', task ':expo-speech-recognition:packageDebugResources', task ':expo-updates-interface:generateDebugResValues', task ':expo-updates-interface:generateDebugResources', task ':expo-updates-interface:packageDebugResources', task ':react-native-async-storage_async-storage:generateDebugResValues', task ':react-native-async-storage_async-storage:generateDebugResources', task ':react-native-async-storage_async-storage:packageDebugResources', task ':react-native-edge-to-edge:generateDebugResValues', task ':react-native-edge-to-edge:generateDebugResources', task ':react-native-edge-to-edge:packageDebugResources', task ':react-native-gesture-handler:generateDebugResValues', task ':react-native-gesture-handler:generateDebugResources', task ':react-native-gesture-handler:packageDebugResources', task ':react-native-google-signin_google-signin:generateDebugResValues', task ':react-native-google-signin_google-signin:generateDebugResources', task ':react-native-google-signin_google-signin:packageDebugResources', task ':react-native-reanimated:generateDebugResValues', task ':react-native-reanimated:generateDebugResources', task ':react-native-reanimated:packageDebugResources', task ':react-native-safe-area-context:generateDebugResValues', task ':react-native-safe-area-context:generateDebugResources', task ':react-native-safe-area-context:packageDebugResources', task ':react-native-screens:generateDebugResValues', task ':react-native-screens:generateDebugResources', task ':react-native-screens:packageDebugResources', task ':react-native-vector-icons:generateDebugResValues', task ':react-native-vector-icons:generateDebugResources', task ':react-native-vector-icons:packageDebugResources', task ':react-native-voice_voice:generateDebugResValues', task ':react-native-voice_voice:generateDebugResources', task ':react-native-voice_voice:packageDebugResources', task ':react-native-webview:generateDebugResValues', task ':react-native-webview:generateDebugResources', task ':react-native-webview:packageDebugResources', task ':app:mapDebugSourceSetPaths', task ':app:generateDebugResources', task ':app:mergeDebugResources', task ':app:packageDebugResources', task ':app:parseDebugLocalResources', task ':app:createDebugCompatibleScreenManifests', task ':app:extractDeepLinksDebug', task ':expo:extractDeepLinksDebug', task ':expo:processDebugManifest', task ':expo-constants:extractDeepLinksDebug', task ':expo-constants:processDebugManifest', task ':expo-dev-client:extractDeepLinksDebug', task ':expo-dev-client:processDebugManifest', task ':expo-dev-launcher:extractDeepLinksDebug', task ':expo-dev-launcher:processDebugManifest', task ':expo-dev-menu:extractDeepLinksDebug', task ':expo-dev-menu:processDebugManifest', task ':expo-dev-menu-interface:extractDeepLinksDebug', task ':expo-dev-menu-interface:processDebugManifest', task ':expo-image-loader:extractDeepLinksDebug', task ':expo-image-loader:processDebugManifest', task ':expo-json-utils:extractDeepLinksDebug', task ':expo-json-utils:processDebugManifest', task ':expo-manifests:extractDeepLinksDebug', task ':expo-manifests:processDebugManifest', task ':expo-modules-core:extractDeepLinksDebug', task ':expo-modules-core:processDebugManifest', task ':expo-speech-recognition:extractDeepLinksDebug', task ':expo-speech-recognition:processDebugManifest', task ':expo-updates-interface:extractDeepLinksDebug', task ':expo-updates-interface:processDebugManifest', task ':react-native-async-storage_async-storage:extractDeepLinksDebug', task ':react-native-async-storage_async-storage:processDebugManifest', task ':react-native-edge-to-edge:extractDeepLinksDebug', task ':react-native-edge-to-edge:processDebugManifest', task ':react-native-gesture-handler:extractDeepLinksDebug', task ':react-native-gesture-handler:processDebugManifest', task ':react-native-google-signin_google-signin:extractDeepLinksDebug', task ':react-native-google-signin_google-signin:processDebugManifest', task ':react-native-reanimated:extractDeepLinksDebug', task ':react-native-reanimated:processDebugManifest', task ':react-native-safe-area-context:extractDeepLinksDebug', task ':react-native-safe-area-context:processDebugManifest', task ':react-native-screens:extractDeepLinksDebug', task ':react-native-screens:processDebugManifest', task ':react-native-vector-icons:extractDeepLinksDebug', task ':react-native-vector-icons:processDebugManifest', task ':react-native-voice_voice:extractDeepLinksDebug', task ':react-native-voice_voice:processDebugManifest', task ':react-native-webview:extractDeepLinksDebug', task ':react-native-webview:processDebugManifest', task ':app:processDebugMainManifest', task ':app:processDebugManifest', task ':app:processDebugManifestForPackage', task ':expo:compileDebugLibraryResources', task ':expo:parseDebugLocalResources', task ':expo:generateDebugRFile', task ':expo-constants:compileDebugLibraryResources', task ':expo-constants:parseDebugLocalResources', task ':expo-constants:generateDebugRFile', task ':expo-dev-client:compileDebugLibraryResources', task ':expo-dev-client:parseDebugLocalResources', task ':expo-dev-client:generateDebugRFile', task ':expo-dev-launcher:compileDebugLibraryResources', task ':expo-dev-launcher:parseDebugLocalResources', task ':expo-dev-launcher:generateDebugRFile', task ':expo-dev-menu:compileDebugLibraryResources', task ':expo-dev-menu:parseDebugLocalResources', task ':expo-dev-menu:generateDebugRFile', task ':expo-dev-menu-interface:compileDebugLibraryResources', task ':expo-dev-menu-interface:parseDebugLocalResources', task ':expo-dev-menu-interface:generateDebugRFile', task ':expo-image-loader:compileDebugLibraryResources', task ':expo-image-loader:parseDebugLocalResources', task ':expo-image-loader:generateDebugRFile', task ':expo-json-utils:compileDebugLibraryResources', task ':expo-json-utils:parseDebugLocalResources', task ':expo-json-utils:generateDebugRFile', task ':expo-manifests:compileDebugLibraryResources', task ':expo-manifests:parseDebugLocalResources', task ':expo-manifests:generateDebugRFile', task ':expo-modules-core:compileDebugLibraryResources', task ':expo-modules-core:parseDebugLocalResources', task ':expo-modules-core:generateDebugRFile', task ':expo-speech-recognition:compileDebugLibraryResources', task ':expo-speech-recognition:parseDebugLocalResources', task ':expo-speech-recognition:generateDebugRFile', task ':expo-updates-interface:compileDebugLibraryResources', task ':expo-updates-interface:parseDebugLocalResources', task ':expo-updates-interface:generateDebugRFile', task ':react-native-async-storage_async-storage:compileDebugLibraryResources', task ':react-native-async-storage_async-storage:parseDebugLocalResources', task ':react-native-async-storage_async-storage:generateDebugRFile', task ':react-native-edge-to-edge:compileDebugLibraryResources', task ':react-native-edge-to-edge:parseDebugLocalResources', task ':react-native-edge-to-edge:generateDebugRFile', task ':react-native-gesture-handler:compileDebugLibraryResources', task ':react-native-gesture-handler:parseDebugLocalResources', task ':react-native-gesture-handler:generateDebugRFile', task ':react-native-google-signin_google-signin:compileDebugLibraryResources', task ':react-native-google-signin_google-signin:parseDebugLocalResources', task ':react-native-google-signin_google-signin:generateDebugRFile', task ':react-native-reanimated:compileDebugLibraryResources', task ':react-native-reanimated:parseDebugLocalResources', task ':react-native-reanimated:generateDebugRFile', task ':react-native-safe-area-context:compileDebugLibraryResources', task ':react-native-safe-area-context:parseDebugLocalResources', task ':react-native-safe-area-context:generateDebugRFile', task ':react-native-screens:compileDebugLibraryResources', task ':react-native-screens:parseDebugLocalResources', task ':react-native-screens:generateDebugRFile', task ':react-native-vector-icons:compileDebugLibraryResources', task ':react-native-vector-icons:parseDebugLocalResources', task ':react-native-vector-icons:generateDebugRFile', task ':react-native-voice_voice:compileDebugLibraryResources', task ':react-native-voice_voice:parseDebugLocalResources', task ':react-native-voice_voice:generateDebugRFile', task ':react-native-webview:compileDebugLibraryResources', task ':react-native-webview:parseDebugLocalResources', task ':react-native-webview:generateDebugRFile', task ':app:processDebugResources', task ':expo:checkKotlinGradlePluginConfigurationErrors', task ':expo:generateDebugBuildConfig', task ':expo-constants:checkKotlinGradlePluginConfigurationErrors', task ':expo-constants:generateDebugBuildConfig', task ':expo-modules-core:checkKotlinGradlePluginConfigurationErrors', task ':expo-modules-core:generateDebugBuildConfig', task ':expo-modules-core:compileDebugKotlin', task ':expo-modules-core:javaPreCompileDebug', task ':expo-modules-core:compileDebugJavaWithJavac', task ':expo-modules-core:bundleLibCompileToJarDebug', task ':expo-constants:compileDebugKotlin', task ':expo-constants:javaPreCompileDebug', task ':expo-constants:compileDebugJavaWithJavac', task ':expo-constants:bundleLibCompileToJarDebug', task ':expo-dev-client:checkKotlinGradlePluginConfigurationErrors', task ':expo-dev-client:dataBindingMergeDependencyArtifactsDebug', task ':expo-dev-client:dataBindingGenBaseClassesDebug', task ':expo-dev-client:generateDebugBuildConfig', task ':expo-dev-client:compileDebugKotlin', task ':expo-dev-client:javaPreCompileDebug', task ':expo-dev-client:compileDebugJavaWithJavac', task ':expo-dev-client:bundleLibCompileToJarDebug', task ':expo-dev-launcher:checkKotlinGradlePluginConfigurationErrors', task ':expo-dev-launcher:dataBindingMergeDependencyArtifactsDebug', task ':expo-dev-launcher:dataBindingGenBaseClassesDebug', task ':expo-dev-launcher:generateDebugBuildConfig', task ':expo-dev-menu:checkKotlinGradlePluginConfigurationErrors', task ':expo-dev-menu:generateDebugBuildConfig', task ':expo-dev-menu-interface:checkKotlinGradlePluginConfigurationErrors', task ':expo-dev-menu-interface:generateDebugBuildConfig', task ':expo-dev-menu-interface:compileDebugKotlin', task ':expo-dev-menu-interface:javaPreCompileDebug', task ':expo-dev-menu-interface:compileDebugJavaWithJavac', task ':expo-dev-menu-interface:bundleLibCompileToJarDebug', task ':expo-json-utils:checkKotlinGradlePluginConfigurationErrors', task ':expo-json-utils:generateDebugBuildConfig', task ':expo-json-utils:compileDebugKotlin', task ':expo-json-utils:javaPreCompileDebug', task ':expo-json-utils:compileDebugJavaWithJavac', task ':expo-json-utils:bundleLibCompileToJarDebug', task ':expo-manifests:checkKotlinGradlePluginConfigurationErrors', task ':expo-manifests:generateDebugBuildConfig', task ':expo-manifests:compileDebugKotlin', task ':expo-manifests:javaPreCompileDebug', task ':expo-manifests:compileDebugJavaWithJavac', task ':expo-manifests:bundleLibCompileToJarDebug', task ':expo-dev-menu:compileDebugKotlin', task ':expo-dev-menu:javaPreCompileDebug', task ':expo-dev-menu:compileDebugJavaWithJavac', task ':expo-dev-menu:bundleLibCompileToJarDebug', task ':expo-updates-interface:checkKotlinGradlePluginConfigurationErrors', task ':expo-updates-interface:generateDebugBuildConfig', task ':expo-updates-interface:compileDebugKotlin', task ':expo-updates-interface:javaPreCompileDebug', task ':expo-updates-interface:compileDebugJavaWithJavac', task ':expo-updates-interface:bundleLibCompileToJarDebug', task ':expo-dev-launcher:compileDebugKotlin', task ':expo-dev-launcher:javaPreCompileDebug', task ':expo-dev-launcher:compileDebugJavaWithJavac', task ':expo-dev-launcher:bundleLibCompileToJarDebug', task ':expo-image-loader:checkKotlinGradlePluginConfigurationErrors', task ':expo-image-loader:generateDebugBuildConfig', task ':expo-image-loader:compileDebugKotlin', task ':expo-image-loader:javaPreCompileDebug', task ':expo-image-loader:compileDebugJavaWithJavac', task ':expo-image-loader:bundleLibCompileToJarDebug', task ':expo-speech-recognition:checkKotlinGradlePluginConfigurationErrors', task ':expo-speech-recognition:generateDebugBuildConfig', task ':expo-speech-recognition:compileDebugKotlin', task ':expo-speech-recognition:javaPreCompileDebug', task ':expo-speech-recognition:compileDebugJavaWithJavac', task ':expo-speech-recognition:bundleLibCompileToJarDebug', task ':expo:compileDebugKotlin', task ':expo:javaPreCompileDebug', task ':expo:compileDebugJavaWithJavac', task ':expo:bundleLibCompileToJarDebug', task ':react-native-async-storage_async-storage:generateDebugBuildConfig', task ':react-native-async-storage_async-storage:javaPreCompileDebug', task ':react-native-async-storage_async-storage:compileDebugJavaWithJavac', task ':react-native-async-storage_async-storage:bundleLibCompileToJarDebug', task ':react-native-edge-to-edge:checkKotlinGradlePluginConfigurationErrors', task ':react-native-edge-to-edge:generateDebugBuildConfig', task ':react-native-edge-to-edge:compileDebugKotlin', task ':react-native-edge-to-edge:javaPreCompileDebug', task ':react-native-edge-to-edge:compileDebugJavaWithJavac', task ':react-native-edge-to-edge:bundleLibCompileToJarDebug', task ':react-native-gesture-handler:checkKotlinGradlePluginConfigurationErrors', task ':react-native-gesture-handler:generateDebugBuildConfig', task ':react-native-reanimated:generateDebugBuildConfig', task ':react-native-reanimated:javaPreCompileDebug', task ':react-native-reanimated:packageNdkLibs', task ':react-native-reanimated:compileDebugJavaWithJavac', task ':react-native-reanimated:bundleLibCompileToJarDebug', task ':react-native-gesture-handler:compileDebugKotlin', task ':react-native-gesture-handler:javaPreCompileDebug', task ':react-native-gesture-handler:compileDebugJavaWithJavac', task ':react-native-gesture-handler:bundleLibCompileToJarDebug', task ':react-native-google-signin_google-signin:checkKotlinGradlePluginConfigurationErrors', task ':react-native-google-signin_google-signin:generateDebugBuildConfig', task ':react-native-google-signin_google-signin:compileDebugKotlin', task ':react-native-google-signin_google-signin:javaPreCompileDebug', task ':react-native-google-signin_google-signin:compileDebugJavaWithJavac', task ':react-native-google-signin_google-signin:bundleLibCompileToJarDebug', task ':react-native-safe-area-context:checkKotlinGradlePluginConfigurationErrors', task ':react-native-safe-area-context:generateDebugBuildConfig', task ':react-native-safe-area-context:compileDebugKotlin', task ':react-native-safe-area-context:javaPreCompileDebug', task ':react-native-safe-area-context:compileDebugJavaWithJavac', task ':react-native-safe-area-context:bundleLibCompileToJarDebug', task ':react-native-screens:checkKotlinGradlePluginConfigurationErrors', task ':react-native-screens:generateDebugBuildConfig', task ':react-native-screens:compileDebugKotlin', task ':react-native-screens:javaPreCompileDebug', task ':react-native-screens:compileDebugJavaWithJavac', task ':react-native-screens:bundleLibCompileToJarDebug', task ':react-native-vector-icons:generateDebugBuildConfig', task ':react-native-vector-icons:javaPreCompileDebug', task ':react-native-vector-icons:compileDebugJavaWithJavac', task ':react-native-vector-icons:bundleLibCompileToJarDebug', task ':react-native-voice_voice:generateDebugBuildConfig', task ':react-native-voice_voice:javaPreCompileDebug', task ':react-native-voice_voice:compileDebugJavaWithJavac', task ':react-native-voice_voice:bundleLibCompileToJarDebug', task ':react-native-webview:checkKotlinGradlePluginConfigurationErrors', task ':react-native-webview:generateDebugBuildConfig', task ':react-native-webview:compileDebugKotlin', task ':react-native-webview:javaPreCompileDebug', task ':react-native-webview:compileDebugJavaWithJavac', task ':react-native-webview:bundleLibCompileToJarDebug', task ':app:compileDebugKotlin', task ':app:javaPreCompileDebug', task ':app:compileDebugJavaWithJavac', task ':app:mergeDebugShaders', task ':app:compileDebugShaders', task ':app:generateDebugAssets', task ':expo:mergeDebugShaders', task ':expo:compileDebugShaders', task ':expo:generateDebugAssets', task ':expo:packageDebugAssets', task ':expo-constants:mergeDebugShaders', task ':expo-constants:compileDebugShaders', task ':expo-constants:generateDebugAssets', task ':expo-constants:packageDebugAssets', task ':expo-dev-client:mergeDebugShaders', task ':expo-dev-client:compileDebugShaders', task ':expo-dev-client:generateDebugAssets', task ':expo-dev-client:packageDebugAssets', task ':expo-dev-launcher:mergeDebugShaders', task ':expo-dev-launcher:compileDebugShaders', task ':expo-dev-launcher:generateDebugAssets', task ':expo-dev-launcher:packageDebugAssets', task ':expo-dev-menu:mergeDebugShaders', task ':expo-dev-menu:compileDebugShaders', task ':expo-dev-menu:generateDebugAssets', task ':expo-dev-menu:packageDebugAssets', task ':expo-dev-menu-interface:mergeDebugShaders', task ':expo-dev-menu-interface:compileDebugShaders', task ':expo-dev-menu-interface:generateDebugAssets', task ':expo-dev-menu-interface:packageDebugAssets', task ':expo-image-loader:mergeDebugShaders', task ':expo-image-loader:compileDebugShaders', task ':expo-image-loader:generateDebugAssets', task ':expo-image-loader:packageDebugAssets', task ':expo-json-utils:mergeDebugShaders', task ':expo-json-utils:compileDebugShaders', task ':expo-json-utils:generateDebugAssets', task ':expo-json-utils:packageDebugAssets', task ':expo-manifests:mergeDebugShaders', task ':expo-manifests:compileDebugShaders', task ':expo-manifests:generateDebugAssets', task ':expo-manifests:packageDebugAssets', task ':expo-modules-core:mergeDebugShaders', task ':expo-modules-core:compileDebugShaders', task ':expo-modules-core:generateDebugAssets', task ':expo-modules-core:packageDebugAssets', task ':expo-speech-recognition:mergeDebugShaders', task ':expo-speech-recognition:compileDebugShaders', task ':expo-speech-recognition:generateDebugAssets', task ':expo-speech-recognition:packageDebugAssets', task ':expo-updates-interface:mergeDebugShaders', task ':expo-updates-interface:compileDebugShaders', task ':expo-updates-interface:generateDebugAssets', task ':expo-updates-interface:packageDebugAssets', task ':react-native-async-storage_async-storage:mergeDebugShaders', task ':react-native-async-storage_async-storage:compileDebugShaders', task ':react-native-async-storage_async-storage:generateDebugAssets', task ':react-native-async-storage_async-storage:packageDebugAssets', task ':react-native-edge-to-edge:mergeDebugShaders', task ':react-native-edge-to-edge:compileDebugShaders', task ':react-native-edge-to-edge:generateDebugAssets', task ':react-native-edge-to-edge:packageDebugAssets', task ':react-native-gesture-handler:mergeDebugShaders', task ':react-native-gesture-handler:compileDebugShaders', task ':react-native-gesture-handler:generateDebugAssets', task ':react-native-gesture-handler:packageDebugAssets', task ':react-native-google-signin_google-signin:mergeDebugShaders', task ':react-native-google-signin_google-signin:compileDebugShaders', task ':react-native-google-signin_google-signin:generateDebugAssets', task ':react-native-google-signin_google-signin:packageDebugAssets', task ':react-native-reanimated:mergeDebugShaders', task ':react-native-reanimated:compileDebugShaders', task ':react-native-reanimated:generateDebugAssets', task ':react-native-reanimated:packageDebugAssets', task ':react-native-safe-area-context:mergeDebugShaders', task ':react-native-safe-area-context:compileDebugShaders', task ':react-native-safe-area-context:generateDebugAssets', task ':react-native-safe-area-context:packageDebugAssets', task ':react-native-screens:mergeDebugShaders', task ':react-native-screens:compileDebugShaders', task ':react-native-screens:generateDebugAssets', task ':react-native-screens:packageDebugAssets', task ':react-native-vector-icons:mergeDebugShaders', task ':react-native-vector-icons:compileDebugShaders', task ':react-native-vector-icons:generateDebugAssets', task ':react-native-vector-icons:packageDebugAssets', task ':react-native-voice_voice:mergeDebugShaders', task ':react-native-voice_voice:compileDebugShaders', task ':react-native-voice_voice:generateDebugAssets', task ':react-native-voice_voice:packageDebugAssets', task ':react-native-webview:mergeDebugShaders', task ':react-native-webview:compileDebugShaders', task ':react-native-webview:generateDebugAssets', task ':react-native-webview:packageDebugAssets', task ':app:mergeDebugAssets', task ':app:compressDebugAssets', task ':react-native-google-signin_google-signin:bundleLibRuntimeToJarDebug', task ':react-native-gesture-handler:bundleLibRuntimeToJarDebug', task ':react-native-reanimated:bundleLibRuntimeToJarDebug', task ':react-native-safe-area-context:bundleLibRuntimeToJarDebug', task ':react-native-screens:bundleLibRuntimeToJarDebug', task ':react-native-webview:bundleLibRuntimeToJarDebug', task ':react-native-edge-to-edge:bundleLibRuntimeToJarDebug', task ':react-native-async-storage_async-storage:bundleLibRuntimeToJarDebug', task ':react-native-voice_voice:bundleLibRuntimeToJarDebug', task ':expo:bundleLibRuntimeToJarDebug', task ':expo-constants:bundleLibRuntimeToJarDebug', task ':expo-dev-client:bundleLibRuntimeToJarDebug', task ':expo-dev-launcher:bundleLibRuntimeToJarDebug', task ':expo-dev-menu:bundleLibRuntimeToJarDebug', task ':expo-dev-menu-interface:bundleLibRuntimeToJarDebug', task ':expo-image-loader:bundleLibRuntimeToJarDebug', task ':expo-json-utils:bundleLibRuntimeToJarDebug', task ':expo-manifests:bundleLibRuntimeToJarDebug', task ':expo-modules-core:bundleLibRuntimeToJarDebug', task ':expo-speech-recognition:bundleLibRuntimeToJarDebug', task ':expo-updates-interface:bundleLibRuntimeToJarDebug', task ':react-native-vector-icons:bundleLibRuntimeToJarDebug', task ':app:desugarDebugFileDependencies', task ':app:transformDebugClassesWithAsm', task ':app:dexBuilderDebug', task ':app:mergeDebugGlobalSynthetics', task ':app:processDebugJavaRes', task ':expo:processDebugJavaRes', task ':expo-constants:processDebugJavaRes', task ':expo-dev-client:processDebugJavaRes', task ':expo-dev-launcher:processDebugJavaRes', task ':expo-dev-menu:processDebugJavaRes', task ':expo-dev-menu-interface:processDebugJavaRes', task ':expo-image-loader:processDebugJavaRes', task ':expo-json-utils:processDebugJavaRes', task ':expo-manifests:processDebugJavaRes', task ':expo-modules-core:processDebugJavaRes', task ':expo-speech-recognition:processDebugJavaRes', task ':expo-updates-interface:processDebugJavaRes', task ':react-native-async-storage_async-storage:processDebugJavaRes', task ':react-native-edge-to-edge:processDebugJavaRes', task ':react-native-gesture-handler:processDebugJavaRes', task ':react-native-google-signin_google-signin:processDebugJavaRes', task ':react-native-reanimated:processDebugJavaRes', task ':react-native-safe-area-context:processDebugJavaRes', task ':react-native-screens:processDebugJavaRes', task ':react-native-vector-icons:processDebugJavaRes', task ':react-native-voice_voice:processDebugJavaRes', task ':react-native-webview:processDebugJavaRes', task ':app:mergeDebugJavaResource', task ':app:checkDebugDuplicateClasses', task ':app:mergeExtDexDebug', task ':app:mergeLibDexDebug', task ':app:mergeProjectDexDebug', task ':react-native-reanimated:configureCMakeDebug[arm64-v8a]', task ':react-native-reanimated:configureCMakeDebug[armeabi-v7a]', task ':react-native-reanimated:configureCMakeDebug[x86]', task ':react-native-reanimated:configureCMakeDebug[x86_64]', task ':react-native-reanimated:generateJsonModelDebug', task ':react-native-reanimated:prefabDebugConfigurePackage', task ':app:configureCMakeDebug[arm64-v8a]', task ':react-native-reanimated:buildCMakeDebug[arm64-v8a][reanimated,worklets]', task ':react-native-reanimated:buildCMakeDebug[armeabi-v7a][reanimated,worklets]', task ':react-native-reanimated:buildCMakeDebug[x86][reanimated,worklets]', task ':react-native-reanimated:buildCMakeDebug[x86_64][reanimated,worklets]', task ':react-native-reanimated:externalNativeBuildDebug', task ':react-native-reanimated:prefabDebugPackage', task ':app:buildCMakeDebug[arm64-v8a]', task ':app:configureCMakeDebug[armeabi-v7a]', task ':app:buildCMakeDebug[armeabi-v7a]', task ':app:configureCMakeDebug[x86]', task ':app:buildCMakeDebug[x86]', task ':app:configureCMakeDebug[x86_64]', task ':app:buildCMakeDebug[x86_64]', task ':app:mergeDebugJniLibFolders', task ':expo:mergeDebugJniLibFolders', task ':expo:mergeDebugNativeLibs', task ':expo:copyDebugJniLibsProjectOnly', task ':expo-constants:mergeDebugJniLibFolders', task ':expo-constants:mergeDebugNativeLibs', task ':expo-constants:copyDebugJniLibsProjectOnly', task ':expo-dev-client:mergeDebugJniLibFolders', task ':expo-dev-client:mergeDebugNativeLibs', task ':expo-dev-client:copyDebugJniLibsProjectOnly', task ':expo-dev-launcher:mergeDebugJniLibFolders', task ':expo-dev-launcher:mergeDebugNativeLibs', task ':expo-dev-launcher:copyDebugJniLibsProjectOnly', task ':expo-dev-menu:mergeDebugJniLibFolders', task ':expo-dev-menu:mergeDebugNativeLibs', task ':expo-dev-menu:copyDebugJniLibsProjectOnly', task ':expo-dev-menu-interface:mergeDebugJniLibFolders', task ':expo-dev-menu-interface:mergeDebugNativeLibs', task ':expo-dev-menu-interface:copyDebugJniLibsProjectOnly', task ':expo-image-loader:mergeDebugJniLibFolders', task ':expo-image-loader:mergeDebugNativeLibs', task ':expo-image-loader:copyDebugJniLibsProjectOnly', task ':expo-json-utils:mergeDebugJniLibFolders', task ':expo-json-utils:mergeDebugNativeLibs', task ':expo-json-utils:copyDebugJniLibsProjectOnly', task ':expo-manifests:mergeDebugJniLibFolders', task ':expo-manifests:mergeDebugNativeLibs', task ':expo-manifests:copyDebugJniLibsProjectOnly', task ':expo-modules-core:configureCMakeDebug[arm64-v8a]', task ':expo-modules-core:buildCMakeDebug[arm64-v8a]', task ':expo-modules-core:configureCMakeDebug[armeabi-v7a]', task ':expo-modules-core:buildCMakeDebug[armeabi-v7a]', task ':expo-modules-core:configureCMakeDebug[x86]', task ':expo-modules-core:buildCMakeDebug[x86]', task ':expo-modules-core:configureCMakeDebug[x86_64]', task ':expo-modules-core:buildCMakeDebug[x86_64]', task ':expo-modules-core:mergeDebugJniLibFolders', task ':expo-modules-core:mergeDebugNativeLibs', task ':expo-modules-core:copyDebugJniLibsProjectOnly', task ':expo-speech-recognition:mergeDebugJniLibFolders', task ':expo-speech-recognition:mergeDebugNativeLibs', task ':expo-speech-recognition:copyDebugJniLibsProjectOnly', task ':expo-updates-interface:mergeDebugJniLibFolders', task ':expo-updates-interface:mergeDebugNativeLibs', task ':expo-updates-interface:copyDebugJniLibsProjectOnly', task ':react-native-async-storage_async-storage:mergeDebugJniLibFolders', task ':react-native-async-storage_async-storage:mergeDebugNativeLibs', task ':react-native-async-storage_async-storage:copyDebugJniLibsProjectOnly', task ':react-native-edge-to-edge:mergeDebugJniLibFolders', task ':react-native-edge-to-edge:mergeDebugNativeLibs', task ':react-native-edge-to-edge:copyDebugJniLibsProjectOnly', task ':react-native-gesture-handler:configureCMakeDebug[arm64-v8a]', task ':react-native-gesture-handler:buildCMakeDebug[arm64-v8a]', task ':react-native-gesture-handler:configureCMakeDebug[armeabi-v7a]', task ':react-native-gesture-handler:buildCMakeDebug[armeabi-v7a]', task ':react-native-gesture-handler:configureCMakeDebug[x86]', task ':react-native-gesture-handler:buildCMakeDebug[x86]', task ':react-native-gesture-handler:configureCMakeDebug[x86_64]', task ':react-native-gesture-handler:buildCMakeDebug[x86_64]', task ':react-native-gesture-handler:mergeDebugJniLibFolders', task ':react-native-gesture-handler:mergeDebugNativeLibs', task ':react-native-gesture-handler:copyDebugJniLibsProjectOnly', task ':react-native-google-signin_google-signin:mergeDebugJniLibFolders', task ':react-native-google-signin_google-signin:mergeDebugNativeLibs', task ':react-native-google-signin_google-signin:copyDebugJniLibsProjectOnly', task ':react-native-reanimated:mergeDebugJniLibFolders', task ':react-native-reanimated:mergeDebugNativeLibs', task ':react-native-reanimated:copyDebugJniLibsProjectOnly', task ':react-native-safe-area-context:mergeDebugJniLibFolders', task ':react-native-safe-area-context:mergeDebugNativeLibs', task ':react-native-safe-area-context:copyDebugJniLibsProjectOnly', task ':react-native-screens:configureCMakeDebug[arm64-v8a]', task ':react-native-screens:buildCMakeDebug[arm64-v8a]', task ':react-native-screens:configureCMakeDebug[armeabi-v7a]', task ':react-native-screens:buildCMakeDebug[armeabi-v7a]', task ':react-native-screens:configureCMakeDebug[x86]', task ':react-native-screens:buildCMakeDebug[x86]', task ':react-native-screens:configureCMakeDebug[x86_64]', task ':react-native-screens:buildCMakeDebug[x86_64]', task ':react-native-screens:mergeDebugJniLibFolders', task ':react-native-screens:mergeDebugNativeLibs', task ':react-native-screens:copyDebugJniLibsProjectOnly', task ':react-native-vector-icons:mergeDebugJniLibFolders', task ':react-native-vector-icons:mergeDebugNativeLibs', task ':react-native-vector-icons:copyDebugJniLibsProjectOnly', task ':react-native-voice_voice:mergeDebugJniLibFolders', task ':react-native-voice_voice:mergeDebugNativeLibs', task ':react-native-voice_voice:copyDebugJniLibsProjectOnly', task ':react-native-webview:mergeDebugJniLibFolders', task ':react-native-webview:mergeDebugNativeLibs', task ':react-native-webview:copyDebugJniLibsProjectOnly', task ':app:mergeDebugNativeLibs', task ':app:stripDebugDebugSymbols', task ':app:validateSigningDebug', task ':app:writeDebugAppMetadata', task ':app:writeDebugSigningConfigVersions', task ':app:packageDebug', task ':app:createDebugApkListingFileRedirect', task ':app:assembleDebug', task ':expo:stripDebugDebugSymbols', task ':expo:copyDebugJniLibsProjectAndLocalJars', task ':expo:extractDebugAnnotations', task ':expo:extractDeepLinksForAarDebug', task ':expo:mergeDebugGeneratedProguardFiles', task ':expo:mergeDebugConsumerProguardFiles', task ':expo:prepareDebugArtProfile', task ':expo:prepareLintJarForPublish', task ':expo:mergeDebugJavaResource', task ':expo:syncDebugLibJars', task ':expo:bundleDebugAar', task ':expo:assembleDebug', task ':expo-constants:stripDebugDebugSymbols', task ':expo-constants:copyDebugJniLibsProjectAndLocalJars', task ':expo-constants:extractDebugAnnotations', task ':expo-constants:extractDeepLinksForAarDebug', task ':expo-constants:mergeDebugGeneratedProguardFiles', task ':expo-constants:mergeDebugConsumerProguardFiles', task ':expo-constants:prepareDebugArtProfile', task ':expo-constants:prepareLintJarForPublish', task ':expo-constants:mergeDebugJavaResource', task ':expo-constants:syncDebugLibJars', task ':expo-constants:bundleDebugAar', task ':expo-constants:assembleDebug', task ':expo-dev-client:stripDebugDebugSymbols', task ':expo-dev-client:copyDebugJniLibsProjectAndLocalJars', task ':expo-dev-client:extractDebugAnnotations', task ':expo-dev-client:extractDeepLinksForAarDebug', task ':expo-dev-client:mergeDebugGeneratedProguardFiles', task ':expo-dev-client:mergeDebugConsumerProguardFiles', task ':expo-dev-client:prepareDebugArtProfile', task ':expo-dev-client:prepareLintJarForPublish', task ':expo-dev-client:mergeDebugJavaResource', task ':expo-dev-client:syncDebugLibJars', task ':expo-dev-client:bundleDebugAar', task ':expo-dev-client:assembleDebug', task ':expo-dev-launcher:stripDebugDebugSymbols', task ':expo-dev-launcher:copyDebugJniLibsProjectAndLocalJars', task ':expo-dev-launcher:extractDebugAnnotations', task ':expo-dev-launcher:extractDeepLinksForAarDebug', task ':expo-dev-launcher:mergeDebugGeneratedProguardFiles', task ':expo-dev-launcher:mergeDebugConsumerProguardFiles', task ':expo-dev-launcher:prepareDebugArtProfile', task ':expo-dev-launcher:prepareLintJarForPublish', task ':expo-dev-launcher:mergeDebugJavaResource', task ':expo-dev-launcher:syncDebugLibJars', task ':expo-dev-launcher:bundleDebugAar', task ':expo-dev-launcher:assembleDebug', task ':expo-dev-menu:stripDebugDebugSymbols', task ':expo-dev-menu:copyDebugJniLibsProjectAndLocalJars', task ':expo-dev-menu:extractDebugAnnotations', task ':expo-dev-menu:extractDeepLinksForAarDebug', task ':expo-dev-menu:mergeDebugGeneratedProguardFiles', task ':expo-dev-menu:mergeDebugConsumerProguardFiles', task ':expo-dev-menu:prepareDebugArtProfile', task ':expo-dev-menu:prepareLintJarForPublish', task ':expo-dev-menu:mergeDebugJavaResource', task ':expo-dev-menu:syncDebugLibJars', task ':expo-dev-menu:bundleDebugAar', task ':expo-dev-menu:assembleDebug', task ':expo-dev-menu-interface:stripDebugDebugSymbols', task ':expo-dev-menu-interface:copyDebugJniLibsProjectAndLocalJars', task ':expo-dev-menu-interface:extractDebugAnnotations', task ':expo-dev-menu-interface:extractDeepLinksForAarDebug', task ':expo-dev-menu-interface:mergeDebugGeneratedProguardFiles', task ':expo-dev-menu-interface:mergeDebugConsumerProguardFiles', task ':expo-dev-menu-interface:prepareDebugArtProfile', task ':expo-dev-menu-interface:prepareLintJarForPublish', task ':expo-dev-menu-interface:mergeDebugJavaResource', task ':expo-dev-menu-interface:syncDebugLibJars', task ':expo-dev-menu-interface:bundleDebugAar', task ':expo-dev-menu-interface:assembleDebug', task ':expo-image-loader:stripDebugDebugSymbols', task ':expo-image-loader:copyDebugJniLibsProjectAndLocalJars', task ':expo-image-loader:extractDebugAnnotations', task ':expo-image-loader:extractDeepLinksForAarDebug', task ':expo-image-loader:mergeDebugGeneratedProguardFiles', task ':expo-image-loader:mergeDebugConsumerProguardFiles', task ':expo-image-loader:prepareDebugArtProfile', task ':expo-image-loader:prepareLintJarForPublish', task ':expo-image-loader:mergeDebugJavaResource', task ':expo-image-loader:syncDebugLibJars', task ':expo-image-loader:bundleDebugAar', task ':expo-image-loader:assembleDebug', task ':expo-json-utils:stripDebugDebugSymbols', task ':expo-json-utils:copyDebugJniLibsProjectAndLocalJars', task ':expo-json-utils:extractDebugAnnotations', task ':expo-json-utils:extractDeepLinksForAarDebug', task ':expo-json-utils:mergeDebugGeneratedProguardFiles', task ':expo-json-utils:mergeDebugConsumerProguardFiles', task ':expo-json-utils:prepareDebugArtProfile', task ':expo-json-utils:prepareLintJarForPublish', task ':expo-json-utils:mergeDebugJavaResource', task ':expo-json-utils:syncDebugLibJars', task ':expo-json-utils:bundleDebugAar', task ':expo-json-utils:assembleDebug', task ':expo-manifests:stripDebugDebugSymbols', task ':expo-manifests:copyDebugJniLibsProjectAndLocalJars', task ':expo-manifests:extractDebugAnnotations', task ':expo-manifests:extractDeepLinksForAarDebug', task ':expo-manifests:mergeDebugGeneratedProguardFiles', task ':expo-manifests:mergeDebugConsumerProguardFiles', task ':expo-manifests:prepareDebugArtProfile', task ':expo-manifests:prepareLintJarForPublish', task ':expo-manifests:mergeDebugJavaResource', task ':expo-manifests:syncDebugLibJars', task ':expo-manifests:bundleDebugAar', task ':expo-manifests:assembleDebug', task ':expo-modules-core:stripDebugDebugSymbols', task ':expo-modules-core:copyDebugJniLibsProjectAndLocalJars', task ':expo-modules-core:extractDebugAnnotations', task ':expo-modules-core:extractDeepLinksForAarDebug', task ':expo-modules-core:mergeDebugGeneratedProguardFiles', task ':expo-modules-core:mergeDebugConsumerProguardFiles', task ':expo-modules-core:prepareDebugArtProfile', task ':expo-modules-core:prepareLintJarForPublish', task ':expo-modules-core:mergeDebugJavaResource', task ':expo-modules-core:syncDebugLibJars', task ':expo-modules-core:bundleDebugAar', task ':expo-modules-core:assembleDebug', task ':expo-speech-recognition:stripDebugDebugSymbols', task ':expo-speech-recognition:copyDebugJniLibsProjectAndLocalJars', task ':expo-speech-recognition:extractDebugAnnotations', task ':expo-speech-recognition:extractDeepLinksForAarDebug', task ':expo-speech-recognition:mergeDebugGeneratedProguardFiles', task ':expo-speech-recognition:mergeDebugConsumerProguardFiles', task ':expo-speech-recognition:prepareDebugArtProfile', task ':expo-speech-recognition:prepareLintJarForPublish', task ':expo-speech-recognition:mergeDebugJavaResource', task ':expo-speech-recognition:syncDebugLibJars', task ':expo-speech-recognition:bundleDebugAar', task ':expo-speech-recognition:assembleDebug', task ':expo-updates-interface:stripDebugDebugSymbols', task ':expo-updates-interface:copyDebugJniLibsProjectAndLocalJars', task ':expo-updates-interface:extractDebugAnnotations', task ':expo-updates-interface:extractDeepLinksForAarDebug', task ':expo-updates-interface:mergeDebugGeneratedProguardFiles', task ':expo-updates-interface:mergeDebugConsumerProguardFiles', task ':expo-updates-interface:prepareDebugArtProfile', task ':expo-updates-interface:prepareLintJarForPublish', task ':expo-updates-interface:mergeDebugJavaResource', task ':expo-updates-interface:syncDebugLibJars', task ':expo-updates-interface:bundleDebugAar', task ':expo-updates-interface:assembleDebug', task ':react-native-async-storage_async-storage:stripDebugDebugSymbols', task ':react-native-async-storage_async-storage:copyDebugJniLibsProjectAndLocalJars', task ':react-native-async-storage_async-storage:extractDebugAnnotations', task ':react-native-async-storage_async-storage:extractDeepLinksForAarDebug', task ':react-native-async-storage_async-storage:mergeDebugGeneratedProguardFiles', task ':react-native-async-storage_async-storage:mergeDebugConsumerProguardFiles', task ':react-native-async-storage_async-storage:prepareDebugArtProfile', task ':react-native-async-storage_async-storage:prepareLintJarForPublish', task ':react-native-async-storage_async-storage:mergeDebugJavaResource', task ':react-native-async-storage_async-storage:syncDebugLibJars', task ':react-native-async-storage_async-storage:bundleDebugAar', task ':react-native-async-storage_async-storage:assembleDebug', task ':react-native-edge-to-edge:stripDebugDebugSymbols', task ':react-native-edge-to-edge:copyDebugJniLibsProjectAndLocalJars', task ':react-native-edge-to-edge:extractDebugAnnotations', task ':react-native-edge-to-edge:extractDeepLinksForAarDebug', task ':react-native-edge-to-edge:mergeDebugGeneratedProguardFiles', task ':react-native-edge-to-edge:mergeDebugConsumerProguardFiles', task ':react-native-edge-to-edge:prepareDebugArtProfile', task ':react-native-edge-to-edge:prepareLintJarForPublish', task ':react-native-edge-to-edge:mergeDebugJavaResource', task ':react-native-edge-to-edge:syncDebugLibJars', task ':react-native-edge-to-edge:bundleDebugAar', task ':react-native-edge-to-edge:assembleDebug', task ':react-native-gesture-handler:stripDebugDebugSymbols', task ':react-native-gesture-handler:copyDebugJniLibsProjectAndLocalJars', task ':react-native-gesture-handler:extractDebugAnnotations', task ':react-native-gesture-handler:extractDeepLinksForAarDebug', task ':react-native-gesture-handler:mergeDebugGeneratedProguardFiles', task ':react-native-gesture-handler:mergeDebugConsumerProguardFiles', task ':react-native-gesture-handler:prepareDebugArtProfile', task ':react-native-gesture-handler:prepareLintJarForPublish', task ':react-native-gesture-handler:mergeDebugJavaResource', task ':react-native-gesture-handler:syncDebugLibJars', task ':react-native-gesture-handler:bundleDebugAar', task ':react-native-gesture-handler:assembleDebug', task ':react-native-google-signin_google-signin:stripDebugDebugSymbols', task ':react-native-google-signin_google-signin:copyDebugJniLibsProjectAndLocalJars', task ':react-native-google-signin_google-signin:extractDebugAnnotations', task ':react-native-google-signin_google-signin:extractDeepLinksForAarDebug', task ':react-native-google-signin_google-signin:mergeDebugGeneratedProguardFiles', task ':react-native-google-signin_google-signin:mergeDebugConsumerProguardFiles', task ':react-native-google-signin_google-signin:prepareDebugArtProfile', task ':react-native-google-signin_google-signin:prepareLintJarForPublish', task ':react-native-google-signin_google-signin:mergeDebugJavaResource', task ':react-native-google-signin_google-signin:syncDebugLibJars', task ':react-native-google-signin_google-signin:bundleDebugAar', task ':react-native-google-signin_google-signin:assembleDebug', task ':react-native-reanimated:stripDebugDebugSymbols', task ':react-native-reanimated:copyDebugJniLibsProjectAndLocalJars', task ':react-native-reanimated:extractDebugAnnotations', task ':react-native-reanimated:extractDeepLinksForAarDebug', task ':react-native-reanimated:mergeDebugGeneratedProguardFiles', task ':react-native-reanimated:mergeDebugConsumerProguardFiles', task ':react-native-reanimated:prepareDebugArtProfile', task ':react-native-reanimated:prepareLintJarForPublish', task ':react-native-reanimated:mergeDebugJavaResource', task ':react-native-reanimated:syncDebugLibJars', task ':react-native-reanimated:bundleDebugAar', task ':react-native-reanimated:assembleDebug', task ':react-native-safe-area-context:stripDebugDebugSymbols', task ':react-native-safe-area-context:copyDebugJniLibsProjectAndLocalJars', task ':react-native-safe-area-context:extractDebugAnnotations', task ':react-native-safe-area-context:extractDeepLinksForAarDebug', task ':react-native-safe-area-context:mergeDebugGeneratedProguardFiles', task ':react-native-safe-area-context:mergeDebugConsumerProguardFiles', task ':react-native-safe-area-context:prepareDebugArtProfile', task ':react-native-safe-area-context:prepareLintJarForPublish', task ':react-native-safe-area-context:mergeDebugJavaResource', task ':react-native-safe-area-context:syncDebugLibJars', task ':react-native-safe-area-context:bundleDebugAar', task ':react-native-safe-area-context:assembleDebug', task ':react-native-screens:stripDebugDebugSymbols', task ':react-native-screens:copyDebugJniLibsProjectAndLocalJars', task ':react-native-screens:extractDebugAnnotations', task ':react-native-screens:extractDeepLinksForAarDebug', task ':react-native-screens:mergeDebugGeneratedProguardFiles', task ':react-native-screens:mergeDebugConsumerProguardFiles', task ':react-native-screens:prepareDebugArtProfile', task ':react-native-screens:prepareLintJarForPublish', task ':react-native-screens:mergeDebugJavaResource', task ':react-native-screens:syncDebugLibJars', task ':react-native-screens:bundleDebugAar', task ':react-native-screens:assembleDebug', task ':react-native-vector-icons:stripDebugDebugSymbols', task ':react-native-vector-icons:copyDebugJniLibsProjectAndLocalJars', task ':react-native-vector-icons:extractDebugAnnotations', task ':react-native-vector-icons:extractDeepLinksForAarDebug', task ':react-native-vector-icons:mergeDebugGeneratedProguardFiles', task ':react-native-vector-icons:mergeDebugConsumerProguardFiles', task ':react-native-vector-icons:prepareDebugArtProfile', task ':react-native-vector-icons:prepareLintJarForPublish', task ':react-native-vector-icons:mergeDebugJavaResource', task ':react-native-vector-icons:syncDebugLibJars', task ':react-native-vector-icons:bundleDebugAar', task ':react-native-vector-icons:assembleDebug', task ':react-native-voice_voice:stripDebugDebugSymbols', task ':react-native-voice_voice:copyDebugJniLibsProjectAndLocalJars', task ':react-native-voice_voice:extractDebugAnnotations', task ':react-native-voice_voice:extractDeepLinksForAarDebug', task ':react-native-voice_voice:mergeDebugGeneratedProguardFiles', task ':react-native-voice_voice:mergeDebugConsumerProguardFiles', task ':react-native-voice_voice:prepareDebugArtProfile', task ':react-native-voice_voice:prepareLintJarForPublish', task ':react-native-voice_voice:mergeDebugJavaResource', task ':react-native-voice_voice:syncDebugLibJars', task ':react-native-voice_voice:bundleDebugAar', task ':react-native-voice_voice:assembleDebug', task ':react-native-webview:stripDebugDebugSymbols', task ':react-native-webview:copyDebugJniLibsProjectAndLocalJars', task ':react-native-webview:extractDebugAnnotations', task ':react-native-webview:extractDeepLinksForAarDebug', task ':react-native-webview:mergeDebugGeneratedProguardFiles', task ':react-native-webview:mergeDebugConsumerProguardFiles', task ':react-native-webview:prepareDebugArtProfile', task ':react-native-webview:prepareLintJarForPublish', task ':react-native-webview:mergeDebugJavaResource', task ':react-native-webview:syncDebugLibJars', task ':react-native-webview:bundleDebugAar', task ':react-native-webview:assembleDebug']
Tasks that were excluded: []
work action org.gradle.api.internal.artifacts.transform.DefaultTransformUpstreamDependenciesResolver$FinalizeTransformDependenciesFromSelectedArtifacts$CalculateFinalDependencies@3eefa37e (Thread[#646,included builds Thread 3,5,main]) started.
work action Dependencies for project :react-native-google-signin_google-signin {artifactType=android-classes-jar, asm-transformed-variant=debug} (Thread[#616,Execution worker Thread 2,5,main]) started.
file or directory 'C:\dev\ferify-project\ferify-mobile-app\node_modules\@react-native-voice\voice\android\libs', not found
work action Parameters of AsmClassesTransform (Thread[#616,Execution worker Thread 2,5,main]) started.
work action Parameters of DexingNoClasspathTransform (Thread[#616,Execution worker Thread 2,5,main]) started.
work action Parameters of DexingOutputSplitTransform (Thread[#616,Execution worker Thread 2,5,main]) started.
work action org.gradle.api.internal.artifacts.transform.DefaultTransformUpstreamDependenciesResolver$FinalizeTransformDependenciesFromSelectedArtifacts$CalculateFinalDependencies@7b6ee7f9 (Thread[#616,Execution worker Thread 2,5,main]) started.
work action Dependencies for project :react-native-safe-area-context {artifactType=android-classes-jar, asm-transformed-variant=debug} (Thread[#616,Execution worker Thread 2,5,main]) started.
file or directory 'C:\dev\ferify-project\ferify-mobile-app\node_modules\@react-native-voice\voice\android\libs', not found
work action org.gradle.api.internal.artifacts.transform.DefaultTransformUpstreamDependenciesResolver$FinalizeTransformDependenciesFromSelectedArtifacts$CalculateFinalDependencies@83207dc (Thread[#616,Execution worker Thread 2,5,main]) started.
work action Dependencies for project :react-native-screens {artifactType=android-classes-jar, asm-transformed-variant=debug} (Thread[#616,Execution worker Thread 2,5,main]) started.
file or directory 'C:\dev\ferify-project\ferify-mobile-app\node_modules\@react-native-voice\voice\android\libs', not found
work action org.gradle.api.internal.artifacts.transform.DefaultTransformUpstreamDependenciesResolver$FinalizeTransformDependenciesFromSelectedArtifacts$CalculateFinalDependencies@7aad39cf (Thread[#617,Execution worker Thread 3,5,main]) started.
work action Dependencies for project :react-native-webview {artifactType=android-classes-jar, asm-transformed-variant=debug} (Thread[#617,Execution worker Thread 3,5,main]) started.
file or directory 'C:\dev\ferify-project\ferify-mobile-app\node_modules\@react-native-voice\voice\android\libs', not found
work action org.gradle.api.internal.artifacts.transform.DefaultTransformUpstreamDependenciesResolver$FinalizeTransformDependenciesFromSelectedArtifacts$CalculateFinalDependencies@2dac4076 (Thread[#617,Execution worker Thread 3,5,main]) started.
work action Dependencies for project :react-native-edge-to-edge {artifactType=android-classes-jar, asm-transformed-variant=debug} (Thread[#617,Execution worker Thread 3,5,main]) started.
file or directory 'C:\dev\ferify-project\ferify-mobile-app\node_modules\@react-native-voice\voice\android\libs', not found
work action org.gradle.api.internal.artifacts.transform.DefaultTransformUpstreamDependenciesResolver$FinalizeTransformDependenciesFromSelectedArtifacts$CalculateFinalDependencies@7ff7fa75 (Thread[#617,Execution worker Thread 3,5,main]) started.
work action Dependencies for project :react-native-async-storage_async-storage {artifactType=android-classes-jar, asm-transformed-variant=debug} (Thread[#617,Execution worker Thread 3,5,main]) started.
file or directory 'C:\dev\ferify-project\ferify-mobile-app\node_modules\@react-native-voice\voice\android\libs', not found
work action org.gradle.api.internal.artifacts.transform.DefaultTransformUpstreamDependenciesResolver$FinalizeTransformDependenciesFromSelectedArtifacts$CalculateFinalDependencies@30abdc28 (Thread[#617,Execution worker Thread 3,5,main]) started.
work action Dependencies for project :react-native-voice_voice {artifactType=android-classes-jar, asm-transformed-variant=debug} (Thread[#617,Execution worker Thread 3,5,main]) started.
file or directory 'C:\dev\ferify-project\ferify-mobile-app\node_modules\@react-native-voice\voice\android\libs', not found
work action org.gradle.api.internal.artifacts.transform.DefaultTransformUpstreamDependenciesResolver$FinalizeTransformDependenciesFromSelectedArtifacts$CalculateFinalDependencies@720c030c (Thread[#617,Execution worker Thread 3,5,main]) started.
work action Dependencies for project :react-native-reanimated {artifactType=android-classes-jar, asm-transformed-variant=debug} (Thread[#617,Execution worker Thread 3,5,main]) started.
file or directory 'C:\dev\ferify-project\ferify-mobile-app\node_modules\@react-native-voice\voice\android\libs', not found
work action org.gradle.api.internal.artifacts.transform.DefaultTransformUpstreamDependenciesResolver$FinalizeTransformDependenciesFromSelectedArtifacts$CalculateFinalDependencies@45e5f530 (Thread[#617,Execution worker Thread 3,5,main]) started.
work action Dependencies for project :react-native-vector-icons {artifactType=android-classes-jar, asm-transformed-variant=debug} (Thread[#617,Execution worker Thread 3,5,main]) started.
file or directory 'C:\dev\ferify-project\ferify-mobile-app\node_modules\@react-native-voice\voice\android\libs', not found
work action org.gradle.api.internal.artifacts.transform.DefaultTransformUpstreamDependenciesResolver$FinalizeTransformDependenciesFromSelectedArtifacts$CalculateFinalDependencies@4cdd7c9d (Thread[#617,Execution worker Thread 3,5,main]) started.
work action Dependencies for project :expo-dev-menu-interface {artifactType=android-classes-jar, asm-transformed-variant=debug} (Thread[#617,Execution worker Thread 3,5,main]) started.
file or directory 'C:\dev\ferify-project\ferify-mobile-app\node_modules\@react-native-voice\voice\android\libs', not found
work action org.gradle.api.internal.artifacts.transform.DefaultTransformUpstreamDependenciesResolver$FinalizeTransformDependenciesFromSelectedArtifacts$CalculateFinalDependencies@179746f4 (Thread[#617,Execution worker Thread 3,5,main]) started.
work action Dependencies for project :expo-modules-core {artifactType=android-classes-jar, asm-transformed-variant=debug} (Thread[#646,included builds Thread 3,5,main]) started.
file or directory 'C:\dev\ferify-project\ferify-mobile-app\node_modules\@react-native-voice\voice\android\libs', not found
work action org.gradle.api.internal.artifacts.transform.DefaultTransformUpstreamDependenciesResolver$FinalizeTransformDependenciesFromSelectedArtifacts$CalculateFinalDependencies@1b2b3787 (Thread[#646,included builds Thread 3,5,main]) started.
work action Dependencies for project :expo-image-loader {artifactType=android-classes-jar, asm-transformed-variant=debug} (Thread[#646,included builds Thread 3,5,main]) started.
file or directory 'C:\dev\ferify-project\ferify-mobile-app\node_modules\@react-native-voice\voice\android\libs', not found
work action org.gradle.api.internal.artifacts.transform.DefaultTransformUpstreamDependenciesResolver$FinalizeTransformDependenciesFromSelectedArtifacts$CalculateFinalDependencies@21502d5b (Thread[#616,Execution worker Thread 2,5,main]) started.
work action Dependencies for project :expo-constants {artifactType=android-classes-jar, asm-transformed-variant=debug} (Thread[#616,Execution worker Thread 2,5,main]) started.
file or directory 'C:\dev\ferify-project\ferify-mobile-app\node_modules\@react-native-voice\voice\android\libs', not found
work action org.gradle.api.internal.artifacts.transform.DefaultTransformUpstreamDependenciesResolver$FinalizeTransformDependenciesFromSelectedArtifacts$CalculateFinalDependencies@652f38a8 (Thread[#616,Execution worker Thread 2,5,main]) started.
work action Dependencies for project :expo-dev-client {artifactType=android-classes-jar, asm-transformed-variant=debug} (Thread[#616,Execution worker Thread 2,5,main]) started.
file or directory 'C:\dev\ferify-project\ferify-mobile-app\node_modules\@react-native-voice\voice\android\libs', not found
work action org.gradle.api.internal.artifacts.transform.DefaultTransformUpstreamDependenciesResolver$FinalizeTransformDependenciesFromSelectedArtifacts$CalculateFinalDependencies@3b1ae936 (Thread[#616,Execution worker Thread 2,5,main]) started.
work action Dependencies for project :expo-json-utils {artifactType=android-classes-jar, asm-transformed-variant=debug} (Thread[#616,Execution worker Thread 2,5,main]) started.
file or directory 'C:\dev\ferify-project\ferify-mobile-app\node_modules\@react-native-voice\voice\android\libs', not found
work action org.gradle.api.internal.artifacts.transform.DefaultTransformUpstreamDependenciesResolver$FinalizeTransformDependenciesFromSelectedArtifacts$CalculateFinalDependencies@7617f717 (Thread[#616,Execution worker Thread 2,5,main]) started.
work action Dependencies for project :expo-updates-interface {artifactType=android-classes-jar, asm-transformed-variant=debug} (Thread[#616,Execution worker Thread 2,5,main]) started.
file or directory 'C:\dev\ferify-project\ferify-mobile-app\node_modules\@react-native-voice\voice\android\libs', not found
work action org.gradle.api.internal.artifacts.transform.DefaultTransformUpstreamDependenciesResolver$FinalizeTransformDependenciesFromSelectedArtifacts$CalculateFinalDependencies@64a973f9 (Thread[#616,Execution worker Thread 2,5,main]) started.
work action Dependencies for org.codehaus.mojo:animal-sniffer-annotations:1.18 {artifactType=android-classes-jar, asm-transformed-variant=debug} (Thread[#616,Execution worker Thread 2,5,main]) started.
file or directory 'C:\dev\ferify-project\ferify-mobile-app\node_modules\@react-native-voice\voice\android\libs', not found
work action org.gradle.api.internal.artifacts.transform.DefaultTransformUpstreamDependenciesResolver$FinalizeTransformDependenciesFromSelectedArtifacts$CalculateFinalDependencies@bd9cb62 (Thread[#616,Execution worker Thread 2,5,main]) started.
work action Dependencies for com.google.j2objc:j2objc-annotations:1.3 {artifactType=android-classes-jar, asm-transformed-variant=debug} (Thread[#616,Execution worker Thread 2,5,main]) started.
file or directory 'C:\dev\ferify-project\ferify-mobile-app\node_modules\@react-native-voice\voice\android\libs', not found
work action org.gradle.api.internal.artifacts.transform.DefaultTransformUpstreamDependenciesResolver$FinalizeTransformDependenciesFromSelectedArtifacts$CalculateFinalDependencies@3d283fc4 (Thread[#616,Execution worker Thread 2,5,main]) started.
work action Dependencies for org.checkerframework:checker-compat-qual:2.5.5 {artifactType=android-classes-jar, asm-transformed-variant=debug} (Thread[#616,Execution worker Thread 2,5,main]) started.
file or directory 'C:\dev\ferify-project\ferify-mobile-app\node_modules\@react-native-voice\voice\android\libs', not found
work action org.gradle.api.internal.artifacts.transform.DefaultTransformUpstreamDependenciesResolver$FinalizeTransformDependenciesFromSelectedArtifacts$CalculateFinalDependencies@110deb15 (Thread[#616,Execution worker Thread 2,5,main]) started.
work action Dependencies for com.google.guava:failureaccess:1.0.1 {artifactType=android-classes-jar, asm-transformed-variant=debug} (Thread[#616,Execution worker Thread 2,5,main]) started.
file or directory 'C:\dev\ferify-project\ferify-mobile-app\node_modules\@react-native-voice\voice\android\libs', not found
work action org.gradle.api.internal.artifacts.transform.DefaultTransformUpstreamDependenciesResolver$FinalizeTransformDependenciesFromSelectedArtifacts$CalculateFinalDependencies@2cec18f8 (Thread[#616,Execution worker Thread 2,5,main]) started.
work action Dependencies for androidx.constraintlayout:constraintlayout-solver:2.0.1 {artifactType=android-classes-jar, asm-transformed-variant=debug} (Thread[#616,Execution worker Thread 2,5,main]) started.
file or directory 'C:\dev\ferify-project\ferify-mobile-app\node_modules\@react-native-voice\voice\android\libs', not found
work action org.gradle.api.internal.artifacts.transform.DefaultTransformUpstreamDependenciesResolver$FinalizeTransformDependenciesFromSelectedArtifacts$CalculateFinalDependencies@47de28c5 (Thread[#616,Execution worker Thread 2,5,main]) started.
work action Dependencies for org.aomedia.avif.android:avif:1.1.1.14d8e3c4 {artifactType=android-classes-jar, asm-transformed-variant=debug} (Thread[#616,Execution worker Thread 2,5,main]) started.
file or directory 'C:\dev\ferify-project\ferify-mobile-app\node_modules\@react-native-voice\voice\android\libs', not found
work action org.gradle.api.internal.artifacts.transform.DefaultTransformUpstreamDependenciesResolver$FinalizeTransformDependenciesFromSelectedArtifacts$CalculateFinalDependencies@7cad37b5 (Thread[#616,Execution worker Thread 2,5,main]) started.
work action Dependencies for com.github.bumptech.glide:annotations:4.16.0 {artifactType=android-classes-jar, asm-transformed-variant=debug} (Thread[#616,Execution worker Thread 2,5,main]) started.
file or directory 'C:\dev\ferify-project\ferify-mobile-app\node_modules\@react-native-voice\voice\android\libs', not found
work action org.gradle.api.internal.artifacts.transform.DefaultTransformUpstreamDependenciesResolver$FinalizeTransformDependenciesFromSelectedArtifacts$CalculateFinalDependencies@45f1eba (Thread[#616,Execution worker Thread 2,5,main]) started.
work action Dependencies for com.github.bumptech.glide:disklrucache:4.16.0 {artifactType=android-classes-jar, asm-transformed-variant=debug} (Thread[#616,Execution worker Thread 2,5,main]) started.
file or directory 'C:\dev\ferify-project\ferify-mobile-app\node_modules\@react-native-voice\voice\android\libs', not found
work action org.gradle.api.internal.artifacts.transform.DefaultTransformUpstreamDependenciesResolver$FinalizeTransformDependenciesFromSelectedArtifacts$CalculateFinalDependencies@7004c77f (Thread[#616,Execution worker Thread 2,5,main]) started.
work action Dependencies for com.google.guava:listenablefuture:9999.0-empty-to-avoid-conflict-with-guava {artifactType=android-classes-jar, asm-transformed-variant=debug} (Thread[#616,Execution worker Thread 2,5,main]) started.
file or directory 'C:\dev\ferify-project\ferify-mobile-app\node_modules\@react-native-voice\voice\android\libs', not found
work action org.gradle.api.internal.artifacts.transform.DefaultTransformUpstreamDependenciesResolver$FinalizeTransformDependenciesFromSelectedArtifacts$CalculateFinalDependencies@47b82a51 (Thread[#616,Execution worker Thread 2,5,main]) started.
work action Dependencies for com.facebook.soloader:annotation:0.12.1 {artifactType=android-classes-jar, asm-transformed-variant=debug} (Thread[#616,Execution worker Thread 2,5,main]) started.
file or directory 'C:\dev\ferify-project\ferify-mobile-app\node_modules\@react-native-voice\voice\android\libs', not found
work action org.gradle.api.internal.artifacts.transform.DefaultTransformUpstreamDependenciesResolver$FinalizeTransformDependenciesFromSelectedArtifacts$CalculateFinalDependencies@6c6d3ac0 (Thread[#616,Execution worker Thread 2,5,main]) started.
work action Dependencies for org.jetbrains.kotlin:kotlin-annotations-jvm:1.3.72 {artifactType=android-classes-jar, asm-transformed-variant=debug} (Thread[#616,Execution worker Thread 2,5,main]) started.
file or directory 'C:\dev\ferify-project\ferify-mobile-app\node_modules\@react-native-voice\voice\android\libs', not found
work action org.gradle.api.internal.artifacts.transform.DefaultTransformUpstreamDependenciesResolver$FinalizeTransformDependenciesFromSelectedArtifacts$CalculateFinalDependencies@69cfcc0c (Thread[#616,Execution worker Thread 2,5,main]) started.
work action Dependencies for com.google.errorprone:error_prone_annotations:2.15.0 {artifactType=android-classes-jar, asm-transformed-variant=debug} (Thread[#616,Execution worker Thread 2,5,main]) started.
file or directory 'C:\dev\ferify-project\ferify-mobile-app\node_modules\@react-native-voice\voice\android\libs', not found
work action org.gradle.api.internal.artifacts.transform.DefaultTransformUpstreamDependenciesResolver$FinalizeTransformDependenciesFromSelectedArtifacts$CalculateFinalDependencies@20cb621 (Thread[#616,Execution worker Thread 2,5,main]) started.
work action Dependencies for com.caverock:androidsvg-aar:1.4 {artifactType=android-classes-jar, asm-transformed-variant=debug} (Thread[#616,Execution worker Thread 2,5,main]) started.
file or directory 'C:\dev\ferify-project\ferify-mobile-app\node_modules\@react-native-voice\voice\android\libs', not found
work action org.gradle.api.internal.artifacts.transform.DefaultTransformUpstreamDependenciesResolver$FinalizeTransformDependenciesFromSelectedArtifacts$CalculateFinalDependencies@1f56c72b (Thread[#616,Execution worker Thread 2,5,main]) started.
work action Dependencies for commons-codec:commons-codec:1.10 {artifactType=android-classes-jar, asm-transformed-variant=debug} (Thread[#616,Execution worker Thread 2,5,main]) started.
file or directory 'C:\dev\ferify-project\ferify-mobile-app\node_modules\@react-native-voice\voice\android\libs', not found
work action org.gradle.api.internal.artifacts.transform.DefaultTransformUpstreamDependenciesResolver$FinalizeTransformDependenciesFromSelectedArtifacts$CalculateFinalDependencies@109f7fdf (Thread[#616,Execution worker Thread 2,5,main]) started.
work action Dependencies for com.android.installreferrer:installreferrer:2.2 {artifactType=android-classes-jar, asm-transformed-variant=debug} (Thread[#616,Execution worker Thread 2,5,main]) started.
file or directory 'C:\dev\ferify-project\ferify-mobile-app\node_modules\@react-native-voice\voice\android\libs', not found
work action org.gradle.api.internal.artifacts.transform.DefaultTransformUpstreamDependenciesResolver$FinalizeTransformDependenciesFromSelectedArtifacts$CalculateFinalDependencies@5891a7d9 (Thread[#616,Execution worker Thread 2,5,main]) started.
work action Dependencies for com.google.code.gson:gson:2.8.6 {artifactType=android-classes-jar, asm-transformed-variant=debug} (Thread[#616,Execution worker Thread 2,5,main]) started.
file or directory 'C:\dev\ferify-project\ferify-mobile-app\node_modules\@react-native-voice\voice\android\libs', not found
work action org.gradle.api.internal.artifacts.transform.DefaultTransformUpstreamDependenciesResolver$FinalizeTransformDependenciesFromSelectedArtifacts$CalculateFinalDependencies@695b58ef (Thread[#616,Execution worker Thread 2,5,main]) started.
work action Dependencies for commons-io:commons-io:2.6 {artifactType=android-classes-jar, asm-transformed-variant=debug} (Thread[#616,Execution worker Thread 2,5,main]) started.
file or directory 'C:\dev\ferify-project\ferify-mobile-app\node_modules\@react-native-voice\voice\android\libs', not found
work action org.gradle.api.internal.artifacts.transform.DefaultTransformUpstreamDependenciesResolver$FinalizeTransformDependenciesFromSelectedArtifacts$CalculateFinalDependencies@7262ccc9 (Thread[#616,Execution worker Thread 2,5,main]) started.
work action Dependencies for com.android.support:support-annotations:28.0.0 {artifactType=android-classes-jar, asm-transformed-variant=debug} (Thread[#616,Execution worker Thread 2,5,main]) started.
file or directory 'C:\dev\ferify-project\ferify-mobile-app\node_modules\@react-native-voice\voice\android\libs', not found
work action org.gradle.api.internal.artifacts.transform.DefaultTransformUpstreamDependenciesResolver$FinalizeTransformDependenciesFromSelectedArtifacts$CalculateFinalDependencies@1c603a3a (Thread[#616,Execution worker Thread 2,5,main]) started.
work action Dependencies for com.android.support:interpolator:28.0.0 {artifactType=android-classes-jar, asm-transformed-variant=debug} (Thread[#616,Execution worker Thread 2,5,main]) started.
file or directory 'C:\dev\ferify-project\ferify-mobile-app\node_modules\@react-native-voice\voice\android\libs', not found
work action org.gradle.api.internal.artifacts.transform.DefaultTransformUpstreamDependenciesResolver$FinalizeTransformDependenciesFromSelectedArtifacts$CalculateFinalDependencies@1ce4cb90 (Thread[#616,Execution worker Thread 2,5,main]) started.
work action Dependencies for android.arch.core:common:1.1.1 {artifactType=android-classes-jar, asm-transformed-variant=debug} (Thread[#616,Execution worker Thread 2,5,main]) started.
file or directory 'C:\dev\ferify-project\ferify-mobile-app\node_modules\@react-native-voice\voice\android\libs', not found
work action org.gradle.api.internal.artifacts.transform.DefaultTransformUpstreamDependenciesResolver$FinalizeTransformDependenciesFromSelectedArtifacts$CalculateFinalDependencies@5d304b33 (Thread[#646,included builds Thread 3,5,main]) started.
work action Dependencies for android.arch.core:runtime:1.1.1 {artifactType=android-classes-jar, asm-transformed-variant=debug} (Thread[#646,included builds Thread 3,5,main]) started.
file or directory 'C:\dev\ferify-project\ferify-mobile-app\node_modules\@react-native-voice\voice\android\libs', not found
work action org.gradle.api.internal.artifacts.transform.DefaultTransformUpstreamDependenciesResolver$FinalizeTransformDependenciesFromSelectedArtifacts$CalculateFinalDependencies@722d8cf5 (Thread[#646,included builds Thread 3,5,main]) started.
work action Dependencies for android.arch.lifecycle:common:1.1.1 {artifactType=android-classes-jar, asm-transformed-variant=debug} (Thread[#646,included builds Thread 3,5,main]) started.
file or directory 'C:\dev\ferify-project\ferify-mobile-app\node_modules\@react-native-voice\voice\android\libs', not found
work action org.gradle.api.internal.artifacts.transform.DefaultTransformUpstreamDependenciesResolver$FinalizeTransformDependenciesFromSelectedArtifacts$CalculateFinalDependencies@62bcfc10 (Thread[#646,included builds Thread 3,5,main]) started.
work action Dependencies for android.arch.lifecycle:livedata-core:1.1.1 {artifactType=android-classes-jar, asm-transformed-variant=debug} (Thread[#646,included builds Thread 3,5,main]) started.
file or directory 'C:\dev\ferify-project\ferify-mobile-app\node_modules\@react-native-voice\voice\android\libs', not found
work action org.gradle.api.internal.artifacts.transform.DefaultTransformUpstreamDependenciesResolver$FinalizeTransformDependenciesFromSelectedArtifacts$CalculateFinalDependencies@6d69e06d (Thread[#646,included builds Thread 3,5,main]) started.
work action Dependencies for android.arch.lifecycle:livedata:1.1.1 {artifactType=android-classes-jar, asm-transformed-variant=debug} (Thread[#646,included builds Thread 3,5,main]) started.
file or directory 'C:\dev\ferify-project\ferify-mobile-app\node_modules\@react-native-voice\voice\android\libs', not found
work action org.gradle.api.internal.artifacts.transform.DefaultTransformUpstreamDependenciesResolver$FinalizeTransformDependenciesFromSelectedArtifacts$CalculateFinalDependencies@73f5c29b (Thread[#646,included builds Thread 3,5,main]) started.
work action Dependencies for android.arch.lifecycle:viewmodel:1.1.1 {artifactType=android-classes-jar, asm-transformed-variant=debug} (Thread[#646,included builds Thread 3,5,main]) started.
file or directory 'C:\dev\ferify-project\ferify-mobile-app\node_modules\@react-native-voice\voice\android\libs', not found
work action org.gradle.api.internal.artifacts.transform.DefaultTransformUpstreamDependenciesResolver$FinalizeTransformDependenciesFromSelectedArtifacts$CalculateFinalDependencies@4c79b5a7 (Thread[#646,included builds Thread 3,5,main]) started.
work action Dependencies for com.android.support:print:28.0.0 {artifactType=android-classes-jar, asm-transformed-variant=debug} (Thread[#646,included builds Thread 3,5,main]) started.
file or directory 'C:\dev\ferify-project\ferify-mobile-app\node_modules\@react-native-voice\voice\android\libs', not found
work action org.gradle.api.internal.artifacts.transform.DefaultTransformUpstreamDependenciesResolver$FinalizeTransformDependenciesFromSelectedArtifacts$CalculateFinalDependencies@64d2784b (Thread[#646,included builds Thread 3,5,main]) started.
work action Dependencies for com.android.support:localbroadcastmanager:28.0.0 {artifactType=android-classes-jar, asm-transformed-variant=debug} (Thread[#646,included builds Thread 3,5,main]) started.
file or directory 'C:\dev\ferify-project\ferify-mobile-app\node_modules\@react-native-voice\voice\android\libs', not found
work action org.gradle.api.internal.artifacts.transform.DefaultTransformUpstreamDependenciesResolver$FinalizeTransformDependenciesFromSelectedArtifacts$CalculateFinalDependencies@76e986c4 (Thread[#646,included builds Thread 3,5,main]) started.
work action Dependencies for com.android.support:documentfile:28.0.0 {artifactType=android-classes-jar, asm-transformed-variant=debug} (Thread[#646,included builds Thread 3,5,main]) started.
file or directory 'C:\dev\ferify-project\ferify-mobile-app\node_modules\@react-native-voice\voice\android\libs', not found
work action org.gradle.api.internal.artifacts.transform.DefaultTransformUpstreamDependenciesResolver$FinalizeTransformDependenciesFromSelectedArtifacts$CalculateFinalDependencies@25b1f3a9 (Thread[#646,included builds Thread 3,5,main]) started.
work action Dependencies for android.arch.lifecycle:runtime:1.1.1 {artifactType=android-classes-jar, asm-transformed-variant=debug} (Thread[#646,included builds Thread 3,5,main]) started.
file or directory 'C:\dev\ferify-project\ferify-mobile-app\node_modules\@react-native-voice\voice\android\libs', not found
work action org.gradle.api.internal.artifacts.transform.DefaultTransformUpstreamDependenciesResolver$FinalizeTransformDependenciesFromSelectedArtifacts$CalculateFinalDependencies@67f1b830 (Thread[#646,included builds Thread 3,5,main]) started.
work action Dependencies for com.android.support:cursoradapter:28.0.0 {artifactType=android-classes-jar, asm-transformed-variant=debug} (Thread[#646,included builds Thread 3,5,main]) started.
file or directory 'C:\dev\ferify-project\ferify-mobile-app\node_modules\@react-native-voice\voice\android\libs', not found
work action org.gradle.api.internal.artifacts.transform.DefaultTransformUpstreamDependenciesResolver$FinalizeTransformDependenciesFromSelectedArtifacts$CalculateFinalDependencies@7640de69 (Thread[#646,included builds Thread 3,5,main]) started.
work action Dependencies for com.android.support:collections:28.0.0 {artifactType=android-classes-jar, asm-transformed-variant=debug} (Thread[#646,included builds Thread 3,5,main]) started.
file or directory 'C:\dev\ferify-project\ferify-mobile-app\node_modules\@react-native-voice\voice\android\libs', not found
work action org.gradle.api.internal.artifacts.transform.DefaultTransformUpstreamDependenciesResolver$FinalizeTransformDependenciesFromSelectedArtifacts$CalculateFinalDependencies@7a854a0 (Thread[#616,Execution worker Thread 2,5,main]) started.
work action Dependencies for com.android.support:versionedparcelable:28.0.0 {artifactType=android-classes-jar, asm-transformed-variant=debug} (Thread[#616,Execution worker Thread 2,5,main]) started.
file or directory 'C:\dev\ferify-project\ferify-mobile-app\node_modules\@react-native-voice\voice\android\libs', not found
work action org.gradle.api.internal.artifacts.transform.DefaultTransformUpstreamDependenciesResolver$FinalizeTransformDependenciesFromSelectedArtifacts$CalculateFinalDependencies@55055eb9 (Thread[#616,Execution worker Thread 2,5,main]) started.
work action Dependencies for com.android.support:support-compat:28.0.0 {artifactType=android-classes-jar, asm-transformed-variant=debug} (Thread[#616,Execution worker Thread 2,5,main]) started.
file or directory 'C:\dev\ferify-project\ferify-mobile-app\node_modules\@react-native-voice\voice\android\libs', not found
work action org.gradle.api.internal.artifacts.transform.DefaultTransformUpstreamDependenciesResolver$FinalizeTransformDependenciesFromSelectedArtifacts$CalculateFinalDependencies@4c92718a (Thread[#616,Execution worker Thread 2,5,main]) started.
work action Dependencies for com.android.support:asynclayoutinflater:28.0.0 {artifactType=android-classes-jar, asm-transformed-variant=debug} (Thread[#616,Execution worker Thread 2,5,main]) started.
file or directory 'C:\dev\ferify-project\ferify-mobile-app\node_modules\@react-native-voice\voice\android\libs', not found
work action org.gradle.api.internal.artifacts.transform.DefaultTransformUpstreamDependenciesResolver$FinalizeTransformDependenciesFromSelectedArtifacts$CalculateFinalDependencies@2963b6af (Thread[#616,Execution worker Thread 2,5,main]) started.
work action Dependencies for com.android.support:swiperefreshlayout:28.0.0 {artifactType=android-classes-jar, asm-transformed-variant=debug} (Thread[#616,Execution worker Thread 2,5,main]) started.
file or directory 'C:\dev\ferify-project\ferify-mobile-app\node_modules\@react-native-voice\voice\android\libs', not found
work action org.gradle.api.internal.artifacts.transform.DefaultTransformUpstreamDependenciesResolver$FinalizeTransformDependenciesFromSelectedArtifacts$CalculateFinalDependencies@58d9cb2c (Thread[#616,Execution worker Thread 2,5,main]) started.
work action Dependencies for com.android.support:customview:28.0.0 {artifactType=android-classes-jar, asm-transformed-variant=debug} (Thread[#616,Execution worker Thread 2,5,main]) started.
file or directory 'C:\dev\ferify-project\ferify-mobile-app\node_modules\@react-native-voice\voice\android\libs', not found
work action org.gradle.api.internal.artifacts.transform.DefaultTransformUpstreamDependenciesResolver$FinalizeTransformDependenciesFromSelectedArtifacts$CalculateFinalDependencies@94b2dbb (Thread[#616,Execution worker Thread 2,5,main]) started.
work action Dependencies for com.android.support:slidingpanelayout:28.0.0 {artifactType=android-classes-jar, asm-transformed-variant=debug} (Thread[#616,Execution worker Thread 2,5,main]) started.
file or directory 'C:\dev\ferify-project\ferify-mobile-app\node_modules\@react-native-voice\voice\android\libs', not found
work action org.gradle.api.internal.artifacts.transform.DefaultTransformUpstreamDependenciesResolver$FinalizeTransformDependenciesFromSelectedArtifacts$CalculateFinalDependencies@19cdaf04 (Thread[#615,Execution worker,5,main]) started.
work action Dependencies for com.android.support:drawerlayout:28.0.0 {artifactType=android-classes-jar, asm-transformed-variant=debug} (Thread[#615,Execution worker,5,main]) started.
file or directory 'C:\dev\ferify-project\ferify-mobile-app\node_modules\@react-native-voice\voice\android\libs', not found
work action org.gradle.api.internal.artifacts.transform.DefaultTransformUpstreamDependenciesResolver$FinalizeTransformDependenciesFromSelectedArtifacts$CalculateFinalDependencies@7f435c31 (Thread[#615,Execution worker,5,main]) started.
work action Dependencies for com.android.support:coordinatorlayout:28.0.0 {artifactType=android-classes-jar, asm-transformed-variant=debug} (Thread[#615,Execution worker,5,main]) started.
file or directory 'C:\dev\ferify-project\ferify-mobile-app\node_modules\@react-native-voice\voice\android\libs', not found
work action org.gradle.api.internal.artifacts.transform.DefaultTransformUpstreamDependenciesResolver$FinalizeTransformDependenciesFromSelectedArtifacts$CalculateFinalDependencies@19131362 (Thread[#615,Execution worker,5,main]) started.
work action Dependencies for com.android.support:viewpager:28.0.0 {artifactType=android-classes-jar, asm-transformed-variant=debug} (Thread[#615,Execution worker,5,main]) started.
file or directory 'C:\dev\ferify-project\ferify-mobile-app\node_modules\@react-native-voice\voice\android\libs', not found
work action org.gradle.api.internal.artifacts.transform.DefaultTransformUpstreamDependenciesResolver$FinalizeTransformDependenciesFromSelectedArtifacts$CalculateFinalDependencies@782cbf9c (Thread[#615,Execution worker,5,main]) started.
work action Dependencies for com.android.support:loader:28.0.0 {artifactType=android-classes-jar, asm-transformed-variant=debug} (Thread[#615,Execution worker,5,main]) started.
file or directory 'C:\dev\ferify-project\ferify-mobile-app\node_modules\@react-native-voice\voice\android\libs', not found
work action org.gradle.api.internal.artifacts.transform.DefaultTransformUpstreamDependenciesResolver$FinalizeTransformDependenciesFromSelectedArtifacts$CalculateFinalDependencies@609d2788 (Thread[#615,Execution worker,5,main]) started.
work action Dependencies for com.android.support:support-vector-drawable:28.0.0 {artifactType=android-classes-jar, asm-transformed-variant=debug} (Thread[#615,Execution worker,5,main]) started.
file or directory 'C:\dev\ferify-project\ferify-mobile-app\node_modules\@react-native-voice\voice\android\libs', not found
work action org.gradle.api.internal.artifacts.transform.DefaultTransformUpstreamDependenciesResolver$FinalizeTransformDependenciesFromSelectedArtifacts$CalculateFinalDependencies@5346deca (Thread[#615,Execution worker,5,main]) started.
work action Dependencies for com.android.support:support-core-utils:28.0.0 {artifactType=android-classes-jar, asm-transformed-variant=debug} (Thread[#615,Execution worker,5,main]) started.
file or directory 'C:\dev\ferify-project\ferify-mobile-app\node_modules\@react-native-voice\voice\android\libs', not found
work action org.gradle.api.internal.artifacts.transform.DefaultTransformUpstreamDependenciesResolver$FinalizeTransformDependenciesFromSelectedArtifacts$CalculateFinalDependencies@5ab104b3 (Thread[#615,Execution worker,5,main]) started.
work action Dependencies for com.android.support:support-core-ui:28.0.0 {artifactType=android-classes-jar, asm-transformed-variant=debug} (Thread[#615,Execution worker,5,main]) started.
file or directory 'C:\dev\ferify-project\ferify-mobile-app\node_modules\@react-native-voice\voice\android\libs', not found
work action org.gradle.api.internal.artifacts.transform.DefaultTransformUpstreamDependenciesResolver$FinalizeTransformDependenciesFromSelectedArtifacts$CalculateFinalDependencies@13a9c09f (Thread[#615,Execution worker,5,main]) started.
work action Dependencies for com.android.support:animated-vector-drawable:28.0.0 {artifactType=android-classes-jar, asm-transformed-variant=debug} (Thread[#615,Execution worker,5,main]) started.
file or directory 'C:\dev\ferify-project\ferify-mobile-app\node_modules\@react-native-voice\voice\android\libs', not found
work action org.gradle.api.internal.artifacts.transform.DefaultTransformUpstreamDependenciesResolver$FinalizeTransformDependenciesFromSelectedArtifacts$CalculateFinalDependencies@5fa9c899 (Thread[#615,Execution worker,5,main]) started.
work action Dependencies for com.android.support:support-fragment:28.0.0 {artifactType=android-classes-jar, asm-transformed-variant=debug} (Thread[#615,Execution worker,5,main]) started.
file or directory 'C:\dev\ferify-project\ferify-mobile-app\node_modules\@react-native-voice\voice\android\libs', not found
work action org.gradle.api.internal.artifacts.transform.DefaultTransformUpstreamDependenciesResolver$FinalizeTransformDependenciesFromSelectedArtifacts$CalculateFinalDependencies@224b036e (Thread[#615,Execution worker,5,main]) started.
work action Dependencies for com.facebook.soloader:nativeloader:0.12.1 {artifactType=android-classes-jar, asm-transformed-variant=debug} (Thread[#615,Execution worker,5,main]) started.
file or directory 'C:\dev\ferify-project\ferify-mobile-app\node_modules\@react-native-voice\voice\android\libs', not found
work action org.gradle.api.internal.artifacts.transform.DefaultTransformUpstreamDependenciesResolver$FinalizeTransformDependenciesFromSelectedArtifacts$CalculateFinalDependencies@3ee795fd (Thread[#615,Execution worker,5,main]) started.
work action Dependencies for com.parse.bolts:bolts-tasks:1.4.0 {artifactType=android-classes-jar, asm-transformed-variant=debug} (Thread[#615,Execution worker,5,main]) started.
file or directory 'C:\dev\ferify-project\ferify-mobile-app\node_modules\@react-native-voice\voice\android\libs', not found
work action org.gradle.api.internal.artifacts.transform.DefaultTransformUpstreamDependenciesResolver$FinalizeTransformDependenciesFromSelectedArtifacts$CalculateFinalDependencies@37a455fd (Thread[#615,Execution worker,5,main]) started.
work action Dependencies for javax.inject:javax.inject:1 {artifactType=android-classes-jar, asm-transformed-variant=debug} (Thread[#615,Execution worker,5,main]) started.
file or directory 'C:\dev\ferify-project\ferify-mobile-app\node_modules\@react-native-voice\voice\android\libs', not found
work action org.gradle.api.internal.artifacts.transform.DefaultTransformUpstreamDependenciesResolver$FinalizeTransformDependenciesFromSelectedArtifacts$CalculateFinalDependencies@4a7e1401 (Thread[#615,Execution worker,5,main]) started.
work action Dependencies for com.google.code.findbugs:jsr305:3.0.2 {artifactType=android-classes-jar, asm-transformed-variant=debug} (Thread[#615,Execution worker,5,main]) started.
file or directory 'C:\dev\ferify-project\ferify-mobile-app\node_modules\@react-native-voice\voice\android\libs', not found
work action org.gradle.api.internal.artifacts.transform.DefaultTransformUpstreamDependenciesResolver$FinalizeTransformDependenciesFromSelectedArtifacts$CalculateFinalDependencies@1ed2c39e (Thread[#615,Execution worker,5,main]) started.
work action Dependencies for com.google.guava:guava:28.1-android {artifactType=android-classes-jar, asm-transformed-variant=debug} (Thread[#615,Execution worker,5,main]) started.
file or directory 'C:\dev\ferify-project\ferify-mobile-app\node_modules\@react-native-voice\voice\android\libs', not found
work action org.gradle.api.internal.artifacts.transform.DefaultTransformUpstreamDependenciesResolver$FinalizeTransformDependenciesFromSelectedArtifacts$CalculateFinalDependencies@2515e7f (Thread[#617,Execution worker Thread 3,5,main]) started.
work action Dependencies for com.facebook.soloader:soloader:0.12.1 {artifactType=android-classes-jar, asm-transformed-variant=debug} (Thread[#617,Execution worker Thread 3,5,main]) started.
file or directory 'C:\dev\ferify-project\ferify-mobile-app\node_modules\@react-native-voice\voice\android\libs', not found
work action org.gradle.api.internal.artifacts.transform.DefaultTransformUpstreamDependenciesResolver$FinalizeTransformDependenciesFromSelectedArtifacts$CalculateFinalDependencies@7d3341bd (Thread[#617,Execution worker Thread 3,5,main]) started.
work action Dependencies for com.facebook.infer.annotation:infer-annotation:0.18.0 {artifactType=android-classes-jar, asm-transformed-variant=debug} (Thread[#617,Execution worker Thread 3,5,main]) started.
file or directory 'C:\dev\ferify-project\ferify-mobile-app\node_modules\@react-native-voice\voice\android\libs', not found
work action org.gradle.api.internal.artifacts.transform.DefaultTransformUpstreamDependenciesResolver$FinalizeTransformDependenciesFromSelectedArtifacts$CalculateFinalDependencies@7801abb0 (Thread[#617,Execution worker Thread 3,5,main]) started.
work action Dependencies for com.facebook.fbjni:fbjni:0.7.0 {artifactType=android-classes-jar, asm-transformed-variant=debug} (Thread[#617,Execution worker Thread 3,5,main]) started.
file or directory 'C:\dev\ferify-project\ferify-mobile-app\node_modules\@react-native-voice\voice\android\libs', not found
work action org.gradle.api.internal.artifacts.transform.DefaultTransformUpstreamDependenciesResolver$FinalizeTransformDependenciesFromSelectedArtifacts$CalculateFinalDependencies@45cd786d (Thread[#617,Execution worker Thread 3,5,main]) started.
work action Dependencies for com.facebook.yoga:proguard-annotations:1.19.0 {artifactType=android-classes-jar, asm-transformed-variant=debug} (Thread[#615,Execution worker,5,main]) started.
file or directory 'C:\dev\ferify-project\ferify-mobile-app\node_modules\@react-native-voice\voice\android\libs', not found
work action org.gradle.api.internal.artifacts.transform.DefaultTransformUpstreamDependenciesResolver$FinalizeTransformDependenciesFromSelectedArtifacts$CalculateFinalDependencies@571c8f9 (Thread[#615,Execution worker,5,main]) started.
work action Dependencies for com.android.support:appcompat-v7:28.0.0 {artifactType=android-classes-jar, asm-transformed-variant=debug} (Thread[#615,Execution worker,5,main]) started.
file or directory 'C:\dev\ferify-project\ferify-mobile-app\node_modules\@react-native-voice\voice\android\libs', not found
work action org.gradle.api.internal.artifacts.transform.DefaultTransformUpstreamDependenciesResolver$FinalizeTransformDependenciesFromSelectedArtifacts$CalculateFinalDependencies@40a200c0 (Thread[#615,Execution worker,5,main]) started.
work action Dependencies for org.jetbrains:annotations:23.0.0 {artifactType=android-classes-jar, asm-transformed-variant=debug} (Thread[#615,Execution worker,5,main]) started.
file or directory 'C:\dev\ferify-project\ferify-mobile-app\node_modules\@react-native-voice\voice\android\libs', not found
work action org.gradle.api.internal.artifacts.transform.DefaultTransformUpstreamDependenciesResolver$FinalizeTransformDependenciesFromSelectedArtifacts$CalculateFinalDependencies@5cc1b65a (Thread[#615,Execution worker,5,main]) started.
work action Dependencies for org.jetbrains.kotlin:kotlin-stdlib:2.0.21 {artifactType=android-classes-jar, asm-transformed-variant=debug} (Thread[#615,Execution worker,5,main]) started.
file or directory 'C:\dev\ferify-project\ferify-mobile-app\node_modules\@react-native-voice\voice\android\libs', not found
work action org.gradle.api.internal.artifacts.transform.DefaultTransformUpstreamDependenciesResolver$FinalizeTransformDependenciesFromSelectedArtifacts$CalculateFinalDependencies@7585b935 (Thread[#616,Execution worker Thread 2,5,main]) started.
work action Dependencies for androidx.annotation:annotation-jvm:1.8.1 {artifactType=android-classes-jar, asm-transformed-variant=debug} (Thread[#616,Execution worker Thread 2,5,main]) started.
file or directory 'C:\dev\ferify-project\ferify-mobile-app\node_modules\@react-native-voice\voice\android\libs', not found
work action org.gradle.api.internal.artifacts.transform.DefaultTransformUpstreamDependenciesResolver$FinalizeTransformDependenciesFromSelectedArtifacts$CalculateFinalDependencies@4b408dc6 (Thread[#616,Execution worker Thread 2,5,main]) started.
work action Dependencies for androidx.concurrent:concurrent-futures:1.1.0 {artifactType=android-classes-jar, asm-transformed-variant=debug} (Thread[#616,Execution worker Thread 2,5,main]) started.
file or directory 'C:\dev\ferify-project\ferify-mobile-app\node_modules\@react-native-voice\voice\android\libs', not found
work action org.gradle.api.internal.artifacts.transform.DefaultTransformUpstreamDependenciesResolver$FinalizeTransformDependenciesFromSelectedArtifacts$CalculateFinalDependencies@72d752ad (Thread[#616,Execution worker Thread 2,5,main]) started.
work action Dependencies for androidx.arch.core:core-common:2.2.0 {artifactType=android-classes-jar, asm-transformed-variant=debug} (Thread[#616,Execution worker Thread 2,5,main]) started.
file or directory 'C:\dev\ferify-project\ferify-mobile-app\node_modules\@react-native-voice\voice\android\libs', not found
work action org.gradle.api.internal.artifacts.transform.DefaultTransformUpstreamDependenciesResolver$FinalizeTransformDependenciesFromSelectedArtifacts$CalculateFinalDependencies@58e47d37 (Thread[#616,Execution worker Thread 2,5,main]) started.
work action Dependencies for androidx.arch.core:core-runtime:2.2.0 {artifactType=android-classes-jar, asm-transformed-variant=debug} (Thread[#616,Execution worker Thread 2,5,main]) started.
file or directory 'C:\dev\ferify-project\ferify-mobile-app\node_modules\@react-native-voice\voice\android\libs', not found
work action org.gradle.api.internal.artifacts.transform.DefaultTransformUpstreamDependenciesResolver$FinalizeTransformDependenciesFromSelectedArtifacts$CalculateFinalDependencies@4d2ba9cf (Thread[#616,Execution worker Thread 2,5,main]) started.
work action Dependencies for androidx.arch.core:core-runtime:2.2.0 {artifactType=android-classes-jar, asm-transformed-variant=debug} (Thread[#616,Execution worker Thread 2,5,main]) started.
file or directory 'C:\dev\ferify-project\ferify-mobile-app\node_modules\@react-native-voice\voice\android\libs', not found
work action org.gradle.api.internal.artifacts.transform.DefaultTransformUpstreamDependenciesResolver$FinalizeTransformDependenciesFromSelectedArtifacts$CalculateFinalDependencies@32a19b3e (Thread[#616,Execution worker Thread 2,5,main]) started.
work action Dependencies for androidx.print:print:1.0.0 {artifactType=android-classes-jar, asm-transformed-variant=debug} (Thread[#616,Execution worker Thread 2,5,main]) started.
file or directory 'C:\dev\ferify-project\ferify-mobile-app\node_modules\@react-native-voice\voice\android\libs', not found
work action org.gradle.api.internal.artifacts.transform.DefaultTransformUpstreamDependenciesResolver$FinalizeTransformDependenciesFromSelectedArtifacts$CalculateFinalDependencies@1d8c6e6e (Thread[#616,Execution worker Thread 2,5,main]) started.
work action Dependencies for androidx.localbroadcastmanager:localbroadcastmanager:1.0.0 {artifactType=android-classes-jar, asm-transformed-variant=debug} (Thread[#616,Execution worker Thread 2,5,main]) started.
file or directory 'C:\dev\ferify-project\ferify-mobile-app\node_modules\@react-native-voice\voice\android\libs', not found
work action org.gradle.api.internal.artifacts.transform.DefaultTransformUpstreamDependenciesResolver$FinalizeTransformDependenciesFromSelectedArtifacts$CalculateFinalDependencies@5fd9f4f6 (Thread[#616,Execution worker Thread 2,5,main]) started.
work action Dependencies for androidx.documentfile:documentfile:1.0.0 {artifactType=android-classes-jar, asm-transformed-variant=debug} (Thread[#616,Execution worker Thread 2,5,main]) started.
file or directory 'C:\dev\ferify-project\ferify-mobile-app\node_modules\@react-native-voice\voice\android\libs', not found
work action org.gradle.api.internal.artifacts.transform.DefaultTransformUpstreamDependenciesResolver$FinalizeTransformDependenciesFromSelectedArtifacts$CalculateFinalDependencies@4637ba52 (Thread[#616,Execution worker Thread 2,5,main]) started.
work action Dependencies for com.github.bumptech.glide:gifdecoder:4.16.0 {artifactType=android-classes-jar, asm-transformed-variant=debug} (Thread[#616,Execution worker Thread 2,5,main]) started.
file or directory 'C:\dev\ferify-project\ferify-mobile-app\node_modules\@react-native-voice\voice\android\libs', not found
work action org.gradle.api.internal.artifacts.transform.DefaultTransformUpstreamDependenciesResolver$FinalizeTransformDependenciesFromSelectedArtifacts$CalculateFinalDependencies@563302ec (Thread[#616,Execution worker Thread 2,5,main]) started.
work action Dependencies for androidx.collection:collection:1.1.0 {artifactType=android-classes-jar, asm-transformed-variant=debug} (Thread[#616,Execution worker Thread 2,5,main]) started.
file or directory 'C:\dev\ferify-project\ferify-mobile-app\node_modules\@react-native-voice\voice\android\libs', not found
work action org.gradle.api.internal.artifacts.transform.DefaultTransformUpstreamDependenciesResolver$FinalizeTransformDependenciesFromSelectedArtifacts$CalculateFinalDependencies@1a6ae315 (Thread[#616,Execution worker Thread 2,5,main]) started.
work action Dependencies for androidx.versionedparcelable:versionedparcelable:1.1.1 {artifactType=android-classes-jar, asm-transformed-variant=debug} (Thread[#616,Execution worker Thread 2,5,main]) started.
file or directory 'C:\dev\ferify-project\ferify-mobile-app\node_modules\@react-native-voice\voice\android\libs', not found
work action org.gradle.api.internal.artifacts.transform.DefaultTransformUpstreamDependenciesResolver$FinalizeTransformDependenciesFromSelectedArtifacts$CalculateFinalDependencies@5fa0f86a (Thread[#616,Execution worker Thread 2,5,main]) started.
work action Dependencies for androidx.versionedparcelable:versionedparcelable:1.1.1 {artifactType=android-classes-jar, asm-transformed-variant=debug} (Thread[#616,Execution worker Thread 2,5,main]) started.
file or directory 'C:\dev\ferify-project\ferify-mobile-app\node_modules\@react-native-voice\voice\android\libs', not found
work action org.gradle.api.internal.artifacts.transform.DefaultTransformUpstreamDependenciesResolver$FinalizeTransformDependenciesFromSelectedArtifacts$CalculateFinalDependencies@777ab20b (Thread[#616,Execution worker Thread 2,5,main]) started.
work action Dependencies for androidx.cursoradapter:cursoradapter:1.0.0 {artifactType=android-classes-jar, asm-transformed-variant=debug} (Thread[#616,Execution worker Thread 2,5,main]) started.
file or directory 'C:\dev\ferify-project\ferify-mobile-app\node_modules\@react-native-voice\voice\android\libs', not found
work action org.gradle.api.internal.artifacts.transform.DefaultTransformUpstreamDependenciesResolver$FinalizeTransformDependenciesFromSelectedArtifacts$CalculateFinalDependencies@475ab38b (Thread[#616,Execution worker Thread 2,5,main]) started.
work action Dependencies for androidx.cursoradapter:cursoradapter:1.0.0 {artifactType=android-classes-jar, asm-transformed-variant=debug} (Thread[#616,Execution worker Thread 2,5,main]) started.
file or directory 'C:\dev\ferify-project\ferify-mobile-app\node_modules\@react-native-voice\voice\android\libs', not found
work action org.gradle.api.internal.artifacts.transform.DefaultTransformUpstreamDependenciesResolver$FinalizeTransformDependenciesFromSelectedArtifacts$CalculateFinalDependencies@21c42bfe (Thread[#616,Execution worker Thread 2,5,main]) started.
work action Dependencies for androidx.resourceinspection:resourceinspection-annotation:1.0.1 {artifactType=android-classes-jar, asm-transformed-variant=debug} (Thread[#616,Execution worker Thread 2,5,main]) started.
file or directory 'C:\dev\ferify-project\ferify-mobile-app\node_modules\@react-native-voice\voice\android\libs', not found
work action org.gradle.api.internal.artifacts.transform.DefaultTransformUpstreamDependenciesResolver$FinalizeTransformDependenciesFromSelectedArtifacts$CalculateFinalDependencies@76176559 (Thread[#616,Execution worker Thread 2,5,main]) started.
work action Dependencies for androidx.cardview:cardview:1.0.0 {artifactType=android-classes-jar, asm-transformed-variant=debug} (Thread[#616,Execution worker Thread 2,5,main]) started.
file or directory 'C:\dev\ferify-project\ferify-mobile-app\node_modules\@react-native-voice\voice\android\libs', not found
work action org.gradle.api.internal.artifacts.transform.DefaultTransformUpstreamDependenciesResolver$FinalizeTransformDependenciesFromSelectedArtifacts$CalculateFinalDependencies@75ebb2e3 (Thread[#616,Execution worker Thread 2,5,main]) started.
work action Dependencies for androidx.interpolator:interpolator:1.0.0 {artifactType=android-classes-jar, asm-transformed-variant=debug} (Thread[#616,Execution worker Thread 2,5,main]) started.
file or directory 'C:\dev\ferify-project\ferify-mobile-app\node_modules\@react-native-voice\voice\android\libs', not found
work action org.gradle.api.internal.artifacts.transform.DefaultTransformUpstreamDependenciesResolver$FinalizeTransformDependenciesFromSelectedArtifacts$CalculateFinalDependencies@3a655306 (Thread[#616,Execution worker Thread 2,5,main]) started.
work action Dependencies for androidx.interpolator:interpolator:1.0.0 {artifactType=android-classes-jar, asm-transformed-variant=debug} (Thread[#616,Execution worker Thread 2,5,main]) started.
file or directory 'C:\dev\ferify-project\ferify-mobile-app\node_modules\@react-native-voice\voice\android\libs', not found
work action org.gradle.api.internal.artifacts.transform.DefaultTransformUpstreamDependenciesResolver$FinalizeTransformDependenciesFromSelectedArtifacts$CalculateFinalDependencies@353b0e7b (Thread[#616,Execution worker Thread 2,5,main]) started.
work action Dependencies for androidx.exifinterface:exifinterface:1.3.7 {artifactType=android-classes-jar, asm-transformed-variant=debug} (Thread[#616,Execution worker Thread 2,5,main]) started.
file or directory 'C:\dev\ferify-project\ferify-mobile-app\node_modules\@react-native-voice\voice\android\libs', not found
work action org.gradle.api.internal.artifacts.transform.DefaultTransformUpstreamDependenciesResolver$FinalizeTransformDependenciesFromSelectedArtifacts$CalculateFinalDependencies@38d09efe (Thread[#616,Execution worker Thread 2,5,main]) started.
work action Dependencies for com.github.Dimezis:BlurView:version-2.0.6 {artifactType=android-classes-jar, asm-transformed-variant=debug} (Thread[#616,Execution worker Thread 2,5,main]) started.
file or directory 'C:\dev\ferify-project\ferify-mobile-app\node_modules\@react-native-voice\voice\android\libs', not found
work action org.gradle.api.internal.artifacts.transform.DefaultTransformUpstreamDependenciesResolver$FinalizeTransformDependenciesFromSelectedArtifacts$CalculateFinalDependencies@32d4e463 (Thread[#616,Execution worker Thread 2,5,main]) started.
work action Dependencies for androidx.databinding:viewbinding:8.8.2 {artifactType=android-classes-jar, asm-transformed-variant=debug} (Thread[#616,Execution worker Thread 2,5,main]) started.
file or directory 'C:\dev\ferify-project\ferify-mobile-app\node_modules\@react-native-voice\voice\android\libs', not found
work action org.gradle.api.internal.artifacts.transform.DefaultTransformUpstreamDependenciesResolver$FinalizeTransformDependenciesFromSelectedArtifacts$CalculateFinalDependencies@a0313b9 (Thread[#616,Execution worker Thread 2,5,main]) started.
work action Dependencies for com.facebook.react:hermes-android:0.79.6 {artifactType=android-classes-jar, asm-transformed-variant=debug} (Thread[#616,Execution worker Thread 2,5,main]) started.
file or directory 'C:\dev\ferify-project\ferify-mobile-app\node_modules\@react-native-voice\voice\android\libs', not found
work action org.gradle.api.internal.artifacts.transform.DefaultTransformUpstreamDependenciesResolver$FinalizeTransformDependenciesFromSelectedArtifacts$CalculateFinalDependencies@7230d2bc (Thread[#616,Execution worker Thread 2,5,main]) started.
work action Dependencies for org.jetbrains.kotlin:kotlin-android-extensions-runtime:2.0.0 {artifactType=android-classes-jar, asm-transformed-variant=debug} (Thread[#616,Execution worker Thread 2,5,main]) started.
file or directory 'C:\dev\ferify-project\ferify-mobile-app\node_modules\@react-native-voice\voice\android\libs', not found
work action org.gradle.api.internal.artifacts.transform.DefaultTransformUpstreamDependenciesResolver$FinalizeTransformDependenciesFromSelectedArtifacts$CalculateFinalDependencies@1830bd9b (Thread[#616,Execution worker Thread 2,5,main]) started.
work action Dependencies for com.facebook.fresco:vito-renderer:3.6.0 {artifactType=android-classes-jar, asm-transformed-variant=debug} (Thread[#616,Execution worker Thread 2,5,main]) started.
file or directory 'C:\dev\ferify-project\ferify-mobile-app\node_modules\@react-native-voice\voice\android\libs', not found
work action org.gradle.api.internal.artifacts.transform.DefaultTransformUpstreamDependenciesResolver$FinalizeTransformDependenciesFromSelectedArtifacts$CalculateFinalDependencies@13d9210a (Thread[#616,Execution worker Thread 2,5,main]) started.
work action Dependencies for androidx.annotation:annotation-experimental:1.4.0 {artifactType=android-classes-jar, asm-transformed-variant=debug} (Thread[#616,Execution worker Thread 2,5,main]) started.
file or directory 'C:\dev\ferify-project\ferify-mobile-app\node_modules\@react-native-voice\voice\android\libs', not found
work action org.gradle.api.internal.artifacts.transform.DefaultTransformUpstreamDependenciesResolver$FinalizeTransformDependenciesFromSelectedArtifacts$CalculateFinalDependencies@2beb8c27 (Thread[#616,Execution worker Thread 2,5,main]) started.
work action Dependencies for org.jetbrains.kotlin:kotlin-parcelize-runtime:2.0.0 {artifactType=android-classes-jar, asm-transformed-variant=debug} (Thread[#616,Execution worker Thread 2,5,main]) started.
file or directory 'C:\dev\ferify-project\ferify-mobile-app\node_modules\@react-native-voice\voice\android\libs', not found
work action org.gradle.api.internal.artifacts.transform.DefaultTransformUpstreamDependenciesResolver$FinalizeTransformDependenciesFromSelectedArtifacts$CalculateFinalDependencies@7462a681 (Thread[#616,Execution worker Thread 2,5,main]) started.
work action Dependencies for org.jetbrains.kotlinx:kotlinx-coroutines-android:1.8.1 {artifactType=android-classes-jar, asm-transformed-variant=debug} (Thread[#616,Execution worker Thread 2,5,main]) started.
file or directory 'C:\dev\ferify-project\ferify-mobile-app\node_modules\@react-native-voice\voice\android\libs', not found
work action org.gradle.api.internal.artifacts.transform.DefaultTransformUpstreamDependenciesResolver$FinalizeTransformDependenciesFromSelectedArtifacts$CalculateFinalDependencies@78e0a47c (Thread[#616,Execution worker Thread 2,5,main]) started.
work action Dependencies for org.jetbrains.kotlinx:kotlinx-coroutines-core-jvm:1.8.1 {artifactType=android-classes-jar, asm-transformed-variant=debug} (Thread[#615,Execution worker,5,main]) started.
file or directory 'C:\dev\ferify-project\ferify-mobile-app\node_modules\@react-native-voice\voice\android\libs', not found
work action org.gradle.api.internal.artifacts.transform.DefaultTransformUpstreamDependenciesResolver$FinalizeTransformDependenciesFromSelectedArtifacts$CalculateFinalDependencies@5bed84b1 (Thread[#615,Execution worker,5,main]) started.
work action Dependencies for com.facebook.fresco:ui-core:3.6.0 {artifactType=android-classes-jar, asm-transformed-variant=debug} (Thread[#615,Execution worker,5,main]) started.
file or directory 'C:\dev\ferify-project\ferify-mobile-app\node_modules\@react-native-voice\voice\android\libs', not found
work action org.gradle.api.internal.artifacts.transform.DefaultTransformUpstreamDependenciesResolver$FinalizeTransformDependenciesFromSelectedArtifacts$CalculateFinalDependencies@598fdc47 (Thread[#615,Execution worker,5,main]) started.
work action Dependencies for androidx.collection:collection-ktx:1.1.0 {artifactType=android-classes-jar, asm-transformed-variant=debug} (Thread[#615,Execution worker,5,main]) started.
file or directory 'C:\dev\ferify-project\ferify-mobile-app\node_modules\@react-native-voice\voice\android\libs', not found
work action org.gradle.api.internal.artifacts.transform.DefaultTransformUpstreamDependenciesResolver$FinalizeTransformDependenciesFromSelectedArtifacts$CalculateFinalDependencies@2175d656 (Thread[#616,Execution worker Thread 2,5,main]) started.
work action Dependencies for androidx.tracing:tracing-ktx:1.2.0 {artifactType=android-classes-jar, asm-transformed-variant=debug} (Thread[#615,Execution worker,5,main]) started.
file or directory 'C:\dev\ferify-project\ferify-mobile-app\node_modules\@react-native-voice\voice\android\libs', not found
work action org.gradle.api.internal.artifacts.transform.DefaultTransformUpstreamDependenciesResolver$FinalizeTransformDependenciesFromSelectedArtifacts$CalculateFinalDependencies@5e88b31 (Thread[#615,Execution worker,5,main]) started.
work action Dependencies for androidx.tracing:tracing:1.2.0 {artifactType=android-classes-jar, asm-transformed-variant=debug} (Thread[#615,Execution worker,5,main]) started.
file or directory 'C:\dev\ferify-project\ferify-mobile-app\node_modules\@react-native-voice\voice\android\libs', not found
work action org.gradle.api.internal.artifacts.transform.DefaultTransformUpstreamDependenciesResolver$FinalizeTransformDependenciesFromSelectedArtifacts$CalculateFinalDependencies@20373774 (Thread[#615,Execution worker,5,main]) started.
work action Dependencies for androidx.startup:startup-runtime:1.1.1 {artifactType=android-classes-jar, asm-transformed-variant=debug} (Thread[#615,Execution worker,5,main]) started.
file or directory 'C:\dev\ferify-project\ferify-mobile-app\node_modules\@react-native-voice\voice\android\libs', not found
work action org.gradle.api.internal.artifacts.transform.DefaultTransformUpstreamDependenciesResolver$FinalizeTransformDependenciesFromSelectedArtifacts$CalculateFinalDependencies@ea68855 (Thread[#615,Execution worker,5,main]) started.
work action Dependencies for androidx.profileinstaller:profileinstaller:1.4.0 {artifactType=android-classes-jar, asm-transformed-variant=debug} (Thread[#615,Execution worker,5,main]) started.
file or directory 'C:\dev\ferify-project\ferify-mobile-app\node_modules\@react-native-voice\voice\android\libs', not found
work action org.gradle.api.internal.artifacts.transform.DefaultTransformUpstreamDependenciesResolver$FinalizeTransformDependenciesFromSelectedArtifacts$CalculateFinalDependencies@2b250e00 (Thread[#615,Execution worker,5,main]) started.
work action Dependencies for androidx.core:core-ktx:1.13.1 {artifactType=android-classes-jar, asm-transformed-variant=debug} (Thread[#615,Execution worker,5,main]) started.
file or directory 'C:\dev\ferify-project\ferify-mobile-app\node_modules\@react-native-voice\voice\android\libs', not found
work action org.gradle.api.internal.artifacts.transform.DefaultTransformUpstreamDependenciesResolver$FinalizeTransformDependenciesFromSelectedArtifacts$CalculateFinalDependencies@4e4559a5 (Thread[#615,Execution worker,5,main]) started.
work action Dependencies for androidx.lifecycle:lifecycle-viewmodel-savedstate:2.6.2 {artifactType=android-classes-jar, asm-transformed-variant=debug} (Thread[#615,Execution worker,5,main]) started.
file or directory 'C:\dev\ferify-project\ferify-mobile-app\node_modules\@react-native-voice\voice\android\libs', not found
work action org.gradle.api.internal.artifacts.transform.DefaultTransformUpstreamDependenciesResolver$FinalizeTransformDependenciesFromSelectedArtifacts$CalculateFinalDependencies@1fecf78d (Thread[#615,Execution worker,5,main]) started.
work action Dependencies for androidx.lifecycle:lifecycle-runtime:2.6.2 {artifactType=android-classes-jar, asm-transformed-variant=debug} (Thread[#615,Execution worker,5,main]) started.
file or directory 'C:\dev\ferify-project\ferify-mobile-app\node_modules\@react-native-voice\voice\android\libs', not found
work action org.gradle.api.internal.artifacts.transform.DefaultTransformUpstreamDependenciesResolver$FinalizeTransformDependenciesFromSelectedArtifacts$CalculateFinalDependencies@528ad99e (Thread[#615,Execution worker,5,main]) started.
work action Dependencies for androidx.lifecycle:lifecycle-runtime:2.6.2 {artifactType=android-classes-jar, asm-transformed-variant=debug} (Thread[#615,Execution worker,5,main]) started.
file or directory 'C:\dev\ferify-project\ferify-mobile-app\node_modules\@react-native-voice\voice\android\libs', not found
work action org.gradle.api.internal.artifacts.transform.DefaultTransformUpstreamDependenciesResolver$FinalizeTransformDependenciesFromSelectedArtifacts$CalculateFinalDependencies@11246afb (Thread[#615,Execution worker,5,main]) started.
work action Dependencies for androidx.lifecycle:lifecycle-common:2.6.2 {artifactType=android-classes-jar, asm-transformed-variant=debug} (Thread[#615,Execution worker,5,main]) started.
file or directory 'C:\dev\ferify-project\ferify-mobile-app\node_modules\@react-native-voice\voice\android\libs', not found
work action org.gradle.api.internal.artifacts.transform.DefaultTransformUpstreamDependenciesResolver$FinalizeTransformDependenciesFromSelectedArtifacts$CalculateFinalDependencies@581305d7 (Thread[#615,Execution worker,5,main]) started.
work action Dependencies for androidx.lifecycle:lifecycle-livedata:2.6.2 {artifactType=android-classes-jar, asm-transformed-variant=debug} (Thread[#615,Execution worker,5,main]) started.
file or directory 'C:\dev\ferify-project\ferify-mobile-app\node_modules\@react-native-voice\voice\android\libs', not found
work action org.gradle.api.internal.artifacts.transform.DefaultTransformUpstreamDependenciesResolver$FinalizeTransformDependenciesFromSelectedArtifacts$CalculateFinalDependencies@25772b3c (Thread[#615,Execution worker,5,main]) started.
work action Dependencies for androidx.lifecycle:lifecycle-livedata-core:2.6.2 {artifactType=android-classes-jar, asm-transformed-variant=debug} (Thread[#615,Execution worker,5,main]) started.
file or directory 'C:\dev\ferify-project\ferify-mobile-app\node_modules\@react-native-voice\voice\android\libs', not found
work action org.gradle.api.internal.artifacts.transform.DefaultTransformUpstreamDependenciesResolver$FinalizeTransformDependenciesFromSelectedArtifacts$CalculateFinalDependencies@4284ca8 (Thread[#615,Execution worker,5,main]) started.
work action Dependencies for androidx.lifecycle:lifecycle-livedata-core:2.6.2 {artifactType=android-classes-jar, asm-transformed-variant=debug} (Thread[#615,Execution worker,5,main]) started.
file or directory 'C:\dev\ferify-project\ferify-mobile-app\node_modules\@react-native-voice\voice\android\libs', not found
work action org.gradle.api.internal.artifacts.transform.DefaultTransformUpstreamDependenciesResolver$FinalizeTransformDependenciesFromSelectedArtifacts$CalculateFinalDependencies@74cc08cd (Thread[#615,Execution worker,5,main]) started.
work action Dependencies for androidx.lifecycle:lifecycle-livedata-core-ktx:2.6.2 {artifactType=android-classes-jar, asm-transformed-variant=debug} (Thread[#615,Execution worker,5,main]) started.
file or directory 'C:\dev\ferify-project\ferify-mobile-app\node_modules\@react-native-voice\voice\android\libs', not found
work action org.gradle.api.internal.artifacts.transform.DefaultTransformUpstreamDependenciesResolver$FinalizeTransformDependenciesFromSelectedArtifacts$CalculateFinalDependencies@2e526e7e (Thread[#615,Execution worker,5,main]) started.
work action Dependencies for androidx.lifecycle:lifecycle-process:2.6.2 {artifactType=android-classes-jar, asm-transformed-variant=debug} (Thread[#615,Execution worker,5,main]) started.
file or directory 'C:\dev\ferify-project\ferify-mobile-app\node_modules\@react-native-voice\voice\android\libs', not found
work action org.gradle.api.internal.artifacts.transform.DefaultTransformUpstreamDependenciesResolver$FinalizeTransformDependenciesFromSelectedArtifacts$CalculateFinalDependencies@3a8ab59f (Thread[#615,Execution worker,5,main]) started.
work action Dependencies for androidx.lifecycle:lifecycle-process:2.6.2 {artifactType=android-classes-jar, asm-transformed-variant=debug} (Thread[#615,Execution worker,5,main]) started.
file or directory 'C:\dev\ferify-project\ferify-mobile-app\node_modules\@react-native-voice\voice\android\libs', not found
work action org.gradle.api.internal.artifacts.transform.DefaultTransformUpstreamDependenciesResolver$FinalizeTransformDependenciesFromSelectedArtifacts$CalculateFinalDependencies@eacfdcb (Thread[#615,Execution worker,5,main]) started.
work action Dependencies for androidx.lifecycle:lifecycle-runtime-ktx:2.6.2 {artifactType=android-classes-jar, asm-transformed-variant=debug} (Thread[#615,Execution worker,5,main]) started.
file or directory 'C:\dev\ferify-project\ferify-mobile-app\node_modules\@react-native-voice\voice\android\libs', not found
work action org.gradle.api.internal.artifacts.transform.DefaultTransformUpstreamDependenciesResolver$FinalizeTransformDependenciesFromSelectedArtifacts$CalculateFinalDependencies@6b187b8a (Thread[#615,Execution worker,5,main]) started.
work action Dependencies for androidx.lifecycle:lifecycle-service:2.6.2 {artifactType=android-classes-jar, asm-transformed-variant=debug} (Thread[#615,Execution worker,5,main]) started.
file or directory 'C:\dev\ferify-project\ferify-mobile-app\node_modules\@react-native-voice\voice\android\libs', not found
work action org.gradle.api.internal.artifacts.transform.DefaultTransformUpstreamDependenciesResolver$FinalizeTransformDependenciesFromSelectedArtifacts$CalculateFinalDependencies@757fc53c (Thread[#615,Execution worker,5,main]) started.
work action Dependencies for androidx.lifecycle:lifecycle-viewmodel:2.6.2 {artifactType=android-classes-jar, asm-transformed-variant=debug} (Thread[#615,Execution worker,5,main]) started.
file or directory 'C:\dev\ferify-project\ferify-mobile-app\node_modules\@react-native-voice\voice\android\libs', not found
work action org.gradle.api.internal.artifacts.transform.DefaultTransformUpstreamDependenciesResolver$FinalizeTransformDependenciesFromSelectedArtifacts$CalculateFinalDependencies@1343db1 (Thread[#616,Execution worker Thread 2,5,main]) started.
work action Dependencies for androidx.lifecycle:lifecycle-viewmodel:2.6.2 {artifactType=android-classes-jar, asm-transformed-variant=debug} (Thread[#616,Execution worker Thread 2,5,main]) started.
file or directory 'C:\dev\ferify-project\ferify-mobile-app\node_modules\@react-native-voice\voice\android\libs', not found
work action org.gradle.api.internal.artifacts.transform.DefaultTransformUpstreamDependenciesResolver$FinalizeTransformDependenciesFromSelectedArtifacts$CalculateFinalDependencies@5aa91893 (Thread[#616,Execution worker Thread 2,5,main]) started.
work action Dependencies for androidx.lifecycle:lifecycle-viewmodel-ktx:2.6.2 {artifactType=android-classes-jar, asm-transformed-variant=debug} (Thread[#616,Execution worker Thread 2,5,main]) started.
file or directory 'C:\dev\ferify-project\ferify-mobile-app\node_modules\@react-native-voice\voice\android\libs', not found
work action org.gradle.api.internal.artifacts.transform.DefaultTransformUpstreamDependenciesResolver$FinalizeTransformDependenciesFromSelectedArtifacts$CalculateFinalDependencies@4122ce23 (Thread[#616,Execution worker Thread 2,5,main]) started.
work action Dependencies for androidx.savedstate:savedstate:1.2.1 {artifactType=android-classes-jar, asm-transformed-variant=debug} (Thread[#616,Execution worker Thread 2,5,main]) started.
file or directory 'C:\dev\ferify-project\ferify-mobile-app\node_modules\@react-native-voice\voice\android\libs', not found
work action org.gradle.api.internal.artifacts.transform.DefaultTransformUpstreamDependenciesResolver$FinalizeTransformDependenciesFromSelectedArtifacts$CalculateFinalDependencies@24cbaf0d (Thread[#616,Execution worker Thread 2,5,main]) started.
work action Dependencies for androidx.savedstate:savedstate-ktx:1.2.1 {artifactType=android-classes-jar, asm-transformed-variant=debug} (Thread[#616,Execution worker Thread 2,5,main]) started.
file or directory 'C:\dev\ferify-project\ferify-mobile-app\node_modules\@react-native-voice\voice\android\libs', not found
work action org.gradle.api.internal.artifacts.transform.DefaultTransformUpstreamDependenciesResolver$FinalizeTransformDependenciesFromSelectedArtifacts$CalculateFinalDependencies@34815b1b (Thread[#616,Execution worker Thread 2,5,main]) started.
work action Dependencies for androidx.activity:activity:1.10.0 {artifactType=android-classes-jar, asm-transformed-variant=debug} (Thread[#616,Execution worker Thread 2,5,main]) started.
file or directory 'C:\dev\ferify-project\ferify-mobile-app\node_modules\@react-native-voice\voice\android\libs', not found
work action org.gradle.api.internal.artifacts.transform.DefaultTransformUpstreamDependenciesResolver$FinalizeTransformDependenciesFromSelectedArtifacts$CalculateFinalDependencies@f3130d1 (Thread[#616,Execution worker Thread 2,5,main]) started.
work action Dependencies for androidx.activity:activity-ktx:1.10.0 {artifactType=android-classes-jar, asm-transformed-variant=debug} (Thread[#616,Execution worker Thread 2,5,main]) started.
file or directory 'C:\dev\ferify-project\ferify-mobile-app\node_modules\@react-native-voice\voice\android\libs', not found
work action org.gradle.api.internal.artifacts.transform.DefaultTransformUpstreamDependenciesResolver$FinalizeTransformDependenciesFromSelectedArtifacts$CalculateFinalDependencies@fc13320 (Thread[#616,Execution worker Thread 2,5,main]) started.
work action Dependencies for androidx.core:core:1.13.1 {artifactType=android-classes-jar, asm-transformed-variant=debug} (Thread[#616,Execution worker Thread 2,5,main]) started.
file or directory 'C:\dev\ferify-project\ferify-mobile-app\node_modules\@react-native-voice\voice\android\libs', not found
work action org.gradle.api.internal.artifacts.transform.DefaultTransformUpstreamDependenciesResolver$FinalizeTransformDependenciesFromSelectedArtifacts$CalculateFinalDependencies@30eeecdc (Thread[#616,Execution worker Thread 2,5,main]) started.
work action Dependencies for androidx.core:core:1.13.1 {artifactType=android-classes-jar, asm-transformed-variant=debug} (Thread[#616,Execution worker Thread 2,5,main]) started.
file or directory 'C:\dev\ferify-project\ferify-mobile-app\node_modules\@react-native-voice\voice\android\libs', not found
work action org.gradle.api.internal.artifacts.transform.DefaultTransformUpstreamDependenciesResolver$FinalizeTransformDependenciesFromSelectedArtifacts$CalculateFinalDependencies@5c9f5c5b (Thread[#616,Execution worker Thread 2,5,main]) started.
work action Dependencies for androidx.asynclayoutinflater:asynclayoutinflater:1.0.0 {artifactType=android-classes-jar, asm-transformed-variant=debug} (Thread[#616,Execution worker Thread 2,5,main]) started.
file or directory 'C:\dev\ferify-project\ferify-mobile-app\node_modules\@react-native-voice\voice\android\libs', not found
work action org.gradle.api.internal.artifacts.transform.DefaultTransformUpstreamDependenciesResolver$FinalizeTransformDependenciesFromSelectedArtifacts$CalculateFinalDependencies@3a120835 (Thread[#616,Execution worker Thread 2,5,main]) started.
work action Dependencies for androidx.customview:customview:1.1.0 {artifactType=android-classes-jar, asm-transformed-variant=debug} (Thread[#616,Execution worker Thread 2,5,main]) started.
file or directory 'C:\dev\ferify-project\ferify-mobile-app\node_modules\@react-native-voice\voice\android\libs', not found
work action org.gradle.api.internal.artifacts.transform.DefaultTransformUpstreamDependenciesResolver$FinalizeTransformDependenciesFromSelectedArtifacts$CalculateFinalDependencies@4ff3e8cf (Thread[#616,Execution worker Thread 2,5,main]) started.
work action Dependencies for androidx.customview:customview:1.1.0 {artifactType=android-classes-jar, asm-transformed-variant=debug} (Thread[#616,Execution worker Thread 2,5,main]) started.
file or directory 'C:\dev\ferify-project\ferify-mobile-app\node_modules\@react-native-voice\voice\android\libs', not found
work action org.gradle.api.internal.artifacts.transform.DefaultTransformUpstreamDependenciesResolver$FinalizeTransformDependenciesFromSelectedArtifacts$CalculateFinalDependencies@5628511b (Thread[#616,Execution worker Thread 2,5,main]) started.
work action Dependencies for androidx.slidingpanelayout:slidingpanelayout:1.0.0 {artifactType=android-classes-jar, asm-transformed-variant=debug} (Thread[#616,Execution worker Thread 2,5,main]) started.
file or directory 'C:\dev\ferify-project\ferify-mobile-app\node_modules\@react-native-voice\voice\android\libs', not found
work action org.gradle.api.internal.artifacts.transform.DefaultTransformUpstreamDependenciesResolver$FinalizeTransformDependenciesFromSelectedArtifacts$CalculateFinalDependencies@2bfadca5 (Thread[#616,Execution worker Thread 2,5,main]) started.
work action Dependencies for androidx.recyclerview:recyclerview:1.1.0 {artifactType=android-classes-jar, asm-transformed-variant=debug} (Thread[#616,Execution worker Thread 2,5,main]) started.
file or directory 'C:\dev\ferify-project\ferify-mobile-app\node_modules\@react-native-voice\voice\android\libs', not found
work action org.gradle.api.internal.artifacts.transform.DefaultTransformUpstreamDependenciesResolver$FinalizeTransformDependenciesFromSelectedArtifacts$CalculateFinalDependencies@5beae878 (Thread[#616,Execution worker Thread 2,5,main]) started.
work action Dependencies for androidx.recyclerview:recyclerview:1.1.0 {artifactType=android-classes-jar, asm-transformed-variant=debug} (Thread[#616,Execution worker Thread 2,5,main]) started.
file or directory 'C:\dev\ferify-project\ferify-mobile-app\node_modules\@react-native-voice\voice\android\libs', not found
work action org.gradle.api.internal.artifacts.transform.DefaultTransformUpstreamDependenciesResolver$FinalizeTransformDependenciesFromSelectedArtifacts$CalculateFinalDependencies@69d33df2 (Thread[#616,Execution worker Thread 2,5,main]) started.
work action Dependencies for androidx.viewpager:viewpager:1.0.0 {artifactType=android-classes-jar, asm-transformed-variant=debug} (Thread[#616,Execution worker Thread 2,5,main]) started.
file or directory 'C:\dev\ferify-project\ferify-mobile-app\node_modules\@react-native-voice\voice\android\libs', not found
work action org.gradle.api.internal.artifacts.transform.DefaultTransformUpstreamDependenciesResolver$FinalizeTransformDependenciesFromSelectedArtifacts$CalculateFinalDependencies@a5cd844 (Thread[#616,Execution worker Thread 2,5,main]) started.
work action Dependencies for androidx.viewpager:viewpager:1.0.0 {artifactType=android-classes-jar, asm-transformed-variant=debug} (Thread[#616,Execution worker Thread 2,5,main]) started.
file or directory 'C:\dev\ferify-project\ferify-mobile-app\node_modules\@react-native-voice\voice\android\libs', not found
work action org.gradle.api.internal.artifacts.transform.DefaultTransformUpstreamDependenciesResolver$FinalizeTransformDependenciesFromSelectedArtifacts$CalculateFinalDependencies@7bcfe279 (Thread[#616,Execution worker Thread 2,5,main]) started.
work action Dependencies for androidx.media:media:1.0.0 {artifactType=android-classes-jar, asm-transformed-variant=debug} (Thread[#646,included builds Thread 3,5,main]) started.
file or directory 'C:\dev\ferify-project\ferify-mobile-app\node_modules\@react-native-voice\voice\android\libs', not found
work action org.gradle.api.internal.artifacts.transform.DefaultTransformUpstreamDependenciesResolver$FinalizeTransformDependenciesFromSelectedArtifacts$CalculateFinalDependencies@459aff7f (Thread[#646,included builds Thread 3,5,main]) started.
work action Dependencies for androidx.emoji2:emoji2:1.3.0 {artifactType=android-classes-jar, asm-transformed-variant=debug} (Thread[#646,included builds Thread 3,5,main]) started.
file or directory 'C:\dev\ferify-project\ferify-mobile-app\node_modules\@react-native-voice\voice\android\libs', not found
work action org.gradle.api.internal.artifacts.transform.DefaultTransformUpstreamDependenciesResolver$FinalizeTransformDependenciesFromSelectedArtifacts$CalculateFinalDependencies@2c115334 (Thread[#646,included builds Thread 3,5,main]) started.
work action Dependencies for androidx.emoji2:emoji2-views-helper:1.3.0 {artifactType=android-classes-jar, asm-transformed-variant=debug} (Thread[#646,included builds Thread 3,5,main]) started.
file or directory 'C:\dev\ferify-project\ferify-mobile-app\node_modules\@react-native-voice\voice\android\libs', not found
work action org.gradle.api.internal.artifacts.transform.DefaultTransformUpstreamDependenciesResolver$FinalizeTransformDependenciesFromSelectedArtifacts$CalculateFinalDependencies@5a5faf73 (Thread[#646,included builds Thread 3,5,main]) started.
work action Dependencies for androidx.vectordrawable:vectordrawable:1.1.0 {artifactType=android-classes-jar, asm-transformed-variant=debug} (Thread[#646,included builds Thread 3,5,main]) started.
file or directory 'C:\dev\ferify-project\ferify-mobile-app\node_modules\@react-native-voice\voice\android\libs', not found
work action org.gradle.api.internal.artifacts.transform.DefaultTransformUpstreamDependenciesResolver$FinalizeTransformDependenciesFromSelectedArtifacts$CalculateFinalDependencies@1b88790e (Thread[#646,included builds Thread 3,5,main]) started.
work action Dependencies for androidx.vectordrawable:vectordrawable:1.1.0 {artifactType=android-classes-jar, asm-transformed-variant=debug} (Thread[#646,included builds Thread 3,5,main]) started.
file or directory 'C:\dev\ferify-project\ferify-mobile-app\node_modules\@react-native-voice\voice\android\libs', not found
work action org.gradle.api.internal.artifacts.transform.DefaultTransformUpstreamDependenciesResolver$FinalizeTransformDependenciesFromSelectedArtifacts$CalculateFinalDependencies@4aee5f5f (Thread[#646,included builds Thread 3,5,main]) started.
work action Dependencies for androidx.vectordrawable:vectordrawable-animated:1.1.0 {artifactType=android-classes-jar, asm-transformed-variant=debug} (Thread[#646,included builds Thread 3,5,main]) started.
file or directory 'C:\dev\ferify-project\ferify-mobile-app\node_modules\@react-native-voice\voice\android\libs', not found
work action org.gradle.api.internal.artifacts.transform.DefaultTransformUpstreamDependenciesResolver$FinalizeTransformDependenciesFromSelectedArtifacts$CalculateFinalDependencies@1ebfb5e (Thread[#646,included builds Thread 3,5,main]) started.
work action Dependencies for androidx.drawerlayout:drawerlayout:1.1.1 {artifactType=android-classes-jar, asm-transformed-variant=debug} (Thread[#646,included builds Thread 3,5,main]) started.
file or directory 'C:\dev\ferify-project\ferify-mobile-app\node_modules\@react-native-voice\voice\android\libs', not found
work action org.gradle.api.internal.artifacts.transform.DefaultTransformUpstreamDependenciesResolver$FinalizeTransformDependenciesFromSelectedArtifacts$CalculateFinalDependencies@7124264b (Thread[#646,included builds Thread 3,5,main]) started.
work action Dependencies for androidx.drawerlayout:drawerlayout:1.1.1 {artifactType=android-classes-jar, asm-transformed-variant=debug} (Thread[#646,included builds Thread 3,5,main]) started.
file or directory 'C:\dev\ferify-project\ferify-mobile-app\node_modules\@react-native-voice\voice\android\libs', not found
work action org.gradle.api.internal.artifacts.transform.DefaultTransformUpstreamDependenciesResolver$FinalizeTransformDependenciesFromSelectedArtifacts$CalculateFinalDependencies@6cd4302e (Thread[#646,included builds Thread 3,5,main]) started.
work action Dependencies for androidx.browser:browser:1.6.0 {artifactType=android-classes-jar, asm-transformed-variant=debug} (Thread[#646,included builds Thread 3,5,main]) started.
file or directory 'C:\dev\ferify-project\ferify-mobile-app\node_modules\@react-native-voice\voice\android\libs', not found
work action org.gradle.api.internal.artifacts.transform.DefaultTransformUpstreamDependenciesResolver$FinalizeTransformDependenciesFromSelectedArtifacts$CalculateFinalDependencies@3fa6ea80 (Thread[#646,included builds Thread 3,5,main]) started.
work action Dependencies for androidx.loader:loader:1.1.0 {artifactType=android-classes-jar, asm-transformed-variant=debug} (Thread[#616,Execution worker Thread 2,5,main]) started.
file or directory 'C:\dev\ferify-project\ferify-mobile-app\node_modules\@react-native-voice\voice\android\libs', not found
work action org.gradle.api.internal.artifacts.transform.DefaultTransformUpstreamDependenciesResolver$FinalizeTransformDependenciesFromSelectedArtifacts$CalculateFinalDependencies@1732c7de (Thread[#616,Execution worker Thread 2,5,main]) started.
work action Dependencies for androidx.loader:loader:1.1.0 {artifactType=android-classes-jar, asm-transformed-variant=debug} (Thread[#616,Execution worker Thread 2,5,main]) started.
file or directory 'C:\dev\ferify-project\ferify-mobile-app\node_modules\@react-native-voice\voice\android\libs', not found
work action org.gradle.api.internal.artifacts.transform.DefaultTransformUpstreamDependenciesResolver$FinalizeTransformDependenciesFromSelectedArtifacts$CalculateFinalDependencies@3b2bb507 (Thread[#616,Execution worker Thread 2,5,main]) started.
work action Dependencies for androidx.legacy:legacy-support-core-utils:1.0.0 {artifactType=android-classes-jar, asm-transformed-variant=debug} (Thread[#616,Execution worker Thread 2,5,main]) started.
file or directory 'C:\dev\ferify-project\ferify-mobile-app\node_modules\@react-native-voice\voice\android\libs', not found
work action org.gradle.api.internal.artifacts.transform.DefaultTransformUpstreamDependenciesResolver$FinalizeTransformDependenciesFromSelectedArtifacts$CalculateFinalDependencies@1dd71eae (Thread[#616,Execution worker Thread 2,5,main]) started.
work action Dependencies for androidx.dynamicanimation:dynamicanimation:1.0.0 {artifactType=android-classes-jar, asm-transformed-variant=debug} (Thread[#616,Execution worker Thread 2,5,main]) started.
file or directory 'C:\dev\ferify-project\ferify-mobile-app\node_modules\@react-native-voice\voice\android\libs', not found
work action org.gradle.api.internal.artifacts.transform.DefaultTransformUpstreamDependenciesResolver$FinalizeTransformDependenciesFromSelectedArtifacts$CalculateFinalDependencies@2535e63b (Thread[#616,Execution worker Thread 2,5,main]) started.
work action Dependencies for androidx.transition:transition:1.5.0 {artifactType=android-classes-jar, asm-transformed-variant=debug} (Thread[#616,Execution worker Thread 2,5,main]) started.
file or directory 'C:\dev\ferify-project\ferify-mobile-app\node_modules\@react-native-voice\voice\android\libs', not found
work action org.gradle.api.internal.artifacts.transform.DefaultTransformUpstreamDependenciesResolver$FinalizeTransformDependenciesFromSelectedArtifacts$CalculateFinalDependencies@2fd8a2dd (Thread[#616,Execution worker Thread 2,5,main]) started.
work action Dependencies for androidx.autofill:autofill:1.1.0 {artifactType=android-classes-jar, asm-transformed-variant=debug} (Thread[#616,Execution worker Thread 2,5,main]) started.
file or directory 'C:\dev\ferify-project\ferify-mobile-app\node_modules\@react-native-voice\voice\android\libs', not found
work action org.gradle.api.internal.artifacts.transform.DefaultTransformUpstreamDependenciesResolver$FinalizeTransformDependenciesFromSelectedArtifacts$CalculateFinalDependencies@60bd2467 (Thread[#616,Execution worker Thread 2,5,main]) started.
work action Dependencies for androidx.webkit:webkit:1.4.0 {artifactType=android-classes-jar, asm-transformed-variant=debug} (Thread[#616,Execution worker Thread 2,5,main]) started.
file or directory 'C:\dev\ferify-project\ferify-mobile-app\node_modules\@react-native-voice\voice\android\libs', not found
work action org.gradle.api.internal.artifacts.transform.DefaultTransformUpstreamDependenciesResolver$FinalizeTransformDependenciesFromSelectedArtifacts$CalculateFinalDependencies@37e4f4e9 (Thread[#616,Execution worker Thread 2,5,main]) started.
work action Dependencies for androidx.swiperefreshlayout:swiperefreshlayout:1.1.0 {artifactType=android-classes-jar, asm-transformed-variant=debug} (Thread[#616,Execution worker Thread 2,5,main]) started.
file or directory 'C:\dev\ferify-project\ferify-mobile-app\node_modules\@react-native-voice\voice\android\libs', not found
work action org.gradle.api.internal.artifacts.transform.DefaultTransformUpstreamDependenciesResolver$FinalizeTransformDependenciesFromSelectedArtifacts$CalculateFinalDependencies@5e628aff (Thread[#616,Execution worker Thread 2,5,main]) started.
work action Dependencies for androidx.swiperefreshlayout:swiperefreshlayout:1.1.0 {artifactType=android-classes-jar, asm-transformed-variant=debug} (Thread[#616,Execution worker Thread 2,5,main]) started.
file or directory 'C:\dev\ferify-project\ferify-mobile-app\node_modules\@react-native-voice\voice\android\libs', not found
work action org.gradle.api.internal.artifacts.transform.DefaultTransformUpstreamDependenciesResolver$FinalizeTransformDependenciesFromSelectedArtifacts$CalculateFinalDependencies@42e9bb64 (Thread[#616,Execution worker Thread 2,5,main]) started.
work action Dependencies for androidx.coordinatorlayout:coordinatorlayout:1.2.0 {artifactType=android-classes-jar, asm-transformed-variant=debug} (Thread[#616,Execution worker Thread 2,5,main]) started.
file or directory 'C:\dev\ferify-project\ferify-mobile-app\node_modules\@react-native-voice\voice\android\libs', not found
work action org.gradle.api.internal.artifacts.transform.DefaultTransformUpstreamDependenciesResolver$FinalizeTransformDependenciesFromSelectedArtifacts$CalculateFinalDependencies@680cd95 (Thread[#616,Execution worker Thread 2,5,main]) started.
work action Dependencies for androidx.coordinatorlayout:coordinatorlayout:1.2.0 {artifactType=android-classes-jar, asm-transformed-variant=debug} (Thread[#616,Execution worker Thread 2,5,main]) started.
file or directory 'C:\dev\ferify-project\ferify-mobile-app\node_modules\@react-native-voice\voice\android\libs', not found
work action org.gradle.api.internal.artifacts.transform.DefaultTransformUpstreamDependenciesResolver$FinalizeTransformDependenciesFromSelectedArtifacts$CalculateFinalDependencies@702ac03c (Thread[#616,Execution worker Thread 2,5,main]) started.
work action Dependencies for androidx.legacy:legacy-support-core-ui:1.0.0 {artifactType=android-classes-jar, asm-transformed-variant=debug} (Thread[#616,Execution worker Thread 2,5,main]) started.
file or directory 'C:\dev\ferify-project\ferify-mobile-app\node_modules\@react-native-voice\voice\android\libs', not found
work action org.gradle.api.internal.artifacts.transform.DefaultTransformUpstreamDependenciesResolver$FinalizeTransformDependenciesFromSelectedArtifacts$CalculateFinalDependencies@211a864f (Thread[#615,Execution worker,5,main]) started.
work action Dependencies for org.jetbrains.kotlin:kotlin-reflect:2.0.21 {artifactType=android-classes-jar, asm-transformed-variant=debug} (Thread[#646,included builds Thread 3,5,main]) started.
file or directory 'C:\dev\ferify-project\ferify-mobile-app\node_modules\@react-native-voice\voice\android\libs', not found
work action org.gradle.api.internal.artifacts.transform.DefaultTransformUpstreamDependenciesResolver$FinalizeTransformDependenciesFromSelectedArtifacts$CalculateFinalDependencies@69f3746d (Thread[#646,included builds Thread 3,5,main]) started.
work action Dependencies for org.jetbrains.kotlin:kotlin-stdlib-jdk7:2.0.21 {artifactType=android-classes-jar, asm-transformed-variant=debug} (Thread[#646,included builds Thread 3,5,main]) started.
file or directory 'C:\dev\ferify-project\ferify-mobile-app\node_modules\@react-native-voice\voice\android\libs', not found
work action org.gradle.api.internal.artifacts.transform.DefaultTransformUpstreamDependenciesResolver$FinalizeTransformDependenciesFromSelectedArtifacts$CalculateFinalDependencies@48dca828 (Thread[#646,included builds Thread 3,5,main]) started.
work action Dependencies for org.jetbrains.kotlin:kotlin-stdlib-jdk8:1.9.10 {artifactType=android-classes-jar, asm-transformed-variant=debug} (Thread[#646,included builds Thread 3,5,main]) started.
file or directory 'C:\dev\ferify-project\ferify-mobile-app\node_modules\@react-native-voice\voice\android\libs', not found
work action org.gradle.api.internal.artifacts.transform.DefaultTransformUpstreamDependenciesResolver$FinalizeTransformDependenciesFromSelectedArtifacts$CalculateFinalDependencies@650a81c6 (Thread[#646,included builds Thread 3,5,main]) started.
work action Dependencies for co.touchlab:stately-strict-jvm:2.0.6 {artifactType=android-classes-jar, asm-transformed-variant=debug} (Thread[#646,included builds Thread 3,5,main]) started.
file or directory 'C:\dev\ferify-project\ferify-mobile-app\node_modules\@react-native-voice\voice\android\libs', not found
work action org.gradle.api.internal.artifacts.transform.DefaultTransformUpstreamDependenciesResolver$FinalizeTransformDependenciesFromSelectedArtifacts$CalculateFinalDependencies@3799eb85 (Thread[#646,included builds Thread 3,5,main]) started.
work action Dependencies for co.touchlab:stately-concurrency-jvm:2.0.6 {artifactType=android-classes-jar, asm-transformed-variant=debug} (Thread[#646,included builds Thread 3,5,main]) started.
file or directory 'C:\dev\ferify-project\ferify-mobile-app\node_modules\@react-native-voice\voice\android\libs', not found
work action org.gradle.api.internal.artifacts.transform.DefaultTransformUpstreamDependenciesResolver$FinalizeTransformDependenciesFromSelectedArtifacts$CalculateFinalDependencies@2ca0bf9f (Thread[#616,Execution worker Thread 2,5,main]) started.
work action Dependencies for co.touchlab:stately-concurrent-collections-jvm:2.0.6 {artifactType=android-classes-jar, asm-transformed-variant=debug} (Thread[#616,Execution worker Thread 2,5,main]) started.
file or directory 'C:\dev\ferify-project\ferify-mobile-app\node_modules\@react-native-voice\voice\android\libs', not found
work action org.gradle.api.internal.artifacts.transform.DefaultTransformUpstreamDependenciesResolver$FinalizeTransformDependenciesFromSelectedArtifacts$CalculateFinalDependencies@39f4c1d4 (Thread[#616,Execution worker Thread 2,5,main]) started.
work action Dependencies for io.insert-koin:koin-core-jvm:3.5.6 {artifactType=android-classes-jar, asm-transformed-variant=debug} (Thread[#616,Execution worker Thread 2,5,main]) started.
file or directory 'C:\dev\ferify-project\ferify-mobile-app\node_modules\@react-native-voice\voice\android\libs', not found
work action org.gradle.api.internal.artifacts.transform.DefaultTransformUpstreamDependenciesResolver$FinalizeTransformDependenciesFromSelectedArtifacts$CalculateFinalDependencies@51a2137 (Thread[#616,Execution worker Thread 2,5,main]) started.
work action Dependencies for host.exp.exponent:expo.modules.webbrowser:14.2.0 {artifactType=android-classes-jar, asm-transformed-variant=debug} (Thread[#616,Execution worker Thread 2,5,main]) started.
file or directory 'C:\dev\ferify-project\ferify-mobile-app\node_modules\@react-native-voice\voice\android\libs', not found
work action org.gradle.api.internal.artifacts.transform.DefaultTransformUpstreamDependenciesResolver$FinalizeTransformDependenciesFromSelectedArtifacts$CalculateFinalDependencies@6c3bc5bf (Thread[#616,Execution worker Thread 2,5,main]) started.
work action Dependencies for host.exp.exponent:expo.modules.linking:7.1.7 {artifactType=android-classes-jar, asm-transformed-variant=debug} (Thread[#616,Execution worker Thread 2,5,main]) started.
file or directory 'C:\dev\ferify-project\ferify-mobile-app\node_modules\@react-native-voice\voice\android\libs', not found
work action org.gradle.api.internal.artifacts.transform.DefaultTransformUpstreamDependenciesResolver$FinalizeTransformDependenciesFromSelectedArtifacts$CalculateFinalDependencies@1310af69 (Thread[#616,Execution worker Thread 2,5,main]) started.
work action Dependencies for host.exp.exponent:expo.modules.keepawake:14.1.4 {artifactType=android-classes-jar, asm-transformed-variant=debug} (Thread[#616,Execution worker Thread 2,5,main]) started.
file or directory 'C:\dev\ferify-project\ferify-mobile-app\node_modules\@react-native-voice\voice\android\libs', not found
work action org.gradle.api.internal.artifacts.transform.DefaultTransformUpstreamDependenciesResolver$FinalizeTransformDependenciesFromSelectedArtifacts$CalculateFinalDependencies@e0ef328 (Thread[#616,Execution worker Thread 2,5,main]) started.
work action Dependencies for host.exp.exponent:expo.modules.haptics:14.1.4 {artifactType=android-classes-jar, asm-transformed-variant=debug} (Thread[#616,Execution worker Thread 2,5,main]) started.
file or directory 'C:\dev\ferify-project\ferify-mobile-app\node_modules\@react-native-voice\voice\android\libs', not found
work action org.gradle.api.internal.artifacts.transform.DefaultTransformUpstreamDependenciesResolver$FinalizeTransformDependenciesFromSelectedArtifacts$CalculateFinalDependencies@567db09b (Thread[#616,Execution worker Thread 2,5,main]) started.
work action Dependencies for host.exp.exponent:expo.modules.crypto:14.1.5 {artifactType=android-classes-jar, asm-transformed-variant=debug} (Thread[#616,Execution worker Thread 2,5,main]) started.
file or directory 'C:\dev\ferify-project\ferify-mobile-app\node_modules\@react-native-voice\voice\android\libs', not found
work action org.gradle.api.internal.artifacts.transform.DefaultTransformUpstreamDependenciesResolver$FinalizeTransformDependenciesFromSelectedArtifacts$CalculateFinalDependencies@457f4e3 (Thread[#616,Execution worker Thread 2,5,main]) started.
work action Dependencies for host.exp.exponent:expo.modules.blur:14.1.5 {artifactType=android-classes-jar, asm-transformed-variant=debug} (Thread[#616,Execution worker Thread 2,5,main]) started.
file or directory 'C:\dev\ferify-project\ferify-mobile-app\node_modules\@react-native-voice\voice\android\libs', not found
work action org.gradle.api.internal.artifacts.transform.DefaultTransformUpstreamDependenciesResolver$FinalizeTransformDependenciesFromSelectedArtifacts$CalculateFinalDependencies@261135f8 (Thread[#616,Execution worker Thread 2,5,main]) started.
work action Dependencies for expo.modules.asset:expo.modules.asset:11.1.7 {artifactType=android-classes-jar, asm-transformed-variant=debug} (Thread[#616,Execution worker Thread 2,5,main]) started.
file or directory 'C:\dev\ferify-project\ferify-mobile-app\node_modules\@react-native-voice\voice\android\libs', not found
work action org.gradle.api.internal.artifacts.transform.DefaultTransformUpstreamDependenciesResolver$FinalizeTransformDependenciesFromSelectedArtifacts$CalculateFinalDependencies@1ea90337 (Thread[#616,Execution worker Thread 2,5,main]) started.
work action Dependencies for host.exp.exponent:expo.modules.application:6.1.5 {artifactType=android-classes-jar, asm-transformed-variant=debug} (Thread[#616,Execution worker Thread 2,5,main]) started.
file or directory 'C:\dev\ferify-project\ferify-mobile-app\node_modules\@react-native-voice\voice\android\libs', not found
work action org.gradle.api.internal.artifacts.transform.DefaultTransformUpstreamDependenciesResolver$FinalizeTransformDependenciesFromSelectedArtifacts$CalculateFinalDependencies@4d95acdb (Thread[#616,Execution worker Thread 2,5,main]) started.
work action Dependencies for com.facebook.fresco:fbcore:3.6.0 {artifactType=android-classes-jar, asm-transformed-variant=debug} (Thread[#616,Execution worker Thread 2,5,main]) started.
file or directory 'C:\dev\ferify-project\ferify-mobile-app\node_modules\@react-native-voice\voice\android\libs', not found
work action org.gradle.api.internal.artifacts.transform.DefaultTransformUpstreamDependenciesResolver$FinalizeTransformDependenciesFromSelectedArtifacts$CalculateFinalDependencies@2ab94388 (Thread[#616,Execution worker Thread 2,5,main]) started.
work action Dependencies for com.facebook.fresco:soloader:3.6.0 {artifactType=android-classes-jar, asm-transformed-variant=debug} (Thread[#616,Execution worker Thread 2,5,main]) started.
file or directory 'C:\dev\ferify-project\ferify-mobile-app\node_modules\@react-native-voice\voice\android\libs', not found
work action org.gradle.api.internal.artifacts.transform.DefaultTransformUpstreamDependenciesResolver$FinalizeTransformDependenciesFromSelectedArtifacts$CalculateFinalDependencies@1f56af55 (Thread[#616,Execution worker Thread 2,5,main]) started.
work action Dependencies for com.squareup.okio:okio:2.9.0 {artifactType=android-classes-jar, asm-transformed-variant=debug} (Thread[#616,Execution worker Thread 2,5,main]) started.
file or directory 'C:\dev\ferify-project\ferify-mobile-app\node_modules\@react-native-voice\voice\android\libs', not found
work action org.gradle.api.internal.artifacts.transform.DefaultTransformUpstreamDependenciesResolver$FinalizeTransformDependenciesFromSelectedArtifacts$CalculateFinalDependencies@6ddaf9be (Thread[#616,Execution worker Thread 2,5,main]) started.
work action Dependencies for com.squareup.okhttp3:okhttp:4.9.2 {artifactType=android-classes-jar, asm-transformed-variant=debug} (Thread[#616,Execution worker Thread 2,5,main]) started.
file or directory 'C:\dev\ferify-project\ferify-mobile-app\node_modules\@react-native-voice\voice\android\libs', not found
work action org.gradle.api.internal.artifacts.transform.DefaultTransformUpstreamDependenciesResolver$FinalizeTransformDependenciesFromSelectedArtifacts$CalculateFinalDependencies@4f23765 (Thread[#646,included builds Thread 3,5,main]) started.
work action Dependencies for com.squareup.okhttp3:okhttp-urlconnection:4.9.2 {artifactType=android-classes-jar, asm-transformed-variant=debug} (Thread[#646,included builds Thread 3,5,main]) started.
file or directory 'C:\dev\ferify-project\ferify-mobile-app\node_modules\@react-native-voice\voice\android\libs', not found
work action org.gradle.api.internal.artifacts.transform.DefaultTransformUpstreamDependenciesResolver$FinalizeTransformDependenciesFromSelectedArtifacts$CalculateFinalDependencies@62cc0f31 (Thread[#646,included builds Thread 3,5,main]) started.
work action Dependencies for com.facebook.fresco:ui-common:3.6.0 {artifactType=android-classes-jar, asm-transformed-variant=debug} (Thread[#646,included builds Thread 3,5,main]) started.
file or directory 'C:\dev\ferify-project\ferify-mobile-app\node_modules\@react-native-voice\voice\android\libs', not found
work action org.gradle.api.internal.artifacts.transform.DefaultTransformUpstreamDependenciesResolver$FinalizeTransformDependenciesFromSelectedArtifacts$CalculateFinalDependencies@5223b011 (Thread[#646,included builds Thread 3,5,main]) started.
work action Dependencies for com.facebook.fresco:middleware:3.6.0 {artifactType=android-classes-jar, asm-transformed-variant=debug} (Thread[#646,included builds Thread 3,5,main]) started.
file or directory 'C:\dev\ferify-project\ferify-mobile-app\node_modules\@react-native-voice\voice\android\libs', not found
work action org.gradle.api.internal.artifacts.transform.DefaultTransformUpstreamDependenciesResolver$FinalizeTransformDependenciesFromSelectedArtifacts$CalculateFinalDependencies@69c65879 (Thread[#646,included builds Thread 3,5,main]) started.
work action Dependencies for com.facebook.fresco:vito-source:3.6.0 {artifactType=android-classes-jar, asm-transformed-variant=debug} (Thread[#646,included builds Thread 3,5,main]) started.
file or directory 'C:\dev\ferify-project\ferify-mobile-app\node_modules\@react-native-voice\voice\android\libs', not found
work action org.gradle.api.internal.artifacts.transform.DefaultTransformUpstreamDependenciesResolver$FinalizeTransformDependenciesFromSelectedArtifacts$CalculateFinalDependencies@38477c66 (Thread[#646,included builds Thread 3,5,main]) started.
work action Dependencies for com.facebook.fresco:urimod:3.6.0 {artifactType=android-classes-jar, asm-transformed-variant=debug} (Thread[#646,included builds Thread 3,5,main]) started.
file or directory 'C:\dev\ferify-project\ferify-mobile-app\node_modules\@react-native-voice\voice\android\libs', not found
work action org.gradle.api.internal.artifacts.transform.DefaultTransformUpstreamDependenciesResolver$FinalizeTransformDependenciesFromSelectedArtifacts$CalculateFinalDependencies@2dcd9dd3 (Thread[#646,included builds Thread 3,5,main]) started.
work action Dependencies for com.facebook.fresco:imagepipeline-base:3.6.0 {artifactType=android-classes-jar, asm-transformed-variant=debug} (Thread[#646,included builds Thread 3,5,main]) started.
file or directory 'C:\dev\ferify-project\ferify-mobile-app\node_modules\@react-native-voice\voice\android\libs', not found
work action org.gradle.api.internal.artifacts.transform.DefaultTransformUpstreamDependenciesResolver$FinalizeTransformDependenciesFromSelectedArtifacts$CalculateFinalDependencies@10a173ae (Thread[#646,included builds Thread 3,5,main]) started.
work action Dependencies for com.facebook.fresco:nativeimagetranscoder:3.6.0 {artifactType=android-classes-jar, asm-transformed-variant=debug} (Thread[#646,included builds Thread 3,5,main]) started.
file or directory 'C:\dev\ferify-project\ferify-mobile-app\node_modules\@react-native-voice\voice\android\libs', not found
work action org.gradle.api.internal.artifacts.transform.DefaultTransformUpstreamDependenciesResolver$FinalizeTransformDependenciesFromSelectedArtifacts$CalculateFinalDependencies@74d3b39c (Thread[#646,included builds Thread 3,5,main]) started.
work action Dependencies for com.facebook.fresco:imagepipeline:3.6.0 {artifactType=android-classes-jar, asm-transformed-variant=debug} (Thread[#646,included builds Thread 3,5,main]) started.
file or directory 'C:\dev\ferify-project\ferify-mobile-app\node_modules\@react-native-voice\voice\android\libs', not found
work action org.gradle.api.internal.artifacts.transform.DefaultTransformUpstreamDependenciesResolver$FinalizeTransformDependenciesFromSelectedArtifacts$CalculateFinalDependencies@3e205c17 (Thread[#646,included builds Thread 3,5,main]) started.
work action Dependencies for com.facebook.fresco:memory-type-ashmem:3.6.0 {artifactType=android-classes-jar, asm-transformed-variant=debug} (Thread[#646,included builds Thread 3,5,main]) started.
file or directory 'C:\dev\ferify-project\ferify-mobile-app\node_modules\@react-native-voice\voice\android\libs', not found
work action org.gradle.api.internal.artifacts.transform.DefaultTransformUpstreamDependenciesResolver$FinalizeTransformDependenciesFromSelectedArtifacts$CalculateFinalDependencies@67102b6 (Thread[#646,included builds Thread 3,5,main]) started.
work action Dependencies for com.facebook.fresco:imagepipeline-native:3.6.0 {artifactType=android-classes-jar, asm-transformed-variant=debug} (Thread[#646,included builds Thread 3,5,main]) started.
file or directory 'C:\dev\ferify-project\ferify-mobile-app\node_modules\@react-native-voice\voice\android\libs', not found
work action org.gradle.api.internal.artifacts.transform.DefaultTransformUpstreamDependenciesResolver$FinalizeTransformDependenciesFromSelectedArtifacts$CalculateFinalDependencies@2031a598 (Thread[#646,included builds Thread 3,5,main]) started.
work action Dependencies for com.facebook.fresco:memory-type-java:3.6.0 {artifactType=android-classes-jar, asm-transformed-variant=debug} (Thread[#646,included builds Thread 3,5,main]) started.
file or directory 'C:\dev\ferify-project\ferify-mobile-app\node_modules\@react-native-voice\voice\android\libs', not found
work action org.gradle.api.internal.artifacts.transform.DefaultTransformUpstreamDependenciesResolver$FinalizeTransformDependenciesFromSelectedArtifacts$CalculateFinalDependencies@17ce9fd3 (Thread[#646,included builds Thread 3,5,main]) started.
work action Dependencies for com.facebook.fresco:memory-type-native:3.6.0 {artifactType=android-classes-jar, asm-transformed-variant=debug} (Thread[#646,included builds Thread 3,5,main]) started.
file or directory 'C:\dev\ferify-project\ferify-mobile-app\node_modules\@react-native-voice\voice\android\libs', not found
work action org.gradle.api.internal.artifacts.transform.DefaultTransformUpstreamDependenciesResolver$FinalizeTransformDependenciesFromSelectedArtifacts$CalculateFinalDependencies@3f00a2e9 (Thread[#646,included builds Thread 3,5,main]) started.
work action Dependencies for com.facebook.fresco:nativeimagefilters:3.6.0 {artifactType=android-classes-jar, asm-transformed-variant=debug} (Thread[#646,included builds Thread 3,5,main]) started.
file or directory 'C:\dev\ferify-project\ferify-mobile-app\node_modules\@react-native-voice\voice\android\libs', not found
work action org.gradle.api.internal.artifacts.transform.DefaultTransformUpstreamDependenciesResolver$FinalizeTransformDependenciesFromSelectedArtifacts$CalculateFinalDependencies@3c1cc91a (Thread[#615,Execution worker,5,main]) started.
work action Dependencies for com.facebook.fresco:drawee:3.6.0 {artifactType=android-classes-jar, asm-transformed-variant=debug} (Thread[#615,Execution worker,5,main]) started.
file or directory 'C:\dev\ferify-project\ferify-mobile-app\node_modules\@react-native-voice\voice\android\libs', not found
work action org.gradle.api.internal.artifacts.transform.DefaultTransformUpstreamDependenciesResolver$FinalizeTransformDependenciesFromSelectedArtifacts$CalculateFinalDependencies@39d9113e (Thread[#615,Execution worker,5,main]) started.
work action Dependencies for com.facebook.fresco:vito-options:3.6.0 {artifactType=android-classes-jar, asm-transformed-variant=debug} (Thread[#615,Execution worker,5,main]) started.
file or directory 'C:\dev\ferify-project\ferify-mobile-app\node_modules\@react-native-voice\voice\android\libs', not found
work action org.gradle.api.internal.artifacts.transform.DefaultTransformUpstreamDependenciesResolver$FinalizeTransformDependenciesFromSelectedArtifacts$CalculateFinalDependencies@3a374616 (Thread[#615,Execution worker,5,main]) started.
work action Dependencies for com.facebook.fresco:animated-drawable:3.6.0 {artifactType=android-classes-jar, asm-transformed-variant=debug} (Thread[#615,Execution worker,5,main]) started.
file or directory 'C:\dev\ferify-project\ferify-mobile-app\node_modules\@react-native-voice\voice\android\libs', not found
work action org.gradle.api.internal.artifacts.transform.DefaultTransformUpstreamDependenciesResolver$FinalizeTransformDependenciesFromSelectedArtifacts$CalculateFinalDependencies@3f19654b (Thread[#646,included builds Thread 3,5,main]) started.
work action Dependencies for com.facebook.fresco:animated-base:3.6.0 {artifactType=android-classes-jar, asm-transformed-variant=debug} (Thread[#646,included builds Thread 3,5,main]) started.
file or directory 'C:\dev\ferify-project\ferify-mobile-app\node_modules\@react-native-voice\voice\android\libs', not found
work action org.gradle.api.internal.artifacts.transform.DefaultTransformUpstreamDependenciesResolver$FinalizeTransformDependenciesFromSelectedArtifacts$CalculateFinalDependencies@24383c2d (Thread[#646,included builds Thread 3,5,main]) started.
work action Dependencies for com.facebook.fresco:animated-gif:3.6.0 {artifactType=android-classes-jar, asm-transformed-variant=debug} (Thread[#646,included builds Thread 3,5,main]) started.
file or directory 'C:\dev\ferify-project\ferify-mobile-app\node_modules\@react-native-voice\voice\android\libs', not found
work action org.gradle.api.internal.artifacts.transform.DefaultTransformUpstreamDependenciesResolver$FinalizeTransformDependenciesFromSelectedArtifacts$CalculateFinalDependencies@3deff857 (Thread[#646,included builds Thread 3,5,main]) started.
work action Dependencies for com.facebook.fresco:webpsupport:3.6.0 {artifactType=android-classes-jar, asm-transformed-variant=debug} (Thread[#646,included builds Thread 3,5,main]) started.
file or directory 'C:\dev\ferify-project\ferify-mobile-app\node_modules\@react-native-voice\voice\android\libs', not found
work action org.gradle.api.internal.artifacts.transform.DefaultTransformUpstreamDependenciesResolver$FinalizeTransformDependenciesFromSelectedArtifacts$CalculateFinalDependencies@3d7d20d0 (Thread[#646,included builds Thread 3,5,main]) started.
work action Dependencies for com.facebook.fresco:imagepipeline-okhttp3:3.6.0 {artifactType=android-classes-jar, asm-transformed-variant=debug} (Thread[#646,included builds Thread 3,5,main]) started.
file or directory 'C:\dev\ferify-project\ferify-mobile-app\node_modules\@react-native-voice\voice\android\libs', not found
work action org.gradle.api.internal.artifacts.transform.DefaultTransformUpstreamDependenciesResolver$FinalizeTransformDependenciesFromSelectedArtifacts$CalculateFinalDependencies@527f161c (Thread[#646,included builds Thread 3,5,main]) started.
work action Dependencies for com.facebook.fresco:fresco:3.6.0 {artifactType=android-classes-jar, asm-transformed-variant=debug} (Thread[#646,included builds Thread 3,5,main]) started.
file or directory 'C:\dev\ferify-project\ferify-mobile-app\node_modules\@react-native-voice\voice\android\libs', not found
work action org.gradle.api.internal.artifacts.transform.DefaultTransformUpstreamDependenciesResolver$FinalizeTransformDependenciesFromSelectedArtifacts$CalculateFinalDependencies@642230f7 (Thread[#646,included builds Thread 3,5,main]) started.
work action Dependencies for androidx.fragment:fragment-ktx:1.6.1 {artifactType=android-classes-jar, asm-transformed-variant=debug} (Thread[#646,included builds Thread 3,5,main]) started.
file or directory 'C:\dev\ferify-project\ferify-mobile-app\node_modules\@react-native-voice\voice\android\libs', not found
work action org.gradle.api.internal.artifacts.transform.DefaultTransformUpstreamDependenciesResolver$FinalizeTransformDependenciesFromSelectedArtifacts$CalculateFinalDependencies@41b9efa7 (Thread[#646,included builds Thread 3,5,main]) started.
work action Dependencies for androidx.fragment:fragment:1.6.1 {artifactType=android-classes-jar, asm-transformed-variant=debug} (Thread[#646,included builds Thread 3,5,main]) started.
file or directory 'C:\dev\ferify-project\ferify-mobile-app\node_modules\@react-native-voice\voice\android\libs', not found
work action org.gradle.api.internal.artifacts.transform.DefaultTransformUpstreamDependenciesResolver$FinalizeTransformDependenciesFromSelectedArtifacts$CalculateFinalDependencies@7db0cb87 (Thread[#646,included builds Thread 3,5,main]) started.
work action Dependencies for androidx.fragment:fragment:1.6.1 {artifactType=android-classes-jar, asm-transformed-variant=debug} (Thread[#646,included builds Thread 3,5,main]) started.
file or directory 'C:\dev\ferify-project\ferify-mobile-app\node_modules\@react-native-voice\voice\android\libs', not found
work action org.gradle.api.internal.artifacts.transform.DefaultTransformUpstreamDependenciesResolver$FinalizeTransformDependenciesFromSelectedArtifacts$CalculateFinalDependencies@687a2bb8 (Thread[#646,included builds Thread 3,5,main]) started.
work action Dependencies for androidx.viewpager2:viewpager2:1.0.0 {artifactType=android-classes-jar, asm-transformed-variant=debug} (Thread[#646,included builds Thread 3,5,main]) started.
file or directory 'C:\dev\ferify-project\ferify-mobile-app\node_modules\@react-native-voice\voice\android\libs', not found
work action org.gradle.api.internal.artifacts.transform.DefaultTransformUpstreamDependenciesResolver$FinalizeTransformDependenciesFromSelectedArtifacts$CalculateFinalDependencies@4de67acf (Thread[#646,included builds Thread 3,5,main]) started.
work action Dependencies for androidx.legacy:legacy-support-v4:1.0.0 {artifactType=android-classes-jar, asm-transformed-variant=debug} (Thread[#646,included builds Thread 3,5,main]) started.
file or directory 'C:\dev\ferify-project\ferify-mobile-app\node_modules\@react-native-voice\voice\android\libs', not found
work action org.gradle.api.internal.artifacts.transform.DefaultTransformUpstreamDependenciesResolver$FinalizeTransformDependenciesFromSelectedArtifacts$CalculateFinalDependencies@30686797 (Thread[#616,Execution worker Thread 2,5,main]) started.
work action Dependencies for host.exp.exponent:expo.modules.filesystem:18.1.11 {artifactType=android-classes-jar, asm-transformed-variant=debug} (Thread[#616,Execution worker Thread 2,5,main]) started.
file or directory 'C:\dev\ferify-project\ferify-mobile-app\node_modules\@react-native-voice\voice\android\libs', not found
work action org.gradle.api.internal.artifacts.transform.DefaultTransformUpstreamDependenciesResolver$FinalizeTransformDependenciesFromSelectedArtifacts$CalculateFinalDependencies@bc8e3b (Thread[#615,Execution worker,5,main]) started.
work action Dependencies for com.github.bumptech.glide:glide:4.16.0 {artifactType=android-classes-jar, asm-transformed-variant=debug} (Thread[#615,Execution worker,5,main]) started.
file or directory 'C:\dev\ferify-project\ferify-mobile-app\node_modules\@react-native-voice\voice\android\libs', not found
work action org.gradle.api.internal.artifacts.transform.DefaultTransformUpstreamDependenciesResolver$FinalizeTransformDependenciesFromSelectedArtifacts$CalculateFinalDependencies@6a6f5bcb (Thread[#615,Execution worker,5,main]) started.
work action Dependencies for com.github.bumptech.glide:okhttp3-integration:4.11.0 {artifactType=android-classes-jar, asm-transformed-variant=debug} (Thread[#615,Execution worker,5,main]) started.
file or directory 'C:\dev\ferify-project\ferify-mobile-app\node_modules\@react-native-voice\voice\android\libs', not found
work action org.gradle.api.internal.artifacts.transform.DefaultTransformUpstreamDependenciesResolver$FinalizeTransformDependenciesFromSelectedArtifacts$CalculateFinalDependencies@2f47282 (Thread[#615,Execution worker,5,main]) started.
work action Dependencies for jp.wasabeef:glide-transformations:4.3.0 {artifactType=android-classes-jar, asm-transformed-variant=debug} (Thread[#615,Execution worker,5,main]) started.
file or directory 'C:\dev\ferify-project\ferify-mobile-app\node_modules\@react-native-voice\voice\android\libs', not found
work action org.gradle.api.internal.artifacts.transform.DefaultTransformUpstreamDependenciesResolver$FinalizeTransformDependenciesFromSelectedArtifacts$CalculateFinalDependencies@3f3e921e (Thread[#615,Execution worker,5,main]) started.
work action Dependencies for com.github.bumptech.glide:avif-integration:4.16.0 {artifactType=android-classes-jar, asm-transformed-variant=debug} (Thread[#615,Execution worker,5,main]) started.
file or directory 'C:\dev\ferify-project\ferify-mobile-app\node_modules\@react-native-voice\voice\android\libs', not found
work action org.gradle.api.internal.artifacts.transform.DefaultTransformUpstreamDependenciesResolver$FinalizeTransformDependenciesFromSelectedArtifacts$CalculateFinalDependencies@7d7b3f9d (Thread[#646,included builds Thread 3,5,main]) started.
work action Dependencies for androidx.lifecycle:lifecycle-extensions:2.2.0 {artifactType=android-classes-jar, asm-transformed-variant=debug} (Thread[#646,included builds Thread 3,5,main]) started.
file or directory 'C:\dev\ferify-project\ferify-mobile-app\node_modules\@react-native-voice\voice\android\libs', not found
work action org.gradle.api.internal.artifacts.transform.DefaultTransformUpstreamDependenciesResolver$FinalizeTransformDependenciesFromSelectedArtifacts$CalculateFinalDependencies@422b8530 (Thread[#616,Execution worker Thread 2,5,main]) started.
work action Dependencies for com.google.android.gms:play-services-basement:18.5.0 {artifactType=android-classes-jar, asm-transformed-variant=debug} (Thread[#616,Execution worker Thread 2,5,main]) started.
file or directory 'C:\dev\ferify-project\ferify-mobile-app\node_modules\@react-native-voice\voice\android\libs', not found
work action org.gradle.api.internal.artifacts.transform.DefaultTransformUpstreamDependenciesResolver$FinalizeTransformDependenciesFromSelectedArtifacts$CalculateFinalDependencies@2a938666 (Thread[#616,Execution worker Thread 2,5,main]) started.
work action Dependencies for com.google.android.gms:play-services-tasks:18.2.0 {artifactType=android-classes-jar, asm-transformed-variant=debug} (Thread[#616,Execution worker Thread 2,5,main]) started.
file or directory 'C:\dev\ferify-project\ferify-mobile-app\node_modules\@react-native-voice\voice\android\libs', not found
work action org.gradle.api.internal.artifacts.transform.DefaultTransformUpstreamDependenciesResolver$FinalizeTransformDependenciesFromSelectedArtifacts$CalculateFinalDependencies@78b61e42 (Thread[#616,Execution worker Thread 2,5,main]) started.
work action Dependencies for com.google.android.gms:play-services-base:18.5.0 {artifactType=android-classes-jar, asm-transformed-variant=debug} (Thread[#616,Execution worker Thread 2,5,main]) started.
file or directory 'C:\dev\ferify-project\ferify-mobile-app\node_modules\@react-native-voice\voice\android\libs', not found
work action org.gradle.api.internal.artifacts.transform.DefaultTransformUpstreamDependenciesResolver$FinalizeTransformDependenciesFromSelectedArtifacts$CalculateFinalDependencies@7dd59d9f (Thread[#616,Execution worker Thread 2,5,main]) started.
work action Dependencies for com.google.android.gms:play-services-location:21.0.1 {artifactType=android-classes-jar, asm-transformed-variant=debug} (Thread[#616,Execution worker Thread 2,5,main]) started.
file or directory 'C:\dev\ferify-project\ferify-mobile-app\node_modules\@react-native-voice\voice\android\libs', not found
work action org.gradle.api.internal.artifacts.transform.DefaultTransformUpstreamDependenciesResolver$FinalizeTransformDependenciesFromSelectedArtifacts$CalculateFinalDependencies@441d9618 (Thread[#616,Execution worker Thread 2,5,main]) started.
work action Dependencies for host.exp.exponent:expo.modules.location:18.1.6 {artifactType=android-classes-jar, asm-transformed-variant=debug} (Thread[#616,Execution worker Thread 2,5,main]) started.
file or directory 'C:\dev\ferify-project\ferify-mobile-app\node_modules\@react-native-voice\voice\android\libs', not found
work action org.gradle.api.internal.artifacts.transform.DefaultTransformUpstreamDependenciesResolver$FinalizeTransformDependenciesFromSelectedArtifacts$CalculateFinalDependencies@4a101a68 (Thread[#616,Execution worker Thread 2,5,main]) started.
work action Dependencies for com.google.android.gms:play-services-fido:20.0.1 {artifactType=android-classes-jar, asm-transformed-variant=debug} (Thread[#616,Execution worker Thread 2,5,main]) started.
file or directory 'C:\dev\ferify-project\ferify-mobile-app\node_modules\@react-native-voice\voice\android\libs', not found
work action org.gradle.api.internal.artifacts.transform.DefaultTransformUpstreamDependenciesResolver$FinalizeTransformDependenciesFromSelectedArtifacts$CalculateFinalDependencies@11457c68 (Thread[#616,Execution worker Thread 2,5,main]) started.
work action Dependencies for com.google.android.gms:play-services-auth-base:18.0.10 {artifactType=android-classes-jar, asm-transformed-variant=debug} (Thread[#616,Execution worker Thread 2,5,main]) started.
file or directory 'C:\dev\ferify-project\ferify-mobile-app\node_modules\@react-native-voice\voice\android\libs', not found
work action org.gradle.api.internal.artifacts.transform.DefaultTransformUpstreamDependenciesResolver$FinalizeTransformDependenciesFromSelectedArtifacts$CalculateFinalDependencies@9c4dc40 (Thread[#616,Execution worker Thread 2,5,main]) started.
work action Dependencies for com.google.android.gms:play-services-auth-api-phone:18.0.2 {artifactType=android-classes-jar, asm-transformed-variant=debug} (Thread[#616,Execution worker Thread 2,5,main]) started.
file or directory 'C:\dev\ferify-project\ferify-mobile-app\node_modules\@react-native-voice\voice\android\libs', not found
work action org.gradle.api.internal.artifacts.transform.DefaultTransformUpstreamDependenciesResolver$FinalizeTransformDependenciesFromSelectedArtifacts$CalculateFinalDependencies@2678485d (Thread[#616,Execution worker Thread 2,5,main]) started.
work action Dependencies for androidx.appcompat:appcompat:1.7.0 {artifactType=android-classes-jar, asm-transformed-variant=debug} (Thread[#616,Execution worker Thread 2,5,main]) started.
file or directory 'C:\dev\ferify-project\ferify-mobile-app\node_modules\@react-native-voice\voice\android\libs', not found
work action org.gradle.api.internal.artifacts.transform.DefaultTransformUpstreamDependenciesResolver$FinalizeTransformDependenciesFromSelectedArtifacts$CalculateFinalDependencies@6d6d2624 (Thread[#616,Execution worker Thread 2,5,main]) started.
work action Dependencies for com.github.penfeizhou.android.animation:frameanimation:3.0.5 {artifactType=android-classes-jar, asm-transformed-variant=debug} (Thread[#616,Execution worker Thread 2,5,main]) started.
file or directory 'C:\dev\ferify-project\ferify-mobile-app\node_modules\@react-native-voice\voice\android\libs', not found
work action org.gradle.api.internal.artifacts.transform.DefaultTransformUpstreamDependenciesResolver$FinalizeTransformDependenciesFromSelectedArtifacts$CalculateFinalDependencies@7a6977b6 (Thread[#616,Execution worker Thread 2,5,main]) started.
work action Dependencies for com.github.penfeizhou.android.animation:avif:3.0.5 {artifactType=android-classes-jar, asm-transformed-variant=debug} (Thread[#615,Execution worker,5,main]) started.
file or directory 'C:\dev\ferify-project\ferify-mobile-app\node_modules\@react-native-voice\voice\android\libs', not found
work action org.gradle.api.internal.artifacts.transform.DefaultTransformUpstreamDependenciesResolver$FinalizeTransformDependenciesFromSelectedArtifacts$CalculateFinalDependencies@2baaeeae (Thread[#615,Execution worker,5,main]) started.
work action Dependencies for com.github.penfeizhou.android.animation:gif:3.0.5 {artifactType=android-classes-jar, asm-transformed-variant=debug} (Thread[#615,Execution worker,5,main]) started.
file or directory 'C:\dev\ferify-project\ferify-mobile-app\node_modules\@react-native-voice\voice\android\libs', not found
work action org.gradle.api.internal.artifacts.transform.DefaultTransformUpstreamDependenciesResolver$FinalizeTransformDependenciesFromSelectedArtifacts$CalculateFinalDependencies@116219b6 (Thread[#615,Execution worker,5,main]) started.
work action Dependencies for com.github.penfeizhou.android.animation:apng:3.0.5 {artifactType=android-classes-jar, asm-transformed-variant=debug} (Thread[#615,Execution worker,5,main]) started.
file or directory 'C:\dev\ferify-project\ferify-mobile-app\node_modules\@react-native-voice\voice\android\libs', not found
work action org.gradle.api.internal.artifacts.transform.DefaultTransformUpstreamDependenciesResolver$FinalizeTransformDependenciesFromSelectedArtifacts$CalculateFinalDependencies@278c3234 (Thread[#615,Execution worker,5,main]) started.
work action Dependencies for com.github.penfeizhou.android.animation:awebp:3.0.5 {artifactType=android-classes-jar, asm-transformed-variant=debug} (Thread[#615,Execution worker,5,main]) started.
file or directory 'C:\dev\ferify-project\ferify-mobile-app\node_modules\@react-native-voice\voice\android\libs', not found
work action org.gradle.api.internal.artifacts.transform.DefaultTransformUpstreamDependenciesResolver$FinalizeTransformDependenciesFromSelectedArtifacts$CalculateFinalDependencies@640b3754 (Thread[#615,Execution worker,5,main]) started.
work action Dependencies for androidx.constraintlayout:constraintlayout:2.0.1 {artifactType=android-classes-jar, asm-transformed-variant=debug} (Thread[#615,Execution worker,5,main]) started.
file or directory 'C:\dev\ferify-project\ferify-mobile-app\node_modules\@react-native-voice\voice\android\libs', not found
work action org.gradle.api.internal.artifacts.transform.DefaultTransformUpstreamDependenciesResolver$FinalizeTransformDependenciesFromSelectedArtifacts$CalculateFinalDependencies@598b384f (Thread[#615,Execution worker,5,main]) started.
work action Dependencies for com.vanniktech:android-image-cropper:4.6.0 {artifactType=android-classes-jar, asm-transformed-variant=debug} (Thread[#615,Execution worker,5,main]) started.
file or directory 'C:\dev\ferify-project\ferify-mobile-app\node_modules\@react-native-voice\voice\android\libs', not found
work action org.gradle.api.internal.artifacts.transform.DefaultTransformUpstreamDependenciesResolver$FinalizeTransformDependenciesFromSelectedArtifacts$CalculateFinalDependencies@4dbe4177 (Thread[#615,Execution worker,5,main]) started.
work action Dependencies for com.github.penfeizhou.android.animation:glide-plugin:3.0.5 {artifactType=android-classes-jar, asm-transformed-variant=debug} (Thread[#615,Execution worker,5,main]) started.
file or directory 'C:\dev\ferify-project\ferify-mobile-app\node_modules\@react-native-voice\voice\android\libs', not found
work action org.gradle.api.internal.artifacts.transform.DefaultTransformUpstreamDependenciesResolver$FinalizeTransformDependenciesFromSelectedArtifacts$CalculateFinalDependencies@526fb454 (Thread[#616,Execution worker Thread 2,5,main]) started.
work action Dependencies for androidx.appcompat:appcompat-resources:1.7.0 {artifactType=android-classes-jar, asm-transformed-variant=debug} (Thread[#616,Execution worker Thread 2,5,main]) started.
file or directory 'C:\dev\ferify-project\ferify-mobile-app\node_modules\@react-native-voice\voice\android\libs', not found
work action org.gradle.api.internal.artifacts.transform.DefaultTransformUpstreamDependenciesResolver$FinalizeTransformDependenciesFromSelectedArtifacts$CalculateFinalDependencies@1262048f (Thread[#616,Execution worker Thread 2,5,main]) started.
work action Dependencies for androidx.core:core-splashscreen:1.2.0-alpha02 {artifactType=android-classes-jar, asm-transformed-variant=debug} (Thread[#616,Execution worker Thread 2,5,main]) started.
file or directory 'C:\dev\ferify-project\ferify-mobile-app\node_modules\@react-native-voice\voice\android\libs', not found
work action org.gradle.api.internal.artifacts.transform.DefaultTransformUpstreamDependenciesResolver$FinalizeTransformDependenciesFromSelectedArtifacts$CalculateFinalDependencies@48af424a (Thread[#616,Execution worker Thread 2,5,main]) started.
work action Dependencies for host.exp.exponent:expo.modules.imagepicker:16.1.4 {artifactType=android-classes-jar, asm-transformed-variant=debug} (Thread[#616,Execution worker Thread 2,5,main]) started.
file or directory 'C:\dev\ferify-project\ferify-mobile-app\node_modules\@react-native-voice\voice\android\libs', not found
work action org.gradle.api.internal.artifacts.transform.DefaultTransformUpstreamDependenciesResolver$FinalizeTransformDependenciesFromSelectedArtifacts$CalculateFinalDependencies@44ebdb42 (Thread[#616,Execution worker Thread 2,5,main]) started.
work action Dependencies for com.google.android.material:material:1.12.0 {artifactType=android-classes-jar, asm-transformed-variant=debug} (Thread[#616,Execution worker Thread 2,5,main]) started.
file or directory 'C:\dev\ferify-project\ferify-mobile-app\node_modules\@react-native-voice\voice\android\libs', not found
work action org.gradle.api.internal.artifacts.transform.DefaultTransformUpstreamDependenciesResolver$FinalizeTransformDependenciesFromSelectedArtifacts$CalculateFinalDependencies@7431434a (Thread[#616,Execution worker Thread 2,5,main]) started.
work action Dependencies for com.google.android.gms:play-services-auth:21.4.0 {artifactType=android-classes-jar, asm-transformed-variant=debug} (Thread[#616,Execution worker Thread 2,5,main]) started.
file or directory 'C:\dev\ferify-project\ferify-mobile-app\node_modules\@react-native-voice\voice\android\libs', not found
work action org.gradle.api.internal.artifacts.transform.DefaultTransformUpstreamDependenciesResolver$FinalizeTransformDependenciesFromSelectedArtifacts$CalculateFinalDependencies@408860ff (Thread[#616,Execution worker Thread 2,5,main]) started.
work action Dependencies for com.facebook.react:react-android:0.79.6 {artifactType=android-classes-jar, asm-transformed-variant=debug} (Thread[#616,Execution worker Thread 2,5,main]) started.
file or directory 'C:\dev\ferify-project\ferify-mobile-app\node_modules\@react-native-voice\voice\android\libs', not found
work action org.gradle.api.internal.artifacts.transform.DefaultTransformUpstreamDependenciesResolver$FinalizeTransformDependenciesFromSelectedArtifacts$CalculateFinalDependencies@453b830d (Thread[#616,Execution worker Thread 2,5,main]) started.
work action Dependencies for host.exp.exponent:expo.modules.systemui:5.0.11 {artifactType=android-classes-jar, asm-transformed-variant=debug} (Thread[#616,Execution worker Thread 2,5,main]) started.
file or directory 'C:\dev\ferify-project\ferify-mobile-app\node_modules\@react-native-voice\voice\android\libs', not found
work action org.gradle.api.internal.artifacts.transform.DefaultTransformUpstreamDependenciesResolver$FinalizeTransformDependenciesFromSelectedArtifacts$CalculateFinalDependencies@200a7d7d (Thread[#616,Execution worker Thread 2,5,main]) started.
work action Dependencies for host.exp.exponent:expo.modules.splashscreen:0.30.10 {artifactType=android-classes-jar, asm-transformed-variant=debug} (Thread[#616,Execution worker Thread 2,5,main]) started.
file or directory 'C:\dev\ferify-project\ferify-mobile-app\node_modules\@react-native-voice\voice\android\libs', not found
work action org.gradle.api.internal.artifacts.transform.DefaultTransformUpstreamDependenciesResolver$FinalizeTransformDependenciesFromSelectedArtifacts$CalculateFinalDependencies@ccd8636 (Thread[#616,Execution worker Thread 2,5,main]) started.
work action Dependencies for BareExpo:expo.modules.image:2.4.1 {artifactType=android-classes-jar, asm-transformed-variant=debug} (Thread[#616,Execution worker Thread 2,5,main]) started.
file or directory 'C:\dev\ferify-project\ferify-mobile-app\node_modules\@react-native-voice\voice\android\libs', not found
work action org.gradle.api.internal.artifacts.transform.DefaultTransformUpstreamDependenciesResolver$FinalizeTransformDependenciesFromSelectedArtifacts$CalculateFinalDependencies@313ddad0 (Thread[#646,included builds Thread 3,5,main]) started.
work action Dependencies for host.exp.exponent:expo.modules.font:13.3.2 {artifactType=android-classes-jar, asm-transformed-variant=debug} (Thread[#646,included builds Thread 3,5,main]) started.
file or directory 'C:\dev\ferify-project\ferify-mobile-app\node_modules\@react-native-voice\voice\android\libs', not found
work action org.gradle.api.internal.artifacts.transform.DefaultTransformUpstreamDependenciesResolver$FinalizeTransformDependenciesFromSelectedArtifacts$CalculateFinalDependencies@216db843 (Thread[#646,included builds Thread 3,5,main]) started.
work action Dependencies for org.codehaus.mojo:animal-sniffer-annotations:1.18 {artifactType=android-classes-jar, asm-transformed-variant=debug} (Thread[#646,included builds Thread 3,5,main]) started.
file or directory 'C:\dev\ferify-project\ferify-mobile-app\node_modules\@react-native-voice\voice\android\libs', not found
work action org.gradle.api.internal.artifacts.transform.DefaultTransformUpstreamDependenciesResolver$FinalizeTransformDependenciesFromSelectedArtifacts$CalculateFinalDependencies@1b60a78b (Thread[#646,included builds Thread 3,5,main]) started.
work action Dependencies for com.google.j2objc:j2objc-annotations:1.3 {artifactType=android-classes-jar, asm-transformed-variant=debug} (Thread[#646,included builds Thread 3,5,main]) started.
file or directory 'C:\dev\ferify-project\ferify-mobile-app\node_modules\@react-native-voice\voice\android\libs', not found
work action org.gradle.api.internal.artifacts.transform.DefaultTransformUpstreamDependenciesResolver$FinalizeTransformDependenciesFromSelectedArtifacts$CalculateFinalDependencies@62aca7c6 (Thread[#646,included builds Thread 3,5,main]) started.
work action Dependencies for org.checkerframework:checker-compat-qual:2.5.5 {artifactType=android-classes-jar, asm-transformed-variant=debug} (Thread[#646,included builds Thread 3,5,main]) started.
file or directory 'C:\dev\ferify-project\ferify-mobile-app\node_modules\@react-native-voice\voice\android\libs', not found
work action org.gradle.api.internal.artifacts.transform.DefaultTransformUpstreamDependenciesResolver$FinalizeTransformDependenciesFromSelectedArtifacts$CalculateFinalDependencies@4ed541c5 (Thread[#646,included builds Thread 3,5,main]) started.
work action Dependencies for com.google.guava:failureaccess:1.0.1 {artifactType=android-classes-jar, asm-transformed-variant=debug} (Thread[#646,included builds Thread 3,5,main]) started.
file or directory 'C:\dev\ferify-project\ferify-mobile-app\node_modules\@react-native-voice\voice\android\libs', not found
work action org.gradle.api.internal.artifacts.transform.DefaultTransformUpstreamDependenciesResolver$FinalizeTransformDependenciesFromSelectedArtifacts$CalculateFinalDependencies@d6dea97 (Thread[#646,included builds Thread 3,5,main]) started.
work action Dependencies for androidx.constraintlayout:constraintlayout-solver:2.0.1 {artifactType=android-classes-jar, asm-transformed-variant=debug} (Thread[#617,Execution worker Thread 3,5,main]) started.
file or directory 'C:\dev\ferify-project\ferify-mobile-app\node_modules\@react-native-voice\voice\android\libs', not found
work action org.gradle.api.internal.artifacts.transform.DefaultTransformUpstreamDependenciesResolver$FinalizeTransformDependenciesFromSelectedArtifacts$CalculateFinalDependencies@b9c4161 (Thread[#617,Execution worker Thread 3,5,main]) started.
work action Dependencies for org.aomedia.avif.android:avif:1.1.1.14d8e3c4 {artifactType=android-classes-jar, asm-transformed-variant=debug} (Thread[#617,Execution worker Thread 3,5,main]) started.
file or directory 'C:\dev\ferify-project\ferify-mobile-app\node_modules\@react-native-voice\voice\android\libs', not found
work action org.gradle.api.internal.artifacts.transform.DefaultTransformUpstreamDependenciesResolver$FinalizeTransformDependenciesFromSelectedArtifacts$CalculateFinalDependencies@2522da45 (Thread[#617,Execution worker Thread 3,5,main]) started.
work action Dependencies for com.github.bumptech.glide:annotations:4.16.0 {artifactType=android-classes-jar, asm-transformed-variant=debug} (Thread[#617,Execution worker Thread 3,5,main]) started.
file or directory 'C:\dev\ferify-project\ferify-mobile-app\node_modules\@react-native-voice\voice\android\libs', not found
work action org.gradle.api.internal.artifacts.transform.DefaultTransformUpstreamDependenciesResolver$FinalizeTransformDependenciesFromSelectedArtifacts$CalculateFinalDependencies@49508a7d (Thread[#646,included builds Thread 3,5,main]) started.
work action Dependencies for com.github.bumptech.glide:disklrucache:4.16.0 {artifactType=android-classes-jar, asm-transformed-variant=debug} (Thread[#646,included builds Thread 3,5,main]) started.
file or directory 'C:\dev\ferify-project\ferify-mobile-app\node_modules\@react-native-voice\voice\android\libs', not found
work action org.gradle.api.internal.artifacts.transform.DefaultTransformUpstreamDependenciesResolver$FinalizeTransformDependenciesFromSelectedArtifacts$CalculateFinalDependencies@687b0675 (Thread[#646,included builds Thread 3,5,main]) started.
work action Dependencies for com.google.guava:listenablefuture:9999.0-empty-to-avoid-conflict-with-guava {artifactType=android-classes-jar, asm-transformed-variant=debug} (Thread[#646,included builds Thread 3,5,main]) started.
file or directory 'C:\dev\ferify-project\ferify-mobile-app\node_modules\@react-native-voice\voice\android\libs', not found
work action org.gradle.api.internal.artifacts.transform.DefaultTransformUpstreamDependenciesResolver$FinalizeTransformDependenciesFromSelectedArtifacts$CalculateFinalDependencies@711413fe (Thread[#646,included builds Thread 3,5,main]) started.
work action Dependencies for com.facebook.soloader:annotation:0.12.1 {artifactType=android-classes-jar, asm-transformed-variant=debug} (Thread[#646,included builds Thread 3,5,main]) started.
file or directory 'C:\dev\ferify-project\ferify-mobile-app\node_modules\@react-native-voice\voice\android\libs', not found
work action org.gradle.api.internal.artifacts.transform.DefaultTransformUpstreamDependenciesResolver$FinalizeTransformDependenciesFromSelectedArtifacts$CalculateFinalDependencies@6c601845 (Thread[#646,included builds Thread 3,5,main]) started.
work action Dependencies for org.jetbrains.kotlin:kotlin-annotations-jvm:1.3.72 {artifactType=android-classes-jar, asm-transformed-variant=debug} (Thread[#646,included builds Thread 3,5,main]) started.
file or directory 'C:\dev\ferify-project\ferify-mobile-app\node_modules\@react-native-voice\voice\android\libs', not found
work action org.gradle.api.internal.artifacts.transform.DefaultTransformUpstreamDependenciesResolver$FinalizeTransformDependenciesFromSelectedArtifacts$CalculateFinalDependencies@76790d70 (Thread[#646,included builds Thread 3,5,main]) started.
work action Dependencies for com.google.errorprone:error_prone_annotations:2.15.0 {artifactType=android-classes-jar, asm-transformed-variant=debug} (Thread[#646,included builds Thread 3,5,main]) started.
file or directory 'C:\dev\ferify-project\ferify-mobile-app\node_modules\@react-native-voice\voice\android\libs', not found
work action org.gradle.api.internal.artifacts.transform.DefaultTransformUpstreamDependenciesResolver$FinalizeTransformDependenciesFromSelectedArtifacts$CalculateFinalDependencies@2b17e586 (Thread[#646,included builds Thread 3,5,main]) started.
work action Dependencies for com.caverock:androidsvg-aar:1.4 {artifactType=android-classes-jar, asm-transformed-variant=debug} (Thread[#646,included builds Thread 3,5,main]) started.
file or directory 'C:\dev\ferify-project\ferify-mobile-app\node_modules\@react-native-voice\voice\android\libs', not found
work action org.gradle.api.internal.artifacts.transform.DefaultTransformUpstreamDependenciesResolver$FinalizeTransformDependenciesFromSelectedArtifacts$CalculateFinalDependencies@2bede177 (Thread[#646,included builds Thread 3,5,main]) started.
work action Dependencies for commons-codec:commons-codec:1.10 {artifactType=android-classes-jar, asm-transformed-variant=debug} (Thread[#646,included builds Thread 3,5,main]) started.
file or directory 'C:\dev\ferify-project\ferify-mobile-app\node_modules\@react-native-voice\voice\android\libs', not found
work action org.gradle.api.internal.artifacts.transform.DefaultTransformUpstreamDependenciesResolver$FinalizeTransformDependenciesFromSelectedArtifacts$CalculateFinalDependencies@6255d3be (Thread[#646,included builds Thread 3,5,main]) started.
work action Dependencies for com.android.installreferrer:installreferrer:2.2 {artifactType=android-classes-jar, asm-transformed-variant=debug} (Thread[#646,included builds Thread 3,5,main]) started.
file or directory 'C:\dev\ferify-project\ferify-mobile-app\node_modules\@react-native-voice\voice\android\libs', not found
work action org.gradle.api.internal.artifacts.transform.DefaultTransformUpstreamDependenciesResolver$FinalizeTransformDependenciesFromSelectedArtifacts$CalculateFinalDependencies@7c1b1b8 (Thread[#646,included builds Thread 3,5,main]) started.
work action Dependencies for com.google.code.gson:gson:2.8.6 {artifactType=android-classes-jar, asm-transformed-variant=debug} (Thread[#646,included builds Thread 3,5,main]) started.
file or directory 'C:\dev\ferify-project\ferify-mobile-app\node_modules\@react-native-voice\voice\android\libs', not found
work action org.gradle.api.internal.artifacts.transform.DefaultTransformUpstreamDependenciesResolver$FinalizeTransformDependenciesFromSelectedArtifacts$CalculateFinalDependencies@1e1daa5b (Thread[#646,included builds Thread 3,5,main]) started.
work action Dependencies for commons-io:commons-io:2.6 {artifactType=android-classes-jar, asm-transformed-variant=debug} (Thread[#646,included builds Thread 3,5,main]) started.
file or directory 'C:\dev\ferify-project\ferify-mobile-app\node_modules\@react-native-voice\voice\android\libs', not found
work action org.gradle.api.internal.artifacts.transform.DefaultTransformUpstreamDependenciesResolver$FinalizeTransformDependenciesFromSelectedArtifacts$CalculateFinalDependencies@6f8cfc25 (Thread[#646,included builds Thread 3,5,main]) started.
work action Dependencies for com.android.support:support-annotations:28.0.0 {artifactType=android-classes-jar, asm-transformed-variant=debug} (Thread[#646,included builds Thread 3,5,main]) started.
file or directory 'C:\dev\ferify-project\ferify-mobile-app\node_modules\@react-native-voice\voice\android\libs', not found
work action org.gradle.api.internal.artifacts.transform.DefaultTransformUpstreamDependenciesResolver$FinalizeTransformDependenciesFromSelectedArtifacts$CalculateFinalDependencies@68a9bb9c (Thread[#646,included builds Thread 3,5,main]) started.
work action Dependencies for com.android.support:interpolator:28.0.0 {artifactType=android-classes-jar, asm-transformed-variant=debug} (Thread[#646,included builds Thread 3,5,main]) started.
file or directory 'C:\dev\ferify-project\ferify-mobile-app\node_modules\@react-native-voice\voice\android\libs', not found
work action org.gradle.api.internal.artifacts.transform.DefaultTransformUpstreamDependenciesResolver$FinalizeTransformDependenciesFromSelectedArtifacts$CalculateFinalDependencies@238825c4 (Thread[#646,included builds Thread 3,5,main]) started.
work action Dependencies for android.arch.core:common:1.1.1 {artifactType=android-classes-jar, asm-transformed-variant=debug} (Thread[#646,included builds Thread 3,5,main]) started.
file or directory 'C:\dev\ferify-project\ferify-mobile-app\node_modules\@react-native-voice\voice\android\libs', not found
work action org.gradle.api.internal.artifacts.transform.DefaultTransformUpstreamDependenciesResolver$FinalizeTransformDependenciesFromSelectedArtifacts$CalculateFinalDependencies@739e535b (Thread[#646,included builds Thread 3,5,main]) started.
work action Dependencies for android.arch.core:runtime:1.1.1 {artifactType=android-classes-jar, asm-transformed-variant=debug} (Thread[#646,included builds Thread 3,5,main]) started.
file or directory 'C:\dev\ferify-project\ferify-mobile-app\node_modules\@react-native-voice\voice\android\libs', not found
work action org.gradle.api.internal.artifacts.transform.DefaultTransformUpstreamDependenciesResolver$FinalizeTransformDependenciesFromSelectedArtifacts$CalculateFinalDependencies@2e111ad1 (Thread[#646,included builds Thread 3,5,main]) started.
work action Dependencies for android.arch.lifecycle:common:1.1.1 {artifactType=android-classes-jar, asm-transformed-variant=debug} (Thread[#646,included builds Thread 3,5,main]) started.
file or directory 'C:\dev\ferify-project\ferify-mobile-app\node_modules\@react-native-voice\voice\android\libs', not found
work action org.gradle.api.internal.artifacts.transform.DefaultTransformUpstreamDependenciesResolver$FinalizeTransformDependenciesFromSelectedArtifacts$CalculateFinalDependencies@40e885d6 (Thread[#646,included builds Thread 3,5,main]) started.
work action Dependencies for android.arch.lifecycle:livedata-core:1.1.1 {artifactType=android-classes-jar, asm-transformed-variant=debug} (Thread[#646,included builds Thread 3,5,main]) started.
file or directory 'C:\dev\ferify-project\ferify-mobile-app\node_modules\@react-native-voice\voice\android\libs', not found
work action org.gradle.api.internal.artifacts.transform.DefaultTransformUpstreamDependenciesResolver$FinalizeTransformDependenciesFromSelectedArtifacts$CalculateFinalDependencies@7c8db1b0 (Thread[#646,included builds Thread 3,5,main]) started.
work action Dependencies for android.arch.lifecycle:livedata:1.1.1 {artifactType=android-classes-jar, asm-transformed-variant=debug} (Thread[#616,Execution worker Thread 2,5,main]) started.
file or directory 'C:\dev\ferify-project\ferify-mobile-app\node_modules\@react-native-voice\voice\android\libs', not found
work action org.gradle.api.internal.artifacts.transform.DefaultTransformUpstreamDependenciesResolver$FinalizeTransformDependenciesFromSelectedArtifacts$CalculateFinalDependencies@5c479582 (Thread[#616,Execution worker Thread 2,5,main]) started.
work action Dependencies for android.arch.lifecycle:viewmodel:1.1.1 {artifactType=android-classes-jar, asm-transformed-variant=debug} (Thread[#616,Execution worker Thread 2,5,main]) started.
file or directory 'C:\dev\ferify-project\ferify-mobile-app\node_modules\@react-native-voice\voice\android\libs', not found
work action org.gradle.api.internal.artifacts.transform.DefaultTransformUpstreamDependenciesResolver$FinalizeTransformDependenciesFromSelectedArtifacts$CalculateFinalDependencies@27596d0 (Thread[#616,Execution worker Thread 2,5,main]) started.
work action Dependencies for com.android.support:print:28.0.0 {artifactType=android-classes-jar, asm-transformed-variant=debug} (Thread[#616,Execution worker Thread 2,5,main]) started.
file or directory 'C:\dev\ferify-project\ferify-mobile-app\node_modules\@react-native-voice\voice\android\libs', not found
work action org.gradle.api.internal.artifacts.transform.DefaultTransformUpstreamDependenciesResolver$FinalizeTransformDependenciesFromSelectedArtifacts$CalculateFinalDependencies@4edf487c (Thread[#616,Execution worker Thread 2,5,main]) started.
work action Dependencies for com.android.support:localbroadcastmanager:28.0.0 {artifactType=android-classes-jar, asm-transformed-variant=debug} (Thread[#616,Execution worker Thread 2,5,main]) started.
file or directory 'C:\dev\ferify-project\ferify-mobile-app\node_modules\@react-native-voice\voice\android\libs', not found
work action org.gradle.api.internal.artifacts.transform.DefaultTransformUpstreamDependenciesResolver$FinalizeTransformDependenciesFromSelectedArtifacts$CalculateFinalDependencies@6db87a7e (Thread[#616,Execution worker Thread 2,5,main]) started.
work action Dependencies for com.android.support:documentfile:28.0.0 {artifactType=android-classes-jar, asm-transformed-variant=debug} (Thread[#616,Execution worker Thread 2,5,main]) started.
file or directory 'C:\dev\ferify-project\ferify-mobile-app\node_modules\@react-native-voice\voice\android\libs', not found
work action org.gradle.api.internal.artifacts.transform.DefaultTransformUpstreamDependenciesResolver$FinalizeTransformDependenciesFromSelectedArtifacts$CalculateFinalDependencies@30e3b950 (Thread[#616,Execution worker Thread 2,5,main]) started.
work action Dependencies for android.arch.lifecycle:runtime:1.1.1 {artifactType=android-classes-jar, asm-transformed-variant=debug} (Thread[#616,Execution worker Thread 2,5,main]) started.
file or directory 'C:\dev\ferify-project\ferify-mobile-app\node_modules\@react-native-voice\voice\android\libs', not found
work action org.gradle.api.internal.artifacts.transform.DefaultTransformUpstreamDependenciesResolver$FinalizeTransformDependenciesFromSelectedArtifacts$CalculateFinalDependencies@4229f863 (Thread[#616,Execution worker Thread 2,5,main]) started.
work action Dependencies for com.android.support:cursoradapter:28.0.0 {artifactType=android-classes-jar, asm-transformed-variant=debug} (Thread[#616,Execution worker Thread 2,5,main]) started.
file or directory 'C:\dev\ferify-project\ferify-mobile-app\node_modules\@react-native-voice\voice\android\libs', not found
work action org.gradle.api.internal.artifacts.transform.DefaultTransformUpstreamDependenciesResolver$FinalizeTransformDependenciesFromSelectedArtifacts$CalculateFinalDependencies@293b8592 (Thread[#616,Execution worker Thread 2,5,main]) started.
work action Dependencies for com.android.support:collections:28.0.0 {artifactType=android-classes-jar, asm-transformed-variant=debug} (Thread[#616,Execution worker Thread 2,5,main]) started.
file or directory 'C:\dev\ferify-project\ferify-mobile-app\node_modules\@react-native-voice\voice\android\libs', not found
work action org.gradle.api.internal.artifacts.transform.DefaultTransformUpstreamDependenciesResolver$FinalizeTransformDependenciesFromSelectedArtifacts$CalculateFinalDependencies@72f3aba8 (Thread[#616,Execution worker Thread 2,5,main]) started.
work action Dependencies for com.android.support:versionedparcelable:28.0.0 {artifactType=android-classes-jar, asm-transformed-variant=debug} (Thread[#616,Execution worker Thread 2,5,main]) started.
file or directory 'C:\dev\ferify-project\ferify-mobile-app\node_modules\@react-native-voice\voice\android\libs', not found
work action org.gradle.api.internal.artifacts.transform.DefaultTransformUpstreamDependenciesResolver$FinalizeTransformDependenciesFromSelectedArtifacts$CalculateFinalDependencies@7ad9d9e7 (Thread[#616,Execution worker Thread 2,5,main]) started.
work action Dependencies for com.android.support:support-compat:28.0.0 {artifactType=android-classes-jar, asm-transformed-variant=debug} (Thread[#616,Execution worker Thread 2,5,main]) started.
file or directory 'C:\dev\ferify-project\ferify-mobile-app\node_modules\@react-native-voice\voice\android\libs', not found
work action org.gradle.api.internal.artifacts.transform.DefaultTransformUpstreamDependenciesResolver$FinalizeTransformDependenciesFromSelectedArtifacts$CalculateFinalDependencies@38472782 (Thread[#616,Execution worker Thread 2,5,main]) started.
work action Dependencies for com.android.support:asynclayoutinflater:28.0.0 {artifactType=android-classes-jar, asm-transformed-variant=debug} (Thread[#616,Execution worker Thread 2,5,main]) started.
file or directory 'C:\dev\ferify-project\ferify-mobile-app\node_modules\@react-native-voice\voice\android\libs', not found
work action org.gradle.api.internal.artifacts.transform.DefaultTransformUpstreamDependenciesResolver$FinalizeTransformDependenciesFromSelectedArtifacts$CalculateFinalDependencies@670ad24 (Thread[#616,Execution worker Thread 2,5,main]) started.
work action Dependencies for com.android.support:swiperefreshlayout:28.0.0 {artifactType=android-classes-jar, asm-transformed-variant=debug} (Thread[#616,Execution worker Thread 2,5,main]) started.
file or directory 'C:\dev\ferify-project\ferify-mobile-app\node_modules\@react-native-voice\voice\android\libs', not found
work action org.gradle.api.internal.artifacts.transform.DefaultTransformUpstreamDependenciesResolver$FinalizeTransformDependenciesFromSelectedArtifacts$CalculateFinalDependencies@61d276a5 (Thread[#616,Execution worker Thread 2,5,main]) started.
work action Dependencies for com.android.support:customview:28.0.0 {artifactType=android-classes-jar, asm-transformed-variant=debug} (Thread[#616,Execution worker Thread 2,5,main]) started.
file or directory 'C:\dev\ferify-project\ferify-mobile-app\node_modules\@react-native-voice\voice\android\libs', not found
work action org.gradle.api.internal.artifacts.transform.DefaultTransformUpstreamDependenciesResolver$FinalizeTransformDependenciesFromSelectedArtifacts$CalculateFinalDependencies@1fb8c7c8 (Thread[#616,Execution worker Thread 2,5,main]) started.
work action Dependencies for com.android.support:slidingpanelayout:28.0.0 {artifactType=android-classes-jar, asm-transformed-variant=debug} (Thread[#616,Execution worker Thread 2,5,main]) started.
file or directory 'C:\dev\ferify-project\ferify-mobile-app\node_modules\@react-native-voice\voice\android\libs', not found
work action org.gradle.api.internal.artifacts.transform.DefaultTransformUpstreamDependenciesResolver$FinalizeTransformDependenciesFromSelectedArtifacts$CalculateFinalDependencies@3d85fc05 (Thread[#616,Execution worker Thread 2,5,main]) started.
work action Dependencies for com.android.support:drawerlayout:28.0.0 {artifactType=android-classes-jar, asm-transformed-variant=debug} (Thread[#616,Execution worker Thread 2,5,main]) started.
file or directory 'C:\dev\ferify-project\ferify-mobile-app\node_modules\@react-native-voice\voice\android\libs', not found
work action org.gradle.api.internal.artifacts.transform.DefaultTransformUpstreamDependenciesResolver$FinalizeTransformDependenciesFromSelectedArtifacts$CalculateFinalDependencies@265232ed (Thread[#616,Execution worker Thread 2,5,main]) started.
work action Dependencies for com.android.support:coordinatorlayout:28.0.0 {artifactType=android-classes-jar, asm-transformed-variant=debug} (Thread[#616,Execution worker Thread 2,5,main]) started.
file or directory 'C:\dev\ferify-project\ferify-mobile-app\node_modules\@react-native-voice\voice\android\libs', not found
work action org.gradle.api.internal.artifacts.transform.DefaultTransformUpstreamDependenciesResolver$FinalizeTransformDependenciesFromSelectedArtifacts$CalculateFinalDependencies@3efac601 (Thread[#616,Execution worker Thread 2,5,main]) started.
work action Dependencies for com.android.support:viewpager:28.0.0 {artifactType=android-classes-jar, asm-transformed-variant=debug} (Thread[#616,Execution worker Thread 2,5,main]) started.
file or directory 'C:\dev\ferify-project\ferify-mobile-app\node_modules\@react-native-voice\voice\android\libs', not found
work action org.gradle.api.internal.artifacts.transform.DefaultTransformUpstreamDependenciesResolver$FinalizeTransformDependenciesFromSelectedArtifacts$CalculateFinalDependencies@4b7ef8bc (Thread[#616,Execution worker Thread 2,5,main]) started.
work action Dependencies for com.android.support:loader:28.0.0 {artifactType=android-classes-jar, asm-transformed-variant=debug} (Thread[#616,Execution worker Thread 2,5,main]) started.
file or directory 'C:\dev\ferify-project\ferify-mobile-app\node_modules\@react-native-voice\voice\android\libs', not found
work action org.gradle.api.internal.artifacts.transform.DefaultTransformUpstreamDependenciesResolver$FinalizeTransformDependenciesFromSelectedArtifacts$CalculateFinalDependencies@2ab02536 (Thread[#616,Execution worker Thread 2,5,main]) started.
work action Dependencies for com.android.support:support-vector-drawable:28.0.0 {artifactType=android-classes-jar, asm-transformed-variant=debug} (Thread[#616,Execution worker Thread 2,5,main]) started.
file or directory 'C:\dev\ferify-project\ferify-mobile-app\node_modules\@react-native-voice\voice\android\libs', not found
work action org.gradle.api.internal.artifacts.transform.DefaultTransformUpstreamDependenciesResolver$FinalizeTransformDependenciesFromSelectedArtifacts$CalculateFinalDependencies@5a032a0f (Thread[#616,Execution worker Thread 2,5,main]) started.
work action Dependencies for com.android.support:support-core-utils:28.0.0 {artifactType=android-classes-jar, asm-transformed-variant=debug} (Thread[#616,Execution worker Thread 2,5,main]) started.
file or directory 'C:\dev\ferify-project\ferify-mobile-app\node_modules\@react-native-voice\voice\android\libs', not found
work action org.gradle.api.internal.artifacts.transform.DefaultTransformUpstreamDependenciesResolver$FinalizeTransformDependenciesFromSelectedArtifacts$CalculateFinalDependencies@32dc9d78 (Thread[#616,Execution worker Thread 2,5,main]) started.
work action Dependencies for com.android.support:support-core-ui:28.0.0 {artifactType=android-classes-jar, asm-transformed-variant=debug} (Thread[#616,Execution worker Thread 2,5,main]) started.
file or directory 'C:\dev\ferify-project\ferify-mobile-app\node_modules\@react-native-voice\voice\android\libs', not found
work action org.gradle.api.internal.artifacts.transform.DefaultTransformUpstreamDependenciesResolver$FinalizeTransformDependenciesFromSelectedArtifacts$CalculateFinalDependencies@43dfa827 (Thread[#616,Execution worker Thread 2,5,main]) started.
work action Dependencies for com.android.support:animated-vector-drawable:28.0.0 {artifactType=android-classes-jar, asm-transformed-variant=debug} (Thread[#616,Execution worker Thread 2,5,main]) started.
file or directory 'C:\dev\ferify-project\ferify-mobile-app\node_modules\@react-native-voice\voice\android\libs', not found
work action org.gradle.api.internal.artifacts.transform.DefaultTransformUpstreamDependenciesResolver$FinalizeTransformDependenciesFromSelectedArtifacts$CalculateFinalDependencies@29db6722 (Thread[#617,Execution worker Thread 3,5,main]) started.
work action Dependencies for com.android.support:support-fragment:28.0.0 {artifactType=android-classes-jar, asm-transformed-variant=debug} (Thread[#617,Execution worker Thread 3,5,main]) started.
file or directory 'C:\dev\ferify-project\ferify-mobile-app\node_modules\@react-native-voice\voice\android\libs', not found
work action org.gradle.api.internal.artifacts.transform.DefaultTransformUpstreamDependenciesResolver$FinalizeTransformDependenciesFromSelectedArtifacts$CalculateFinalDependencies@1a160b12 (Thread[#617,Execution worker Thread 3,5,main]) started.
work action Dependencies for com.facebook.soloader:nativeloader:0.12.1 {artifactType=android-classes-jar, asm-transformed-variant=debug} (Thread[#617,Execution worker Thread 3,5,main]) started.
file or directory 'C:\dev\ferify-project\ferify-mobile-app\node_modules\@react-native-voice\voice\android\libs', not found
work action org.gradle.api.internal.artifacts.transform.DefaultTransformUpstreamDependenciesResolver$FinalizeTransformDependenciesFromSelectedArtifacts$CalculateFinalDependencies@70e6ff7e (Thread[#617,Execution worker Thread 3,5,main]) started.
work action Dependencies for com.parse.bolts:bolts-tasks:1.4.0 {artifactType=android-classes-jar, asm-transformed-variant=debug} (Thread[#617,Execution worker Thread 3,5,main]) started.
file or directory 'C:\dev\ferify-project\ferify-mobile-app\node_modules\@react-native-voice\voice\android\libs', not found
work action org.gradle.api.internal.artifacts.transform.DefaultTransformUpstreamDependenciesResolver$FinalizeTransformDependenciesFromSelectedArtifacts$CalculateFinalDependencies@273e9ea3 (Thread[#617,Execution worker Thread 3,5,main]) started.
work action Dependencies for javax.inject:javax.inject:1 {artifactType=android-classes-jar, asm-transformed-variant=debug} (Thread[#617,Execution worker Thread 3,5,main]) started.
file or directory 'C:\dev\ferify-project\ferify-mobile-app\node_modules\@react-native-voice\voice\android\libs', not found
work action org.gradle.api.internal.artifacts.transform.DefaultTransformUpstreamDependenciesResolver$FinalizeTransformDependenciesFromSelectedArtifacts$CalculateFinalDependencies@2a9bf4f8 (Thread[#617,Execution worker Thread 3,5,main]) started.
work action Dependencies for com.google.code.findbugs:jsr305:3.0.2 {artifactType=android-classes-jar, asm-transformed-variant=debug} (Thread[#617,Execution worker Thread 3,5,main]) started.
file or directory 'C:\dev\ferify-project\ferify-mobile-app\node_modules\@react-native-voice\voice\android\libs', not found
work action org.gradle.api.internal.artifacts.transform.DefaultTransformUpstreamDependenciesResolver$FinalizeTransformDependenciesFromSelectedArtifacts$CalculateFinalDependencies@44fceb94 (Thread[#617,Execution worker Thread 3,5,main]) started.
work action Dependencies for com.google.guava:guava:28.1-android {artifactType=android-classes-jar, asm-transformed-variant=debug} (Thread[#617,Execution worker Thread 3,5,main]) started.
file or directory 'C:\dev\ferify-project\ferify-mobile-app\node_modules\@react-native-voice\voice\android\libs', not found
work action org.gradle.api.internal.artifacts.transform.DefaultTransformUpstreamDependenciesResolver$FinalizeTransformDependenciesFromSelectedArtifacts$CalculateFinalDependencies@7dc9f550 (Thread[#617,Execution worker Thread 3,5,main]) started.
work action Dependencies for com.facebook.soloader:soloader:0.12.1 {artifactType=android-classes-jar, asm-transformed-variant=debug} (Thread[#617,Execution worker Thread 3,5,main]) started.
file or directory 'C:\dev\ferify-project\ferify-mobile-app\node_modules\@react-native-voice\voice\android\libs', not found
work action org.gradle.api.internal.artifacts.transform.DefaultTransformUpstreamDependenciesResolver$FinalizeTransformDependenciesFromSelectedArtifacts$CalculateFinalDependencies@23df7781 (Thread[#617,Execution worker Thread 3,5,main]) started.
work action Dependencies for com.facebook.infer.annotation:infer-annotation:0.18.0 {artifactType=android-classes-jar, asm-transformed-variant=debug} (Thread[#617,Execution worker Thread 3,5,main]) started.
file or directory 'C:\dev\ferify-project\ferify-mobile-app\node_modules\@react-native-voice\voice\android\libs', not found
work action org.gradle.api.internal.artifacts.transform.DefaultTransformUpstreamDependenciesResolver$FinalizeTransformDependenciesFromSelectedArtifacts$CalculateFinalDependencies@26d24480 (Thread[#617,Execution worker Thread 3,5,main]) started.
work action Dependencies for com.facebook.fbjni:fbjni:0.7.0 {artifactType=android-classes-jar, asm-transformed-variant=debug} (Thread[#617,Execution worker Thread 3,5,main]) started.
file or directory 'C:\dev\ferify-project\ferify-mobile-app\node_modules\@react-native-voice\voice\android\libs', not found
work action org.gradle.api.internal.artifacts.transform.DefaultTransformUpstreamDependenciesResolver$FinalizeTransformDependenciesFromSelectedArtifacts$CalculateFinalDependencies@1f40d89a (Thread[#617,Execution worker Thread 3,5,main]) started.
work action Dependencies for com.facebook.yoga:proguard-annotations:1.19.0 {artifactType=android-classes-jar, asm-transformed-variant=debug} (Thread[#617,Execution worker Thread 3,5,main]) started.
file or directory 'C:\dev\ferify-project\ferify-mobile-app\node_modules\@react-native-voice\voice\android\libs', not found
work action org.gradle.api.internal.artifacts.transform.DefaultTransformUpstreamDependenciesResolver$FinalizeTransformDependenciesFromSelectedArtifacts$CalculateFinalDependencies@5c23e374 (Thread[#617,Execution worker Thread 3,5,main]) started.
work action Dependencies for com.android.support:appcompat-v7:28.0.0 {artifactType=android-classes-jar, asm-transformed-variant=debug} (Thread[#617,Execution worker Thread 3,5,main]) started.
file or directory 'C:\dev\ferify-project\ferify-mobile-app\node_modules\@react-native-voice\voice\android\libs', not found
work action org.gradle.api.internal.artifacts.transform.DefaultTransformUpstreamDependenciesResolver$FinalizeTransformDependenciesFromSelectedArtifacts$CalculateFinalDependencies@36d843e1 (Thread[#617,Execution worker Thread 3,5,main]) started.
work action Dependencies for org.jetbrains:annotations:23.0.0 {artifactType=android-classes-jar, asm-transformed-variant=debug} (Thread[#617,Execution worker Thread 3,5,main]) started.
file or directory 'C:\dev\ferify-project\ferify-mobile-app\node_modules\@react-native-voice\voice\android\libs', not found
work action org.gradle.api.internal.artifacts.transform.DefaultTransformUpstreamDependenciesResolver$FinalizeTransformDependenciesFromSelectedArtifacts$CalculateFinalDependencies@752267de (Thread[#617,Execution worker Thread 3,5,main]) started.
work action Dependencies for org.jetbrains.kotlin:kotlin-stdlib:2.0.21 {artifactType=android-classes-jar, asm-transformed-variant=debug} (Thread[#617,Execution worker Thread 3,5,main]) started.
file or directory 'C:\dev\ferify-project\ferify-mobile-app\node_modules\@react-native-voice\voice\android\libs', not found
work action org.gradle.api.internal.artifacts.transform.DefaultTransformUpstreamDependenciesResolver$FinalizeTransformDependenciesFromSelectedArtifacts$CalculateFinalDependencies@6c6a0992 (Thread[#617,Execution worker Thread 3,5,main]) started.
work action Dependencies for androidx.annotation:annotation-jvm:1.8.1 {artifactType=android-classes-jar, asm-transformed-variant=debug} (Thread[#617,Execution worker Thread 3,5,main]) started.
file or directory 'C:\dev\ferify-project\ferify-mobile-app\node_modules\@react-native-voice\voice\android\libs', not found
work action org.gradle.api.internal.artifacts.transform.DefaultTransformUpstreamDependenciesResolver$FinalizeTransformDependenciesFromSelectedArtifacts$CalculateFinalDependencies@1e104724 (Thread[#617,Execution worker Thread 3,5,main]) started.
work action Dependencies for androidx.concurrent:concurrent-futures:1.1.0 {artifactType=android-classes-jar, asm-transformed-variant=debug} (Thread[#617,Execution worker Thread 3,5,main]) started.
file or directory 'C:\dev\ferify-project\ferify-mobile-app\node_modules\@react-native-voice\voice\android\libs', not found
work action org.gradle.api.internal.artifacts.transform.DefaultTransformUpstreamDependenciesResolver$FinalizeTransformDependenciesFromSelectedArtifacts$CalculateFinalDependencies@26606735 (Thread[#617,Execution worker Thread 3,5,main]) started.
work action Dependencies for androidx.arch.core:core-common:2.2.0 {artifactType=android-classes-jar, asm-transformed-variant=debug} (Thread[#617,Execution worker Thread 3,5,main]) started.
file or directory 'C:\dev\ferify-project\ferify-mobile-app\node_modules\@react-native-voice\voice\android\libs', not found
work action org.gradle.api.internal.artifacts.transform.DefaultTransformUpstreamDependenciesResolver$FinalizeTransformDependenciesFromSelectedArtifacts$CalculateFinalDependencies@1614df27 (Thread[#617,Execution worker Thread 3,5,main]) started.
work action Dependencies for androidx.arch.core:core-runtime:2.2.0 {artifactType=android-classes-jar, asm-transformed-variant=debug} (Thread[#617,Execution worker Thread 3,5,main]) started.
file or directory 'C:\dev\ferify-project\ferify-mobile-app\node_modules\@react-native-voice\voice\android\libs', not found
work action org.gradle.api.internal.artifacts.transform.DefaultTransformUpstreamDependenciesResolver$FinalizeTransformDependenciesFromSelectedArtifacts$CalculateFinalDependencies@4436812f (Thread[#617,Execution worker Thread 3,5,main]) started.
work action Dependencies for androidx.arch.core:core-runtime:2.2.0 {artifactType=android-classes-jar, asm-transformed-variant=debug} (Thread[#617,Execution worker Thread 3,5,main]) started.
file or directory 'C:\dev\ferify-project\ferify-mobile-app\node_modules\@react-native-voice\voice\android\libs', not found
work action org.gradle.api.internal.artifacts.transform.DefaultTransformUpstreamDependenciesResolver$FinalizeTransformDependenciesFromSelectedArtifacts$CalculateFinalDependencies@3d902c78 (Thread[#617,Execution worker Thread 3,5,main]) started.
work action Dependencies for androidx.print:print:1.0.0 {artifactType=android-classes-jar, asm-transformed-variant=debug} (Thread[#617,Execution worker Thread 3,5,main]) started.
file or directory 'C:\dev\ferify-project\ferify-mobile-app\node_modules\@react-native-voice\voice\android\libs', not found
work action org.gradle.api.internal.artifacts.transform.DefaultTransformUpstreamDependenciesResolver$FinalizeTransformDependenciesFromSelectedArtifacts$CalculateFinalDependencies@340ec523 (Thread[#617,Execution worker Thread 3,5,main]) started.
work action Dependencies for androidx.localbroadcastmanager:localbroadcastmanager:1.0.0 {artifactType=android-classes-jar, asm-transformed-variant=debug} (Thread[#617,Execution worker Thread 3,5,main]) started.
file or directory 'C:\dev\ferify-project\ferify-mobile-app\node_modules\@react-native-voice\voice\android\libs', not found
work action org.gradle.api.internal.artifacts.transform.DefaultTransformUpstreamDependenciesResolver$FinalizeTransformDependenciesFromSelectedArtifacts$CalculateFinalDependencies@61607815 (Thread[#617,Execution worker Thread 3,5,main]) started.
work action Dependencies for androidx.documentfile:documentfile:1.0.0 {artifactType=android-classes-jar, asm-transformed-variant=debug} (Thread[#617,Execution worker Thread 3,5,main]) started.
file or directory 'C:\dev\ferify-project\ferify-mobile-app\node_modules\@react-native-voice\voice\android\libs', not found
work action org.gradle.api.internal.artifacts.transform.DefaultTransformUpstreamDependenciesResolver$FinalizeTransformDependenciesFromSelectedArtifacts$CalculateFinalDependencies@3cc73069 (Thread[#617,Execution worker Thread 3,5,main]) started.
work action Dependencies for com.github.bumptech.glide:gifdecoder:4.16.0 {artifactType=android-classes-jar, asm-transformed-variant=debug} (Thread[#617,Execution worker Thread 3,5,main]) started.
file or directory 'C:\dev\ferify-project\ferify-mobile-app\node_modules\@react-native-voice\voice\android\libs', not found
work action org.gradle.api.internal.artifacts.transform.DefaultTransformUpstreamDependenciesResolver$FinalizeTransformDependenciesFromSelectedArtifacts$CalculateFinalDependencies@6a563969 (Thread[#617,Execution worker Thread 3,5,main]) started.
work action Dependencies for androidx.collection:collection:1.1.0 {artifactType=android-classes-jar, asm-transformed-variant=debug} (Thread[#617,Execution worker Thread 3,5,main]) started.
file or directory 'C:\dev\ferify-project\ferify-mobile-app\node_modules\@react-native-voice\voice\android\libs', not found
work action org.gradle.api.internal.artifacts.transform.DefaultTransformUpstreamDependenciesResolver$FinalizeTransformDependenciesFromSelectedArtifacts$CalculateFinalDependencies@6f7d95c (Thread[#617,Execution worker Thread 3,5,main]) started.
work action Dependencies for androidx.versionedparcelable:versionedparcelable:1.1.1 {artifactType=android-classes-jar, asm-transformed-variant=debug} (Thread[#617,Execution worker Thread 3,5,main]) started.
file or directory 'C:\dev\ferify-project\ferify-mobile-app\node_modules\@react-native-voice\voice\android\libs', not found
work action org.gradle.api.internal.artifacts.transform.DefaultTransformUpstreamDependenciesResolver$FinalizeTransformDependenciesFromSelectedArtifacts$CalculateFinalDependencies@6f7a9805 (Thread[#617,Execution worker Thread 3,5,main]) started.
work action Dependencies for androidx.versionedparcelable:versionedparcelable:1.1.1 {artifactType=android-classes-jar, asm-transformed-variant=debug} (Thread[#617,Execution worker Thread 3,5,main]) started.
file or directory 'C:\dev\ferify-project\ferify-mobile-app\node_modules\@react-native-voice\voice\android\libs', not found
work action org.gradle.api.internal.artifacts.transform.DefaultTransformUpstreamDependenciesResolver$FinalizeTransformDependenciesFromSelectedArtifacts$CalculateFinalDependencies@a8b17af (Thread[#617,Execution worker Thread 3,5,main]) started.
work action Dependencies for androidx.cursoradapter:cursoradapter:1.0.0 {artifactType=android-classes-jar, asm-transformed-variant=debug} (Thread[#617,Execution worker Thread 3,5,main]) started.
file or directory 'C:\dev\ferify-project\ferify-mobile-app\node_modules\@react-native-voice\voice\android\libs', not found
work action org.gradle.api.internal.artifacts.transform.DefaultTransformUpstreamDependenciesResolver$FinalizeTransformDependenciesFromSelectedArtifacts$CalculateFinalDependencies@2acc2652 (Thread[#617,Execution worker Thread 3,5,main]) started.
work action Dependencies for androidx.cursoradapter:cursoradapter:1.0.0 {artifactType=android-classes-jar, asm-transformed-variant=debug} (Thread[#617,Execution worker Thread 3,5,main]) started.
file or directory 'C:\dev\ferify-project\ferify-mobile-app\node_modules\@react-native-voice\voice\android\libs', not found
work action org.gradle.api.internal.artifacts.transform.DefaultTransformUpstreamDependenciesResolver$FinalizeTransformDependenciesFromSelectedArtifacts$CalculateFinalDependencies@5938cf0d (Thread[#616,Execution worker Thread 2,5,main]) started.
work action Dependencies for androidx.resourceinspection:resourceinspection-annotation:1.0.1 {artifactType=android-classes-jar, asm-transformed-variant=debug} (Thread[#616,Execution worker Thread 2,5,main]) started.
file or directory 'C:\dev\ferify-project\ferify-mobile-app\node_modules\@react-native-voice\voice\android\libs', not found
work action org.gradle.api.internal.artifacts.transform.DefaultTransformUpstreamDependenciesResolver$FinalizeTransformDependenciesFromSelectedArtifacts$CalculateFinalDependencies@25ed1e20 (Thread[#616,Execution worker Thread 2,5,main]) started.
work action Dependencies for androidx.cardview:cardview:1.0.0 {artifactType=android-classes-jar, asm-transformed-variant=debug} (Thread[#616,Execution worker Thread 2,5,main]) started.
file or directory 'C:\dev\ferify-project\ferify-mobile-app\node_modules\@react-native-voice\voice\android\libs', not found
work action org.gradle.api.internal.artifacts.transform.DefaultTransformUpstreamDependenciesResolver$FinalizeTransformDependenciesFromSelectedArtifacts$CalculateFinalDependencies@2ab0d831 (Thread[#616,Execution worker Thread 2,5,main]) started.
work action Dependencies for androidx.interpolator:interpolator:1.0.0 {artifactType=android-classes-jar, asm-transformed-variant=debug} (Thread[#616,Execution worker Thread 2,5,main]) started.
file or directory 'C:\dev\ferify-project\ferify-mobile-app\node_modules\@react-native-voice\voice\android\libs', not found
work action org.gradle.api.internal.artifacts.transform.DefaultTransformUpstreamDependenciesResolver$FinalizeTransformDependenciesFromSelectedArtifacts$CalculateFinalDependencies@298dc93f (Thread[#616,Execution worker Thread 2,5,main]) started.
work action Dependencies for androidx.interpolator:interpolator:1.0.0 {artifactType=android-classes-jar, asm-transformed-variant=debug} (Thread[#616,Execution worker Thread 2,5,main]) started.
file or directory 'C:\dev\ferify-project\ferify-mobile-app\node_modules\@react-native-voice\voice\android\libs', not found
work action org.gradle.api.internal.artifacts.transform.DefaultTransformUpstreamDependenciesResolver$FinalizeTransformDependenciesFromSelectedArtifacts$CalculateFinalDependencies@182ff0ad (Thread[#616,Execution worker Thread 2,5,main]) started.
work action Dependencies for androidx.exifinterface:exifinterface:1.3.7 {artifactType=android-classes-jar, asm-transformed-variant=debug} (Thread[#616,Execution worker Thread 2,5,main]) started.
file or directory 'C:\dev\ferify-project\ferify-mobile-app\node_modules\@react-native-voice\voice\android\libs', not found
work action org.gradle.api.internal.artifacts.transform.DefaultTransformUpstreamDependenciesResolver$FinalizeTransformDependenciesFromSelectedArtifacts$CalculateFinalDependencies@22443fb9 (Thread[#616,Execution worker Thread 2,5,main]) started.
work action Dependencies for com.github.Dimezis:BlurView:version-2.0.6 {artifactType=android-classes-jar, asm-transformed-variant=debug} (Thread[#616,Execution worker Thread 2,5,main]) started.
file or directory 'C:\dev\ferify-project\ferify-mobile-app\node_modules\@react-native-voice\voice\android\libs', not found
work action org.gradle.api.internal.artifacts.transform.DefaultTransformUpstreamDependenciesResolver$FinalizeTransformDependenciesFromSelectedArtifacts$CalculateFinalDependencies@a5752f2 (Thread[#616,Execution worker Thread 2,5,main]) started.
work action Dependencies for androidx.databinding:viewbinding:8.8.2 {artifactType=android-classes-jar, asm-transformed-variant=debug} (Thread[#616,Execution worker Thread 2,5,main]) started.
file or directory 'C:\dev\ferify-project\ferify-mobile-app\node_modules\@react-native-voice\voice\android\libs', not found
work action org.gradle.api.internal.artifacts.transform.DefaultTransformUpstreamDependenciesResolver$FinalizeTransformDependenciesFromSelectedArtifacts$CalculateFinalDependencies@7fc2c51 (Thread[#616,Execution worker Thread 2,5,main]) started.
work action Dependencies for com.facebook.react:hermes-android:0.79.6 {artifactType=android-classes-jar, asm-transformed-variant=debug} (Thread[#616,Execution worker Thread 2,5,main]) started.
file or directory 'C:\dev\ferify-project\ferify-mobile-app\node_modules\@react-native-voice\voice\android\libs', not found
work action org.gradle.api.internal.artifacts.transform.DefaultTransformUpstreamDependenciesResolver$FinalizeTransformDependenciesFromSelectedArtifacts$CalculateFinalDependencies@6d62791d (Thread[#616,Execution worker Thread 2,5,main]) started.
work action Dependencies for org.jetbrains.kotlin:kotlin-android-extensions-runtime:2.0.0 {artifactType=android-classes-jar, asm-transformed-variant=debug} (Thread[#616,Execution worker Thread 2,5,main]) started.
file or directory 'C:\dev\ferify-project\ferify-mobile-app\node_modules\@react-native-voice\voice\android\libs', not found
work action org.gradle.api.internal.artifacts.transform.DefaultTransformUpstreamDependenciesResolver$FinalizeTransformDependenciesFromSelectedArtifacts$CalculateFinalDependencies@77c893d2 (Thread[#616,Execution worker Thread 2,5,main]) started.
work action Dependencies for com.facebook.fresco:vito-renderer:3.6.0 {artifactType=android-classes-jar, asm-transformed-variant=debug} (Thread[#616,Execution worker Thread 2,5,main]) started.
file or directory 'C:\dev\ferify-project\ferify-mobile-app\node_modules\@react-native-voice\voice\android\libs', not found
work action org.gradle.api.internal.artifacts.transform.DefaultTransformUpstreamDependenciesResolver$FinalizeTransformDependenciesFromSelectedArtifacts$CalculateFinalDependencies@2e2c959d (Thread[#616,Execution worker Thread 2,5,main]) started.
work action Dependencies for androidx.annotation:annotation-experimental:1.4.0 {artifactType=android-classes-jar, asm-transformed-variant=debug} (Thread[#616,Execution worker Thread 2,5,main]) started.
file or directory 'C:\dev\ferify-project\ferify-mobile-app\node_modules\@react-native-voice\voice\android\libs', not found
work action org.gradle.api.internal.artifacts.transform.DefaultTransformUpstreamDependenciesResolver$FinalizeTransformDependenciesFromSelectedArtifacts$CalculateFinalDependencies@4c911e47 (Thread[#616,Execution worker Thread 2,5,main]) started.
work action Dependencies for org.jetbrains.kotlin:kotlin-parcelize-runtime:2.0.0 {artifactType=android-classes-jar, asm-transformed-variant=debug} (Thread[#616,Execution worker Thread 2,5,main]) started.
file or directory 'C:\dev\ferify-project\ferify-mobile-app\node_modules\@react-native-voice\voice\android\libs', not found
work action org.gradle.api.internal.artifacts.transform.DefaultTransformUpstreamDependenciesResolver$FinalizeTransformDependenciesFromSelectedArtifacts$CalculateFinalDependencies@47fb35e7 (Thread[#616,Execution worker Thread 2,5,main]) started.
work action Dependencies for org.jetbrains.kotlinx:kotlinx-coroutines-android:1.8.1 {artifactType=android-classes-jar, asm-transformed-variant=debug} (Thread[#616,Execution worker Thread 2,5,main]) started.
file or directory 'C:\dev\ferify-project\ferify-mobile-app\node_modules\@react-native-voice\voice\android\libs', not found
work action org.gradle.api.internal.artifacts.transform.DefaultTransformUpstreamDependenciesResolver$FinalizeTransformDependenciesFromSelectedArtifacts$CalculateFinalDependencies@3fa53312 (Thread[#646,included builds Thread 3,5,main]) started.
work action Dependencies for org.jetbrains.kotlinx:kotlinx-coroutines-core-jvm:1.8.1 {artifactType=android-classes-jar, asm-transformed-variant=debug} (Thread[#646,included builds Thread 3,5,main]) started.
file or directory 'C:\dev\ferify-project\ferify-mobile-app\node_modules\@react-native-voice\voice\android\libs', not found
work action org.gradle.api.internal.artifacts.transform.DefaultTransformUpstreamDependenciesResolver$FinalizeTransformDependenciesFromSelectedArtifacts$CalculateFinalDependencies@2c83b2a8 (Thread[#646,included builds Thread 3,5,main]) started.
work action Dependencies for com.facebook.fresco:ui-core:3.6.0 {artifactType=android-classes-jar, asm-transformed-variant=debug} (Thread[#646,included builds Thread 3,5,main]) started.
file or directory 'C:\dev\ferify-project\ferify-mobile-app\node_modules\@react-native-voice\voice\android\libs', not found
work action org.gradle.api.internal.artifacts.transform.DefaultTransformUpstreamDependenciesResolver$FinalizeTransformDependenciesFromSelectedArtifacts$CalculateFinalDependencies@23587023 (Thread[#646,included builds Thread 3,5,main]) started.
work action Dependencies for androidx.collection:collection-ktx:1.1.0 {artifactType=android-classes-jar, asm-transformed-variant=debug} (Thread[#646,included builds Thread 3,5,main]) started.
file or directory 'C:\dev\ferify-project\ferify-mobile-app\node_modules\@react-native-voice\voice\android\libs', not found
work action org.gradle.api.internal.artifacts.transform.DefaultTransformUpstreamDependenciesResolver$FinalizeTransformDependenciesFromSelectedArtifacts$CalculateFinalDependencies@15c16b23 (Thread[#646,included builds Thread 3,5,main]) started.
work action Dependencies for androidx.tracing:tracing-ktx:1.2.0 {artifactType=android-classes-jar, asm-transformed-variant=debug} (Thread[#646,included builds Thread 3,5,main]) started.
file or directory 'C:\dev\ferify-project\ferify-mobile-app\node_modules\@react-native-voice\voice\android\libs', not found
work action org.gradle.api.internal.artifacts.transform.DefaultTransformUpstreamDependenciesResolver$FinalizeTransformDependenciesFromSelectedArtifacts$CalculateFinalDependencies@72ddc80a (Thread[#646,included builds Thread 3,5,main]) started.
work action Dependencies for androidx.tracing:tracing:1.2.0 {artifactType=android-classes-jar, asm-transformed-variant=debug} (Thread[#646,included builds Thread 3,5,main]) started.
file or directory 'C:\dev\ferify-project\ferify-mobile-app\node_modules\@react-native-voice\voice\android\libs', not found
work action org.gradle.api.internal.artifacts.transform.DefaultTransformUpstreamDependenciesResolver$FinalizeTransformDependenciesFromSelectedArtifacts$CalculateFinalDependencies@9a23ec4 (Thread[#646,included builds Thread 3,5,main]) started.
work action Dependencies for androidx.startup:startup-runtime:1.1.1 {artifactType=android-classes-jar, asm-transformed-variant=debug} (Thread[#646,included builds Thread 3,5,main]) started.
file or directory 'C:\dev\ferify-project\ferify-mobile-app\node_modules\@react-native-voice\voice\android\libs', not found
work action org.gradle.api.internal.artifacts.transform.DefaultTransformUpstreamDependenciesResolver$FinalizeTransformDependenciesFromSelectedArtifacts$CalculateFinalDependencies@4dae1aa2 (Thread[#646,included builds Thread 3,5,main]) started.
work action Dependencies for androidx.profileinstaller:profileinstaller:1.4.0 {artifactType=android-classes-jar, asm-transformed-variant=debug} (Thread[#646,included builds Thread 3,5,main]) started.
file or directory 'C:\dev\ferify-project\ferify-mobile-app\node_modules\@react-native-voice\voice\android\libs', not found
work action org.gradle.api.internal.artifacts.transform.DefaultTransformUpstreamDependenciesResolver$FinalizeTransformDependenciesFromSelectedArtifacts$CalculateFinalDependencies@50c5ee56 (Thread[#646,included builds Thread 3,5,main]) started.
work action Dependencies for androidx.core:core-ktx:1.13.1 {artifactType=android-classes-jar, asm-transformed-variant=debug} (Thread[#646,included builds Thread 3,5,main]) started.
file or directory 'C:\dev\ferify-project\ferify-mobile-app\node_modules\@react-native-voice\voice\android\libs', not found
work action org.gradle.api.internal.artifacts.transform.DefaultTransformUpstreamDependenciesResolver$FinalizeTransformDependenciesFromSelectedArtifacts$CalculateFinalDependencies@712868f (Thread[#646,included builds Thread 3,5,main]) started.
work action Dependencies for androidx.lifecycle:lifecycle-viewmodel-savedstate:2.6.2 {artifactType=android-classes-jar, asm-transformed-variant=debug} (Thread[#646,included builds Thread 3,5,main]) started.
file or directory 'C:\dev\ferify-project\ferify-mobile-app\node_modules\@react-native-voice\voice\android\libs', not found
work action org.gradle.api.internal.artifacts.transform.DefaultTransformUpstreamDependenciesResolver$FinalizeTransformDependenciesFromSelectedArtifacts$CalculateFinalDependencies@63a868f2 (Thread[#646,included builds Thread 3,5,main]) started.
work action Dependencies for androidx.lifecycle:lifecycle-runtime:2.6.2 {artifactType=android-classes-jar, asm-transformed-variant=debug} (Thread[#646,included builds Thread 3,5,main]) started.
file or directory 'C:\dev\ferify-project\ferify-mobile-app\node_modules\@react-native-voice\voice\android\libs', not found
work action org.gradle.api.internal.artifacts.transform.DefaultTransformUpstreamDependenciesResolver$FinalizeTransformDependenciesFromSelectedArtifacts$CalculateFinalDependencies@6def0099 (Thread[#646,included builds Thread 3,5,main]) started.
work action Dependencies for androidx.lifecycle:lifecycle-runtime:2.6.2 {artifactType=android-classes-jar, asm-transformed-variant=debug} (Thread[#646,included builds Thread 3,5,main]) started.
file or directory 'C:\dev\ferify-project\ferify-mobile-app\node_modules\@react-native-voice\voice\android\libs', not found
work action org.gradle.api.internal.artifacts.transform.DefaultTransformUpstreamDependenciesResolver$FinalizeTransformDependenciesFromSelectedArtifacts$CalculateFinalDependencies@3593a2c3 (Thread[#646,included builds Thread 3,5,main]) started.
work action Dependencies for androidx.lifecycle:lifecycle-common:2.6.2 {artifactType=android-classes-jar, asm-transformed-variant=debug} (Thread[#646,included builds Thread 3,5,main]) started.
file or directory 'C:\dev\ferify-project\ferify-mobile-app\node_modules\@react-native-voice\voice\android\libs', not found
work action org.gradle.api.internal.artifacts.transform.DefaultTransformUpstreamDependenciesResolver$FinalizeTransformDependenciesFromSelectedArtifacts$CalculateFinalDependencies@6d68c56 (Thread[#646,included builds Thread 3,5,main]) started.
work action Dependencies for androidx.lifecycle:lifecycle-livedata:2.6.2 {artifactType=android-classes-jar, asm-transformed-variant=debug} (Thread[#646,included builds Thread 3,5,main]) started.
file or directory 'C:\dev\ferify-project\ferify-mobile-app\node_modules\@react-native-voice\voice\android\libs', not found
work action org.gradle.api.internal.artifacts.transform.DefaultTransformUpstreamDependenciesResolver$FinalizeTransformDependenciesFromSelectedArtifacts$CalculateFinalDependencies@3902b78 (Thread[#646,included builds Thread 3,5,main]) started.
work action Dependencies for androidx.lifecycle:lifecycle-livedata-core:2.6.2 {artifactType=android-classes-jar, asm-transformed-variant=debug} (Thread[#646,included builds Thread 3,5,main]) started.
file or directory 'C:\dev\ferify-project\ferify-mobile-app\node_modules\@react-native-voice\voice\android\libs', not found
work action org.gradle.api.internal.artifacts.transform.DefaultTransformUpstreamDependenciesResolver$FinalizeTransformDependenciesFromSelectedArtifacts$CalculateFinalDependencies@3b37006c (Thread[#646,included builds Thread 3,5,main]) started.
work action Dependencies for androidx.lifecycle:lifecycle-livedata-core:2.6.2 {artifactType=android-classes-jar, asm-transformed-variant=debug} (Thread[#646,included builds Thread 3,5,main]) started.
file or directory 'C:\dev\ferify-project\ferify-mobile-app\node_modules\@react-native-voice\voice\android\libs', not found
work action org.gradle.api.internal.artifacts.transform.DefaultTransformUpstreamDependenciesResolver$FinalizeTransformDependenciesFromSelectedArtifacts$CalculateFinalDependencies@71ef674d (Thread[#646,included builds Thread 3,5,main]) started.
work action Dependencies for androidx.lifecycle:lifecycle-livedata-core-ktx:2.6.2 {artifactType=android-classes-jar, asm-transformed-variant=debug} (Thread[#646,included builds Thread 3,5,main]) started.
file or directory 'C:\dev\ferify-project\ferify-mobile-app\node_modules\@react-native-voice\voice\android\libs', not found
work action org.gradle.api.internal.artifacts.transform.DefaultTransformUpstreamDependenciesResolver$FinalizeTransformDependenciesFromSelectedArtifacts$CalculateFinalDependencies@3f532bc8 (Thread[#646,included builds Thread 3,5,main]) started.
work action Dependencies for androidx.lifecycle:lifecycle-process:2.6.2 {artifactType=android-classes-jar, asm-transformed-variant=debug} (Thread[#646,included builds Thread 3,5,main]) started.
file or directory 'C:\dev\ferify-project\ferify-mobile-app\node_modules\@react-native-voice\voice\android\libs', not found
work action org.gradle.api.internal.artifacts.transform.DefaultTransformUpstreamDependenciesResolver$FinalizeTransformDependenciesFromSelectedArtifacts$CalculateFinalDependencies@2c8638e6 (Thread[#646,included builds Thread 3,5,main]) started.
work action Dependencies for androidx.lifecycle:lifecycle-process:2.6.2 {artifactType=android-classes-jar, asm-transformed-variant=debug} (Thread[#646,included builds Thread 3,5,main]) started.
file or directory 'C:\dev\ferify-project\ferify-mobile-app\node_modules\@react-native-voice\voice\android\libs', not found
work action org.gradle.api.internal.artifacts.transform.DefaultTransformUpstreamDependenciesResolver$FinalizeTransformDependenciesFromSelectedArtifacts$CalculateFinalDependencies@3e59e9e0 (Thread[#646,included builds Thread 3,5,main]) started.
work action Dependencies for androidx.lifecycle:lifecycle-runtime-ktx:2.6.2 {artifactType=android-classes-jar, asm-transformed-variant=debug} (Thread[#646,included builds Thread 3,5,main]) started.
file or directory 'C:\dev\ferify-project\ferify-mobile-app\node_modules\@react-native-voice\voice\android\libs', not found
work action org.gradle.api.internal.artifacts.transform.DefaultTransformUpstreamDependenciesResolver$FinalizeTransformDependenciesFromSelectedArtifacts$CalculateFinalDependencies@1b16d0d4 (Thread[#646,included builds Thread 3,5,main]) started.
work action Dependencies for androidx.lifecycle:lifecycle-service:2.6.2 {artifactType=android-classes-jar, asm-transformed-variant=debug} (Thread[#646,included builds Thread 3,5,main]) started.
file or directory 'C:\dev\ferify-project\ferify-mobile-app\node_modules\@react-native-voice\voice\android\libs', not found
work action org.gradle.api.internal.artifacts.transform.DefaultTransformUpstreamDependenciesResolver$FinalizeTransformDependenciesFromSelectedArtifacts$CalculateFinalDependencies@4c3caba5 (Thread[#615,Execution worker,5,main]) started.
work action Dependencies for androidx.lifecycle:lifecycle-viewmodel:2.6.2 {artifactType=android-classes-jar, asm-transformed-variant=debug} (Thread[#615,Execution worker,5,main]) started.
file or directory 'C:\dev\ferify-project\ferify-mobile-app\node_modules\@react-native-voice\voice\android\libs', not found
work action org.gradle.api.internal.artifacts.transform.DefaultTransformUpstreamDependenciesResolver$FinalizeTransformDependenciesFromSelectedArtifacts$CalculateFinalDependencies@195d4f8d (Thread[#615,Execution worker,5,main]) started.
work action Dependencies for androidx.lifecycle:lifecycle-viewmodel:2.6.2 {artifactType=android-classes-jar, asm-transformed-variant=debug} (Thread[#615,Execution worker,5,main]) started.
file or directory 'C:\dev\ferify-project\ferify-mobile-app\node_modules\@react-native-voice\voice\android\libs', not found
work action org.gradle.api.internal.artifacts.transform.DefaultTransformUpstreamDependenciesResolver$FinalizeTransformDependenciesFromSelectedArtifacts$CalculateFinalDependencies@356a025e (Thread[#615,Execution worker,5,main]) started.
work action Dependencies for androidx.lifecycle:lifecycle-viewmodel-ktx:2.6.2 {artifactType=android-classes-jar, asm-transformed-variant=debug} (Thread[#615,Execution worker,5,main]) started.
file or directory 'C:\dev\ferify-project\ferify-mobile-app\node_modules\@react-native-voice\voice\android\libs', not found
work action org.gradle.api.internal.artifacts.transform.DefaultTransformUpstreamDependenciesResolver$FinalizeTransformDependenciesFromSelectedArtifacts$CalculateFinalDependencies@3c1c049d (Thread[#615,Execution worker,5,main]) started.
work action Dependencies for androidx.savedstate:savedstate:1.2.1 {artifactType=android-classes-jar, asm-transformed-variant=debug} (Thread[#615,Execution worker,5,main]) started.
file or directory 'C:\dev\ferify-project\ferify-mobile-app\node_modules\@react-native-voice\voice\android\libs', not found
work action org.gradle.api.internal.artifacts.transform.DefaultTransformUpstreamDependenciesResolver$FinalizeTransformDependenciesFromSelectedArtifacts$CalculateFinalDependencies@26bdd511 (Thread[#615,Execution worker,5,main]) started.
work action Dependencies for androidx.savedstate:savedstate-ktx:1.2.1 {artifactType=android-classes-jar, asm-transformed-variant=debug} (Thread[#615,Execution worker,5,main]) started.
file or directory 'C:\dev\ferify-project\ferify-mobile-app\node_modules\@react-native-voice\voice\android\libs', not found
work action org.gradle.api.internal.artifacts.transform.DefaultTransformUpstreamDependenciesResolver$FinalizeTransformDependenciesFromSelectedArtifacts$CalculateFinalDependencies@1fcd8d44 (Thread[#615,Execution worker,5,main]) started.
work action Dependencies for androidx.activity:activity:1.10.0 {artifactType=android-classes-jar, asm-transformed-variant=debug} (Thread[#615,Execution worker,5,main]) started.
file or directory 'C:\dev\ferify-project\ferify-mobile-app\node_modules\@react-native-voice\voice\android\libs', not found
work action org.gradle.api.internal.artifacts.transform.DefaultTransformUpstreamDependenciesResolver$FinalizeTransformDependenciesFromSelectedArtifacts$CalculateFinalDependencies@48c14403 (Thread[#615,Execution worker,5,main]) started.
work action Dependencies for androidx.activity:activity-ktx:1.10.0 {artifactType=android-classes-jar, asm-transformed-variant=debug} (Thread[#615,Execution worker,5,main]) started.
file or directory 'C:\dev\ferify-project\ferify-mobile-app\node_modules\@react-native-voice\voice\android\libs', not found
work action org.gradle.api.internal.artifacts.transform.DefaultTransformUpstreamDependenciesResolver$FinalizeTransformDependenciesFromSelectedArtifacts$CalculateFinalDependencies@3fc897b7 (Thread[#615,Execution worker,5,main]) started.
work action Dependencies for androidx.core:core:1.13.1 {artifactType=android-classes-jar, asm-transformed-variant=debug} (Thread[#615,Execution worker,5,main]) started.
file or directory 'C:\dev\ferify-project\ferify-mobile-app\node_modules\@react-native-voice\voice\android\libs', not found
work action org.gradle.api.internal.artifacts.transform.DefaultTransformUpstreamDependenciesResolver$FinalizeTransformDependenciesFromSelectedArtifacts$CalculateFinalDependencies@1f89b97d (Thread[#615,Execution worker,5,main]) started.
work action Dependencies for androidx.core:core:1.13.1 {artifactType=android-classes-jar, asm-transformed-variant=debug} (Thread[#615,Execution worker,5,main]) started.
file or directory 'C:\dev\ferify-project\ferify-mobile-app\node_modules\@react-native-voice\voice\android\libs', not found
work action org.gradle.api.internal.artifacts.transform.DefaultTransformUpstreamDependenciesResolver$FinalizeTransformDependenciesFromSelectedArtifacts$CalculateFinalDependencies@2e62793a (Thread[#615,Execution worker,5,main]) started.
work action Dependencies for androidx.asynclayoutinflater:asynclayoutinflater:1.0.0 {artifactType=android-classes-jar, asm-transformed-variant=debug} (Thread[#615,Execution worker,5,main]) started.
file or directory 'C:\dev\ferify-project\ferify-mobile-app\node_modules\@react-native-voice\voice\android\libs', not found
work action org.gradle.api.internal.artifacts.transform.DefaultTransformUpstreamDependenciesResolver$FinalizeTransformDependenciesFromSelectedArtifacts$CalculateFinalDependencies@6199088f (Thread[#615,Execution worker,5,main]) started.
work action Dependencies for androidx.customview:customview:1.1.0 {artifactType=android-classes-jar, asm-transformed-variant=debug} (Thread[#615,Execution worker,5,main]) started.
file or directory 'C:\dev\ferify-project\ferify-mobile-app\node_modules\@react-native-voice\voice\android\libs', not found
work action org.gradle.api.internal.artifacts.transform.DefaultTransformUpstreamDependenciesResolver$FinalizeTransformDependenciesFromSelectedArtifacts$CalculateFinalDependencies@65ac0991 (Thread[#615,Execution worker,5,main]) started.
work action Dependencies for androidx.customview:customview:1.1.0 {artifactType=android-classes-jar, asm-transformed-variant=debug} (Thread[#615,Execution worker,5,main]) started.
file or directory 'C:\dev\ferify-project\ferify-mobile-app\node_modules\@react-native-voice\voice\android\libs', not found
work action org.gradle.api.internal.artifacts.transform.DefaultTransformUpstreamDependenciesResolver$FinalizeTransformDependenciesFromSelectedArtifacts$CalculateFinalDependencies@3e0e8034 (Thread[#615,Execution worker,5,main]) started.
work action Dependencies for androidx.slidingpanelayout:slidingpanelayout:1.0.0 {artifactType=android-classes-jar, asm-transformed-variant=debug} (Thread[#615,Execution worker,5,main]) started.
file or directory 'C:\dev\ferify-project\ferify-mobile-app\node_modules\@react-native-voice\voice\android\libs', not found
work action org.gradle.api.internal.artifacts.transform.DefaultTransformUpstreamDependenciesResolver$FinalizeTransformDependenciesFromSelectedArtifacts$CalculateFinalDependencies@494d2a84 (Thread[#615,Execution worker,5,main]) started.
work action Dependencies for androidx.recyclerview:recyclerview:1.1.0 {artifactType=android-classes-jar, asm-transformed-variant=debug} (Thread[#615,Execution worker,5,main]) started.
file or directory 'C:\dev\ferify-project\ferify-mobile-app\node_modules\@react-native-voice\voice\android\libs', not found
work action org.gradle.api.internal.artifacts.transform.DefaultTransformUpstreamDependenciesResolver$FinalizeTransformDependenciesFromSelectedArtifacts$CalculateFinalDependencies@356780a1 (Thread[#615,Execution worker,5,main]) started.
work action Dependencies for androidx.recyclerview:recyclerview:1.1.0 {artifactType=android-classes-jar, asm-transformed-variant=debug} (Thread[#615,Execution worker,5,main]) started.
file or directory 'C:\dev\ferify-project\ferify-mobile-app\node_modules\@react-native-voice\voice\android\libs', not found
work action org.gradle.api.internal.artifacts.transform.DefaultTransformUpstreamDependenciesResolver$FinalizeTransformDependenciesFromSelectedArtifacts$CalculateFinalDependencies@3554f57e (Thread[#615,Execution worker,5,main]) started.
work action Dependencies for androidx.viewpager:viewpager:1.0.0 {artifactType=android-classes-jar, asm-transformed-variant=debug} (Thread[#615,Execution worker,5,main]) started.
file or directory 'C:\dev\ferify-project\ferify-mobile-app\node_modules\@react-native-voice\voice\android\libs', not found
work action org.gradle.api.internal.artifacts.transform.DefaultTransformUpstreamDependenciesResolver$FinalizeTransformDependenciesFromSelectedArtifacts$CalculateFinalDependencies@efdee92 (Thread[#615,Execution worker,5,main]) started.
work action Dependencies for androidx.viewpager:viewpager:1.0.0 {artifactType=android-classes-jar, asm-transformed-variant=debug} (Thread[#615,Execution worker,5,main]) started.
file or directory 'C:\dev\ferify-project\ferify-mobile-app\node_modules\@react-native-voice\voice\android\libs', not found
work action org.gradle.api.internal.artifacts.transform.DefaultTransformUpstreamDependenciesResolver$FinalizeTransformDependenciesFromSelectedArtifacts$CalculateFinalDependencies@62b9ea99 (Thread[#615,Execution worker,5,main]) started.
work action Dependencies for androidx.media:media:1.0.0 {artifactType=android-classes-jar, asm-transformed-variant=debug} (Thread[#615,Execution worker,5,main]) started.
file or directory 'C:\dev\ferify-project\ferify-mobile-app\node_modules\@react-native-voice\voice\android\libs', not found
work action org.gradle.api.internal.artifacts.transform.DefaultTransformUpstreamDependenciesResolver$FinalizeTransformDependenciesFromSelectedArtifacts$CalculateFinalDependencies@67c8030c (Thread[#616,Execution worker Thread 2,5,main]) started.
work action Dependencies for androidx.emoji2:emoji2:1.3.0 {artifactType=android-classes-jar, asm-transformed-variant=debug} (Thread[#616,Execution worker Thread 2,5,main]) started.
file or directory 'C:\dev\ferify-project\ferify-mobile-app\node_modules\@react-native-voice\voice\android\libs', not found
work action org.gradle.api.internal.artifacts.transform.DefaultTransformUpstreamDependenciesResolver$FinalizeTransformDependenciesFromSelectedArtifacts$CalculateFinalDependencies@3a5261b4 (Thread[#616,Execution worker Thread 2,5,main]) started.
work action Dependencies for androidx.emoji2:emoji2-views-helper:1.3.0 {artifactType=android-classes-jar, asm-transformed-variant=debug} (Thread[#616,Execution worker Thread 2,5,main]) started.
file or directory 'C:\dev\ferify-project\ferify-mobile-app\node_modules\@react-native-voice\voice\android\libs', not found
work action org.gradle.api.internal.artifacts.transform.DefaultTransformUpstreamDependenciesResolver$FinalizeTransformDependenciesFromSelectedArtifacts$CalculateFinalDependencies@444d86b (Thread[#616,Execution worker Thread 2,5,main]) started.
work action Dependencies for androidx.vectordrawable:vectordrawable:1.1.0 {artifactType=android-classes-jar, asm-transformed-variant=debug} (Thread[#616,Execution worker Thread 2,5,main]) started.
file or directory 'C:\dev\ferify-project\ferify-mobile-app\node_modules\@react-native-voice\voice\android\libs', not found
work action org.gradle.api.internal.artifacts.transform.DefaultTransformUpstreamDependenciesResolver$FinalizeTransformDependenciesFromSelectedArtifacts$CalculateFinalDependencies@ab44643 (Thread[#616,Execution worker Thread 2,5,main]) started.
work action Dependencies for androidx.vectordrawable:vectordrawable:1.1.0 {artifactType=android-classes-jar, asm-transformed-variant=debug} (Thread[#616,Execution worker Thread 2,5,main]) started.
file or directory 'C:\dev\ferify-project\ferify-mobile-app\node_modules\@react-native-voice\voice\android\libs', not found
work action org.gradle.api.internal.artifacts.transform.DefaultTransformUpstreamDependenciesResolver$FinalizeTransformDependenciesFromSelectedArtifacts$CalculateFinalDependencies@49c177f2 (Thread[#616,Execution worker Thread 2,5,main]) started.
work action Dependencies for androidx.vectordrawable:vectordrawable-animated:1.1.0 {artifactType=android-classes-jar, asm-transformed-variant=debug} (Thread[#616,Execution worker Thread 2,5,main]) started.
file or directory 'C:\dev\ferify-project\ferify-mobile-app\node_modules\@react-native-voice\voice\android\libs', not found
work action org.gradle.api.internal.artifacts.transform.DefaultTransformUpstreamDependenciesResolver$FinalizeTransformDependenciesFromSelectedArtifacts$CalculateFinalDependencies@118dc516 (Thread[#616,Execution worker Thread 2,5,main]) started.
work action Dependencies for androidx.drawerlayout:drawerlayout:1.1.1 {artifactType=android-classes-jar, asm-transformed-variant=debug} (Thread[#616,Execution worker Thread 2,5,main]) started.
file or directory 'C:\dev\ferify-project\ferify-mobile-app\node_modules\@react-native-voice\voice\android\libs', not found
work action org.gradle.api.internal.artifacts.transform.DefaultTransformUpstreamDependenciesResolver$FinalizeTransformDependenciesFromSelectedArtifacts$CalculateFinalDependencies@54d188fb (Thread[#616,Execution worker Thread 2,5,main]) started.
work action Dependencies for androidx.drawerlayout:drawerlayout:1.1.1 {artifactType=android-classes-jar, asm-transformed-variant=debug} (Thread[#616,Execution worker Thread 2,5,main]) started.
file or directory 'C:\dev\ferify-project\ferify-mobile-app\node_modules\@react-native-voice\voice\android\libs', not found
work action org.gradle.api.internal.artifacts.transform.DefaultTransformUpstreamDependenciesResolver$FinalizeTransformDependenciesFromSelectedArtifacts$CalculateFinalDependencies@1991c4ab (Thread[#616,Execution worker Thread 2,5,main]) started.
work action Dependencies for androidx.browser:browser:1.6.0 {artifactType=android-classes-jar, asm-transformed-variant=debug} (Thread[#615,Execution worker,5,main]) started.
file or directory 'C:\dev\ferify-project\ferify-mobile-app\node_modules\@react-native-voice\voice\android\libs', not found
work action org.gradle.api.internal.artifacts.transform.DefaultTransformUpstreamDependenciesResolver$FinalizeTransformDependenciesFromSelectedArtifacts$CalculateFinalDependencies@6391d05a (Thread[#615,Execution worker,5,main]) started.
work action Dependencies for androidx.loader:loader:1.1.0 {artifactType=android-classes-jar, asm-transformed-variant=debug} (Thread[#615,Execution worker,5,main]) started.
file or directory 'C:\dev\ferify-project\ferify-mobile-app\node_modules\@react-native-voice\voice\android\libs', not found
work action org.gradle.api.internal.artifacts.transform.DefaultTransformUpstreamDependenciesResolver$FinalizeTransformDependenciesFromSelectedArtifacts$CalculateFinalDependencies@7a278444 (Thread[#615,Execution worker,5,main]) started.
work action Dependencies for androidx.loader:loader:1.1.0 {artifactType=android-classes-jar, asm-transformed-variant=debug} (Thread[#615,Execution worker,5,main]) started.
file or directory 'C:\dev\ferify-project\ferify-mobile-app\node_modules\@react-native-voice\voice\android\libs', not found
work action org.gradle.api.internal.artifacts.transform.DefaultTransformUpstreamDependenciesResolver$FinalizeTransformDependenciesFromSelectedArtifacts$CalculateFinalDependencies@2985c7a (Thread[#615,Execution worker,5,main]) started.
work action Dependencies for androidx.legacy:legacy-support-core-utils:1.0.0 {artifactType=android-classes-jar, asm-transformed-variant=debug} (Thread[#615,Execution worker,5,main]) started.
file or directory 'C:\dev\ferify-project\ferify-mobile-app\node_modules\@react-native-voice\voice\android\libs', not found
work action org.gradle.api.internal.artifacts.transform.DefaultTransformUpstreamDependenciesResolver$FinalizeTransformDependenciesFromSelectedArtifacts$CalculateFinalDependencies@5c6f868e (Thread[#615,Execution worker,5,main]) started.
work action Dependencies for androidx.dynamicanimation:dynamicanimation:1.0.0 {artifactType=android-classes-jar, asm-transformed-variant=debug} (Thread[#615,Execution worker,5,main]) started.
file or directory 'C:\dev\ferify-project\ferify-mobile-app\node_modules\@react-native-voice\voice\android\libs', not found
work action org.gradle.api.internal.artifacts.transform.DefaultTransformUpstreamDependenciesResolver$FinalizeTransformDependenciesFromSelectedArtifacts$CalculateFinalDependencies@4195669a (Thread[#615,Execution worker,5,main]) started.
work action Dependencies for androidx.transition:transition:1.5.0 {artifactType=android-classes-jar, asm-transformed-variant=debug} (Thread[#615,Execution worker,5,main]) started.
file or directory 'C:\dev\ferify-project\ferify-mobile-app\node_modules\@react-native-voice\voice\android\libs', not found
work action org.gradle.api.internal.artifacts.transform.DefaultTransformUpstreamDependenciesResolver$FinalizeTransformDependenciesFromSelectedArtifacts$CalculateFinalDependencies@e305672 (Thread[#615,Execution worker,5,main]) started.
work action Dependencies for androidx.autofill:autofill:1.1.0 {artifactType=android-classes-jar, asm-transformed-variant=debug} (Thread[#615,Execution worker,5,main]) started.
file or directory 'C:\dev\ferify-project\ferify-mobile-app\node_modules\@react-native-voice\voice\android\libs', not found
work action org.gradle.api.internal.artifacts.transform.DefaultTransformUpstreamDependenciesResolver$FinalizeTransformDependenciesFromSelectedArtifacts$CalculateFinalDependencies@3d768b73 (Thread[#615,Execution worker,5,main]) started.
work action Dependencies for androidx.webkit:webkit:1.4.0 {artifactType=android-classes-jar, asm-transformed-variant=debug} (Thread[#615,Execution worker,5,main]) started.
file or directory 'C:\dev\ferify-project\ferify-mobile-app\node_modules\@react-native-voice\voice\android\libs', not found
work action org.gradle.api.internal.artifacts.transform.DefaultTransformUpstreamDependenciesResolver$FinalizeTransformDependenciesFromSelectedArtifacts$CalculateFinalDependencies@1bcc8ee2 (Thread[#615,Execution worker,5,main]) started.
work action Dependencies for androidx.swiperefreshlayout:swiperefreshlayout:1.1.0 {artifactType=android-classes-jar, asm-transformed-variant=debug} (Thread[#615,Execution worker,5,main]) started.
file or directory 'C:\dev\ferify-project\ferify-mobile-app\node_modules\@react-native-voice\voice\android\libs', not found
work action org.gradle.api.internal.artifacts.transform.DefaultTransformUpstreamDependenciesResolver$FinalizeTransformDependenciesFromSelectedArtifacts$CalculateFinalDependencies@27d5e5e4 (Thread[#615,Execution worker,5,main]) started.
work action Dependencies for androidx.swiperefreshlayout:swiperefreshlayout:1.1.0 {artifactType=android-classes-jar, asm-transformed-variant=debug} (Thread[#615,Execution worker,5,main]) started.
file or directory 'C:\dev\ferify-project\ferify-mobile-app\node_modules\@react-native-voice\voice\android\libs', not found
work action org.gradle.api.internal.artifacts.transform.DefaultTransformUpstreamDependenciesResolver$FinalizeTransformDependenciesFromSelectedArtifacts$CalculateFinalDependencies@4a4387ba (Thread[#615,Execution worker,5,main]) started.
work action Dependencies for androidx.coordinatorlayout:coordinatorlayout:1.2.0 {artifactType=android-classes-jar, asm-transformed-variant=debug} (Thread[#615,Execution worker,5,main]) started.
file or directory 'C:\dev\ferify-project\ferify-mobile-app\node_modules\@react-native-voice\voice\android\libs', not found
work action org.gradle.api.internal.artifacts.transform.DefaultTransformUpstreamDependenciesResolver$FinalizeTransformDependenciesFromSelectedArtifacts$CalculateFinalDependencies@117e309a (Thread[#615,Execution worker,5,main]) started.
work action Dependencies for androidx.coordinatorlayout:coordinatorlayout:1.2.0 {artifactType=android-classes-jar, asm-transformed-variant=debug} (Thread[#615,Execution worker,5,main]) started.
file or directory 'C:\dev\ferify-project\ferify-mobile-app\node_modules\@react-native-voice\voice\android\libs', not found
work action org.gradle.api.internal.artifacts.transform.DefaultTransformUpstreamDependenciesResolver$FinalizeTransformDependenciesFromSelectedArtifacts$CalculateFinalDependencies@32306fb8 (Thread[#615,Execution worker,5,main]) started.
work action Dependencies for androidx.legacy:legacy-support-core-ui:1.0.0 {artifactType=android-classes-jar, asm-transformed-variant=debug} (Thread[#615,Execution worker,5,main]) started.
file or directory 'C:\dev\ferify-project\ferify-mobile-app\node_modules\@react-native-voice\voice\android\libs', not found
work action org.gradle.api.internal.artifacts.transform.DefaultTransformUpstreamDependenciesResolver$FinalizeTransformDependenciesFromSelectedArtifacts$CalculateFinalDependencies@1d6563f5 (Thread[#615,Execution worker,5,main]) started.
work action Dependencies for org.jetbrains.kotlin:kotlin-reflect:2.0.21 {artifactType=android-classes-jar, asm-transformed-variant=debug} (Thread[#615,Execution worker,5,main]) started.
file or directory 'C:\dev\ferify-project\ferify-mobile-app\node_modules\@react-native-voice\voice\android\libs', not found
work action org.gradle.api.internal.artifacts.transform.DefaultTransformUpstreamDependenciesResolver$FinalizeTransformDependenciesFromSelectedArtifacts$CalculateFinalDependencies@1a1ead3 (Thread[#615,Execution worker,5,main]) started.
work action Dependencies for org.jetbrains.kotlin:kotlin-stdlib-jdk7:2.0.21 {artifactType=android-classes-jar, asm-transformed-variant=debug} (Thread[#615,Execution worker,5,main]) started.
file or directory 'C:\dev\ferify-project\ferify-mobile-app\node_modules\@react-native-voice\voice\android\libs', not found
work action org.gradle.api.internal.artifacts.transform.DefaultTransformUpstreamDependenciesResolver$FinalizeTransformDependenciesFromSelectedArtifacts$CalculateFinalDependencies@de2a2d0 (Thread[#615,Execution worker,5,main]) started.
work action Dependencies for org.jetbrains.kotlin:kotlin-stdlib-jdk8:1.9.10 {artifactType=android-classes-jar, asm-transformed-variant=debug} (Thread[#615,Execution worker,5,main]) started.
file or directory 'C:\dev\ferify-project\ferify-mobile-app\node_modules\@react-native-voice\voice\android\libs', not found
work action org.gradle.api.internal.artifacts.transform.DefaultTransformUpstreamDependenciesResolver$FinalizeTransformDependenciesFromSelectedArtifacts$CalculateFinalDependencies@3831cb46 (Thread[#615,Execution worker,5,main]) started.
work action Dependencies for co.touchlab:stately-strict-jvm:2.0.6 {artifactType=android-classes-jar, asm-transformed-variant=debug} (Thread[#615,Execution worker,5,main]) started.
file or directory 'C:\dev\ferify-project\ferify-mobile-app\node_modules\@react-native-voice\voice\android\libs', not found
work action org.gradle.api.internal.artifacts.transform.DefaultTransformUpstreamDependenciesResolver$FinalizeTransformDependenciesFromSelectedArtifacts$CalculateFinalDependencies@c1e06ad (Thread[#615,Execution worker,5,main]) started.
work action Dependencies for co.touchlab:stately-concurrency-jvm:2.0.6 {artifactType=android-classes-jar, asm-transformed-variant=debug} (Thread[#615,Execution worker,5,main]) started.
file or directory 'C:\dev\ferify-project\ferify-mobile-app\node_modules\@react-native-voice\voice\android\libs', not found
work action org.gradle.api.internal.artifacts.transform.DefaultTransformUpstreamDependenciesResolver$FinalizeTransformDependenciesFromSelectedArtifacts$CalculateFinalDependencies@5fede224 (Thread[#615,Execution worker,5,main]) started.
work action Dependencies for co.touchlab:stately-concurrent-collections-jvm:2.0.6 {artifactType=android-classes-jar, asm-transformed-variant=debug} (Thread[#615,Execution worker,5,main]) started.
file or directory 'C:\dev\ferify-project\ferify-mobile-app\node_modules\@react-native-voice\voice\android\libs', not found
work action org.gradle.api.internal.artifacts.transform.DefaultTransformUpstreamDependenciesResolver$FinalizeTransformDependenciesFromSelectedArtifacts$CalculateFinalDependencies@6b19c6b4 (Thread[#615,Execution worker,5,main]) started.
work action Dependencies for io.insert-koin:koin-core-jvm:3.5.6 {artifactType=android-classes-jar, asm-transformed-variant=debug} (Thread[#615,Execution worker,5,main]) started.
file or directory 'C:\dev\ferify-project\ferify-mobile-app\node_modules\@react-native-voice\voice\android\libs', not found
work action org.gradle.api.internal.artifacts.transform.DefaultTransformUpstreamDependenciesResolver$FinalizeTransformDependenciesFromSelectedArtifacts$CalculateFinalDependencies@32c2b923 (Thread[#615,Execution worker,5,main]) started.
work action Dependencies for host.exp.exponent:expo.modules.webbrowser:14.2.0 {artifactType=android-classes-jar, asm-transformed-variant=debug} (Thread[#615,Execution worker,5,main]) started.
file or directory 'C:\dev\ferify-project\ferify-mobile-app\node_modules\@react-native-voice\voice\android\libs', not found
work action org.gradle.api.internal.artifacts.transform.DefaultTransformUpstreamDependenciesResolver$FinalizeTransformDependenciesFromSelectedArtifacts$CalculateFinalDependencies@49cf269 (Thread[#615,Execution worker,5,main]) started.
work action Dependencies for host.exp.exponent:expo.modules.linking:7.1.7 {artifactType=android-classes-jar, asm-transformed-variant=debug} (Thread[#615,Execution worker,5,main]) started.
file or directory 'C:\dev\ferify-project\ferify-mobile-app\node_modules\@react-native-voice\voice\android\libs', not found
work action org.gradle.api.internal.artifacts.transform.DefaultTransformUpstreamDependenciesResolver$FinalizeTransformDependenciesFromSelectedArtifacts$CalculateFinalDependencies@1395ef63 (Thread[#615,Execution worker,5,main]) started.
work action Dependencies for host.exp.exponent:expo.modules.keepawake:14.1.4 {artifactType=android-classes-jar, asm-transformed-variant=debug} (Thread[#615,Execution worker,5,main]) started.
file or directory 'C:\dev\ferify-project\ferify-mobile-app\node_modules\@react-native-voice\voice\android\libs', not found
work action org.gradle.api.internal.artifacts.transform.DefaultTransformUpstreamDependenciesResolver$FinalizeTransformDependenciesFromSelectedArtifacts$CalculateFinalDependencies@4a16d6d5 (Thread[#615,Execution worker,5,main]) started.
work action Dependencies for host.exp.exponent:expo.modules.haptics:14.1.4 {artifactType=android-classes-jar, asm-transformed-variant=debug} (Thread[#615,Execution worker,5,main]) started.
file or directory 'C:\dev\ferify-project\ferify-mobile-app\node_modules\@react-native-voice\voice\android\libs', not found
work action org.gradle.api.internal.artifacts.transform.DefaultTransformUpstreamDependenciesResolver$FinalizeTransformDependenciesFromSelectedArtifacts$CalculateFinalDependencies@400f3131 (Thread[#615,Execution worker,5,main]) started.
work action Dependencies for host.exp.exponent:expo.modules.crypto:14.1.5 {artifactType=android-classes-jar, asm-transformed-variant=debug} (Thread[#615,Execution worker,5,main]) started.
file or directory 'C:\dev\ferify-project\ferify-mobile-app\node_modules\@react-native-voice\voice\android\libs', not found
work action org.gradle.api.internal.artifacts.transform.DefaultTransformUpstreamDependenciesResolver$FinalizeTransformDependenciesFromSelectedArtifacts$CalculateFinalDependencies@2989db34 (Thread[#615,Execution worker,5,main]) started.
work action Dependencies for host.exp.exponent:expo.modules.blur:14.1.5 {artifactType=android-classes-jar, asm-transformed-variant=debug} (Thread[#615,Execution worker,5,main]) started.
file or directory 'C:\dev\ferify-project\ferify-mobile-app\node_modules\@react-native-voice\voice\android\libs', not found
work action org.gradle.api.internal.artifacts.transform.DefaultTransformUpstreamDependenciesResolver$FinalizeTransformDependenciesFromSelectedArtifacts$CalculateFinalDependencies@658d2ea6 (Thread[#615,Execution worker,5,main]) started.
work action Dependencies for expo.modules.asset:expo.modules.asset:11.1.7 {artifactType=android-classes-jar, asm-transformed-variant=debug} (Thread[#615,Execution worker,5,main]) started.
file or directory 'C:\dev\ferify-project\ferify-mobile-app\node_modules\@react-native-voice\voice\android\libs', not found
work action org.gradle.api.internal.artifacts.transform.DefaultTransformUpstreamDependenciesResolver$FinalizeTransformDependenciesFromSelectedArtifacts$CalculateFinalDependencies@47a616cb (Thread[#615,Execution worker,5,main]) started.
work action Dependencies for host.exp.exponent:expo.modules.application:6.1.5 {artifactType=android-classes-jar, asm-transformed-variant=debug} (Thread[#615,Execution worker,5,main]) started.
file or directory 'C:\dev\ferify-project\ferify-mobile-app\node_modules\@react-native-voice\voice\android\libs', not found
work action org.gradle.api.internal.artifacts.transform.DefaultTransformUpstreamDependenciesResolver$FinalizeTransformDependenciesFromSelectedArtifacts$CalculateFinalDependencies@59b5e3b (Thread[#615,Execution worker,5,main]) started.
work action Dependencies for com.facebook.fresco:fbcore:3.6.0 {artifactType=android-classes-jar, asm-transformed-variant=debug} (Thread[#615,Execution worker,5,main]) started.
file or directory 'C:\dev\ferify-project\ferify-mobile-app\node_modules\@react-native-voice\voice\android\libs', not found
work action org.gradle.api.internal.artifacts.transform.DefaultTransformUpstreamDependenciesResolver$FinalizeTransformDependenciesFromSelectedArtifacts$CalculateFinalDependencies@319ad687 (Thread[#615,Execution worker,5,main]) started.
work action Dependencies for com.facebook.fresco:soloader:3.6.0 {artifactType=android-classes-jar, asm-transformed-variant=debug} (Thread[#615,Execution worker,5,main]) started.
file or directory 'C:\dev\ferify-project\ferify-mobile-app\node_modules\@react-native-voice\voice\android\libs', not found
work action org.gradle.api.internal.artifacts.transform.DefaultTransformUpstreamDependenciesResolver$FinalizeTransformDependenciesFromSelectedArtifacts$CalculateFinalDependencies@64afac44 (Thread[#615,Execution worker,5,main]) started.
work action Dependencies for com.squareup.okio:okio:2.9.0 {artifactType=android-classes-jar, asm-transformed-variant=debug} (Thread[#615,Execution worker,5,main]) started.
file or directory 'C:\dev\ferify-project\ferify-mobile-app\node_modules\@react-native-voice\voice\android\libs', not found
work action org.gradle.api.internal.artifacts.transform.DefaultTransformUpstreamDependenciesResolver$FinalizeTransformDependenciesFromSelectedArtifacts$CalculateFinalDependencies@612748fa (Thread[#615,Execution worker,5,main]) started.
work action Dependencies for com.squareup.okhttp3:okhttp:4.9.2 {artifactType=android-classes-jar, asm-transformed-variant=debug} (Thread[#615,Execution worker,5,main]) started.
file or directory 'C:\dev\ferify-project\ferify-mobile-app\node_modules\@react-native-voice\voice\android\libs', not found
work action org.gradle.api.internal.artifacts.transform.DefaultTransformUpstreamDependenciesResolver$FinalizeTransformDependenciesFromSelectedArtifacts$CalculateFinalDependencies@2aa1b02e (Thread[#615,Execution worker,5,main]) started.
work action Dependencies for com.squareup.okhttp3:okhttp-urlconnection:4.9.2 {artifactType=android-classes-jar, asm-transformed-variant=debug} (Thread[#615,Execution worker,5,main]) started.
file or directory 'C:\dev\ferify-project\ferify-mobile-app\node_modules\@react-native-voice\voice\android\libs', not found
work action org.gradle.api.internal.artifacts.transform.DefaultTransformUpstreamDependenciesResolver$FinalizeTransformDependenciesFromSelectedArtifacts$CalculateFinalDependencies@5b839e65 (Thread[#615,Execution worker,5,main]) started.
work action Dependencies for com.facebook.fresco:ui-common:3.6.0 {artifactType=android-classes-jar, asm-transformed-variant=debug} (Thread[#615,Execution worker,5,main]) started.
file or directory 'C:\dev\ferify-project\ferify-mobile-app\node_modules\@react-native-voice\voice\android\libs', not found
work action org.gradle.api.internal.artifacts.transform.DefaultTransformUpstreamDependenciesResolver$FinalizeTransformDependenciesFromSelectedArtifacts$CalculateFinalDependencies@4304be71 (Thread[#615,Execution worker,5,main]) started.
work action Dependencies for com.facebook.fresco:middleware:3.6.0 {artifactType=android-classes-jar, asm-transformed-variant=debug} (Thread[#615,Execution worker,5,main]) started.
file or directory 'C:\dev\ferify-project\ferify-mobile-app\node_modules\@react-native-voice\voice\android\libs', not found
work action org.gradle.api.internal.artifacts.transform.DefaultTransformUpstreamDependenciesResolver$FinalizeTransformDependenciesFromSelectedArtifacts$CalculateFinalDependencies@540fb9f1 (Thread[#616,Execution worker Thread 2,5,main]) started.
work action Dependencies for com.facebook.fresco:vito-source:3.6.0 {artifactType=android-classes-jar, asm-transformed-variant=debug} (Thread[#616,Execution worker Thread 2,5,main]) started.
file or directory 'C:\dev\ferify-project\ferify-mobile-app\node_modules\@react-native-voice\voice\android\libs', not found
work action org.gradle.api.internal.artifacts.transform.DefaultTransformUpstreamDependenciesResolver$FinalizeTransformDependenciesFromSelectedArtifacts$CalculateFinalDependencies@284e62f1 (Thread[#615,Execution worker,5,main]) started.
work action Dependencies for com.facebook.fresco:urimod:3.6.0 {artifactType=android-classes-jar, asm-transformed-variant=debug} (Thread[#616,Execution worker Thread 2,5,main]) started.
file or directory 'C:\dev\ferify-project\ferify-mobile-app\node_modules\@react-native-voice\voice\android\libs', not found
work action org.gradle.api.internal.artifacts.transform.DefaultTransformUpstreamDependenciesResolver$FinalizeTransformDependenciesFromSelectedArtifacts$CalculateFinalDependencies@606ef498 (Thread[#616,Execution worker Thread 2,5,main]) started.
work action Dependencies for com.facebook.fresco:imagepipeline-base:3.6.0 {artifactType=android-classes-jar, asm-transformed-variant=debug} (Thread[#616,Execution worker Thread 2,5,main]) started.
file or directory 'C:\dev\ferify-project\ferify-mobile-app\node_modules\@react-native-voice\voice\android\libs', not found
work action org.gradle.api.internal.artifacts.transform.DefaultTransformUpstreamDependenciesResolver$FinalizeTransformDependenciesFromSelectedArtifacts$CalculateFinalDependencies@ad5f306 (Thread[#616,Execution worker Thread 2,5,main]) started.
work action Dependencies for com.facebook.fresco:nativeimagetranscoder:3.6.0 {artifactType=android-classes-jar, asm-transformed-variant=debug} (Thread[#616,Execution worker Thread 2,5,main]) started.
file or directory 'C:\dev\ferify-project\ferify-mobile-app\node_modules\@react-native-voice\voice\android\libs', not found
work action org.gradle.api.internal.artifacts.transform.DefaultTransformUpstreamDependenciesResolver$FinalizeTransformDependenciesFromSelectedArtifacts$CalculateFinalDependencies@3416597f (Thread[#616,Execution worker Thread 2,5,main]) started.
work action Dependencies for com.facebook.fresco:imagepipeline:3.6.0 {artifactType=android-classes-jar, asm-transformed-variant=debug} (Thread[#616,Execution worker Thread 2,5,main]) started.
file or directory 'C:\dev\ferify-project\ferify-mobile-app\node_modules\@react-native-voice\voice\android\libs', not found
work action org.gradle.api.internal.artifacts.transform.DefaultTransformUpstreamDependenciesResolver$FinalizeTransformDependenciesFromSelectedArtifacts$CalculateFinalDependencies@3aacb0c (Thread[#616,Execution worker Thread 2,5,main]) started.
work action Dependencies for com.facebook.fresco:memory-type-ashmem:3.6.0 {artifactType=android-classes-jar, asm-transformed-variant=debug} (Thread[#616,Execution worker Thread 2,5,main]) started.
file or directory 'C:\dev\ferify-project\ferify-mobile-app\node_modules\@react-native-voice\voice\android\libs', not found
work action org.gradle.api.internal.artifacts.transform.DefaultTransformUpstreamDependenciesResolver$FinalizeTransformDependenciesFromSelectedArtifacts$CalculateFinalDependencies@4b076a6f (Thread[#616,Execution worker Thread 2,5,main]) started.
work action Dependencies for com.facebook.fresco:imagepipeline-native:3.6.0 {artifactType=android-classes-jar, asm-transformed-variant=debug} (Thread[#616,Execution worker Thread 2,5,main]) started.
file or directory 'C:\dev\ferify-project\ferify-mobile-app\node_modules\@react-native-voice\voice\android\libs', not found
work action org.gradle.api.internal.artifacts.transform.DefaultTransformUpstreamDependenciesResolver$FinalizeTransformDependenciesFromSelectedArtifacts$CalculateFinalDependencies@7ae041f9 (Thread[#616,Execution worker Thread 2,5,main]) started.
work action Dependencies for com.facebook.fresco:memory-type-java:3.6.0 {artifactType=android-classes-jar, asm-transformed-variant=debug} (Thread[#616,Execution worker Thread 2,5,main]) started.
file or directory 'C:\dev\ferify-project\ferify-mobile-app\node_modules\@react-native-voice\voice\android\libs', not found
work action org.gradle.api.internal.artifacts.transform.DefaultTransformUpstreamDependenciesResolver$FinalizeTransformDependenciesFromSelectedArtifacts$CalculateFinalDependencies@24a9e8f9 (Thread[#616,Execution worker Thread 2,5,main]) started.
work action Dependencies for com.facebook.fresco:memory-type-native:3.6.0 {artifactType=android-classes-jar, asm-transformed-variant=debug} (Thread[#616,Execution worker Thread 2,5,main]) started.
file or directory 'C:\dev\ferify-project\ferify-mobile-app\node_modules\@react-native-voice\voice\android\libs', not found
work action org.gradle.api.internal.artifacts.transform.DefaultTransformUpstreamDependenciesResolver$FinalizeTransformDependenciesFromSelectedArtifacts$CalculateFinalDependencies@17eb4f1d (Thread[#616,Execution worker Thread 2,5,main]) started.
work action Dependencies for com.facebook.fresco:nativeimagefilters:3.6.0 {artifactType=android-classes-jar, asm-transformed-variant=debug} (Thread[#616,Execution worker Thread 2,5,main]) started.
file or directory 'C:\dev\ferify-project\ferify-mobile-app\node_modules\@react-native-voice\voice\android\libs', not found
work action org.gradle.api.internal.artifacts.transform.DefaultTransformUpstreamDependenciesResolver$FinalizeTransformDependenciesFromSelectedArtifacts$CalculateFinalDependencies@1026cbdf (Thread[#616,Execution worker Thread 2,5,main]) started.
work action Dependencies for com.facebook.fresco:drawee:3.6.0 {artifactType=android-classes-jar, asm-transformed-variant=debug} (Thread[#616,Execution worker Thread 2,5,main]) started.
file or directory 'C:\dev\ferify-project\ferify-mobile-app\node_modules\@react-native-voice\voice\android\libs', not found
work action org.gradle.api.internal.artifacts.transform.DefaultTransformUpstreamDependenciesResolver$FinalizeTransformDependenciesFromSelectedArtifacts$CalculateFinalDependencies@417d26c6 (Thread[#616,Execution worker Thread 2,5,main]) started.
work action Dependencies for com.facebook.fresco:vito-options:3.6.0 {artifactType=android-classes-jar, asm-transformed-variant=debug} (Thread[#616,Execution worker Thread 2,5,main]) started.
file or directory 'C:\dev\ferify-project\ferify-mobile-app\node_modules\@react-native-voice\voice\android\libs', not found
work action org.gradle.api.internal.artifacts.transform.DefaultTransformUpstreamDependenciesResolver$FinalizeTransformDependenciesFromSelectedArtifacts$CalculateFinalDependencies@12976846 (Thread[#616,Execution worker Thread 2,5,main]) started.
work action Dependencies for com.facebook.fresco:animated-drawable:3.6.0 {artifactType=android-classes-jar, asm-transformed-variant=debug} (Thread[#616,Execution worker Thread 2,5,main]) started.
file or directory 'C:\dev\ferify-project\ferify-mobile-app\node_modules\@react-native-voice\voice\android\libs', not found
work action org.gradle.api.internal.artifacts.transform.DefaultTransformUpstreamDependenciesResolver$FinalizeTransformDependenciesFromSelectedArtifacts$CalculateFinalDependencies@6f7b8850 (Thread[#616,Execution worker Thread 2,5,main]) started.
work action Dependencies for com.facebook.fresco:animated-base:3.6.0 {artifactType=android-classes-jar, asm-transformed-variant=debug} (Thread[#616,Execution worker Thread 2,5,main]) started.
file or directory 'C:\dev\ferify-project\ferify-mobile-app\node_modules\@react-native-voice\voice\android\libs', not found
work action org.gradle.api.internal.artifacts.transform.DefaultTransformUpstreamDependenciesResolver$FinalizeTransformDependenciesFromSelectedArtifacts$CalculateFinalDependencies@3e95bc (Thread[#616,Execution worker Thread 2,5,main]) started.
work action Dependencies for com.facebook.fresco:animated-gif:3.6.0 {artifactType=android-classes-jar, asm-transformed-variant=debug} (Thread[#616,Execution worker Thread 2,5,main]) started.
file or directory 'C:\dev\ferify-project\ferify-mobile-app\node_modules\@react-native-voice\voice\android\libs', not found
work action org.gradle.api.internal.artifacts.transform.DefaultTransformUpstreamDependenciesResolver$FinalizeTransformDependenciesFromSelectedArtifacts$CalculateFinalDependencies@26d81f7a (Thread[#616,Execution worker Thread 2,5,main]) started.
work action Dependencies for com.facebook.fresco:webpsupport:3.6.0 {artifactType=android-classes-jar, asm-transformed-variant=debug} (Thread[#616,Execution worker Thread 2,5,main]) started.
file or directory 'C:\dev\ferify-project\ferify-mobile-app\node_modules\@react-native-voice\voice\android\libs', not found
work action org.gradle.api.internal.artifacts.transform.DefaultTransformUpstreamDependenciesResolver$FinalizeTransformDependenciesFromSelectedArtifacts$CalculateFinalDependencies@4eb90983 (Thread[#616,Execution worker Thread 2,5,main]) started.
work action Dependencies for com.facebook.fresco:imagepipeline-okhttp3:3.6.0 {artifactType=android-classes-jar, asm-transformed-variant=debug} (Thread[#616,Execution worker Thread 2,5,main]) started.
file or directory 'C:\dev\ferify-project\ferify-mobile-app\node_modules\@react-native-voice\voice\android\libs', not found
work action org.gradle.api.internal.artifacts.transform.DefaultTransformUpstreamDependenciesResolver$FinalizeTransformDependenciesFromSelectedArtifacts$CalculateFinalDependencies@13f9f819 (Thread[#617,Execution worker Thread 3,5,main]) started.
work action Dependencies for com.facebook.fresco:fresco:3.6.0 {artifactType=android-classes-jar, asm-transformed-variant=debug} (Thread[#617,Execution worker Thread 3,5,main]) started.
file or directory 'C:\dev\ferify-project\ferify-mobile-app\node_modules\@react-native-voice\voice\android\libs', not found
work action org.gradle.api.internal.artifacts.transform.DefaultTransformUpstreamDependenciesResolver$FinalizeTransformDependenciesFromSelectedArtifacts$CalculateFinalDependencies@74f15783 (Thread[#617,Execution worker Thread 3,5,main]) started.
work action Dependencies for androidx.fragment:fragment-ktx:1.6.1 {artifactType=android-classes-jar, asm-transformed-variant=debug} (Thread[#617,Execution worker Thread 3,5,main]) started.
file or directory 'C:\dev\ferify-project\ferify-mobile-app\node_modules\@react-native-voice\voice\android\libs', not found
work action org.gradle.api.internal.artifacts.transform.DefaultTransformUpstreamDependenciesResolver$FinalizeTransformDependenciesFromSelectedArtifacts$CalculateFinalDependencies@39fffa3f (Thread[#617,Execution worker Thread 3,5,main]) started.
work action Dependencies for androidx.fragment:fragment:1.6.1 {artifactType=android-classes-jar, asm-transformed-variant=debug} (Thread[#617,Execution worker Thread 3,5,main]) started.
file or directory 'C:\dev\ferify-project\ferify-mobile-app\node_modules\@react-native-voice\voice\android\libs', not found
work action org.gradle.api.internal.artifacts.transform.DefaultTransformUpstreamDependenciesResolver$FinalizeTransformDependenciesFromSelectedArtifacts$CalculateFinalDependencies@51c60dc2 (Thread[#617,Execution worker Thread 3,5,main]) started.
work action Dependencies for androidx.fragment:fragment:1.6.1 {artifactType=android-classes-jar, asm-transformed-variant=debug} (Thread[#617,Execution worker Thread 3,5,main]) started.
file or directory 'C:\dev\ferify-project\ferify-mobile-app\node_modules\@react-native-voice\voice\android\libs', not found
work action org.gradle.api.internal.artifacts.transform.DefaultTransformUpstreamDependenciesResolver$FinalizeTransformDependenciesFromSelectedArtifacts$CalculateFinalDependencies@66a9dced (Thread[#617,Execution worker Thread 3,5,main]) started.
work action Dependencies for androidx.viewpager2:viewpager2:1.0.0 {artifactType=android-classes-jar, asm-transformed-variant=debug} (Thread[#617,Execution worker Thread 3,5,main]) started.
file or directory 'C:\dev\ferify-project\ferify-mobile-app\node_modules\@react-native-voice\voice\android\libs', not found
work action org.gradle.api.internal.artifacts.transform.DefaultTransformUpstreamDependenciesResolver$FinalizeTransformDependenciesFromSelectedArtifacts$CalculateFinalDependencies@323a998c (Thread[#617,Execution worker Thread 3,5,main]) started.
work action Dependencies for androidx.legacy:legacy-support-v4:1.0.0 {artifactType=android-classes-jar, asm-transformed-variant=debug} (Thread[#617,Execution worker Thread 3,5,main]) started.
file or directory 'C:\dev\ferify-project\ferify-mobile-app\node_modules\@react-native-voice\voice\android\libs', not found
work action org.gradle.api.internal.artifacts.transform.DefaultTransformUpstreamDependenciesResolver$FinalizeTransformDependenciesFromSelectedArtifacts$CalculateFinalDependencies@4b024910 (Thread[#617,Execution worker Thread 3,5,main]) started.
work action Dependencies for host.exp.exponent:expo.modules.filesystem:18.1.11 {artifactType=android-classes-jar, asm-transformed-variant=debug} (Thread[#617,Execution worker Thread 3,5,main]) started.
file or directory 'C:\dev\ferify-project\ferify-mobile-app\node_modules\@react-native-voice\voice\android\libs', not found
work action org.gradle.api.internal.artifacts.transform.DefaultTransformUpstreamDependenciesResolver$FinalizeTransformDependenciesFromSelectedArtifacts$CalculateFinalDependencies@750e9ddc (Thread[#617,Execution worker Thread 3,5,main]) started.
work action Dependencies for com.github.bumptech.glide:glide:4.16.0 {artifactType=android-classes-jar, asm-transformed-variant=debug} (Thread[#617,Execution worker Thread 3,5,main]) started.
file or directory 'C:\dev\ferify-project\ferify-mobile-app\node_modules\@react-native-voice\voice\android\libs', not found
work action org.gradle.api.internal.artifacts.transform.DefaultTransformUpstreamDependenciesResolver$FinalizeTransformDependenciesFromSelectedArtifacts$CalculateFinalDependencies@1d2320b3 (Thread[#617,Execution worker Thread 3,5,main]) started.
work action Dependencies for com.github.bumptech.glide:okhttp3-integration:4.11.0 {artifactType=android-classes-jar, asm-transformed-variant=debug} (Thread[#617,Execution worker Thread 3,5,main]) started.
file or directory 'C:\dev\ferify-project\ferify-mobile-app\node_modules\@react-native-voice\voice\android\libs', not found
work action org.gradle.api.internal.artifacts.transform.DefaultTransformUpstreamDependenciesResolver$FinalizeTransformDependenciesFromSelectedArtifacts$CalculateFinalDependencies@b47b4dc (Thread[#617,Execution worker Thread 3,5,main]) started.
work action Dependencies for jp.wasabeef:glide-transformations:4.3.0 {artifactType=android-classes-jar, asm-transformed-variant=debug} (Thread[#616,Execution worker Thread 2,5,main]) started.
file or directory 'C:\dev\ferify-project\ferify-mobile-app\node_modules\@react-native-voice\voice\android\libs', not found
work action org.gradle.api.internal.artifacts.transform.DefaultTransformUpstreamDependenciesResolver$FinalizeTransformDependenciesFromSelectedArtifacts$CalculateFinalDependencies@176ea133 (Thread[#616,Execution worker Thread 2,5,main]) started.
work action Dependencies for com.github.bumptech.glide:avif-integration:4.16.0 {artifactType=android-classes-jar, asm-transformed-variant=debug} (Thread[#616,Execution worker Thread 2,5,main]) started.
file or directory 'C:\dev\ferify-project\ferify-mobile-app\node_modules\@react-native-voice\voice\android\libs', not found
work action org.gradle.api.internal.artifacts.transform.DefaultTransformUpstreamDependenciesResolver$FinalizeTransformDependenciesFromSelectedArtifacts$CalculateFinalDependencies@73607d40 (Thread[#616,Execution worker Thread 2,5,main]) started.
work action Dependencies for androidx.lifecycle:lifecycle-extensions:2.2.0 {artifactType=android-classes-jar, asm-transformed-variant=debug} (Thread[#616,Execution worker Thread 2,5,main]) started.
file or directory 'C:\dev\ferify-project\ferify-mobile-app\node_modules\@react-native-voice\voice\android\libs', not found
work action org.gradle.api.internal.artifacts.transform.DefaultTransformUpstreamDependenciesResolver$FinalizeTransformDependenciesFromSelectedArtifacts$CalculateFinalDependencies@7d344236 (Thread[#616,Execution worker Thread 2,5,main]) started.
work action Dependencies for com.google.android.gms:play-services-basement:18.5.0 {artifactType=android-classes-jar, asm-transformed-variant=debug} (Thread[#616,Execution worker Thread 2,5,main]) started.
file or directory 'C:\dev\ferify-project\ferify-mobile-app\node_modules\@react-native-voice\voice\android\libs', not found
work action org.gradle.api.internal.artifacts.transform.DefaultTransformUpstreamDependenciesResolver$FinalizeTransformDependenciesFromSelectedArtifacts$CalculateFinalDependencies@129fd946 (Thread[#616,Execution worker Thread 2,5,main]) started.
work action Dependencies for com.google.android.gms:play-services-tasks:18.2.0 {artifactType=android-classes-jar, asm-transformed-variant=debug} (Thread[#616,Execution worker Thread 2,5,main]) started.
file or directory 'C:\dev\ferify-project\ferify-mobile-app\node_modules\@react-native-voice\voice\android\libs', not found
work action org.gradle.api.internal.artifacts.transform.DefaultTransformUpstreamDependenciesResolver$FinalizeTransformDependenciesFromSelectedArtifacts$CalculateFinalDependencies@51c9a3cf (Thread[#616,Execution worker Thread 2,5,main]) started.
work action Dependencies for com.google.android.gms:play-services-base:18.5.0 {artifactType=android-classes-jar, asm-transformed-variant=debug} (Thread[#616,Execution worker Thread 2,5,main]) started.
file or directory 'C:\dev\ferify-project\ferify-mobile-app\node_modules\@react-native-voice\voice\android\libs', not found
work action org.gradle.api.internal.artifacts.transform.DefaultTransformUpstreamDependenciesResolver$FinalizeTransformDependenciesFromSelectedArtifacts$CalculateFinalDependencies@5bf3b47e (Thread[#616,Execution worker Thread 2,5,main]) started.
work action Dependencies for com.google.android.gms:play-services-location:21.0.1 {artifactType=android-classes-jar, asm-transformed-variant=debug} (Thread[#616,Execution worker Thread 2,5,main]) started.
file or directory 'C:\dev\ferify-project\ferify-mobile-app\node_modules\@react-native-voice\voice\android\libs', not found
work action org.gradle.api.internal.artifacts.transform.DefaultTransformUpstreamDependenciesResolver$FinalizeTransformDependenciesFromSelectedArtifacts$CalculateFinalDependencies@120c0d9b (Thread[#616,Execution worker Thread 2,5,main]) started.
work action Dependencies for host.exp.exponent:expo.modules.location:18.1.6 {artifactType=android-classes-jar, asm-transformed-variant=debug} (Thread[#616,Execution worker Thread 2,5,main]) started.
file or directory 'C:\dev\ferify-project\ferify-mobile-app\node_modules\@react-native-voice\voice\android\libs', not found
work action org.gradle.api.internal.artifacts.transform.DefaultTransformUpstreamDependenciesResolver$FinalizeTransformDependenciesFromSelectedArtifacts$CalculateFinalDependencies@510310c0 (Thread[#616,Execution worker Thread 2,5,main]) started.
work action Dependencies for com.google.android.gms:play-services-fido:20.0.1 {artifactType=android-classes-jar, asm-transformed-variant=debug} (Thread[#616,Execution worker Thread 2,5,main]) started.
file or directory 'C:\dev\ferify-project\ferify-mobile-app\node_modules\@react-native-voice\voice\android\libs', not found
work action org.gradle.api.internal.artifacts.transform.DefaultTransformUpstreamDependenciesResolver$FinalizeTransformDependenciesFromSelectedArtifacts$CalculateFinalDependencies@306cc82b (Thread[#616,Execution worker Thread 2,5,main]) started.
work action Dependencies for com.google.android.gms:play-services-auth-base:18.0.10 {artifactType=android-classes-jar, asm-transformed-variant=debug} (Thread[#616,Execution worker Thread 2,5,main]) started.
file or directory 'C:\dev\ferify-project\ferify-mobile-app\node_modules\@react-native-voice\voice\android\libs', not found
work action org.gradle.api.internal.artifacts.transform.DefaultTransformUpstreamDependenciesResolver$FinalizeTransformDependenciesFromSelectedArtifacts$CalculateFinalDependencies@773bd935 (Thread[#616,Execution worker Thread 2,5,main]) started.
work action Dependencies for com.google.android.gms:play-services-auth-api-phone:18.0.2 {artifactType=android-classes-jar, asm-transformed-variant=debug} (Thread[#616,Execution worker Thread 2,5,main]) started.
file or directory 'C:\dev\ferify-project\ferify-mobile-app\node_modules\@react-native-voice\voice\android\libs', not found
work action org.gradle.api.internal.artifacts.transform.DefaultTransformUpstreamDependenciesResolver$FinalizeTransformDependenciesFromSelectedArtifacts$CalculateFinalDependencies@1adbd1d8 (Thread[#616,Execution worker Thread 2,5,main]) started.
work action Dependencies for androidx.appcompat:appcompat:1.7.0 {artifactType=android-classes-jar, asm-transformed-variant=debug} (Thread[#616,Execution worker Thread 2,5,main]) started.
file or directory 'C:\dev\ferify-project\ferify-mobile-app\node_modules\@react-native-voice\voice\android\libs', not found
work action org.gradle.api.internal.artifacts.transform.DefaultTransformUpstreamDependenciesResolver$FinalizeTransformDependenciesFromSelectedArtifacts$CalculateFinalDependencies@2e40f55f (Thread[#617,Execution worker Thread 3,5,main]) started.
work action Dependencies for com.github.penfeizhou.android.animation:frameanimation:3.0.5 {artifactType=android-classes-jar, asm-transformed-variant=debug} (Thread[#617,Execution worker Thread 3,5,main]) started.
file or directory 'C:\dev\ferify-project\ferify-mobile-app\node_modules\@react-native-voice\voice\android\libs', not found
work action org.gradle.api.internal.artifacts.transform.DefaultTransformUpstreamDependenciesResolver$FinalizeTransformDependenciesFromSelectedArtifacts$CalculateFinalDependencies@6093b500 (Thread[#617,Execution worker Thread 3,5,main]) started.
work action Dependencies for com.github.penfeizhou.android.animation:avif:3.0.5 {artifactType=android-classes-jar, asm-transformed-variant=debug} (Thread[#617,Execution worker Thread 3,5,main]) started.
file or directory 'C:\dev\ferify-project\ferify-mobile-app\node_modules\@react-native-voice\voice\android\libs', not found
work action org.gradle.api.internal.artifacts.transform.DefaultTransformUpstreamDependenciesResolver$FinalizeTransformDependenciesFromSelectedArtifacts$CalculateFinalDependencies@1c580ff5 (Thread[#617,Execution worker Thread 3,5,main]) started.
work action Dependencies for com.github.penfeizhou.android.animation:gif:3.0.5 {artifactType=android-classes-jar, asm-transformed-variant=debug} (Thread[#616,Execution worker Thread 2,5,main]) started.
file or directory 'C:\dev\ferify-project\ferify-mobile-app\node_modules\@react-native-voice\voice\android\libs', not found
work action org.gradle.api.internal.artifacts.transform.DefaultTransformUpstreamDependenciesResolver$FinalizeTransformDependenciesFromSelectedArtifacts$CalculateFinalDependencies@68dee81c (Thread[#616,Execution worker Thread 2,5,main]) started.
work action Dependencies for com.github.penfeizhou.android.animation:apng:3.0.5 {artifactType=android-classes-jar, asm-transformed-variant=debug} (Thread[#616,Execution worker Thread 2,5,main]) started.
file or directory 'C:\dev\ferify-project\ferify-mobile-app\node_modules\@react-native-voice\voice\android\libs', not found
work action org.gradle.api.internal.artifacts.transform.DefaultTransformUpstreamDependenciesResolver$FinalizeTransformDependenciesFromSelectedArtifacts$CalculateFinalDependencies@368c0bd (Thread[#616,Execution worker Thread 2,5,main]) started.
work action Dependencies for com.github.penfeizhou.android.animation:awebp:3.0.5 {artifactType=android-classes-jar, asm-transformed-variant=debug} (Thread[#616,Execution worker Thread 2,5,main]) started.
file or directory 'C:\dev\ferify-project\ferify-mobile-app\node_modules\@react-native-voice\voice\android\libs', not found
work action org.gradle.api.internal.artifacts.transform.DefaultTransformUpstreamDependenciesResolver$FinalizeTransformDependenciesFromSelectedArtifacts$CalculateFinalDependencies@5289280b (Thread[#616,Execution worker Thread 2,5,main]) started.
work action Dependencies for androidx.constraintlayout:constraintlayout:2.0.1 {artifactType=android-classes-jar, asm-transformed-variant=debug} (Thread[#616,Execution worker Thread 2,5,main]) started.
file or directory 'C:\dev\ferify-project\ferify-mobile-app\node_modules\@react-native-voice\voice\android\libs', not found
work action org.gradle.api.internal.artifacts.transform.DefaultTransformUpstreamDependenciesResolver$FinalizeTransformDependenciesFromSelectedArtifacts$CalculateFinalDependencies@46fc620f (Thread[#616,Execution worker Thread 2,5,main]) started.
work action Dependencies for com.vanniktech:android-image-cropper:4.6.0 {artifactType=android-classes-jar, asm-transformed-variant=debug} (Thread[#616,Execution worker Thread 2,5,main]) started.
file or directory 'C:\dev\ferify-project\ferify-mobile-app\node_modules\@react-native-voice\voice\android\libs', not found
work action org.gradle.api.internal.artifacts.transform.DefaultTransformUpstreamDependenciesResolver$FinalizeTransformDependenciesFromSelectedArtifacts$CalculateFinalDependencies@42621876 (Thread[#616,Execution worker Thread 2,5,main]) started.
work action Dependencies for com.github.penfeizhou.android.animation:glide-plugin:3.0.5 {artifactType=android-classes-jar, asm-transformed-variant=debug} (Thread[#616,Execution worker Thread 2,5,main]) started.
file or directory 'C:\dev\ferify-project\ferify-mobile-app\node_modules\@react-native-voice\voice\android\libs', not found
work action org.gradle.api.internal.artifacts.transform.DefaultTransformUpstreamDependenciesResolver$FinalizeTransformDependenciesFromSelectedArtifacts$CalculateFinalDependencies@6377988a (Thread[#616,Execution worker Thread 2,5,main]) started.
work action Dependencies for androidx.appcompat:appcompat-resources:1.7.0 {artifactType=android-classes-jar, asm-transformed-variant=debug} (Thread[#616,Execution worker Thread 2,5,main]) started.
file or directory 'C:\dev\ferify-project\ferify-mobile-app\node_modules\@react-native-voice\voice\android\libs', not found
work action org.gradle.api.internal.artifacts.transform.DefaultTransformUpstreamDependenciesResolver$FinalizeTransformDependenciesFromSelectedArtifacts$CalculateFinalDependencies@5f542877 (Thread[#616,Execution worker Thread 2,5,main]) started.
work action Dependencies for androidx.core:core-splashscreen:1.2.0-alpha02 {artifactType=android-classes-jar, asm-transformed-variant=debug} (Thread[#616,Execution worker Thread 2,5,main]) started.
file or directory 'C:\dev\ferify-project\ferify-mobile-app\node_modules\@react-native-voice\voice\android\libs', not found
work action org.gradle.api.internal.artifacts.transform.DefaultTransformUpstreamDependenciesResolver$FinalizeTransformDependenciesFromSelectedArtifacts$CalculateFinalDependencies@28a676eb (Thread[#616,Execution worker Thread 2,5,main]) started.
work action Dependencies for host.exp.exponent:expo.modules.imagepicker:16.1.4 {artifactType=android-classes-jar, asm-transformed-variant=debug} (Thread[#616,Execution worker Thread 2,5,main]) started.
file or directory 'C:\dev\ferify-project\ferify-mobile-app\node_modules\@react-native-voice\voice\android\libs', not found
work action org.gradle.api.internal.artifacts.transform.DefaultTransformUpstreamDependenciesResolver$FinalizeTransformDependenciesFromSelectedArtifacts$CalculateFinalDependencies@260a78f (Thread[#616,Execution worker Thread 2,5,main]) started.
work action Dependencies for com.google.android.material:material:1.12.0 {artifactType=android-classes-jar, asm-transformed-variant=debug} (Thread[#616,Execution worker Thread 2,5,main]) started.
file or directory 'C:\dev\ferify-project\ferify-mobile-app\node_modules\@react-native-voice\voice\android\libs', not found
work action org.gradle.api.internal.artifacts.transform.DefaultTransformUpstreamDependenciesResolver$FinalizeTransformDependenciesFromSelectedArtifacts$CalculateFinalDependencies@3dd760ec (Thread[#616,Execution worker Thread 2,5,main]) started.
work action Dependencies for com.google.android.gms:play-services-auth:21.4.0 {artifactType=android-classes-jar, asm-transformed-variant=debug} (Thread[#616,Execution worker Thread 2,5,main]) started.
file or directory 'C:\dev\ferify-project\ferify-mobile-app\node_modules\@react-native-voice\voice\android\libs', not found
work action org.gradle.api.internal.artifacts.transform.DefaultTransformUpstreamDependenciesResolver$FinalizeTransformDependenciesFromSelectedArtifacts$CalculateFinalDependencies@2595bb6b (Thread[#616,Execution worker Thread 2,5,main]) started.
work action Dependencies for com.facebook.react:react-android:0.79.6 {artifactType=android-classes-jar, asm-transformed-variant=debug} (Thread[#616,Execution worker Thread 2,5,main]) started.
file or directory 'C:\dev\ferify-project\ferify-mobile-app\node_modules\@react-native-voice\voice\android\libs', not found
work action org.gradle.api.internal.artifacts.transform.DefaultTransformUpstreamDependenciesResolver$FinalizeTransformDependenciesFromSelectedArtifacts$CalculateFinalDependencies@12b8380b (Thread[#646,included builds Thread 3,5,main]) started.
work action Dependencies for host.exp.exponent:expo.modules.systemui:5.0.11 {artifactType=android-classes-jar, asm-transformed-variant=debug} (Thread[#616,Execution worker Thread 2,5,main]) started.
file or directory 'C:\dev\ferify-project\ferify-mobile-app\node_modules\@react-native-voice\voice\android\libs', not found
work action org.gradle.api.internal.artifacts.transform.DefaultTransformUpstreamDependenciesResolver$FinalizeTransformDependenciesFromSelectedArtifacts$CalculateFinalDependencies@567e4189 (Thread[#616,Execution worker Thread 2,5,main]) started.
work action Dependencies for host.exp.exponent:expo.modules.splashscreen:0.30.10 {artifactType=android-classes-jar, asm-transformed-variant=debug} (Thread[#616,Execution worker Thread 2,5,main]) started.
file or directory 'C:\dev\ferify-project\ferify-mobile-app\node_modules\@react-native-voice\voice\android\libs', not found
work action org.gradle.api.internal.artifacts.transform.DefaultTransformUpstreamDependenciesResolver$FinalizeTransformDependenciesFromSelectedArtifacts$CalculateFinalDependencies@8fad948 (Thread[#616,Execution worker Thread 2,5,main]) started.
work action Dependencies for BareExpo:expo.modules.image:2.4.1 {artifactType=android-classes-jar, asm-transformed-variant=debug} (Thread[#616,Execution worker Thread 2,5,main]) started.
file or directory 'C:\dev\ferify-project\ferify-mobile-app\node_modules\@react-native-voice\voice\android\libs', not found
work action org.gradle.api.internal.artifacts.transform.DefaultTransformUpstreamDependenciesResolver$FinalizeTransformDependenciesFromSelectedArtifacts$CalculateFinalDependencies@3305d0e (Thread[#616,Execution worker Thread 2,5,main]) started.
work action Dependencies for host.exp.exponent:expo.modules.font:13.3.2 {artifactType=android-classes-jar, asm-transformed-variant=debug} (Thread[#616,Execution worker Thread 2,5,main]) started.
file or directory 'C:\dev\ferify-project\ferify-mobile-app\node_modules\@react-native-voice\voice\android\libs', not found
work action Parameters of DexingOutputSplitTransform (Thread[#616,Execution worker Thread 2,5,main]) started.
Resolve mutations for :app:generateAutolinkingNewArchitectureFiles (Thread[#616,Execution worker Thread 2,5,main]) started.
./gradlew : The NODE_ENV environment variable is required but was not 
specified. Ensure the project is bundled with Expo CLI or NODE_ENV is set. 
Using only .env.local and .env
At line:1 char:1
+ ./gradlew assembleDebug --stacktrace --info *>&1 | Tee-Object -FilePa ...
+ ~~~~~~~~~~~~~~~~~~~~~~~~~~~~~~~~~~~~~~~~~~~~~~~~
    + CategoryInfo          : NotSpecified: (The NODE_ENV en....local and . 
   env:String) [], RemoteException
    + FullyQualifiedErrorId : NativeCommandError
 
:app:generateAutolinkingNewArchitectureFiles (Thread[#616,Execution worker Thread 2,5,main]) started.

> Task :app:generateAutolinkingNewArchitectureFiles UP-TO-DATE
Caching disabled for task ':app:generateAutolinkingNewArchitectureFiles' because:
  Build cache is disabled
  Caching has not been enabled for the task
Skipping task ':app:generateAutolinkingNewArchitectureFiles' as it is up-to-date.
Resolve mutations for :app:generateAutolinkingPackageList (Thread[#616,Execution worker Thread 2,5,main]) started.
:app:generateAutolinkingPackageList (Thread[#616,Execution worker Thread 2,5,main]) started.

> Task :app:generateAutolinkingPackageList UP-TO-DATE
Caching disabled for task ':app:generateAutolinkingPackageList' because:
  Build cache is disabled
  Caching has not been enabled for the task
Skipping task ':app:generateAutolinkingPackageList' as it is up-to-date.
Resolve mutations for :app:generateCodegenSchemaFromJavaScript (Thread[#616,Execution worker Thread 2,5,main]) started.
:app:generateCodegenSchemaFromJavaScript (Thread[#616,Execution worker Thread 2,5,main]) started.

> Task :app:generateCodegenSchemaFromJavaScript SKIPPED
Skipping task ':app:generateCodegenSchemaFromJavaScript' as task onlyIf 'Task satisfies onlyIf spec' is false.
Resolve mutations for :app:generateCodegenArtifactsFromSchema (Thread[#616,Execution worker Thread 2,5,main]) started.
:app:generateCodegenArtifactsFromSchema (Thread[#646,included builds Thread 3,5,main]) started.

> Task :app:generateCodegenArtifactsFromSchema SKIPPED
Skipping task ':app:generateCodegenArtifactsFromSchema' as task onlyIf 'Task satisfies onlyIf spec' is false.
Resolve mutations for :app:preBuild (Thread[#646,included builds Thread 3,5,main]) started.
:app:preBuild (Thread[#646,included builds Thread 3,5,main]) started.

> Task :app:preBuild UP-TO-DATE
Skipping task ':app:preBuild' as it has no actions.
Resolve mutations for :app:preDebugBuild (Thread[#646,included builds Thread 3,5,main]) started.
:app:preDebugBuild (Thread[#646,included builds Thread 3,5,main]) started.

> Task :app:preDebugBuild UP-TO-DATE
Skipping task ':app:preDebugBuild' as it has no actions.
Resolve mutations for :app:mergeDebugNativeDebugMetadata (Thread[#646,included builds Thread 3,5,main]) started.
:app:mergeDebugNativeDebugMetadata (Thread[#646,included builds Thread 3,5,main]) started.

> Task :app:mergeDebugNativeDebugMetadata NO-SOURCE
Skipping task ':app:mergeDebugNativeDebugMetadata' as it has no source files and no previous output files.
Resolve mutations for :app:checkKotlinGradlePluginConfigurationErrors (Thread[#646,included builds Thread 3,5,main]) started.
:app:checkKotlinGradlePluginConfigurationErrors (Thread[#646,included builds Thread 3,5,main]) started.

> Task :app:checkKotlinGradlePluginConfigurationErrors SKIPPED
Skipping task ':app:checkKotlinGradlePluginConfigurationErrors' as task onlyIf 'errorDiagnostics are present' is false.
Resolve mutations for :app:generateDebugBuildConfig (Thread[#646,included builds Thread 3,5,main]) started.
:app:generateDebugBuildConfig (Thread[#646,included builds Thread 3,5,main]) started.

> Task :app:generateDebugBuildConfig UP-TO-DATE
Caching disabled for task ':app:generateDebugBuildConfig' because:
  Build cache is disabled
Skipping task ':app:generateDebugBuildConfig' as it is up-to-date.
Resolve mutations for :expo:generatePackagesList (Thread[#646,included builds Thread 3,5,main]) started.
:expo:generatePackagesList (Thread[#646,included builds Thread 3,5,main]) started.

> Task :expo:generatePackagesList UP-TO-DATE
Caching disabled for task ':expo:generatePackagesList' because:
  Build cache is disabled
  Caching has not been enabled for the task
Skipping task ':expo:generatePackagesList' as it is up-to-date.
Resolve mutations for :expo:preBuild (Thread[#646,included builds Thread 3,5,main]) started.
:expo:preBuild (Thread[#646,included builds Thread 3,5,main]) started.

> Task :expo:preBuild UP-TO-DATE
Skipping task ':expo:preBuild' as it has no actions.
Resolve mutations for :expo:preDebugBuild (Thread[#646,included builds Thread 3,5,main]) started.
:expo:preDebugBuild (Thread[#646,included builds Thread 3,5,main]) started.

> Task :expo:preDebugBuild UP-TO-DATE
Skipping task ':expo:preDebugBuild' as it has no actions.
Resolve mutations for :expo:writeDebugAarMetadata (Thread[#646,included builds Thread 3,5,main]) started.
:expo:writeDebugAarMetadata (Thread[#646,included builds Thread 3,5,main]) started.

> Task :expo:writeDebugAarMetadata UP-TO-DATE
Caching disabled for task ':expo:writeDebugAarMetadata' because:
  Build cache is disabled
  Caching has been disabled for the task
Skipping task ':expo:writeDebugAarMetadata' as it is up-to-date.
work action resolve aar-metadata.properties (project :expo) (Thread[#646,included builds Thread 3,5,main]) started.
Resolve mutations for :expo-constants:createExpoConfig (Thread[#646,included builds Thread 3,5,main]) started.
:expo-constants:createExpoConfig (Thread[#646,included builds Thread 3,5,main]) started.

> Task :expo-constants:createExpoConfig
Custom actions are attached to task ':expo-constants:createExpoConfig'.
Caching disabled for task ':expo-constants:createExpoConfig' because:
  Build cache is disabled
  Gradle would require more information to cache this task
Task ':expo-constants:createExpoConfig' is not up-to-date because:
  Task.upToDateWhen is false.
Starting process 'command 'cmd''. Working directory: C:\dev\ferify-project\ferify-mobile-app\android Command: cmd /c node C:\dev\ferify-project\ferify-mobile-app\node_modules\expo-constants/scripts/getAppConfig.js C:\dev\ferify-project\ferify-mobile-app\android C:\dev\ferify-project\ferify-mobile-app\node_modules\expo-constants\android\build\generated\assets\expo-constants
Successfully started process 'command 'cmd''
env: load .env
env: export EXPO_PUBLIC_SERVER_URL EXPO_PUBLIC_GOOGLE_ANDROID_CLIENT_ID EXPO_PUBLIC_GOOGLE_WEB_CLIENT_ID EXPO_PUBLIC_GOOGLE_IOS_CLIENT_ID
Resolve mutations for :expo-constants:preBuild (Thread[#646,included builds Thread 3,5,main]) started.
:expo-constants:preBuild (Thread[#646,included builds Thread 3,5,main]) started.

> Task :expo-constants:preBuild
Skipping task ':expo-constants:preBuild' as it has no actions.
Resolve mutations for :expo-constants:preDebugBuild (Thread[#646,included builds Thread 3,5,main]) started.
:expo-constants:preDebugBuild (Thread[#646,included builds Thread 3,5,main]) started.

> Task :expo-constants:preDebugBuild
Skipping task ':expo-constants:preDebugBuild' as it has no actions.
Resolve mutations for :expo-constants:writeDebugAarMetadata (Thread[#646,included builds Thread 3,5,main]) started.
:expo-constants:writeDebugAarMetadata (Thread[#646,included builds Thread 3,5,main]) started.

> Task :expo-constants:writeDebugAarMetadata UP-TO-DATE
Caching disabled for task ':expo-constants:writeDebugAarMetadata' because:
  Build cache is disabled
  Caching has been disabled for the task
Skipping task ':expo-constants:writeDebugAarMetadata' as it is up-to-date.
work action resolve aar-metadata.properties (project :expo-constants) (Thread[#646,included builds Thread 3,5,main]) started.
Resolve mutations for :expo-dev-client:preBuild (Thread[#646,included builds Thread 3,5,main]) started.
:expo-dev-client:preBuild (Thread[#646,included builds Thread 3,5,main]) started.

> Task :expo-dev-client:preBuild UP-TO-DATE
Skipping task ':expo-dev-client:preBuild' as it has no actions.
Resolve mutations for :expo-dev-client:preDebugBuild (Thread[#646,included builds Thread 3,5,main]) started.
:expo-dev-client:preDebugBuild (Thread[#646,included builds Thread 3,5,main]) started.

> Task :expo-dev-client:preDebugBuild UP-TO-DATE
Skipping task ':expo-dev-client:preDebugBuild' as it has no actions.
Resolve mutations for :expo-dev-client:writeDebugAarMetadata (Thread[#646,included builds Thread 3,5,main]) started.
:expo-dev-client:writeDebugAarMetadata (Thread[#646,included builds Thread 3,5,main]) started.

> Task :expo-dev-client:writeDebugAarMetadata UP-TO-DATE
Caching disabled for task ':expo-dev-client:writeDebugAarMetadata' because:
  Build cache is disabled
  Caching has been disabled for the task
Skipping task ':expo-dev-client:writeDebugAarMetadata' as it is up-to-date.
work action resolve aar-metadata.properties (project :expo-dev-client) (Thread[#646,included builds Thread 3,5,main]) started.
Resolve mutations for :expo-dev-launcher:preBuild (Thread[#646,included builds Thread 3,5,main]) started.
:expo-dev-launcher:preBuild (Thread[#646,included builds Thread 3,5,main]) started.

> Task :expo-dev-launcher:preBuild UP-TO-DATE
Skipping task ':expo-dev-launcher:preBuild' as it has no actions.
Resolve mutations for :expo-dev-launcher:preDebugBuild (Thread[#646,included builds Thread 3,5,main]) started.
:expo-dev-launcher:preDebugBuild (Thread[#646,included builds Thread 3,5,main]) started.

> Task :expo-dev-launcher:preDebugBuild UP-TO-DATE
Skipping task ':expo-dev-launcher:preDebugBuild' as it has no actions.
Resolve mutations for :expo-dev-launcher:writeDebugAarMetadata (Thread[#646,included builds Thread 3,5,main]) started.
:expo-dev-launcher:writeDebugAarMetadata (Thread[#646,included builds Thread 3,5,main]) started.

> Task :expo-dev-launcher:writeDebugAarMetadata UP-TO-DATE
Caching disabled for task ':expo-dev-launcher:writeDebugAarMetadata' because:
  Build cache is disabled
  Caching has been disabled for the task
Skipping task ':expo-dev-launcher:writeDebugAarMetadata' as it is up-to-date.
work action resolve aar-metadata.properties (project :expo-dev-launcher) (Thread[#646,included builds Thread 3,5,main]) started.
Resolve mutations for :expo-dev-menu:clenupAssets (Thread[#646,included builds Thread 3,5,main]) started.
:expo-dev-menu:clenupAssets (Thread[#646,included builds Thread 3,5,main]) started.

> Task :expo-dev-menu:clenupAssets UP-TO-DATE
Caching disabled for task ':expo-dev-menu:clenupAssets' because:
  Build cache is disabled
Task ':expo-dev-menu:clenupAssets' is not up-to-date because:
  Task has not declared any outputs despite executing actions.
Resolve mutations for :expo-dev-menu:copyAssets (Thread[#646,included builds Thread 3,5,main]) started.
:expo-dev-menu:copyAssets (Thread[#646,included builds Thread 3,5,main]) started.

> Task :expo-dev-menu:copyAssets UP-TO-DATE
Caching disabled for task ':expo-dev-menu:copyAssets' because:
  Build cache is disabled
  Not worth caching
Skipping task ':expo-dev-menu:copyAssets' as it is up-to-date.
Resolve mutations for :expo-dev-menu:preBuild (Thread[#646,included builds Thread 3,5,main]) started.
:expo-dev-menu:preBuild (Thread[#646,included builds Thread 3,5,main]) started.

> Task :expo-dev-menu:preBuild UP-TO-DATE
Skipping task ':expo-dev-menu:preBuild' as it has no actions.
Resolve mutations for :expo-dev-menu:preDebugBuild (Thread[#646,included builds Thread 3,5,main]) started.
:expo-dev-menu:preDebugBuild (Thread[#646,included builds Thread 3,5,main]) started.

> Task :expo-dev-menu:preDebugBuild UP-TO-DATE
Skipping task ':expo-dev-menu:preDebugBuild' as it has no actions.
Resolve mutations for :expo-dev-menu:writeDebugAarMetadata (Thread[#646,included builds Thread 3,5,main]) started.
:expo-dev-menu:writeDebugAarMetadata (Thread[#646,included builds Thread 3,5,main]) started.

> Task :expo-dev-menu:writeDebugAarMetadata UP-TO-DATE
Caching disabled for task ':expo-dev-menu:writeDebugAarMetadata' because:
  Build cache is disabled
  Caching has been disabled for the task
Skipping task ':expo-dev-menu:writeDebugAarMetadata' as it is up-to-date.
work action resolve aar-metadata.properties (project :expo-dev-menu) (Thread[#615,Execution worker,5,main]) started.
Resolve mutations for :expo-dev-menu-interface:preBuild (Thread[#615,Execution worker,5,main]) started.
:expo-dev-menu-interface:preBuild (Thread[#615,Execution worker,5,main]) started.

> Task :expo-dev-menu-interface:preBuild UP-TO-DATE
Skipping task ':expo-dev-menu-interface:preBuild' as it has no actions.
Resolve mutations for :expo-dev-menu-interface:preDebugBuild (Thread[#615,Execution worker,5,main]) started.
:expo-dev-menu-interface:preDebugBuild (Thread[#615,Execution worker,5,main]) started.

> Task :expo-dev-menu-interface:preDebugBuild UP-TO-DATE
Skipping task ':expo-dev-menu-interface:preDebugBuild' as it has no actions.
Resolve mutations for :expo-dev-menu-interface:writeDebugAarMetadata (Thread[#615,Execution worker,5,main]) started.
:expo-dev-menu-interface:writeDebugAarMetadata (Thread[#615,Execution worker,5,main]) started.

> Task :expo-dev-menu-interface:writeDebugAarMetadata UP-TO-DATE
Caching disabled for task ':expo-dev-menu-interface:writeDebugAarMetadata' because:
  Build cache is disabled
  Caching has been disabled for the task
Skipping task ':expo-dev-menu-interface:writeDebugAarMetadata' as it is up-to-date.
work action resolve aar-metadata.properties (project :expo-dev-menu-interface) (Thread[#615,Execution worker,5,main]) started.
Resolve mutations for :expo-image-loader:preBuild (Thread[#615,Execution worker,5,main]) started.
:expo-image-loader:preBuild (Thread[#615,Execution worker,5,main]) started.

> Task :expo-image-loader:preBuild UP-TO-DATE
Skipping task ':expo-image-loader:preBuild' as it has no actions.
Resolve mutations for :expo-image-loader:preDebugBuild (Thread[#615,Execution worker,5,main]) started.
:expo-image-loader:preDebugBuild (Thread[#615,Execution worker,5,main]) started.

> Task :expo-image-loader:preDebugBuild UP-TO-DATE
Skipping task ':expo-image-loader:preDebugBuild' as it has no actions.
Resolve mutations for :expo-image-loader:writeDebugAarMetadata (Thread[#615,Execution worker,5,main]) started.
:expo-image-loader:writeDebugAarMetadata (Thread[#615,Execution worker,5,main]) started.

> Task :expo-image-loader:writeDebugAarMetadata UP-TO-DATE
Caching disabled for task ':expo-image-loader:writeDebugAarMetadata' because:
  Build cache is disabled
  Caching has been disabled for the task
Skipping task ':expo-image-loader:writeDebugAarMetadata' as it is up-to-date.
work action resolve aar-metadata.properties (project :expo-image-loader) (Thread[#615,Execution worker,5,main]) started.
Resolve mutations for :expo-json-utils:preBuild (Thread[#615,Execution worker,5,main]) started.
:expo-json-utils:preBuild (Thread[#615,Execution worker,5,main]) started.

> Task :expo-json-utils:preBuild UP-TO-DATE
Skipping task ':expo-json-utils:preBuild' as it has no actions.
Resolve mutations for :expo-json-utils:preDebugBuild (Thread[#615,Execution worker,5,main]) started.
:expo-json-utils:preDebugBuild (Thread[#615,Execution worker,5,main]) started.

> Task :expo-json-utils:preDebugBuild UP-TO-DATE
Skipping task ':expo-json-utils:preDebugBuild' as it has no actions.
Resolve mutations for :expo-json-utils:writeDebugAarMetadata (Thread[#615,Execution worker,5,main]) started.
:expo-json-utils:writeDebugAarMetadata (Thread[#615,Execution worker,5,main]) started.

> Task :expo-json-utils:writeDebugAarMetadata UP-TO-DATE
Caching disabled for task ':expo-json-utils:writeDebugAarMetadata' because:
  Build cache is disabled
  Caching has been disabled for the task
Skipping task ':expo-json-utils:writeDebugAarMetadata' as it is up-to-date.
work action resolve aar-metadata.properties (project :expo-json-utils) (Thread[#615,Execution worker,5,main]) started.
Resolve mutations for :expo-manifests:preBuild (Thread[#615,Execution worker,5,main]) started.
:expo-manifests:preBuild (Thread[#615,Execution worker,5,main]) started.

> Task :expo-manifests:preBuild UP-TO-DATE
Skipping task ':expo-manifests:preBuild' as it has no actions.
Resolve mutations for :expo-manifests:preDebugBuild (Thread[#615,Execution worker,5,main]) started.
:expo-manifests:preDebugBuild (Thread[#615,Execution worker,5,main]) started.

> Task :expo-manifests:preDebugBuild UP-TO-DATE
Skipping task ':expo-manifests:preDebugBuild' as it has no actions.
Resolve mutations for :expo-manifests:writeDebugAarMetadata (Thread[#615,Execution worker,5,main]) started.
:expo-manifests:writeDebugAarMetadata (Thread[#615,Execution worker,5,main]) started.

> Task :expo-manifests:writeDebugAarMetadata UP-TO-DATE
Caching disabled for task ':expo-manifests:writeDebugAarMetadata' because:
  Build cache is disabled
  Caching has been disabled for the task
Skipping task ':expo-manifests:writeDebugAarMetadata' as it is up-to-date.
work action resolve aar-metadata.properties (project :expo-manifests) (Thread[#615,Execution worker,5,main]) started.
Resolve mutations for :expo-modules-core:preBuild (Thread[#615,Execution worker,5,main]) started.
:expo-modules-core:preBuild (Thread[#615,Execution worker,5,main]) started.

> Task :expo-modules-core:preBuild UP-TO-DATE
Skipping task ':expo-modules-core:preBuild' as it has no actions.
Resolve mutations for :expo-modules-core:preDebugBuild (Thread[#615,Execution worker,5,main]) started.
:expo-modules-core:preDebugBuild (Thread[#615,Execution worker,5,main]) started.

> Task :expo-modules-core:preDebugBuild UP-TO-DATE
Skipping task ':expo-modules-core:preDebugBuild' as it has no actions.
Resolve mutations for :expo-modules-core:writeDebugAarMetadata (Thread[#615,Execution worker,5,main]) started.
:expo-modules-core:writeDebugAarMetadata (Thread[#615,Execution worker,5,main]) started.

> Task :expo-modules-core:writeDebugAarMetadata UP-TO-DATE
Caching disabled for task ':expo-modules-core:writeDebugAarMetadata' because:
  Build cache is disabled
  Caching has been disabled for the task
Skipping task ':expo-modules-core:writeDebugAarMetadata' as it is up-to-date.
work action resolve aar-metadata.properties (project :expo-modules-core) (Thread[#615,Execution worker,5,main]) started.
Resolve mutations for :expo-speech-recognition:preBuild (Thread[#615,Execution worker,5,main]) started.
:expo-speech-recognition:preBuild (Thread[#615,Execution worker,5,main]) started.

> Task :expo-speech-recognition:preBuild UP-TO-DATE
Skipping task ':expo-speech-recognition:preBuild' as it has no actions.
Resolve mutations for :expo-speech-recognition:preDebugBuild (Thread[#615,Execution worker,5,main]) started.
:expo-speech-recognition:preDebugBuild (Thread[#615,Execution worker,5,main]) started.

> Task :expo-speech-recognition:preDebugBuild UP-TO-DATE
Skipping task ':expo-speech-recognition:preDebugBuild' as it has no actions.
Resolve mutations for :expo-speech-recognition:writeDebugAarMetadata (Thread[#615,Execution worker,5,main]) started.
:expo-speech-recognition:writeDebugAarMetadata (Thread[#615,Execution worker,5,main]) started.

> Task :expo-speech-recognition:writeDebugAarMetadata UP-TO-DATE
Caching disabled for task ':expo-speech-recognition:writeDebugAarMetadata' because:
  Build cache is disabled
  Caching has been disabled for the task
Skipping task ':expo-speech-recognition:writeDebugAarMetadata' as it is up-to-date.
work action resolve aar-metadata.properties (project :expo-speech-recognition) (Thread[#615,Execution worker,5,main]) started.
Resolve mutations for :expo-updates-interface:preBuild (Thread[#646,included builds Thread 3,5,main]) started.
:expo-updates-interface:preBuild (Thread[#646,included builds Thread 3,5,main]) started.

> Task :expo-updates-interface:preBuild UP-TO-DATE
Skipping task ':expo-updates-interface:preBuild' as it has no actions.
Resolve mutations for :expo-updates-interface:preDebugBuild (Thread[#646,included builds Thread 3,5,main]) started.
:expo-updates-interface:preDebugBuild (Thread[#646,included builds Thread 3,5,main]) started.

> Task :expo-updates-interface:preDebugBuild UP-TO-DATE
Skipping task ':expo-updates-interface:preDebugBuild' as it has no actions.
Resolve mutations for :expo-updates-interface:writeDebugAarMetadata (Thread[#646,included builds Thread 3,5,main]) started.
:expo-updates-interface:writeDebugAarMetadata (Thread[#646,included builds Thread 3,5,main]) started.

> Task :expo-updates-interface:writeDebugAarMetadata UP-TO-DATE
Caching disabled for task ':expo-updates-interface:writeDebugAarMetadata' because:
  Build cache is disabled
  Caching has been disabled for the task
Skipping task ':expo-updates-interface:writeDebugAarMetadata' as it is up-to-date.
work action resolve aar-metadata.properties (project :expo-updates-interface) (Thread[#646,included builds Thread 3,5,main]) started.
Resolve mutations for :react-native-async-storage_async-storage:generateCodegenSchemaFromJavaScript (Thread[#646,included builds Thread 3,5,main]) started.
:react-native-async-storage_async-storage:generateCodegenSchemaFromJavaScript (Thread[#646,included builds Thread 3,5,main]) started.

> Task :react-native-async-storage_async-storage:generateCodegenSchemaFromJavaScript UP-TO-DATE
Caching disabled for task ':react-native-async-storage_async-storage:generateCodegenSchemaFromJavaScript' because:
  Build cache is disabled
  Caching has not been enabled for the task
Skipping task ':react-native-async-storage_async-storage:generateCodegenSchemaFromJavaScript' as it is up-to-date.
Resolve mutations for :react-native-async-storage_async-storage:generateCodegenArtifactsFromSchema (Thread[#646,included builds Thread 3,5,main]) started.
:react-native-async-storage_async-storage:generateCodegenArtifactsFromSchema (Thread[#646,included builds Thread 3,5,main]) started.

> Task :react-native-async-storage_async-storage:generateCodegenArtifactsFromSchema UP-TO-DATE
Caching disabled for task ':react-native-async-storage_async-storage:generateCodegenArtifactsFromSchema' because:
  Build cache is disabled
  Caching has not been enabled for the task
Skipping task ':react-native-async-storage_async-storage:generateCodegenArtifactsFromSchema' as it is up-to-date.
Resolve mutations for :react-native-async-storage_async-storage:preBuild (Thread[#646,included builds Thread 3,5,main]) started.
:react-native-async-storage_async-storage:preBuild (Thread[#646,included builds Thread 3,5,main]) started.

> Task :react-native-async-storage_async-storage:preBuild UP-TO-DATE
Skipping task ':react-native-async-storage_async-storage:preBuild' as it has no actions.
Resolve mutations for :react-native-async-storage_async-storage:preDebugBuild (Thread[#646,included builds Thread 3,5,main]) started.
:react-native-async-storage_async-storage:preDebugBuild (Thread[#646,included builds Thread 3,5,main]) started.

> Task :react-native-async-storage_async-storage:preDebugBuild UP-TO-DATE
Skipping task ':react-native-async-storage_async-storage:preDebugBuild' as it has no actions.
Resolve mutations for :react-native-async-storage_async-storage:writeDebugAarMetadata (Thread[#646,included builds Thread 3,5,main]) started.
:react-native-async-storage_async-storage:writeDebugAarMetadata (Thread[#646,included builds Thread 3,5,main]) started.

> Task :react-native-async-storage_async-storage:writeDebugAarMetadata UP-TO-DATE
Caching disabled for task ':react-native-async-storage_async-storage:writeDebugAarMetadata' because:
  Build cache is disabled
  Caching has been disabled for the task
Skipping task ':react-native-async-storage_async-storage:writeDebugAarMetadata' as it is up-to-date.
work action resolve aar-metadata.properties (project :react-native-async-storage_async-storage) (Thread[#646,included builds Thread 3,5,main]) started.
Resolve mutations for :react-native-edge-to-edge:generateCodegenSchemaFromJavaScript (Thread[#646,included builds Thread 3,5,main]) started.
:react-native-edge-to-edge:generateCodegenSchemaFromJavaScript (Thread[#646,included builds Thread 3,5,main]) started.

> Task :react-native-edge-to-edge:generateCodegenSchemaFromJavaScript UP-TO-DATE
Caching disabled for task ':react-native-edge-to-edge:generateCodegenSchemaFromJavaScript' because:
  Build cache is disabled
  Caching has not been enabled for the task
Skipping task ':react-native-edge-to-edge:generateCodegenSchemaFromJavaScript' as it is up-to-date.
Resolve mutations for :react-native-edge-to-edge:generateCodegenArtifactsFromSchema (Thread[#616,Execution worker Thread 2,5,main]) started.
:react-native-edge-to-edge:generateCodegenArtifactsFromSchema (Thread[#616,Execution worker Thread 2,5,main]) started.

> Task :react-native-edge-to-edge:generateCodegenArtifactsFromSchema UP-TO-DATE
Caching disabled for task ':react-native-edge-to-edge:generateCodegenArtifactsFromSchema' because:
  Build cache is disabled
  Caching has not been enabled for the task
Skipping task ':react-native-edge-to-edge:generateCodegenArtifactsFromSchema' as it is up-to-date.
Resolve mutations for :react-native-edge-to-edge:preBuild (Thread[#616,Execution worker Thread 2,5,main]) started.
:react-native-edge-to-edge:preBuild (Thread[#616,Execution worker Thread 2,5,main]) started.

> Task :react-native-edge-to-edge:preBuild UP-TO-DATE
Skipping task ':react-native-edge-to-edge:preBuild' as it has no actions.
Resolve mutations for :react-native-edge-to-edge:preDebugBuild (Thread[#616,Execution worker Thread 2,5,main]) started.
:react-native-edge-to-edge:preDebugBuild (Thread[#616,Execution worker Thread 2,5,main]) started.

> Task :react-native-edge-to-edge:preDebugBuild UP-TO-DATE
Skipping task ':react-native-edge-to-edge:preDebugBuild' as it has no actions.
Resolve mutations for :react-native-edge-to-edge:writeDebugAarMetadata (Thread[#616,Execution worker Thread 2,5,main]) started.
:react-native-edge-to-edge:writeDebugAarMetadata (Thread[#616,Execution worker Thread 2,5,main]) started.

> Task :react-native-edge-to-edge:writeDebugAarMetadata UP-TO-DATE
Caching disabled for task ':react-native-edge-to-edge:writeDebugAarMetadata' because:
  Build cache is disabled
  Caching has been disabled for the task
Skipping task ':react-native-edge-to-edge:writeDebugAarMetadata' as it is up-to-date.
work action resolve aar-metadata.properties (project :react-native-edge-to-edge) (Thread[#616,Execution worker Thread 2,5,main]) started.
Resolve mutations for :react-native-gesture-handler:generateCodegenSchemaFromJavaScript (Thread[#616,Execution worker Thread 2,5,main]) started.
:react-native-gesture-handler:generateCodegenSchemaFromJavaScript (Thread[#616,Execution worker Thread 2,5,main]) started.

> Task :react-native-gesture-handler:generateCodegenSchemaFromJavaScript UP-TO-DATE
Caching disabled for task ':react-native-gesture-handler:generateCodegenSchemaFromJavaScript' because:
  Build cache is disabled
  Caching has not been enabled for the task
Skipping task ':react-native-gesture-handler:generateCodegenSchemaFromJavaScript' as it is up-to-date.
Resolve mutations for :react-native-gesture-handler:generateCodegenArtifactsFromSchema (Thread[#616,Execution worker Thread 2,5,main]) started.
:react-native-gesture-handler:generateCodegenArtifactsFromSchema (Thread[#616,Execution worker Thread 2,5,main]) started.

> Task :react-native-gesture-handler:generateCodegenArtifactsFromSchema UP-TO-DATE
Caching disabled for task ':react-native-gesture-handler:generateCodegenArtifactsFromSchema' because:
  Build cache is disabled
  Caching has not been enabled for the task
Skipping task ':react-native-gesture-handler:generateCodegenArtifactsFromSchema' as it is up-to-date.
Resolve mutations for :react-native-gesture-handler:preBuild (Thread[#616,Execution worker Thread 2,5,main]) started.
:react-native-gesture-handler:preBuild (Thread[#616,Execution worker Thread 2,5,main]) started.

> Task :react-native-gesture-handler:preBuild UP-TO-DATE
Skipping task ':react-native-gesture-handler:preBuild' as it has no actions.
Resolve mutations for :react-native-gesture-handler:preDebugBuild (Thread[#616,Execution worker Thread 2,5,main]) started.
:react-native-gesture-handler:preDebugBuild (Thread[#616,Execution worker Thread 2,5,main]) started.

> Task :react-native-gesture-handler:preDebugBuild UP-TO-DATE
Skipping task ':react-native-gesture-handler:preDebugBuild' as it has no actions.
Resolve mutations for :react-native-gesture-handler:writeDebugAarMetadata (Thread[#616,Execution worker Thread 2,5,main]) started.
:react-native-gesture-handler:writeDebugAarMetadata (Thread[#646,included builds Thread 3,5,main]) started.

> Task :react-native-gesture-handler:writeDebugAarMetadata UP-TO-DATE
Caching disabled for task ':react-native-gesture-handler:writeDebugAarMetadata' because:
  Build cache is disabled
  Caching has been disabled for the task
Skipping task ':react-native-gesture-handler:writeDebugAarMetadata' as it is up-to-date.
work action resolve aar-metadata.properties (project :react-native-gesture-handler) (Thread[#646,included builds Thread 3,5,main]) started.
Resolve mutations for :react-native-google-signin_google-signin:generateCodegenSchemaFromJavaScript (Thread[#646,included builds Thread 3,5,main]) started.
:react-native-google-signin_google-signin:generateCodegenSchemaFromJavaScript (Thread[#646,included builds Thread 3,5,main]) started.

> Task :react-native-google-signin_google-signin:generateCodegenSchemaFromJavaScript UP-TO-DATE
Caching disabled for task ':react-native-google-signin_google-signin:generateCodegenSchemaFromJavaScript' because:
  Build cache is disabled
  Caching has not been enabled for the task
Skipping task ':react-native-google-signin_google-signin:generateCodegenSchemaFromJavaScript' as it is up-to-date.
Resolve mutations for :react-native-google-signin_google-signin:generateCodegenArtifactsFromSchema (Thread[#646,included builds Thread 3,5,main]) started.
:react-native-google-signin_google-signin:generateCodegenArtifactsFromSchema (Thread[#646,included builds Thread 3,5,main]) started.

> Task :react-native-google-signin_google-signin:generateCodegenArtifactsFromSchema UP-TO-DATE
Caching disabled for task ':react-native-google-signin_google-signin:generateCodegenArtifactsFromSchema' because:
  Build cache is disabled
  Caching has not been enabled for the task
Skipping task ':react-native-google-signin_google-signin:generateCodegenArtifactsFromSchema' as it is up-to-date.
Resolve mutations for :react-native-google-signin_google-signin:preBuild (Thread[#646,included builds Thread 3,5,main]) started.
:react-native-google-signin_google-signin:preBuild (Thread[#646,included builds Thread 3,5,main]) started.

> Task :react-native-google-signin_google-signin:preBuild UP-TO-DATE
Skipping task ':react-native-google-signin_google-signin:preBuild' as it has no actions.
Resolve mutations for :react-native-google-signin_google-signin:preDebugBuild (Thread[#646,included builds Thread 3,5,main]) started.
:react-native-google-signin_google-signin:preDebugBuild (Thread[#646,included builds Thread 3,5,main]) started.

> Task :react-native-google-signin_google-signin:preDebugBuild UP-TO-DATE
Skipping task ':react-native-google-signin_google-signin:preDebugBuild' as it has no actions.
Resolve mutations for :react-native-google-signin_google-signin:writeDebugAarMetadata (Thread[#646,included builds Thread 3,5,main]) started.
:react-native-google-signin_google-signin:writeDebugAarMetadata (Thread[#646,included builds Thread 3,5,main]) started.

> Task :react-native-google-signin_google-signin:writeDebugAarMetadata UP-TO-DATE
Caching disabled for task ':react-native-google-signin_google-signin:writeDebugAarMetadata' because:
  Build cache is disabled
  Caching has been disabled for the task
Skipping task ':react-native-google-signin_google-signin:writeDebugAarMetadata' as it is up-to-date.
work action resolve aar-metadata.properties (project :react-native-google-signin_google-signin) (Thread[#646,included builds Thread 3,5,main]) started.
Resolve mutations for :react-native-reanimated:assertMinimalReactNativeVersionTask (Thread[#646,included builds Thread 3,5,main]) started.
:react-native-reanimated:assertMinimalReactNativeVersionTask (Thread[#646,included builds Thread 3,5,main]) started.

> Task :react-native-reanimated:assertMinimalReactNativeVersionTask SKIPPED
Skipping task ':react-native-reanimated:assertMinimalReactNativeVersionTask' as task onlyIf 'Task satisfies onlyIf closure' is false.
Resolve mutations for :react-native-reanimated:generateCodegenSchemaFromJavaScript (Thread[#646,included builds Thread 3,5,main]) started.
:react-native-reanimated:generateCodegenSchemaFromJavaScript (Thread[#646,included builds Thread 3,5,main]) started.

> Task :react-native-reanimated:generateCodegenSchemaFromJavaScript UP-TO-DATE
Caching disabled for task ':react-native-reanimated:generateCodegenSchemaFromJavaScript' because:
  Build cache is disabled
  Caching has not been enabled for the task
Skipping task ':react-native-reanimated:generateCodegenSchemaFromJavaScript' as it is up-to-date.
Resolve mutations for :react-native-reanimated:generateCodegenArtifactsFromSchema (Thread[#646,included builds Thread 3,5,main]) started.
:react-native-reanimated:generateCodegenArtifactsFromSchema (Thread[#646,included builds Thread 3,5,main]) started.

> Task :react-native-reanimated:generateCodegenArtifactsFromSchema UP-TO-DATE
Caching disabled for task ':react-native-reanimated:generateCodegenArtifactsFromSchema' because:
  Build cache is disabled
  Caching has not been enabled for the task
Skipping task ':react-native-reanimated:generateCodegenArtifactsFromSchema' as it is up-to-date.
Resolve mutations for :react-native-reanimated:prepareReanimatedHeadersForPrefabs (Thread[#617,Execution worker Thread 3,5,main]) started.
:react-native-reanimated:prepareReanimatedHeadersForPrefabs (Thread[#617,Execution worker Thread 3,5,main]) started.

> Task :react-native-reanimated:prepareReanimatedHeadersForPrefabs UP-TO-DATE
Caching disabled for task ':react-native-reanimated:prepareReanimatedHeadersForPrefabs' because:
  Build cache is disabled
  Not worth caching
Skipping task ':react-native-reanimated:prepareReanimatedHeadersForPrefabs' as it is up-to-date.
Resolve mutations for :react-native-reanimated:prepareWorkletsHeadersForPrefabs (Thread[#617,Execution worker Thread 3,5,main]) started.
:react-native-reanimated:prepareWorkletsHeadersForPrefabs (Thread[#617,Execution worker Thread 3,5,main]) started.

> Task :react-native-reanimated:prepareWorkletsHeadersForPrefabs UP-TO-DATE
Caching disabled for task ':react-native-reanimated:prepareWorkletsHeadersForPrefabs' because:
  Build cache is disabled
  Not worth caching
Skipping task ':react-native-reanimated:prepareWorkletsHeadersForPrefabs' as it is up-to-date.
Resolve mutations for :react-native-reanimated:preBuild (Thread[#617,Execution worker Thread 3,5,main]) started.
:react-native-reanimated:preBuild (Thread[#617,Execution worker Thread 3,5,main]) started.

> Task :react-native-reanimated:preBuild UP-TO-DATE
Skipping task ':react-native-reanimated:preBuild' as it has no actions.
Resolve mutations for :react-native-reanimated:preDebugBuild (Thread[#617,Execution worker Thread 3,5,main]) started.
:react-native-reanimated:preDebugBuild (Thread[#617,Execution worker Thread 3,5,main]) started.

> Task :react-native-reanimated:preDebugBuild UP-TO-DATE
Skipping task ':react-native-reanimated:preDebugBuild' as it has no actions.
Resolve mutations for :react-native-reanimated:writeDebugAarMetadata (Thread[#617,Execution worker Thread 3,5,main]) started.
:react-native-reanimated:writeDebugAarMetadata (Thread[#617,Execution worker Thread 3,5,main]) started.

> Task :react-native-reanimated:writeDebugAarMetadata UP-TO-DATE
Caching disabled for task ':react-native-reanimated:writeDebugAarMetadata' because:
  Build cache is disabled
  Caching has been disabled for the task
Skipping task ':react-native-reanimated:writeDebugAarMetadata' as it is up-to-date.
work action resolve aar-metadata.properties (project :react-native-reanimated) (Thread[#617,Execution worker Thread 3,5,main]) started.
Resolve mutations for :react-native-safe-area-context:generateCodegenSchemaFromJavaScript (Thread[#617,Execution worker Thread 3,5,main]) started.
:react-native-safe-area-context:generateCodegenSchemaFromJavaScript (Thread[#617,Execution worker Thread 3,5,main]) started.

> Task :react-native-safe-area-context:generateCodegenSchemaFromJavaScript UP-TO-DATE
Caching disabled for task ':react-native-safe-area-context:generateCodegenSchemaFromJavaScript' because:
  Build cache is disabled
  Caching has not been enabled for the task
Skipping task ':react-native-safe-area-context:generateCodegenSchemaFromJavaScript' as it is up-to-date.
Resolve mutations for :react-native-safe-area-context:generateCodegenArtifactsFromSchema (Thread[#617,Execution worker Thread 3,5,main]) started.
:react-native-safe-area-context:generateCodegenArtifactsFromSchema (Thread[#616,Execution worker Thread 2,5,main]) started.

> Task :react-native-safe-area-context:generateCodegenArtifactsFromSchema UP-TO-DATE
Caching disabled for task ':react-native-safe-area-context:generateCodegenArtifactsFromSchema' because:
  Build cache is disabled
  Caching has not been enabled for the task
Skipping task ':react-native-safe-area-context:generateCodegenArtifactsFromSchema' as it is up-to-date.
Resolve mutations for :react-native-safe-area-context:preBuild (Thread[#616,Execution worker Thread 2,5,main]) started.
:react-native-safe-area-context:preBuild (Thread[#616,Execution worker Thread 2,5,main]) started.

> Task :react-native-safe-area-context:preBuild UP-TO-DATE
Skipping task ':react-native-safe-area-context:preBuild' as it has no actions.
Resolve mutations for :react-native-safe-area-context:preDebugBuild (Thread[#616,Execution worker Thread 2,5,main]) started.
:react-native-safe-area-context:preDebugBuild (Thread[#616,Execution worker Thread 2,5,main]) started.

> Task :react-native-safe-area-context:preDebugBuild UP-TO-DATE
Skipping task ':react-native-safe-area-context:preDebugBuild' as it has no actions.
Resolve mutations for :react-native-safe-area-context:writeDebugAarMetadata (Thread[#616,Execution worker Thread 2,5,main]) started.
:react-native-safe-area-context:writeDebugAarMetadata (Thread[#616,Execution worker Thread 2,5,main]) started.

> Task :react-native-safe-area-context:writeDebugAarMetadata UP-TO-DATE
Caching disabled for task ':react-native-safe-area-context:writeDebugAarMetadata' because:
  Build cache is disabled
  Caching has been disabled for the task
Skipping task ':react-native-safe-area-context:writeDebugAarMetadata' as it is up-to-date.
work action resolve aar-metadata.properties (project :react-native-safe-area-context) (Thread[#616,Execution worker Thread 2,5,main]) started.
Resolve mutations for :react-native-screens:generateCodegenSchemaFromJavaScript (Thread[#617,Execution worker Thread 3,5,main]) started.
:react-native-screens:generateCodegenSchemaFromJavaScript (Thread[#617,Execution worker Thread 3,5,main]) started.

> Task :react-native-screens:generateCodegenSchemaFromJavaScript UP-TO-DATE
Caching disabled for task ':react-native-screens:generateCodegenSchemaFromJavaScript' because:
  Build cache is disabled
  Caching has not been enabled for the task
Skipping task ':react-native-screens:generateCodegenSchemaFromJavaScript' as it is up-to-date.
Resolve mutations for :react-native-screens:generateCodegenArtifactsFromSchema (Thread[#617,Execution worker Thread 3,5,main]) started.
:react-native-screens:generateCodegenArtifactsFromSchema (Thread[#617,Execution worker Thread 3,5,main]) started.

> Task :react-native-screens:generateCodegenArtifactsFromSchema UP-TO-DATE
Caching disabled for task ':react-native-screens:generateCodegenArtifactsFromSchema' because:
  Build cache is disabled
  Caching has not been enabled for the task
Skipping task ':react-native-screens:generateCodegenArtifactsFromSchema' as it is up-to-date.
Resolve mutations for :react-native-screens:preBuild (Thread[#617,Execution worker Thread 3,5,main]) started.
:react-native-screens:preBuild (Thread[#617,Execution worker Thread 3,5,main]) started.

> Task :react-native-screens:preBuild UP-TO-DATE
Skipping task ':react-native-screens:preBuild' as it has no actions.
Resolve mutations for :react-native-screens:preDebugBuild (Thread[#617,Execution worker Thread 3,5,main]) started.
:react-native-screens:preDebugBuild (Thread[#617,Execution worker Thread 3,5,main]) started.

> Task :react-native-screens:preDebugBuild UP-TO-DATE
Skipping task ':react-native-screens:preDebugBuild' as it has no actions.
Resolve mutations for :react-native-screens:writeDebugAarMetadata (Thread[#646,included builds Thread 3,5,main]) started.
:react-native-screens:writeDebugAarMetadata (Thread[#646,included builds Thread 3,5,main]) started.

> Task :react-native-screens:writeDebugAarMetadata UP-TO-DATE
Caching disabled for task ':react-native-screens:writeDebugAarMetadata' because:
  Build cache is disabled
  Caching has been disabled for the task
Skipping task ':react-native-screens:writeDebugAarMetadata' as it is up-to-date.
work action resolve aar-metadata.properties (project :react-native-screens) (Thread[#646,included builds Thread 3,5,main]) started.
Resolve mutations for :react-native-vector-icons:generateCodegenSchemaFromJavaScript (Thread[#646,included builds Thread 3,5,main]) started.
:react-native-vector-icons:generateCodegenSchemaFromJavaScript (Thread[#646,included builds Thread 3,5,main]) started.

> Task :react-native-vector-icons:generateCodegenSchemaFromJavaScript UP-TO-DATE
Caching disabled for task ':react-native-vector-icons:generateCodegenSchemaFromJavaScript' because:
  Build cache is disabled
  Caching has not been enabled for the task
Skipping task ':react-native-vector-icons:generateCodegenSchemaFromJavaScript' as it is up-to-date.
Resolve mutations for :react-native-vector-icons:generateCodegenArtifactsFromSchema (Thread[#646,included builds Thread 3,5,main]) started.
:react-native-vector-icons:generateCodegenArtifactsFromSchema (Thread[#646,included builds Thread 3,5,main]) started.

> Task :react-native-vector-icons:generateCodegenArtifactsFromSchema UP-TO-DATE
Caching disabled for task ':react-native-vector-icons:generateCodegenArtifactsFromSchema' because:
  Build cache is disabled
  Caching has not been enabled for the task
Skipping task ':react-native-vector-icons:generateCodegenArtifactsFromSchema' as it is up-to-date.
Resolve mutations for :react-native-vector-icons:preBuild (Thread[#646,included builds Thread 3,5,main]) started.
:react-native-vector-icons:preBuild (Thread[#646,included builds Thread 3,5,main]) started.

> Task :react-native-vector-icons:preBuild UP-TO-DATE
Skipping task ':react-native-vector-icons:preBuild' as it has no actions.
Resolve mutations for :react-native-vector-icons:preDebugBuild (Thread[#646,included builds Thread 3,5,main]) started.
:react-native-vector-icons:preDebugBuild (Thread[#646,included builds Thread 3,5,main]) started.

> Task :react-native-vector-icons:preDebugBuild UP-TO-DATE
Skipping task ':react-native-vector-icons:preDebugBuild' as it has no actions.
Resolve mutations for :react-native-vector-icons:writeDebugAarMetadata (Thread[#646,included builds Thread 3,5,main]) started.
:react-native-vector-icons:writeDebugAarMetadata (Thread[#646,included builds Thread 3,5,main]) started.

> Task :react-native-vector-icons:writeDebugAarMetadata UP-TO-DATE
Caching disabled for task ':react-native-vector-icons:writeDebugAarMetadata' because:
  Build cache is disabled
  Caching has been disabled for the task
Skipping task ':react-native-vector-icons:writeDebugAarMetadata' as it is up-to-date.
work action resolve aar-metadata.properties (project :react-native-vector-icons) (Thread[#646,included builds Thread 3,5,main]) started.
Resolve mutations for :react-native-voice_voice:preBuild (Thread[#646,included builds Thread 3,5,main]) started.
:react-native-voice_voice:preBuild (Thread[#646,included builds Thread 3,5,main]) started.

> Task :react-native-voice_voice:preBuild UP-TO-DATE
Skipping task ':react-native-voice_voice:preBuild' as it has no actions.
Resolve mutations for :react-native-voice_voice:preDebugBuild (Thread[#646,included builds Thread 3,5,main]) started.
:react-native-voice_voice:preDebugBuild (Thread[#646,included builds Thread 3,5,main]) started.

> Task :react-native-voice_voice:preDebugBuild UP-TO-DATE
Skipping task ':react-native-voice_voice:preDebugBuild' as it has no actions.
Resolve mutations for :react-native-voice_voice:writeDebugAarMetadata (Thread[#646,included builds Thread 3,5,main]) started.
:react-native-voice_voice:writeDebugAarMetadata (Thread[#646,included builds Thread 3,5,main]) started.

> Task :react-native-voice_voice:writeDebugAarMetadata UP-TO-DATE
Caching disabled for task ':react-native-voice_voice:writeDebugAarMetadata' because:
  Build cache is disabled
  Caching has been disabled for the task
Skipping task ':react-native-voice_voice:writeDebugAarMetadata' as it is up-to-date.
work action resolve aar-metadata.properties (project :react-native-voice_voice) (Thread[#646,included builds Thread 3,5,main]) started.
Resolve mutations for :react-native-webview:generateCodegenSchemaFromJavaScript (Thread[#646,included builds Thread 3,5,main]) started.
:react-native-webview:generateCodegenSchemaFromJavaScript (Thread[#646,included builds Thread 3,5,main]) started.

> Task :react-native-webview:generateCodegenSchemaFromJavaScript UP-TO-DATE
Caching disabled for task ':react-native-webview:generateCodegenSchemaFromJavaScript' because:
  Build cache is disabled
  Caching has not been enabled for the task
Skipping task ':react-native-webview:generateCodegenSchemaFromJavaScript' as it is up-to-date.
Resolve mutations for :react-native-webview:generateCodegenArtifactsFromSchema (Thread[#617,Execution worker Thread 3,5,main]) started.
:react-native-webview:generateCodegenArtifactsFromSchema (Thread[#617,Execution worker Thread 3,5,main]) started.

> Task :react-native-webview:generateCodegenArtifactsFromSchema UP-TO-DATE
Caching disabled for task ':react-native-webview:generateCodegenArtifactsFromSchema' because:
  Build cache is disabled
  Caching has not been enabled for the task
Skipping task ':react-native-webview:generateCodegenArtifactsFromSchema' as it is up-to-date.
Resolve mutations for :react-native-webview:preBuild (Thread[#617,Execution worker Thread 3,5,main]) started.
:react-native-webview:preBuild (Thread[#617,Execution worker Thread 3,5,main]) started.

> Task :react-native-webview:preBuild UP-TO-DATE
Skipping task ':react-native-webview:preBuild' as it has no actions.
Resolve mutations for :react-native-webview:preDebugBuild (Thread[#617,Execution worker Thread 3,5,main]) started.
:react-native-webview:preDebugBuild (Thread[#617,Execution worker Thread 3,5,main]) started.

> Task :react-native-webview:preDebugBuild UP-TO-DATE
Skipping task ':react-native-webview:preDebugBuild' as it has no actions.
Resolve mutations for :react-native-webview:writeDebugAarMetadata (Thread[#617,Execution worker Thread 3,5,main]) started.
:react-native-webview:writeDebugAarMetadata (Thread[#617,Execution worker Thread 3,5,main]) started.

> Task :react-native-webview:writeDebugAarMetadata UP-TO-DATE
Caching disabled for task ':react-native-webview:writeDebugAarMetadata' because:
  Build cache is disabled
  Caching has been disabled for the task
Skipping task ':react-native-webview:writeDebugAarMetadata' as it is up-to-date.
work action resolve aar-metadata.properties (project :react-native-webview) (Thread[#617,Execution worker Thread 3,5,main]) started.
Resolve mutations for :app:checkDebugAarMetadata (Thread[#617,Execution worker Thread 3,5,main]) started.
:app:checkDebugAarMetadata (Thread[#617,Execution worker Thread 3,5,main]) started.

> Task :app:checkDebugAarMetadata UP-TO-DATE
file or directory 'C:\dev\ferify-project\ferify-mobile-app\node_modules\@react-native-voice\voice\android\libs', not found
file or directory 'C:\dev\ferify-project\ferify-mobile-app\node_modules\@react-native-voice\voice\android\libs', not found
file or directory 'C:\dev\ferify-project\ferify-mobile-app\node_modules\@react-native-voice\voice\android\libs', not found
file or directory 'C:\dev\ferify-project\ferify-mobile-app\node_modules\@react-native-voice\voice\android\libs', not found
Caching disabled for task ':app:checkDebugAarMetadata' because:
  Build cache is disabled
  Caching has been disabled for the task
Skipping task ':app:checkDebugAarMetadata' as it is up-to-date.
Resolve mutations for :app:generateDebugResValues (Thread[#646,included builds Thread 3,5,main]) started.
:app:generateDebugResValues (Thread[#646,included builds Thread 3,5,main]) started.

> Task :app:generateDebugResValues UP-TO-DATE
Caching disabled for task ':app:generateDebugResValues' because:
  Build cache is disabled
Skipping task ':app:generateDebugResValues' as it is up-to-date.
Resolve mutations for :expo:generateDebugResValues (Thread[#646,included builds Thread 3,5,main]) started.
:expo:generateDebugResValues (Thread[#646,included builds Thread 3,5,main]) started.

> Task :expo:generateDebugResValues UP-TO-DATE
Caching disabled for task ':expo:generateDebugResValues' because:
  Build cache is disabled
Skipping task ':expo:generateDebugResValues' as it is up-to-date.
Resolve mutations for :expo:generateDebugResources (Thread[#646,included builds Thread 3,5,main]) started.
:expo:generateDebugResources (Thread[#646,included builds Thread 3,5,main]) started.

> Task :expo:generateDebugResources UP-TO-DATE
Caching disabled for task ':expo:generateDebugResources' because:
  Build cache is disabled
Skipping task ':expo:generateDebugResources' as it is up-to-date.
Resolve mutations for :expo:packageDebugResources (Thread[#646,included builds Thread 3,5,main]) started.
:expo:packageDebugResources (Thread[#646,included builds Thread 3,5,main]) started.

> Task :expo:packageDebugResources UP-TO-DATE
Caching disabled for task ':expo:packageDebugResources' because:
  Build cache is disabled
Skipping task ':expo:packageDebugResources' as it is up-to-date.
work action resolve packageDebugResources (project :expo) (Thread[#646,included builds Thread 3,5,main]) started.
Resolve mutations for :expo-constants:generateDebugResValues (Thread[#646,included builds Thread 3,5,main]) started.
:expo-constants:generateDebugResValues (Thread[#646,included builds Thread 3,5,main]) started.

> Task :expo-constants:generateDebugResValues UP-TO-DATE
Caching disabled for task ':expo-constants:generateDebugResValues' because:
  Build cache is disabled
Skipping task ':expo-constants:generateDebugResValues' as it is up-to-date.
Resolve mutations for :expo-constants:generateDebugResources (Thread[#646,included builds Thread 3,5,main]) started.
:expo-constants:generateDebugResources (Thread[#646,included builds Thread 3,5,main]) started.

> Task :expo-constants:generateDebugResources UP-TO-DATE
Caching disabled for task ':expo-constants:generateDebugResources' because:
  Build cache is disabled
Skipping task ':expo-constants:generateDebugResources' as it is up-to-date.
Resolve mutations for :expo-constants:packageDebugResources (Thread[#646,included builds Thread 3,5,main]) started.
:expo-constants:packageDebugResources (Thread[#646,included builds Thread 3,5,main]) started.

> Task :expo-constants:packageDebugResources UP-TO-DATE
Caching disabled for task ':expo-constants:packageDebugResources' because:
  Build cache is disabled
Skipping task ':expo-constants:packageDebugResources' as it is up-to-date.
work action resolve packageDebugResources (project :expo-constants) (Thread[#617,Execution worker Thread 3,5,main]) started.
Resolve mutations for :expo-dev-client:generateDebugResValues (Thread[#617,Execution worker Thread 3,5,main]) started.
:expo-dev-client:generateDebugResValues (Thread[#617,Execution worker Thread 3,5,main]) started.

> Task :expo-dev-client:generateDebugResValues UP-TO-DATE
Caching disabled for task ':expo-dev-client:generateDebugResValues' because:
  Build cache is disabled
Skipping task ':expo-dev-client:generateDebugResValues' as it is up-to-date.
Resolve mutations for :expo-dev-client:generateDebugResources (Thread[#617,Execution worker Thread 3,5,main]) started.
:expo-dev-client:generateDebugResources (Thread[#646,included builds Thread 3,5,main]) started.

> Task :expo-dev-client:generateDebugResources UP-TO-DATE
Caching disabled for task ':expo-dev-client:generateDebugResources' because:
  Build cache is disabled
Skipping task ':expo-dev-client:generateDebugResources' as it is up-to-date.
Resolve mutations for :expo-dev-client:packageDebugResources (Thread[#646,included builds Thread 3,5,main]) started.
:expo-dev-client:packageDebugResources (Thread[#646,included builds Thread 3,5,main]) started.

> Task :expo-dev-client:packageDebugResources UP-TO-DATE
Caching disabled for task ':expo-dev-client:packageDebugResources' because:
  Build cache is disabled
Skipping task ':expo-dev-client:packageDebugResources' as it is up-to-date.
work action resolve packageDebugResources (project :expo-dev-client) (Thread[#646,included builds Thread 3,5,main]) started.
Resolve mutations for :expo-dev-launcher:generateDebugResValues (Thread[#646,included builds Thread 3,5,main]) started.
:expo-dev-launcher:generateDebugResValues (Thread[#646,included builds Thread 3,5,main]) started.

> Task :expo-dev-launcher:generateDebugResValues UP-TO-DATE
Caching disabled for task ':expo-dev-launcher:generateDebugResValues' because:
  Build cache is disabled
Skipping task ':expo-dev-launcher:generateDebugResValues' as it is up-to-date.
Resolve mutations for :expo-dev-launcher:generateDebugResources (Thread[#646,included builds Thread 3,5,main]) started.
:expo-dev-launcher:generateDebugResources (Thread[#646,included builds Thread 3,5,main]) started.

> Task :expo-dev-launcher:generateDebugResources UP-TO-DATE
Caching disabled for task ':expo-dev-launcher:generateDebugResources' because:
  Build cache is disabled
Skipping task ':expo-dev-launcher:generateDebugResources' as it is up-to-date.
Resolve mutations for :expo-dev-launcher:packageDebugResources (Thread[#646,included builds Thread 3,5,main]) started.
:expo-dev-launcher:packageDebugResources (Thread[#617,Execution worker Thread 3,5,main]) started.

> Task :expo-dev-launcher:packageDebugResources UP-TO-DATE
Caching disabled for task ':expo-dev-launcher:packageDebugResources' because:
  Build cache is disabled
Skipping task ':expo-dev-launcher:packageDebugResources' as it is up-to-date.
work action resolve packageDebugResources (project :expo-dev-launcher) (Thread[#617,Execution worker Thread 3,5,main]) started.
Resolve mutations for :expo-dev-menu:generateDebugResValues (Thread[#617,Execution worker Thread 3,5,main]) started.
:expo-dev-menu:generateDebugResValues (Thread[#617,Execution worker Thread 3,5,main]) started.

> Task :expo-dev-menu:generateDebugResValues UP-TO-DATE
Caching disabled for task ':expo-dev-menu:generateDebugResValues' because:
  Build cache is disabled
Skipping task ':expo-dev-menu:generateDebugResValues' as it is up-to-date.
Resolve mutations for :expo-dev-menu:generateDebugResources (Thread[#617,Execution worker Thread 3,5,main]) started.
:expo-dev-menu:generateDebugResources (Thread[#617,Execution worker Thread 3,5,main]) started.

> Task :expo-dev-menu:generateDebugResources UP-TO-DATE
Caching disabled for task ':expo-dev-menu:generateDebugResources' because:
  Build cache is disabled
Skipping task ':expo-dev-menu:generateDebugResources' as it is up-to-date.
Resolve mutations for :expo-dev-menu:packageDebugResources (Thread[#646,included builds Thread 3,5,main]) started.
:expo-dev-menu:packageDebugResources (Thread[#646,included builds Thread 3,5,main]) started.

> Task :expo-dev-menu:packageDebugResources UP-TO-DATE
Caching disabled for task ':expo-dev-menu:packageDebugResources' because:
  Build cache is disabled
Skipping task ':expo-dev-menu:packageDebugResources' as it is up-to-date.
work action resolve packageDebugResources (project :expo-dev-menu) (Thread[#646,included builds Thread 3,5,main]) started.
Resolve mutations for :expo-dev-menu-interface:generateDebugResValues (Thread[#646,included builds Thread 3,5,main]) started.
:expo-dev-menu-interface:generateDebugResValues (Thread[#646,included builds Thread 3,5,main]) started.

> Task :expo-dev-menu-interface:generateDebugResValues UP-TO-DATE
Caching disabled for task ':expo-dev-menu-interface:generateDebugResValues' because:
  Build cache is disabled
Skipping task ':expo-dev-menu-interface:generateDebugResValues' as it is up-to-date.
Resolve mutations for :expo-dev-menu-interface:generateDebugResources (Thread[#646,included builds Thread 3,5,main]) started.
:expo-dev-menu-interface:generateDebugResources (Thread[#646,included builds Thread 3,5,main]) started.

> Task :expo-dev-menu-interface:generateDebugResources UP-TO-DATE
Caching disabled for task ':expo-dev-menu-interface:generateDebugResources' because:
  Build cache is disabled
Skipping task ':expo-dev-menu-interface:generateDebugResources' as it is up-to-date.
Resolve mutations for :expo-dev-menu-interface:packageDebugResources (Thread[#646,included builds Thread 3,5,main]) started.
:expo-dev-menu-interface:packageDebugResources (Thread[#646,included builds Thread 3,5,main]) started.

> Task :expo-dev-menu-interface:packageDebugResources UP-TO-DATE
Caching disabled for task ':expo-dev-menu-interface:packageDebugResources' because:
  Build cache is disabled
Skipping task ':expo-dev-menu-interface:packageDebugResources' as it is up-to-date.
work action resolve packageDebugResources (project :expo-dev-menu-interface) (Thread[#616,Execution worker Thread 2,5,main]) started.
Resolve mutations for :expo-image-loader:generateDebugResValues (Thread[#646,included builds Thread 3,5,main]) started.
:expo-image-loader:generateDebugResValues (Thread[#616,Execution worker Thread 2,5,main]) started.

> Task :expo-image-loader:generateDebugResValues UP-TO-DATE
Caching disabled for task ':expo-image-loader:generateDebugResValues' because:
  Build cache is disabled
Skipping task ':expo-image-loader:generateDebugResValues' as it is up-to-date.
Resolve mutations for :expo-image-loader:generateDebugResources (Thread[#616,Execution worker Thread 2,5,main]) started.
:expo-image-loader:generateDebugResources (Thread[#616,Execution worker Thread 2,5,main]) started.

> Task :expo-image-loader:generateDebugResources UP-TO-DATE
Caching disabled for task ':expo-image-loader:generateDebugResources' because:
  Build cache is disabled
Skipping task ':expo-image-loader:generateDebugResources' as it is up-to-date.
Resolve mutations for :expo-image-loader:packageDebugResources (Thread[#616,Execution worker Thread 2,5,main]) started.
:expo-image-loader:packageDebugResources (Thread[#616,Execution worker Thread 2,5,main]) started.

> Task :expo-image-loader:packageDebugResources UP-TO-DATE
Caching disabled for task ':expo-image-loader:packageDebugResources' because:
  Build cache is disabled
Skipping task ':expo-image-loader:packageDebugResources' as it is up-to-date.
work action resolve packageDebugResources (project :expo-image-loader) (Thread[#616,Execution worker Thread 2,5,main]) started.
Resolve mutations for :expo-json-utils:generateDebugResValues (Thread[#616,Execution worker Thread 2,5,main]) started.
:expo-json-utils:generateDebugResValues (Thread[#616,Execution worker Thread 2,5,main]) started.

> Task :expo-json-utils:generateDebugResValues UP-TO-DATE
Caching disabled for task ':expo-json-utils:generateDebugResValues' because:
  Build cache is disabled
Skipping task ':expo-json-utils:generateDebugResValues' as it is up-to-date.
Resolve mutations for :expo-json-utils:generateDebugResources (Thread[#616,Execution worker Thread 2,5,main]) started.
:expo-json-utils:generateDebugResources (Thread[#616,Execution worker Thread 2,5,main]) started.

> Task :expo-json-utils:generateDebugResources UP-TO-DATE
Caching disabled for task ':expo-json-utils:generateDebugResources' because:
  Build cache is disabled
Skipping task ':expo-json-utils:generateDebugResources' as it is up-to-date.
Resolve mutations for :expo-json-utils:packageDebugResources (Thread[#616,Execution worker Thread 2,5,main]) started.
:expo-json-utils:packageDebugResources (Thread[#616,Execution worker Thread 2,5,main]) started.

> Task :expo-json-utils:packageDebugResources UP-TO-DATE
Caching disabled for task ':expo-json-utils:packageDebugResources' because:
  Build cache is disabled
Skipping task ':expo-json-utils:packageDebugResources' as it is up-to-date.
work action resolve packageDebugResources (project :expo-json-utils) (Thread[#616,Execution worker Thread 2,5,main]) started.
Resolve mutations for :expo-manifests:generateDebugResValues (Thread[#615,Execution worker,5,main]) started.
:expo-manifests:generateDebugResValues (Thread[#615,Execution worker,5,main]) started.

> Task :expo-manifests:generateDebugResValues UP-TO-DATE
Caching disabled for task ':expo-manifests:generateDebugResValues' because:
  Build cache is disabled
Skipping task ':expo-manifests:generateDebugResValues' as it is up-to-date.
Resolve mutations for :expo-manifests:generateDebugResources (Thread[#615,Execution worker,5,main]) started.
:expo-manifests:generateDebugResources (Thread[#615,Execution worker,5,main]) started.

> Task :expo-manifests:generateDebugResources UP-TO-DATE
Caching disabled for task ':expo-manifests:generateDebugResources' because:
  Build cache is disabled
Skipping task ':expo-manifests:generateDebugResources' as it is up-to-date.
Resolve mutations for :expo-manifests:packageDebugResources (Thread[#615,Execution worker,5,main]) started.
:expo-manifests:packageDebugResources (Thread[#615,Execution worker,5,main]) started.

> Task :expo-manifests:packageDebugResources UP-TO-DATE
Caching disabled for task ':expo-manifests:packageDebugResources' because:
  Build cache is disabled
Skipping task ':expo-manifests:packageDebugResources' as it is up-to-date.
work action resolve packageDebugResources (project :expo-manifests) (Thread[#615,Execution worker,5,main]) started.
Resolve mutations for :expo-modules-core:generateDebugResValues (Thread[#615,Execution worker,5,main]) started.
:expo-modules-core:generateDebugResValues (Thread[#615,Execution worker,5,main]) started.

> Task :expo-modules-core:generateDebugResValues UP-TO-DATE
Caching disabled for task ':expo-modules-core:generateDebugResValues' because:
  Build cache is disabled
Skipping task ':expo-modules-core:generateDebugResValues' as it is up-to-date.
Resolve mutations for :expo-modules-core:generateDebugResources (Thread[#615,Execution worker,5,main]) started.
:expo-modules-core:generateDebugResources (Thread[#615,Execution worker,5,main]) started.

> Task :expo-modules-core:generateDebugResources UP-TO-DATE
Caching disabled for task ':expo-modules-core:generateDebugResources' because:
  Build cache is disabled
Skipping task ':expo-modules-core:generateDebugResources' as it is up-to-date.
Resolve mutations for :expo-modules-core:packageDebugResources (Thread[#615,Execution worker,5,main]) started.
:expo-modules-core:packageDebugResources (Thread[#615,Execution worker,5,main]) started.

> Task :expo-modules-core:packageDebugResources UP-TO-DATE
Caching disabled for task ':expo-modules-core:packageDebugResources' because:
  Build cache is disabled
Skipping task ':expo-modules-core:packageDebugResources' as it is up-to-date.
work action resolve packageDebugResources (project :expo-modules-core) (Thread[#616,Execution worker Thread 2,5,main]) started.
Resolve mutations for :expo-speech-recognition:generateDebugResValues (Thread[#616,Execution worker Thread 2,5,main]) started.
:expo-speech-recognition:generateDebugResValues (Thread[#616,Execution worker Thread 2,5,main]) started.

> Task :expo-speech-recognition:generateDebugResValues UP-TO-DATE
Caching disabled for task ':expo-speech-recognition:generateDebugResValues' because:
  Build cache is disabled
Skipping task ':expo-speech-recognition:generateDebugResValues' as it is up-to-date.
Resolve mutations for :expo-speech-recognition:generateDebugResources (Thread[#616,Execution worker Thread 2,5,main]) started.
:expo-speech-recognition:generateDebugResources (Thread[#616,Execution worker Thread 2,5,main]) started.

> Task :expo-speech-recognition:generateDebugResources UP-TO-DATE
Caching disabled for task ':expo-speech-recognition:generateDebugResources' because:
  Build cache is disabled
Skipping task ':expo-speech-recognition:generateDebugResources' as it is up-to-date.
Resolve mutations for :expo-speech-recognition:packageDebugResources (Thread[#616,Execution worker Thread 2,5,main]) started.
:expo-speech-recognition:packageDebugResources (Thread[#616,Execution worker Thread 2,5,main]) started.

> Task :expo-speech-recognition:packageDebugResources UP-TO-DATE
Caching disabled for task ':expo-speech-recognition:packageDebugResources' because:
  Build cache is disabled
Skipping task ':expo-speech-recognition:packageDebugResources' as it is up-to-date.
work action resolve packageDebugResources (project :expo-speech-recognition) (Thread[#616,Execution worker Thread 2,5,main]) started.
Resolve mutations for :expo-updates-interface:generateDebugResValues (Thread[#616,Execution worker Thread 2,5,main]) started.
:expo-updates-interface:generateDebugResValues (Thread[#616,Execution worker Thread 2,5,main]) started.

> Task :expo-updates-interface:generateDebugResValues UP-TO-DATE
Caching disabled for task ':expo-updates-interface:generateDebugResValues' because:
  Build cache is disabled
Skipping task ':expo-updates-interface:generateDebugResValues' as it is up-to-date.
Resolve mutations for :expo-updates-interface:generateDebugResources (Thread[#617,Execution worker Thread 3,5,main]) started.
:expo-updates-interface:generateDebugResources (Thread[#617,Execution worker Thread 3,5,main]) started.

> Task :expo-updates-interface:generateDebugResources UP-TO-DATE
Caching disabled for task ':expo-updates-interface:generateDebugResources' because:
  Build cache is disabled
Skipping task ':expo-updates-interface:generateDebugResources' as it is up-to-date.
Resolve mutations for :expo-updates-interface:packageDebugResources (Thread[#617,Execution worker Thread 3,5,main]) started.
:expo-updates-interface:packageDebugResources (Thread[#617,Execution worker Thread 3,5,main]) started.

> Task :expo-updates-interface:packageDebugResources UP-TO-DATE
Caching disabled for task ':expo-updates-interface:packageDebugResources' because:
  Build cache is disabled
Skipping task ':expo-updates-interface:packageDebugResources' as it is up-to-date.
work action resolve packageDebugResources (project :expo-updates-interface) (Thread[#617,Execution worker Thread 3,5,main]) started.
Resolve mutations for :react-native-async-storage_async-storage:generateDebugResValues (Thread[#617,Execution worker Thread 3,5,main]) started.
:react-native-async-storage_async-storage:generateDebugResValues (Thread[#616,Execution worker Thread 2,5,main]) started.

> Task :react-native-async-storage_async-storage:generateDebugResValues UP-TO-DATE
Caching disabled for task ':react-native-async-storage_async-storage:generateDebugResValues' because:
  Build cache is disabled
Skipping task ':react-native-async-storage_async-storage:generateDebugResValues' as it is up-to-date.
Resolve mutations for :react-native-async-storage_async-storage:generateDebugResources (Thread[#616,Execution worker Thread 2,5,main]) started.
:react-native-async-storage_async-storage:generateDebugResources (Thread[#616,Execution worker Thread 2,5,main]) started.

> Task :react-native-async-storage_async-storage:generateDebugResources UP-TO-DATE
Caching disabled for task ':react-native-async-storage_async-storage:generateDebugResources' because:
  Build cache is disabled
Skipping task ':react-native-async-storage_async-storage:generateDebugResources' as it is up-to-date.
Resolve mutations for :react-native-async-storage_async-storage:packageDebugResources (Thread[#616,Execution worker Thread 2,5,main]) started.
:react-native-async-storage_async-storage:packageDebugResources (Thread[#616,Execution worker Thread 2,5,main]) started.

> Task :react-native-async-storage_async-storage:packageDebugResources UP-TO-DATE
Caching disabled for task ':react-native-async-storage_async-storage:packageDebugResources' because:
  Build cache is disabled
Skipping task ':react-native-async-storage_async-storage:packageDebugResources' as it is up-to-date.
work action resolve packageDebugResources (project :react-native-async-storage_async-storage) (Thread[#616,Execution worker Thread 2,5,main]) started.
Resolve mutations for :react-native-edge-to-edge:generateDebugResValues (Thread[#616,Execution worker Thread 2,5,main]) started.
:react-native-edge-to-edge:generateDebugResValues (Thread[#616,Execution worker Thread 2,5,main]) started.

> Task :react-native-edge-to-edge:generateDebugResValues UP-TO-DATE
Caching disabled for task ':react-native-edge-to-edge:generateDebugResValues' because:
  Build cache is disabled
Skipping task ':react-native-edge-to-edge:generateDebugResValues' as it is up-to-date.
Resolve mutations for :react-native-edge-to-edge:generateDebugResources (Thread[#616,Execution worker Thread 2,5,main]) started.
:react-native-edge-to-edge:generateDebugResources (Thread[#616,Execution worker Thread 2,5,main]) started.

> Task :react-native-edge-to-edge:generateDebugResources UP-TO-DATE
Caching disabled for task ':react-native-edge-to-edge:generateDebugResources' because:
  Build cache is disabled
Skipping task ':react-native-edge-to-edge:generateDebugResources' as it is up-to-date.
Resolve mutations for :react-native-edge-to-edge:packageDebugResources (Thread[#616,Execution worker Thread 2,5,main]) started.
:react-native-edge-to-edge:packageDebugResources (Thread[#617,Execution worker Thread 3,5,main]) started.

> Task :react-native-edge-to-edge:packageDebugResources UP-TO-DATE
Caching disabled for task ':react-native-edge-to-edge:packageDebugResources' because:
  Build cache is disabled
Skipping task ':react-native-edge-to-edge:packageDebugResources' as it is up-to-date.
work action resolve packageDebugResources (project :react-native-edge-to-edge) (Thread[#617,Execution worker Thread 3,5,main]) started.
Resolve mutations for :react-native-gesture-handler:generateDebugResValues (Thread[#617,Execution worker Thread 3,5,main]) started.
:react-native-gesture-handler:generateDebugResValues (Thread[#617,Execution worker Thread 3,5,main]) started.

> Task :react-native-gesture-handler:generateDebugResValues UP-TO-DATE
Caching disabled for task ':react-native-gesture-handler:generateDebugResValues' because:
  Build cache is disabled
Skipping task ':react-native-gesture-handler:generateDebugResValues' as it is up-to-date.
Resolve mutations for :react-native-gesture-handler:generateDebugResources (Thread[#617,Execution worker Thread 3,5,main]) started.
:react-native-gesture-handler:generateDebugResources (Thread[#617,Execution worker Thread 3,5,main]) started.

> Task :react-native-gesture-handler:generateDebugResources UP-TO-DATE
Caching disabled for task ':react-native-gesture-handler:generateDebugResources' because:
  Build cache is disabled
Skipping task ':react-native-gesture-handler:generateDebugResources' as it is up-to-date.
Resolve mutations for :react-native-gesture-handler:packageDebugResources (Thread[#617,Execution worker Thread 3,5,main]) started.
:react-native-gesture-handler:packageDebugResources (Thread[#616,Execution worker Thread 2,5,main]) started.

> Task :react-native-gesture-handler:packageDebugResources UP-TO-DATE
Caching disabled for task ':react-native-gesture-handler:packageDebugResources' because:
  Build cache is disabled
Skipping task ':react-native-gesture-handler:packageDebugResources' as it is up-to-date.
work action resolve packageDebugResources (project :react-native-gesture-handler) (Thread[#616,Execution worker Thread 2,5,main]) started.
Resolve mutations for :react-native-google-signin_google-signin:generateDebugResValues (Thread[#616,Execution worker Thread 2,5,main]) started.
:react-native-google-signin_google-signin:generateDebugResValues (Thread[#616,Execution worker Thread 2,5,main]) started.

> Task :react-native-google-signin_google-signin:generateDebugResValues UP-TO-DATE
Caching disabled for task ':react-native-google-signin_google-signin:generateDebugResValues' because:
  Build cache is disabled
Skipping task ':react-native-google-signin_google-signin:generateDebugResValues' as it is up-to-date.
Resolve mutations for :react-native-google-signin_google-signin:generateDebugResources (Thread[#616,Execution worker Thread 2,5,main]) started.
:react-native-google-signin_google-signin:generateDebugResources (Thread[#616,Execution worker Thread 2,5,main]) started.

> Task :react-native-google-signin_google-signin:generateDebugResources UP-TO-DATE
Caching disabled for task ':react-native-google-signin_google-signin:generateDebugResources' because:
  Build cache is disabled
Skipping task ':react-native-google-signin_google-signin:generateDebugResources' as it is up-to-date.
Resolve mutations for :react-native-google-signin_google-signin:packageDebugResources (Thread[#616,Execution worker Thread 2,5,main]) started.
:react-native-google-signin_google-signin:packageDebugResources (Thread[#616,Execution worker Thread 2,5,main]) started.

> Task :react-native-google-signin_google-signin:packageDebugResources UP-TO-DATE
Caching disabled for task ':react-native-google-signin_google-signin:packageDebugResources' because:
  Build cache is disabled
Skipping task ':react-native-google-signin_google-signin:packageDebugResources' as it is up-to-date.
work action resolve packageDebugResources (project :react-native-google-signin_google-signin) (Thread[#616,Execution worker Thread 2,5,main]) started.
Resolve mutations for :react-native-reanimated:generateDebugResValues (Thread[#616,Execution worker Thread 2,5,main]) started.
:react-native-reanimated:generateDebugResValues (Thread[#616,Execution worker Thread 2,5,main]) started.

> Task :react-native-reanimated:generateDebugResValues UP-TO-DATE
Caching disabled for task ':react-native-reanimated:generateDebugResValues' because:
  Build cache is disabled
Skipping task ':react-native-reanimated:generateDebugResValues' as it is up-to-date.
Resolve mutations for :react-native-reanimated:generateDebugResources (Thread[#617,Execution worker Thread 3,5,main]) started.
:react-native-reanimated:generateDebugResources (Thread[#617,Execution worker Thread 3,5,main]) started.

> Task :react-native-reanimated:generateDebugResources UP-TO-DATE
Caching disabled for task ':react-native-reanimated:generateDebugResources' because:
  Build cache is disabled
Skipping task ':react-native-reanimated:generateDebugResources' as it is up-to-date.
Resolve mutations for :react-native-reanimated:packageDebugResources (Thread[#617,Execution worker Thread 3,5,main]) started.
:react-native-reanimated:packageDebugResources (Thread[#617,Execution worker Thread 3,5,main]) started.

> Task :react-native-reanimated:packageDebugResources UP-TO-DATE
Caching disabled for task ':react-native-reanimated:packageDebugResources' because:
  Build cache is disabled
Skipping task ':react-native-reanimated:packageDebugResources' as it is up-to-date.
work action resolve packageDebugResources (project :react-native-reanimated) (Thread[#617,Execution worker Thread 3,5,main]) started.
Resolve mutations for :react-native-safe-area-context:generateDebugResValues (Thread[#617,Execution worker Thread 3,5,main]) started.
:react-native-safe-area-context:generateDebugResValues (Thread[#617,Execution worker Thread 3,5,main]) started.

> Task :react-native-safe-area-context:generateDebugResValues UP-TO-DATE
Caching disabled for task ':react-native-safe-area-context:generateDebugResValues' because:
  Build cache is disabled
Skipping task ':react-native-safe-area-context:generateDebugResValues' as it is up-to-date.
Resolve mutations for :react-native-safe-area-context:generateDebugResources (Thread[#617,Execution worker Thread 3,5,main]) started.
:react-native-safe-area-context:generateDebugResources (Thread[#617,Execution worker Thread 3,5,main]) started.

> Task :react-native-safe-area-context:generateDebugResources UP-TO-DATE
Caching disabled for task ':react-native-safe-area-context:generateDebugResources' because:
  Build cache is disabled
Skipping task ':react-native-safe-area-context:generateDebugResources' as it is up-to-date.
Resolve mutations for :react-native-safe-area-context:packageDebugResources (Thread[#617,Execution worker Thread 3,5,main]) started.
:react-native-safe-area-context:packageDebugResources (Thread[#616,Execution worker Thread 2,5,main]) started.

> Task :react-native-safe-area-context:packageDebugResources UP-TO-DATE
Caching disabled for task ':react-native-safe-area-context:packageDebugResources' because:
  Build cache is disabled
Skipping task ':react-native-safe-area-context:packageDebugResources' as it is up-to-date.
work action resolve packageDebugResources (project :react-native-safe-area-context) (Thread[#616,Execution worker Thread 2,5,main]) started.
Resolve mutations for :react-native-screens:generateDebugResValues (Thread[#616,Execution worker Thread 2,5,main]) started.
:react-native-screens:generateDebugResValues (Thread[#616,Execution worker Thread 2,5,main]) started.

> Task :react-native-screens:generateDebugResValues UP-TO-DATE
Caching disabled for task ':react-native-screens:generateDebugResValues' because:
  Build cache is disabled
Skipping task ':react-native-screens:generateDebugResValues' as it is up-to-date.
Resolve mutations for :react-native-screens:generateDebugResources (Thread[#616,Execution worker Thread 2,5,main]) started.
:react-native-screens:generateDebugResources (Thread[#616,Execution worker Thread 2,5,main]) started.

> Task :react-native-screens:generateDebugResources UP-TO-DATE
Caching disabled for task ':react-native-screens:generateDebugResources' because:
  Build cache is disabled
Skipping task ':react-native-screens:generateDebugResources' as it is up-to-date.
Resolve mutations for :react-native-screens:packageDebugResources (Thread[#616,Execution worker Thread 2,5,main]) started.
:react-native-screens:packageDebugResources (Thread[#616,Execution worker Thread 2,5,main]) started.

> Task :react-native-screens:packageDebugResources UP-TO-DATE
Caching disabled for task ':react-native-screens:packageDebugResources' because:
  Build cache is disabled
Skipping task ':react-native-screens:packageDebugResources' as it is up-to-date.
work action resolve packageDebugResources (project :react-native-screens) (Thread[#616,Execution worker Thread 2,5,main]) started.
Resolve mutations for :react-native-vector-icons:generateDebugResValues (Thread[#616,Execution worker Thread 2,5,main]) started.
:react-native-vector-icons:generateDebugResValues (Thread[#616,Execution worker Thread 2,5,main]) started.

> Task :react-native-vector-icons:generateDebugResValues UP-TO-DATE
Caching disabled for task ':react-native-vector-icons:generateDebugResValues' because:
  Build cache is disabled
Skipping task ':react-native-vector-icons:generateDebugResValues' as it is up-to-date.
Resolve mutations for :react-native-vector-icons:generateDebugResources (Thread[#616,Execution worker Thread 2,5,main]) started.
:react-native-vector-icons:generateDebugResources (Thread[#616,Execution worker Thread 2,5,main]) started.

> Task :react-native-vector-icons:generateDebugResources UP-TO-DATE
Caching disabled for task ':react-native-vector-icons:generateDebugResources' because:
  Build cache is disabled
Skipping task ':react-native-vector-icons:generateDebugResources' as it is up-to-date.
Resolve mutations for :react-native-vector-icons:packageDebugResources (Thread[#616,Execution worker Thread 2,5,main]) started.
:react-native-vector-icons:packageDebugResources (Thread[#616,Execution worker Thread 2,5,main]) started.

> Task :react-native-vector-icons:packageDebugResources UP-TO-DATE
Caching disabled for task ':react-native-vector-icons:packageDebugResources' because:
  Build cache is disabled
Skipping task ':react-native-vector-icons:packageDebugResources' as it is up-to-date.
work action resolve packageDebugResources (project :react-native-vector-icons) (Thread[#616,Execution worker Thread 2,5,main]) started.
Resolve mutations for :react-native-voice_voice:generateDebugResValues (Thread[#616,Execution worker Thread 2,5,main]) started.
:react-native-voice_voice:generateDebugResValues (Thread[#616,Execution worker Thread 2,5,main]) started.

> Task :react-native-voice_voice:generateDebugResValues UP-TO-DATE
Caching disabled for task ':react-native-voice_voice:generateDebugResValues' because:
  Build cache is disabled
Skipping task ':react-native-voice_voice:generateDebugResValues' as it is up-to-date.
Resolve mutations for :react-native-voice_voice:generateDebugResources (Thread[#616,Execution worker Thread 2,5,main]) started.
:react-native-voice_voice:generateDebugResources (Thread[#616,Execution worker Thread 2,5,main]) started.

> Task :react-native-voice_voice:generateDebugResources UP-TO-DATE
Caching disabled for task ':react-native-voice_voice:generateDebugResources' because:
  Build cache is disabled
Skipping task ':react-native-voice_voice:generateDebugResources' as it is up-to-date.
Resolve mutations for :react-native-voice_voice:packageDebugResources (Thread[#616,Execution worker Thread 2,5,main]) started.
:react-native-voice_voice:packageDebugResources (Thread[#616,Execution worker Thread 2,5,main]) started.

> Task :react-native-voice_voice:packageDebugResources UP-TO-DATE
Caching disabled for task ':react-native-voice_voice:packageDebugResources' because:
  Build cache is disabled
Skipping task ':react-native-voice_voice:packageDebugResources' as it is up-to-date.
work action resolve packageDebugResources (project :react-native-voice_voice) (Thread[#616,Execution worker Thread 2,5,main]) started.
Resolve mutations for :react-native-webview:generateDebugResValues (Thread[#616,Execution worker Thread 2,5,main]) started.
:react-native-webview:generateDebugResValues (Thread[#646,included builds Thread 3,5,main]) started.

> Task :react-native-webview:generateDebugResValues UP-TO-DATE
Caching disabled for task ':react-native-webview:generateDebugResValues' because:
  Build cache is disabled
Skipping task ':react-native-webview:generateDebugResValues' as it is up-to-date.
Resolve mutations for :react-native-webview:generateDebugResources (Thread[#646,included builds Thread 3,5,main]) started.
:react-native-webview:generateDebugResources (Thread[#646,included builds Thread 3,5,main]) started.

> Task :react-native-webview:generateDebugResources UP-TO-DATE
Caching disabled for task ':react-native-webview:generateDebugResources' because:
  Build cache is disabled
Skipping task ':react-native-webview:generateDebugResources' as it is up-to-date.
Resolve mutations for :react-native-webview:packageDebugResources (Thread[#646,included builds Thread 3,5,main]) started.
:react-native-webview:packageDebugResources (Thread[#646,included builds Thread 3,5,main]) started.

> Task :react-native-webview:packageDebugResources UP-TO-DATE
Caching disabled for task ':react-native-webview:packageDebugResources' because:
  Build cache is disabled
Skipping task ':react-native-webview:packageDebugResources' as it is up-to-date.
work action resolve packageDebugResources (project :react-native-webview) (Thread[#646,included builds Thread 3,5,main]) started.
Resolve mutations for :app:mapDebugSourceSetPaths (Thread[#646,included builds Thread 3,5,main]) started.
:app:mapDebugSourceSetPaths (Thread[#646,included builds Thread 3,5,main]) started.

> Task :app:mapDebugSourceSetPaths UP-TO-DATE
file or directory 'C:\dev\ferify-project\ferify-mobile-app\node_modules\@react-native-voice\voice\android\libs', not found
Caching disabled for task ':app:mapDebugSourceSetPaths' because:
  Build cache is disabled
  Caching has been disabled for the task
Skipping task ':app:mapDebugSourceSetPaths' as it is up-to-date.
Resolve mutations for :app:generateDebugResources (Thread[#646,included builds Thread 3,5,main]) started.
:app:generateDebugResources (Thread[#616,Execution worker Thread 2,5,main]) started.

> Task :app:generateDebugResources UP-TO-DATE
Caching disabled for task ':app:generateDebugResources' because:
  Build cache is disabled
Skipping task ':app:generateDebugResources' as it is up-to-date.
Resolve mutations for :app:mergeDebugResources (Thread[#616,Execution worker Thread 2,5,main]) started.
:app:mergeDebugResources (Thread[#616,Execution worker Thread 2,5,main]) started.

> Task :app:mergeDebugResources UP-TO-DATE
file or directory 'C:\dev\ferify-project\ferify-mobile-app\node_modules\@react-native-voice\voice\android\libs', not found
Caching disabled for task ':app:mergeDebugResources' because:
  Build cache is disabled
Skipping task ':app:mergeDebugResources' as it is up-to-date.
Resolve mutations for :app:packageDebugResources (Thread[#616,Execution worker Thread 2,5,main]) started.
:app:packageDebugResources (Thread[#616,Execution worker Thread 2,5,main]) started.

> Task :app:packageDebugResources UP-TO-DATE
Caching disabled for task ':app:packageDebugResources' because:
  Build cache is disabled
Skipping task ':app:packageDebugResources' as it is up-to-date.
Resolve mutations for :app:parseDebugLocalResources (Thread[#616,Execution worker Thread 2,5,main]) started.
:app:parseDebugLocalResources (Thread[#616,Execution worker Thread 2,5,main]) started.

> Task :app:parseDebugLocalResources UP-TO-DATE
Caching disabled for task ':app:parseDebugLocalResources' because:
  Build cache is disabled
Skipping task ':app:parseDebugLocalResources' as it is up-to-date.
Resolve mutations for :app:createDebugCompatibleScreenManifests (Thread[#616,Execution worker Thread 2,5,main]) started.
:app:createDebugCompatibleScreenManifests (Thread[#616,Execution worker Thread 2,5,main]) started.

> Task :app:createDebugCompatibleScreenManifests UP-TO-DATE
Caching disabled for task ':app:createDebugCompatibleScreenManifests' because:
  Build cache is disabled
  Caching has been disabled for the task
Skipping task ':app:createDebugCompatibleScreenManifests' as it is up-to-date.
Resolve mutations for :app:extractDeepLinksDebug (Thread[#616,Execution worker Thread 2,5,main]) started.
:app:extractDeepLinksDebug (Thread[#616,Execution worker Thread 2,5,main]) started.

> Task :app:extractDeepLinksDebug UP-TO-DATE
Caching disabled for task ':app:extractDeepLinksDebug' because:
  Build cache is disabled
Skipping task ':app:extractDeepLinksDebug' as it is up-to-date.
Resolve mutations for :expo:extractDeepLinksDebug (Thread[#617,Execution worker Thread 3,5,main]) started.
:expo:extractDeepLinksDebug (Thread[#617,Execution worker Thread 3,5,main]) started.

> Task :expo:extractDeepLinksDebug UP-TO-DATE
Caching disabled for task ':expo:extractDeepLinksDebug' because:
  Build cache is disabled
Skipping task ':expo:extractDeepLinksDebug' as it is up-to-date.
work action resolve navigation.json (project :expo) (Thread[#617,Execution worker Thread 3,5,main]) started.
Resolve mutations for :expo:processDebugManifest (Thread[#617,Execution worker Thread 3,5,main]) started.
:expo:processDebugManifest (Thread[#617,Execution worker Thread 3,5,main]) started.

> Task :expo:processDebugManifest UP-TO-DATE
Caching disabled for task ':expo:processDebugManifest' because:
  Build cache is disabled
Skipping task ':expo:processDebugManifest' as it is up-to-date.
work action resolve AndroidManifest.xml (project :expo) (Thread[#617,Execution worker Thread 3,5,main]) started.
Resolve mutations for :expo-constants:extractDeepLinksDebug (Thread[#617,Execution worker Thread 3,5,main]) started.
:expo-constants:extractDeepLinksDebug (Thread[#617,Execution worker Thread 3,5,main]) started.

> Task :expo-constants:extractDeepLinksDebug UP-TO-DATE
Caching disabled for task ':expo-constants:extractDeepLinksDebug' because:
  Build cache is disabled
Skipping task ':expo-constants:extractDeepLinksDebug' as it is up-to-date.
work action resolve navigation.json (project :expo-constants) (Thread[#617,Execution worker Thread 3,5,main]) started.
Resolve mutations for :expo-constants:processDebugManifest (Thread[#617,Execution worker Thread 3,5,main]) started.
:expo-constants:processDebugManifest (Thread[#617,Execution worker Thread 3,5,main]) started.

> Task :expo-constants:processDebugManifest UP-TO-DATE
Caching disabled for task ':expo-constants:processDebugManifest' because:
  Build cache is disabled
Skipping task ':expo-constants:processDebugManifest' as it is up-to-date.
work action resolve AndroidManifest.xml (project :expo-constants) (Thread[#617,Execution worker Thread 3,5,main]) started.
Resolve mutations for :expo-dev-client:extractDeepLinksDebug (Thread[#617,Execution worker Thread 3,5,main]) started.
:expo-dev-client:extractDeepLinksDebug (Thread[#617,Execution worker Thread 3,5,main]) started.

> Task :expo-dev-client:extractDeepLinksDebug UP-TO-DATE
Caching disabled for task ':expo-dev-client:extractDeepLinksDebug' because:
  Build cache is disabled
Skipping task ':expo-dev-client:extractDeepLinksDebug' as it is up-to-date.
work action resolve navigation.json (project :expo-dev-client) (Thread[#617,Execution worker Thread 3,5,main]) started.
Resolve mutations for :expo-dev-client:processDebugManifest (Thread[#617,Execution worker Thread 3,5,main]) started.
:expo-dev-client:processDebugManifest (Thread[#617,Execution worker Thread 3,5,main]) started.

> Task :expo-dev-client:processDebugManifest UP-TO-DATE
Caching disabled for task ':expo-dev-client:processDebugManifest' because:
  Build cache is disabled
Skipping task ':expo-dev-client:processDebugManifest' as it is up-to-date.
work action resolve AndroidManifest.xml (project :expo-dev-client) (Thread[#617,Execution worker Thread 3,5,main]) started.
Resolve mutations for :expo-dev-launcher:extractDeepLinksDebug (Thread[#617,Execution worker Thread 3,5,main]) started.
:expo-dev-launcher:extractDeepLinksDebug (Thread[#617,Execution worker Thread 3,5,main]) started.

> Task :expo-dev-launcher:extractDeepLinksDebug UP-TO-DATE
Caching disabled for task ':expo-dev-launcher:extractDeepLinksDebug' because:
  Build cache is disabled
Skipping task ':expo-dev-launcher:extractDeepLinksDebug' as it is up-to-date.
work action resolve navigation.json (project :expo-dev-launcher) (Thread[#617,Execution worker Thread 3,5,main]) started.
Resolve mutations for :expo-dev-launcher:processDebugManifest (Thread[#617,Execution worker Thread 3,5,main]) started.
:expo-dev-launcher:processDebugManifest (Thread[#616,Execution worker Thread 2,5,main]) started.

> Task :expo-dev-launcher:processDebugManifest UP-TO-DATE
Caching disabled for task ':expo-dev-launcher:processDebugManifest' because:
  Build cache is disabled
Skipping task ':expo-dev-launcher:processDebugManifest' as it is up-to-date.
work action resolve AndroidManifest.xml (project :expo-dev-launcher) (Thread[#616,Execution worker Thread 2,5,main]) started.
Resolve mutations for :expo-dev-menu:extractDeepLinksDebug (Thread[#616,Execution worker Thread 2,5,main]) started.
:expo-dev-menu:extractDeepLinksDebug (Thread[#616,Execution worker Thread 2,5,main]) started.

> Task :expo-dev-menu:extractDeepLinksDebug UP-TO-DATE
Caching disabled for task ':expo-dev-menu:extractDeepLinksDebug' because:
  Build cache is disabled
Skipping task ':expo-dev-menu:extractDeepLinksDebug' as it is up-to-date.
work action resolve navigation.json (project :expo-dev-menu) (Thread[#616,Execution worker Thread 2,5,main]) started.
Resolve mutations for :expo-dev-menu:processDebugManifest (Thread[#616,Execution worker Thread 2,5,main]) started.
:expo-dev-menu:processDebugManifest (Thread[#616,Execution worker Thread 2,5,main]) started.

> Task :expo-dev-menu:processDebugManifest UP-TO-DATE
Caching disabled for task ':expo-dev-menu:processDebugManifest' because:
  Build cache is disabled
Skipping task ':expo-dev-menu:processDebugManifest' as it is up-to-date.
work action resolve AndroidManifest.xml (project :expo-dev-menu) (Thread[#616,Execution worker Thread 2,5,main]) started.
Resolve mutations for :expo-dev-menu-interface:extractDeepLinksDebug (Thread[#616,Execution worker Thread 2,5,main]) started.
:expo-dev-menu-interface:extractDeepLinksDebug (Thread[#615,Execution worker,5,main]) started.

> Task :expo-dev-menu-interface:extractDeepLinksDebug UP-TO-DATE
Caching disabled for task ':expo-dev-menu-interface:extractDeepLinksDebug' because:
  Build cache is disabled
Skipping task ':expo-dev-menu-interface:extractDeepLinksDebug' as it is up-to-date.
work action resolve navigation.json (project :expo-dev-menu-interface) (Thread[#615,Execution worker,5,main]) started.
Resolve mutations for :expo-dev-menu-interface:processDebugManifest (Thread[#615,Execution worker,5,main]) started.
:expo-dev-menu-interface:processDebugManifest (Thread[#615,Execution worker,5,main]) started.

> Task :expo-dev-menu-interface:processDebugManifest UP-TO-DATE
Caching disabled for task ':expo-dev-menu-interface:processDebugManifest' because:
  Build cache is disabled
Skipping task ':expo-dev-menu-interface:processDebugManifest' as it is up-to-date.
work action resolve AndroidManifest.xml (project :expo-dev-menu-interface) (Thread[#615,Execution worker,5,main]) started.
Resolve mutations for :expo-image-loader:extractDeepLinksDebug (Thread[#615,Execution worker,5,main]) started.
:expo-image-loader:extractDeepLinksDebug (Thread[#615,Execution worker,5,main]) started.

> Task :expo-image-loader:extractDeepLinksDebug UP-TO-DATE
Caching disabled for task ':expo-image-loader:extractDeepLinksDebug' because:
  Build cache is disabled
Skipping task ':expo-image-loader:extractDeepLinksDebug' as it is up-to-date.
work action resolve navigation.json (project :expo-image-loader) (Thread[#615,Execution worker,5,main]) started.
Resolve mutations for :expo-image-loader:processDebugManifest (Thread[#615,Execution worker,5,main]) started.
:expo-image-loader:processDebugManifest (Thread[#615,Execution worker,5,main]) started.

> Task :expo-image-loader:processDebugManifest UP-TO-DATE
Caching disabled for task ':expo-image-loader:processDebugManifest' because:
  Build cache is disabled
Skipping task ':expo-image-loader:processDebugManifest' as it is up-to-date.
work action resolve AndroidManifest.xml (project :expo-image-loader) (Thread[#615,Execution worker,5,main]) started.
Resolve mutations for :expo-json-utils:extractDeepLinksDebug (Thread[#615,Execution worker,5,main]) started.
:expo-json-utils:extractDeepLinksDebug (Thread[#615,Execution worker,5,main]) started.

> Task :expo-json-utils:extractDeepLinksDebug UP-TO-DATE
Caching disabled for task ':expo-json-utils:extractDeepLinksDebug' because:
  Build cache is disabled
Skipping task ':expo-json-utils:extractDeepLinksDebug' as it is up-to-date.
work action resolve navigation.json (project :expo-json-utils) (Thread[#615,Execution worker,5,main]) started.
Resolve mutations for :expo-json-utils:processDebugManifest (Thread[#615,Execution worker,5,main]) started.
:expo-json-utils:processDebugManifest (Thread[#615,Execution worker,5,main]) started.

> Task :expo-json-utils:processDebugManifest UP-TO-DATE
Caching disabled for task ':expo-json-utils:processDebugManifest' because:
  Build cache is disabled
Skipping task ':expo-json-utils:processDebugManifest' as it is up-to-date.
work action resolve AndroidManifest.xml (project :expo-json-utils) (Thread[#615,Execution worker,5,main]) started.
Resolve mutations for :expo-manifests:extractDeepLinksDebug (Thread[#615,Execution worker,5,main]) started.
:expo-manifests:extractDeepLinksDebug (Thread[#615,Execution worker,5,main]) started.

> Task :expo-manifests:extractDeepLinksDebug UP-TO-DATE
Caching disabled for task ':expo-manifests:extractDeepLinksDebug' because:
  Build cache is disabled
Skipping task ':expo-manifests:extractDeepLinksDebug' as it is up-to-date.
work action resolve navigation.json (project :expo-manifests) (Thread[#617,Execution worker Thread 3,5,main]) started.
Resolve mutations for :expo-manifests:processDebugManifest (Thread[#617,Execution worker Thread 3,5,main]) started.
:expo-manifests:processDebugManifest (Thread[#617,Execution worker Thread 3,5,main]) started.

> Task :expo-manifests:processDebugManifest UP-TO-DATE
Caching disabled for task ':expo-manifests:processDebugManifest' because:
  Build cache is disabled
Skipping task ':expo-manifests:processDebugManifest' as it is up-to-date.
work action resolve AndroidManifest.xml (project :expo-manifests) (Thread[#617,Execution worker Thread 3,5,main]) started.
Resolve mutations for :expo-modules-core:extractDeepLinksDebug (Thread[#617,Execution worker Thread 3,5,main]) started.
:expo-modules-core:extractDeepLinksDebug (Thread[#617,Execution worker Thread 3,5,main]) started.

> Task :expo-modules-core:extractDeepLinksDebug UP-TO-DATE
Caching disabled for task ':expo-modules-core:extractDeepLinksDebug' because:
  Build cache is disabled
Skipping task ':expo-modules-core:extractDeepLinksDebug' as it is up-to-date.
work action resolve navigation.json (project :expo-modules-core) (Thread[#617,Execution worker Thread 3,5,main]) started.
Resolve mutations for :expo-modules-core:processDebugManifest (Thread[#617,Execution worker Thread 3,5,main]) started.
:expo-modules-core:processDebugManifest (Thread[#617,Execution worker Thread 3,5,main]) started.

> Task :expo-modules-core:processDebugManifest UP-TO-DATE
Caching disabled for task ':expo-modules-core:processDebugManifest' because:
  Build cache is disabled
Skipping task ':expo-modules-core:processDebugManifest' as it is up-to-date.
work action resolve AndroidManifest.xml (project :expo-modules-core) (Thread[#617,Execution worker Thread 3,5,main]) started.
Resolve mutations for :expo-speech-recognition:extractDeepLinksDebug (Thread[#617,Execution worker Thread 3,5,main]) started.
:expo-speech-recognition:extractDeepLinksDebug (Thread[#617,Execution worker Thread 3,5,main]) started.

> Task :expo-speech-recognition:extractDeepLinksDebug UP-TO-DATE
Caching disabled for task ':expo-speech-recognition:extractDeepLinksDebug' because:
  Build cache is disabled
Skipping task ':expo-speech-recognition:extractDeepLinksDebug' as it is up-to-date.
work action resolve navigation.json (project :expo-speech-recognition) (Thread[#617,Execution worker Thread 3,5,main]) started.
Resolve mutations for :expo-speech-recognition:processDebugManifest (Thread[#617,Execution worker Thread 3,5,main]) started.
:expo-speech-recognition:processDebugManifest (Thread[#617,Execution worker Thread 3,5,main]) started.

> Task :expo-speech-recognition:processDebugManifest UP-TO-DATE
Caching disabled for task ':expo-speech-recognition:processDebugManifest' because:
  Build cache is disabled
Skipping task ':expo-speech-recognition:processDebugManifest' as it is up-to-date.
work action resolve AndroidManifest.xml (project :expo-speech-recognition) (Thread[#617,Execution worker Thread 3,5,main]) started.
Resolve mutations for :expo-updates-interface:extractDeepLinksDebug (Thread[#646,included builds Thread 3,5,main]) started.
:expo-updates-interface:extractDeepLinksDebug (Thread[#646,included builds Thread 3,5,main]) started.

> Task :expo-updates-interface:extractDeepLinksDebug UP-TO-DATE
Caching disabled for task ':expo-updates-interface:extractDeepLinksDebug' because:
  Build cache is disabled
Skipping task ':expo-updates-interface:extractDeepLinksDebug' as it is up-to-date.
work action resolve navigation.json (project :expo-updates-interface) (Thread[#646,included builds Thread 3,5,main]) started.
Resolve mutations for :expo-updates-interface:processDebugManifest (Thread[#646,included builds Thread 3,5,main]) started.
:expo-updates-interface:processDebugManifest (Thread[#646,included builds Thread 3,5,main]) started.

> Task :expo-updates-interface:processDebugManifest UP-TO-DATE
Caching disabled for task ':expo-updates-interface:processDebugManifest' because:
  Build cache is disabled
Skipping task ':expo-updates-interface:processDebugManifest' as it is up-to-date.
work action resolve AndroidManifest.xml (project :expo-updates-interface) (Thread[#646,included builds Thread 3,5,main]) started.
Resolve mutations for :react-native-async-storage_async-storage:extractDeepLinksDebug (Thread[#646,included builds Thread 3,5,main]) started.
:react-native-async-storage_async-storage:extractDeepLinksDebug (Thread[#646,included builds Thread 3,5,main]) started.

> Task :react-native-async-storage_async-storage:extractDeepLinksDebug UP-TO-DATE
Caching disabled for task ':react-native-async-storage_async-storage:extractDeepLinksDebug' because:
  Build cache is disabled
Skipping task ':react-native-async-storage_async-storage:extractDeepLinksDebug' as it is up-to-date.
work action resolve navigation.json (project :react-native-async-storage_async-storage) (Thread[#617,Execution worker Thread 3,5,main]) started.
Resolve mutations for :react-native-async-storage_async-storage:processDebugManifest (Thread[#617,Execution worker Thread 3,5,main]) started.
:react-native-async-storage_async-storage:processDebugManifest (Thread[#617,Execution worker Thread 3,5,main]) started.

> Task :react-native-async-storage_async-storage:processDebugManifest UP-TO-DATE
Caching disabled for task ':react-native-async-storage_async-storage:processDebugManifest' because:
  Build cache is disabled
Skipping task ':react-native-async-storage_async-storage:processDebugManifest' as it is up-to-date.
work action resolve AndroidManifest.xml (project :react-native-async-storage_async-storage) (Thread[#617,Execution worker Thread 3,5,main]) started.
Resolve mutations for :react-native-edge-to-edge:extractDeepLinksDebug (Thread[#617,Execution worker Thread 3,5,main]) started.
:react-native-edge-to-edge:extractDeepLinksDebug (Thread[#617,Execution worker Thread 3,5,main]) started.

> Task :react-native-edge-to-edge:extractDeepLinksDebug UP-TO-DATE
Caching disabled for task ':react-native-edge-to-edge:extractDeepLinksDebug' because:
  Build cache is disabled
Skipping task ':react-native-edge-to-edge:extractDeepLinksDebug' as it is up-to-date.
work action resolve navigation.json (project :react-native-edge-to-edge) (Thread[#617,Execution worker Thread 3,5,main]) started.
Resolve mutations for :react-native-edge-to-edge:processDebugManifest (Thread[#617,Execution worker Thread 3,5,main]) started.
:react-native-edge-to-edge:processDebugManifest (Thread[#617,Execution worker Thread 3,5,main]) started.

> Task :react-native-edge-to-edge:processDebugManifest UP-TO-DATE
Caching disabled for task ':react-native-edge-to-edge:processDebugManifest' because:
  Build cache is disabled
Skipping task ':react-native-edge-to-edge:processDebugManifest' as it is up-to-date.
work action resolve AndroidManifest.xml (project :react-native-edge-to-edge) (Thread[#617,Execution worker Thread 3,5,main]) started.
Resolve mutations for :react-native-gesture-handler:extractDeepLinksDebug (Thread[#617,Execution worker Thread 3,5,main]) started.
:react-native-gesture-handler:extractDeepLinksDebug (Thread[#615,Execution worker,5,main]) started.

> Task :react-native-gesture-handler:extractDeepLinksDebug UP-TO-DATE
Caching disabled for task ':react-native-gesture-handler:extractDeepLinksDebug' because:
  Build cache is disabled
Skipping task ':react-native-gesture-handler:extractDeepLinksDebug' as it is up-to-date.
work action resolve navigation.json (project :react-native-gesture-handler) (Thread[#615,Execution worker,5,main]) started.
Resolve mutations for :react-native-gesture-handler:processDebugManifest (Thread[#615,Execution worker,5,main]) started.
:react-native-gesture-handler:processDebugManifest (Thread[#615,Execution worker,5,main]) started.

> Task :react-native-gesture-handler:processDebugManifest UP-TO-DATE
Caching disabled for task ':react-native-gesture-handler:processDebugManifest' because:
  Build cache is disabled
Skipping task ':react-native-gesture-handler:processDebugManifest' as it is up-to-date.
work action resolve AndroidManifest.xml (project :react-native-gesture-handler) (Thread[#615,Execution worker,5,main]) started.
Resolve mutations for :react-native-google-signin_google-signin:extractDeepLinksDebug (Thread[#615,Execution worker,5,main]) started.
:react-native-google-signin_google-signin:extractDeepLinksDebug (Thread[#615,Execution worker,5,main]) started.

> Task :react-native-google-signin_google-signin:extractDeepLinksDebug UP-TO-DATE
Caching disabled for task ':react-native-google-signin_google-signin:extractDeepLinksDebug' because:
  Build cache is disabled
Skipping task ':react-native-google-signin_google-signin:extractDeepLinksDebug' as it is up-to-date.
work action resolve navigation.json (project :react-native-google-signin_google-signin) (Thread[#615,Execution worker,5,main]) started.
Resolve mutations for :react-native-google-signin_google-signin:processDebugManifest (Thread[#615,Execution worker,5,main]) started.
:react-native-google-signin_google-signin:processDebugManifest (Thread[#617,Execution worker Thread 3,5,main]) started.

> Task :react-native-google-signin_google-signin:processDebugManifest UP-TO-DATE
Caching disabled for task ':react-native-google-signin_google-signin:processDebugManifest' because:
  Build cache is disabled
Skipping task ':react-native-google-signin_google-signin:processDebugManifest' as it is up-to-date.
work action resolve AndroidManifest.xml (project :react-native-google-signin_google-signin) (Thread[#617,Execution worker Thread 3,5,main]) started.
Resolve mutations for :react-native-reanimated:extractDeepLinksDebug (Thread[#617,Execution worker Thread 3,5,main]) started.
:react-native-reanimated:extractDeepLinksDebug (Thread[#617,Execution worker Thread 3,5,main]) started.

> Task :react-native-reanimated:extractDeepLinksDebug UP-TO-DATE
Caching disabled for task ':react-native-reanimated:extractDeepLinksDebug' because:
  Build cache is disabled
Skipping task ':react-native-reanimated:extractDeepLinksDebug' as it is up-to-date.
work action resolve navigation.json (project :react-native-reanimated) (Thread[#617,Execution worker Thread 3,5,main]) started.
Resolve mutations for :react-native-reanimated:processDebugManifest (Thread[#617,Execution worker Thread 3,5,main]) started.
:react-native-reanimated:processDebugManifest (Thread[#617,Execution worker Thread 3,5,main]) started.

> Task :react-native-reanimated:processDebugManifest UP-TO-DATE
Caching disabled for task ':react-native-reanimated:processDebugManifest' because:
  Build cache is disabled
Skipping task ':react-native-reanimated:processDebugManifest' as it is up-to-date.
work action resolve AndroidManifest.xml (project :react-native-reanimated) (Thread[#646,included builds Thread 3,5,main]) started.
Resolve mutations for :react-native-safe-area-context:extractDeepLinksDebug (Thread[#646,included builds Thread 3,5,main]) started.
:react-native-safe-area-context:extractDeepLinksDebug (Thread[#646,included builds Thread 3,5,main]) started.

> Task :react-native-safe-area-context:extractDeepLinksDebug UP-TO-DATE
Caching disabled for task ':react-native-safe-area-context:extractDeepLinksDebug' because:
  Build cache is disabled
Skipping task ':react-native-safe-area-context:extractDeepLinksDebug' as it is up-to-date.
work action resolve navigation.json (project :react-native-safe-area-context) (Thread[#646,included builds Thread 3,5,main]) started.
Resolve mutations for :react-native-safe-area-context:processDebugManifest (Thread[#646,included builds Thread 3,5,main]) started.
:react-native-safe-area-context:processDebugManifest (Thread[#646,included builds Thread 3,5,main]) started.

> Task :react-native-safe-area-context:processDebugManifest UP-TO-DATE
Caching disabled for task ':react-native-safe-area-context:processDebugManifest' because:
  Build cache is disabled
Skipping task ':react-native-safe-area-context:processDebugManifest' as it is up-to-date.
work action resolve AndroidManifest.xml (project :react-native-safe-area-context) (Thread[#646,included builds Thread 3,5,main]) started.
Resolve mutations for :react-native-screens:extractDeepLinksDebug (Thread[#646,included builds Thread 3,5,main]) started.
:react-native-screens:extractDeepLinksDebug (Thread[#646,included builds Thread 3,5,main]) started.

> Task :react-native-screens:extractDeepLinksDebug UP-TO-DATE
Caching disabled for task ':react-native-screens:extractDeepLinksDebug' because:
  Build cache is disabled
Skipping task ':react-native-screens:extractDeepLinksDebug' as it is up-to-date.
work action resolve navigation.json (project :react-native-screens) (Thread[#646,included builds Thread 3,5,main]) started.
Resolve mutations for :react-native-screens:processDebugManifest (Thread[#646,included builds Thread 3,5,main]) started.
:react-native-screens:processDebugManifest (Thread[#646,included builds Thread 3,5,main]) started.

> Task :react-native-screens:processDebugManifest UP-TO-DATE
Caching disabled for task ':react-native-screens:processDebugManifest' because:
  Build cache is disabled
Skipping task ':react-native-screens:processDebugManifest' as it is up-to-date.
work action resolve AndroidManifest.xml (project :react-native-screens) (Thread[#646,included builds Thread 3,5,main]) started.
Resolve mutations for :react-native-vector-icons:extractDeepLinksDebug (Thread[#646,included builds Thread 3,5,main]) started.
:react-native-vector-icons:extractDeepLinksDebug (Thread[#646,included builds Thread 3,5,main]) started.

> Task :react-native-vector-icons:extractDeepLinksDebug UP-TO-DATE
Caching disabled for task ':react-native-vector-icons:extractDeepLinksDebug' because:
  Build cache is disabled
Skipping task ':react-native-vector-icons:extractDeepLinksDebug' as it is up-to-date.
work action resolve navigation.json (project :react-native-vector-icons) (Thread[#646,included builds Thread 3,5,main]) started.
Resolve mutations for :react-native-vector-icons:processDebugManifest (Thread[#646,included builds Thread 3,5,main]) started.
:react-native-vector-icons:processDebugManifest (Thread[#646,included builds Thread 3,5,main]) started.

> Task :react-native-vector-icons:processDebugManifest UP-TO-DATE
Caching disabled for task ':react-native-vector-icons:processDebugManifest' because:
  Build cache is disabled
Skipping task ':react-native-vector-icons:processDebugManifest' as it is up-to-date.
work action resolve AndroidManifest.xml (project :react-native-vector-icons) (Thread[#646,included builds Thread 3,5,main]) started.
Resolve mutations for :react-native-voice_voice:extractDeepLinksDebug (Thread[#615,Execution worker,5,main]) started.
:react-native-voice_voice:extractDeepLinksDebug (Thread[#615,Execution worker,5,main]) started.

> Task :react-native-voice_voice:extractDeepLinksDebug UP-TO-DATE
Caching disabled for task ':react-native-voice_voice:extractDeepLinksDebug' because:
  Build cache is disabled
Skipping task ':react-native-voice_voice:extractDeepLinksDebug' as it is up-to-date.
work action resolve navigation.json (project :react-native-voice_voice) (Thread[#615,Execution worker,5,main]) started.
Resolve mutations for :react-native-voice_voice:processDebugManifest (Thread[#615,Execution worker,5,main]) started.
:react-native-voice_voice:processDebugManifest (Thread[#615,Execution worker,5,main]) started.

> Task :react-native-voice_voice:processDebugManifest UP-TO-DATE
Caching disabled for task ':react-native-voice_voice:processDebugManifest' because:
  Build cache is disabled
Skipping task ':react-native-voice_voice:processDebugManifest' as it is up-to-date.
work action resolve AndroidManifest.xml (project :react-native-voice_voice) (Thread[#646,included builds Thread 3,5,main]) started.
Resolve mutations for :react-native-webview:extractDeepLinksDebug (Thread[#646,included builds Thread 3,5,main]) started.
:react-native-webview:extractDeepLinksDebug (Thread[#646,included builds Thread 3,5,main]) started.

> Task :react-native-webview:extractDeepLinksDebug UP-TO-DATE
Caching disabled for task ':react-native-webview:extractDeepLinksDebug' because:
  Build cache is disabled
Skipping task ':react-native-webview:extractDeepLinksDebug' as it is up-to-date.
work action resolve navigation.json (project :react-native-webview) (Thread[#646,included builds Thread 3,5,main]) started.
Resolve mutations for :react-native-webview:processDebugManifest (Thread[#646,included builds Thread 3,5,main]) started.
:react-native-webview:processDebugManifest (Thread[#646,included builds Thread 3,5,main]) started.

> Task :react-native-webview:processDebugManifest UP-TO-DATE
Caching disabled for task ':react-native-webview:processDebugManifest' because:
  Build cache is disabled
Skipping task ':react-native-webview:processDebugManifest' as it is up-to-date.
work action resolve AndroidManifest.xml (project :react-native-webview) (Thread[#646,included builds Thread 3,5,main]) started.
Resolve mutations for :app:processDebugMainManifest (Thread[#646,included builds Thread 3,5,main]) started.
:app:processDebugMainManifest (Thread[#646,included builds Thread 3,5,main]) started.

> Task :app:processDebugMainManifest
file or directory 'C:\dev\ferify-project\ferify-mobile-app\node_modules\@react-native-voice\voice\android\libs', not found
file or directory 'C:\dev\ferify-project\ferify-mobile-app\node_modules\@react-native-voice\voice\android\libs', not found
file or directory 'C:\dev\ferify-project\ferify-mobile-app\node_modules\@react-native-voice\voice\android\libs', not found
file or directory 'C:\dev\ferify-project\ferify-mobile-app\node_modules\@react-native-voice\voice\android\libs', not found
Caching disabled for task ':app:processDebugMainManifest' because:
  Build cache is disabled
Task ':app:processDebugMainManifest' is not up-to-date because:
  Task has failed previously.
file or directory 'C:\dev\ferify-project\ferify-mobile-app\node_modules\@react-native-voice\voice\android\libs', not found
file or directory 'C:\dev\ferify-project\ferify-mobile-app\node_modules\@react-native-voice\voice\android\libs', not found
Loading library manifest C:\dev\ferify-project\ferify-mobile-app\node_modules\@react-native-google-signin\google-signin\android\build\intermediates\merged_manifest\debug\processDebugManifest\AndroidManifest.xml
Loading library manifest C:\dev\ferify-project\ferify-mobile-app\node_modules\react-native-gesture-handler\android\build\intermediates\merged_manifest\debug\processDebugManifest\AndroidManifest.xml
Loading library manifest C:\dev\ferify-project\ferify-mobile-app\node_modules\react-native-safe-area-context\android\build\intermediates\merged_manifest\debug\processDebugManifest\AndroidManifest.xml
Loading library manifest C:\dev\ferify-project\ferify-mobile-app\node_modules\react-native-screens\android\build\intermediates\merged_manifest\debug\processDebugManifest\AndroidManifest.xml
Loading library manifest C:\dev\ferify-project\ferify-mobile-app\node_modules\react-native-webview\android\build\intermediates\merged_manifest\debug\processDebugManifest\AndroidManifest.xml
Loading library manifest C:\dev\ferify-project\ferify-mobile-app\node_modules\react-native-edge-to-edge\android\build\intermediates\merged_manifest\debug\processDebugManifest\AndroidManifest.xml
Loading library manifest C:\dev\ferify-project\ferify-mobile-app\node_modules\@react-native-async-storage\async-storage\android\build\intermediates\merged_manifest\debug\processDebugManifest\AndroidManifest.xml
Loading library manifest C:\dev\ferify-project\ferify-mobile-app\node_modules\@react-native-voice\voice\android\build\intermediates\merged_manifest\debug\processDebugManifest\AndroidManifest.xml
Loading library manifest C:\dev\ferify-project\ferify-mobile-app\node_modules\expo\android\build\intermediates\merged_manifest\debug\processDebugManifest\AndroidManifest.xml
Loading library manifest C:\dev\ferify-project\ferify-mobile-app\node_modules\react-native-reanimated\android\build\intermediates\merged_manifest\debug\processDebugManifest\AndroidManifest.xml
Loading library manifest C:\dev\ferify-project\ferify-mobile-app\node_modules\react-native-vector-icons\android\build\intermediates\merged_manifest\debug\processDebugManifest\AndroidManifest.xml
Loading library manifest C:\dev\ferify-project\ferify-mobile-app\node_modules\expo-dev-launcher\android\build\intermediates\merged_manifest\debug\processDebugManifest\AndroidManifest.xml
Loading library manifest C:\dev\ferify-project\ferify-mobile-app\node_modules\expo-dev-menu\android\build\intermediates\merged_manifest\debug\processDebugManifest\AndroidManifest.xml
Loading library manifest C:\dev\ferify-project\ferify-mobile-app\node_modules\expo-dev-menu-interface\android\build\intermediates\merged_manifest\debug\processDebugManifest\AndroidManifest.xml
Loading library manifest C:\dev\ferify-project\ferify-mobile-app\node_modules\expo-speech-recognition\android\build\intermediates\merged_manifest\debug\processDebugManifest\AndroidManifest.xml
Loading library manifest C:\dev\ferify-project\ferify-mobile-app\node_modules\expo-modules-core\android\build\intermediates\merged_manifest\debug\processDebugManifest\AndroidManifest.xml
Loading library manifest C:\Users\hp\.gradle\caches\8.13\transforms\4fee0ec28ded3846de5844e9164ba547\transformed\expo.modules.font-13.3.2\AndroidManifest.xml
Loading library manifest C:\Users\hp\.gradle\caches\8.13\transforms\a6cb8db52191cf3613118879263ea3e8\transformed\expo.modules.image-2.4.1\AndroidManifest.xml
Loading library manifest C:\Users\hp\.gradle\caches\8.13\transforms\7a2c7cae502529c52084e73dd2e094c1\transformed\expo.modules.splashscreen-0.30.10\AndroidManifest.xml
Loading library manifest C:\Users\hp\.gradle\caches\8.13\transforms\4487fcb09468837d624ec251eee485a5\transformed\expo.modules.systemui-5.0.11\AndroidManifest.xml
Loading library manifest C:\Users\hp\.gradle\caches\8.13\transforms\7dd298ccc7748dddcfd5a2a68337b699\transformed\react-android-0.79.6-debug\AndroidManifest.xml
Loading library manifest C:\Users\hp\.gradle\caches\8.13\transforms\b2e5321f3a359cb09213df0d9dd3ccc4\transformed\play-services-auth-21.4.0\AndroidManifest.xml
Loading library manifest C:\Users\hp\.gradle\caches\8.13\transforms\be805c6cdb2e55d8cad4e51721af17b0\transformed\material-1.12.0\AndroidManifest.xml
Loading library manifest C:\Users\hp\.gradle\caches\8.13\transforms\44dedef735c6ff150e386db9293becae\transformed\expo.modules.imagepicker-16.1.4\AndroidManifest.xml
Loading library manifest C:\Users\hp\.gradle\caches\8.13\transforms\bbe686a51f4234def6530f433f6d4b7e\transformed\core-splashscreen-1.2.0-alpha02\AndroidManifest.xml
Loading library manifest C:\Users\hp\.gradle\caches\8.13\transforms\26f6892b8063a58fd256636b0cfad50c\transformed\appcompat-resources-1.7.0\AndroidManifest.xml
Loading library manifest C:\Users\hp\.gradle\caches\8.13\transforms\8c90969d8fc8125a2c01d3802ddcdcef\transformed\glide-plugin-3.0.5\AndroidManifest.xml
Loading library manifest C:\Users\hp\.gradle\caches\8.13\transforms\7a8a81efcb41aae7f46f9c77bd798ed0\transformed\android-image-cropper-4.6.0\AndroidManifest.xml
Loading library manifest C:\Users\hp\.gradle\caches\8.13\transforms\e858cda495d601f85a591d2b2a4e4c7f\transformed\constraintlayout-2.0.1\AndroidManifest.xml
Loading library manifest C:\Users\hp\.gradle\caches\8.13\transforms\45d78c65be7ba3f9f1317adc1ef3637c\transformed\awebp-3.0.5\AndroidManifest.xml
Loading library manifest C:\Users\hp\.gradle\caches\8.13\transforms\04143def5d3e7c75af87a0534d30295e\transformed\apng-3.0.5\AndroidManifest.xml
Loading library manifest C:\Users\hp\.gradle\caches\8.13\transforms\a2a00d0d6a454bd6d22cb6add2323155\transformed\gif-3.0.5\AndroidManifest.xml
Loading library manifest C:\Users\hp\.gradle\caches\8.13\transforms\67d8de22045adf2f70b988dcbcc9e3fc\transformed\avif-3.0.5\AndroidManifest.xml
Loading library manifest C:\Users\hp\.gradle\caches\8.13\transforms\f7c57b62a8463c671a2da12a32c61dbd\transformed\frameanimation-3.0.5\AndroidManifest.xml
Loading library manifest C:\Users\hp\.gradle\caches\8.13\transforms\5e158d51adf3650b94fbff634c2369be\transformed\appcompat-1.7.0\AndroidManifest.xml
Loading library manifest C:\Users\hp\.gradle\caches\8.13\transforms\48bcf1b16b82349b3cb67076c7e5e6ed\transformed\play-services-auth-api-phone-18.0.2\AndroidManifest.xml
Loading library manifest C:\Users\hp\.gradle\caches\8.13\transforms\83c53f666b85265b8edb56674071725d\transformed\play-services-auth-base-18.0.10\AndroidManifest.xml
Loading library manifest C:\Users\hp\.gradle\caches\8.13\transforms\a043d62b8ebd8cc6e69ed9f8fa01927a\transformed\play-services-fido-20.0.1\AndroidManifest.xml
Loading library manifest C:\Users\hp\.gradle\caches\8.13\transforms\93a4fa2a2a7d0b80394ce6d46802aaf9\transformed\expo.modules.location-18.1.6\AndroidManifest.xml
Loading library manifest C:\Users\hp\.gradle\caches\8.13\transforms\255fda635752706b20931b43893150cc\transformed\play-services-location-21.0.1\AndroidManifest.xml
Loading library manifest C:\Users\hp\.gradle\caches\8.13\transforms\84636c784e34b7621b26314b15be794f\transformed\play-services-base-18.5.0\AndroidManifest.xml
Loading library manifest C:\Users\hp\.gradle\caches\8.13\transforms\111144dc4bd1d308eed5f77a4c8ec3fb\transformed\play-services-tasks-18.2.0\AndroidManifest.xml
Loading library manifest C:\Users\hp\.gradle\caches\8.13\transforms\b7b5be94e522239f8dec619fdef9dc09\transformed\play-services-basement-18.5.0\AndroidManifest.xml
Loading library manifest C:\Users\hp\.gradle\caches\8.13\transforms\e1f636a86fba2bef3d74ca08df15c6cb\transformed\lifecycle-extensions-2.2.0\AndroidManifest.xml
Loading library manifest C:\dev\ferify-project\ferify-mobile-app\node_modules\expo-image-loader\android\build\intermediates\merged_manifest\debug\processDebugManifest\AndroidManifest.xml
Loading library manifest C:\Users\hp\.gradle\caches\8.13\transforms\e067f93ae14edde50fc6c8871eb5f2d8\transformed\avif-integration-4.16.0\AndroidManifest.xml
Loading library manifest C:\Users\hp\.gradle\caches\8.13\transforms\0e99254d9f757a9428ea76631d789a8a\transformed\glide-transformations-4.3.0\AndroidManifest.xml
Loading library manifest C:\Users\hp\.gradle\caches\8.13\transforms\154a99f393fb48fd5bf19c6e0f6a97b1\transformed\okhttp3-integration-4.11.0\AndroidManifest.xml
Loading library manifest C:\Users\hp\.gradle\caches\8.13\transforms\f99b5414e6b0051e279ecadde936e029\transformed\glide-4.16.0\AndroidManifest.xml
Loading library manifest C:\Users\hp\.gradle\caches\8.13\transforms\fef9fdc2d941fa61931efd3c291e42b6\transformed\expo.modules.filesystem-18.1.11\AndroidManifest.xml
Loading library manifest C:\Users\hp\.gradle\caches\8.13\transforms\d20daf90899378ea5a280898d5aa93cb\transformed\legacy-support-v4-1.0.0\AndroidManifest.xml
Loading library manifest C:\Users\hp\.gradle\caches\8.13\transforms\5c0fbb7d50a0a56b4437eb535a0786c1\transformed\viewpager2-1.0.0\AndroidManifest.xml
Loading library manifest C:\Users\hp\.gradle\caches\8.13\transforms\b5770086ff997f759cd28f2123776681\transformed\fragment-1.6.1\AndroidManifest.xml
Loading library manifest C:\Users\hp\.gradle\caches\8.13\transforms\b2ddb9b8aadd0c7f7492132d8d0246a2\transformed\fragment-ktx-1.6.1\AndroidManifest.xml
Loading library manifest C:\Users\hp\.gradle\caches\8.13\transforms\7d4502617db91038f0cebf1e6993eae2\transformed\fresco-3.6.0\AndroidManifest.xml
Loading library manifest C:\Users\hp\.gradle\caches\8.13\transforms\0fdea9200a8aa1ff23978d0097c23839\transformed\imagepipeline-okhttp3-3.6.0\AndroidManifest.xml
Loading library manifest C:\Users\hp\.gradle\caches\8.13\transforms\9a307ddaf25a1054b379c2ba4c23808f\transformed\webpsupport-3.6.0\AndroidManifest.xml
Loading library manifest C:\Users\hp\.gradle\caches\8.13\transforms\60b1b77cc53176bf075b69970924d7e7\transformed\animated-gif-3.6.0\AndroidManifest.xml
Loading library manifest C:\Users\hp\.gradle\caches\8.13\transforms\693c277db55aca8ce4ec6f7323f0ad9f\transformed\animated-base-3.6.0\AndroidManifest.xml
Loading library manifest C:\Users\hp\.gradle\caches\8.13\transforms\abc72a50ec0abe4f7fb0e286aacf49ed\transformed\animated-drawable-3.6.0\AndroidManifest.xml
Loading library manifest C:\Users\hp\.gradle\caches\8.13\transforms\1b273de8da011bb410071c6523370cd7\transformed\vito-options-3.6.0\AndroidManifest.xml
Loading library manifest C:\Users\hp\.gradle\caches\8.13\transforms\b2ca74fa571d8812f2e9af890a8f9302\transformed\drawee-3.6.0\AndroidManifest.xml
Loading library manifest C:\Users\hp\.gradle\caches\8.13\transforms\f453b3ccba34c48cb2596ffdd6156ddb\transformed\nativeimagefilters-3.6.0\AndroidManifest.xml
Loading library manifest C:\Users\hp\.gradle\caches\8.13\transforms\9f3ca882b0072637e15acbf93d55b263\transformed\memory-type-native-3.6.0\AndroidManifest.xml
Loading library manifest C:\Users\hp\.gradle\caches\8.13\transforms\04e48458c5c766fd98bda89572ea4821\transformed\memory-type-java-3.6.0\AndroidManifest.xml
Loading library manifest C:\Users\hp\.gradle\caches\8.13\transforms\bbc66213c0072a19da77e87b50889315\transformed\imagepipeline-native-3.6.0\AndroidManifest.xml
Loading library manifest C:\Users\hp\.gradle\caches\8.13\transforms\e3d247f9f869391ae3af108f7d7b20c0\transformed\memory-type-ashmem-3.6.0\AndroidManifest.xml
Loading library manifest C:\Users\hp\.gradle\caches\8.13\transforms\f6753ea67790b0b3ca90f73bdd49cbb0\transformed\imagepipeline-3.6.0\AndroidManifest.xml
Loading library manifest C:\Users\hp\.gradle\caches\8.13\transforms\f511f1295f18841f9f800031a2810055\transformed\nativeimagetranscoder-3.6.0\AndroidManifest.xml
Loading library manifest C:\Users\hp\.gradle\caches\8.13\transforms\690c43673a75a2059b420782b7642d6e\transformed\imagepipeline-base-3.6.0\AndroidManifest.xml
Loading library manifest C:\Users\hp\.gradle\caches\8.13\transforms\4e986dfdaf95665262597e803ce29dc5\transformed\urimod-3.6.0\AndroidManifest.xml
Loading library manifest C:\Users\hp\.gradle\caches\8.13\transforms\1b1167c99a3a6bb8d58febc56083f28e\transformed\vito-source-3.6.0\AndroidManifest.xml
Loading library manifest C:\Users\hp\.gradle\caches\8.13\transforms\947906584408133fa258ff81ff4d90ac\transformed\middleware-3.6.0\AndroidManifest.xml
Loading library manifest C:\Users\hp\.gradle\caches\8.13\transforms\99c60b1e2149d1fbe34a3338abb0b227\transformed\ui-common-3.6.0\AndroidManifest.xml
Loading library manifest C:\Users\hp\.gradle\caches\8.13\transforms\71a3324b13ff71c2857fa6086a7e04af\transformed\soloader-3.6.0\AndroidManifest.xml
Loading library manifest C:\Users\hp\.gradle\caches\8.13\transforms\34f4ee91430261663fca573edfe8223f\transformed\fbcore-3.6.0\AndroidManifest.xml
Loading library manifest C:\dev\ferify-project\ferify-mobile-app\node_modules\expo-constants\android\build\intermediates\merged_manifest\debug\processDebugManifest\AndroidManifest.xml
Loading library manifest C:\dev\ferify-project\ferify-mobile-app\node_modules\expo-dev-client\android\build\intermediates\merged_manifest\debug\processDebugManifest\AndroidManifest.xml
Loading library manifest C:\dev\ferify-project\ferify-mobile-app\node_modules\expo-manifests\android\build\intermediates\merged_manifest\debug\processDebugManifest\AndroidManifest.xml
Loading library manifest C:\dev\ferify-project\ferify-mobile-app\node_modules\expo-json-utils\android\build\intermediates\merged_manifest\debug\processDebugManifest\AndroidManifest.xml
Loading library manifest C:\dev\ferify-project\ferify-mobile-app\node_modules\expo-updates-interface\android\build\intermediates\merged_manifest\debug\processDebugManifest\AndroidManifest.xml
Loading library manifest C:\Users\hp\.gradle\caches\8.13\transforms\7fe0bcfa5de897451213655b018bba8b\transformed\expo.modules.application-6.1.5\AndroidManifest.xml
Loading library manifest C:\Users\hp\.gradle\caches\8.13\transforms\3ad6fc53b2bff3ae890bfbb7f8abca0f\transformed\expo.modules.asset-11.1.7\AndroidManifest.xml
Loading library manifest C:\Users\hp\.gradle\caches\8.13\transforms\fd9d9a37ebd036d41335a57a923e3f3e\transformed\expo.modules.blur-14.1.5\AndroidManifest.xml
Loading library manifest C:\Users\hp\.gradle\caches\8.13\transforms\2d68ebc3b2d891c94cfd33aa5186afa8\transformed\expo.modules.crypto-14.1.5\AndroidManifest.xml
Loading library manifest C:\Users\hp\.gradle\caches\8.13\transforms\a352ec053b24e5141a16241693642fcb\transformed\expo.modules.haptics-14.1.4\AndroidManifest.xml
Loading library manifest C:\Users\hp\.gradle\caches\8.13\transforms\ba8a617544e22934a35df8c4c0f00463\transformed\expo.modules.keepawake-14.1.4\AndroidManifest.xml
Loading library manifest C:\Users\hp\.gradle\caches\8.13\transforms\5e9b522a63dbfac0512e98cafdbb9962\transformed\expo.modules.linking-7.1.7\AndroidManifest.xml
Loading library manifest C:\Users\hp\.gradle\caches\8.13\transforms\3e1c3008415887473f6d920c1b1d8993\transformed\expo.modules.webbrowser-14.2.0\AndroidManifest.xml
Loading library manifest C:\Users\hp\.gradle\caches\8.13\transforms\7c1ff614e55963fb3e5064ef15051de5\transformed\legacy-support-core-ui-1.0.0\AndroidManifest.xml
Loading library manifest C:\Users\hp\.gradle\caches\8.13\transforms\841b5dd71bd0e36526ae3ac4049ae36d\transformed\coordinatorlayout-1.2.0\AndroidManifest.xml
Loading library manifest C:\Users\hp\.gradle\caches\8.13\transforms\c98eac47421cc411bfb007f7b1f2f704\transformed\swiperefreshlayout-1.1.0\AndroidManifest.xml
Loading library manifest C:\Users\hp\.gradle\caches\8.13\transforms\4b4a8ea01ead8b0022554150177b8940\transformed\webkit-1.4.0\AndroidManifest.xml
Loading library manifest C:\Users\hp\.gradle\caches\8.13\transforms\590c8cbe0e5fc75f6ea99f0329cc6beb\transformed\autofill-1.1.0\AndroidManifest.xml
Loading library manifest C:\Users\hp\.gradle\caches\8.13\transforms\0b92901caa862045d69af21a069d1503\transformed\transition-1.5.0\AndroidManifest.xml
Loading library manifest C:\Users\hp\.gradle\caches\8.13\transforms\871f0814459475f69100ee5b6b0e11e9\transformed\dynamicanimation-1.0.0\AndroidManifest.xml
Loading library manifest C:\Users\hp\.gradle\caches\8.13\transforms\5d86e34d59f20b76b06d8eaae58141ed\transformed\legacy-support-core-utils-1.0.0\AndroidManifest.xml
Loading library manifest C:\Users\hp\.gradle\caches\8.13\transforms\d3030fe858a43e700e033860cda2030c\transformed\loader-1.1.0\AndroidManifest.xml
Loading library manifest C:\Users\hp\.gradle\caches\8.13\transforms\ebcbc782ad50c6803126b618e584af22\transformed\browser-1.6.0\AndroidManifest.xml
Loading library manifest C:\Users\hp\.gradle\caches\8.13\transforms\ab65da9ffdc054d7515fd82d7732c762\transformed\drawerlayout-1.1.1\AndroidManifest.xml
Loading library manifest C:\Users\hp\.gradle\caches\8.13\transforms\628f0576876fb12cb1d8ef18fbf9961d\transformed\vectordrawable-animated-1.1.0\AndroidManifest.xml
Loading library manifest C:\Users\hp\.gradle\caches\8.13\transforms\a433e5aaa6f715a8603c3533d2172210\transformed\vectordrawable-1.1.0\AndroidManifest.xml
Loading library manifest C:\Users\hp\.gradle\caches\8.13\transforms\dda552785eb2e21281835f82139051bd\transformed\emoji2-views-helper-1.3.0\AndroidManifest.xml
Loading library manifest C:\Users\hp\.gradle\caches\8.13\transforms\bdf6bd7e275c0c4cf963c663ef85151f\transformed\emoji2-1.3.0\AndroidManifest.xml
Loading library manifest C:\Users\hp\.gradle\caches\8.13\transforms\6c67b3583535e8d04d5e1c7b305efadb\transformed\media-1.0.0\AndroidManifest.xml
Loading library manifest C:\Users\hp\.gradle\caches\8.13\transforms\7eb48d80ccb41afe7bab343cd08e8abd\transformed\viewpager-1.0.0\AndroidManifest.xml
Loading library manifest C:\Users\hp\.gradle\caches\8.13\transforms\67d16a499d95463eeb6fca9b907cf54c\transformed\recyclerview-1.1.0\AndroidManifest.xml
Loading library manifest C:\Users\hp\.gradle\caches\8.13\transforms\5d51cf8119f9cb9ec6baa74668132a69\transformed\slidingpanelayout-1.0.0\AndroidManifest.xml
Loading library manifest C:\Users\hp\.gradle\caches\8.13\transforms\d038064b9ff5b4c58cbf7bd34b404aa9\transformed\customview-1.1.0\AndroidManifest.xml
Loading library manifest C:\Users\hp\.gradle\caches\8.13\transforms\4f0f97c276b89593efd1cc9c6a4ad66c\transformed\asynclayoutinflater-1.0.0\AndroidManifest.xml
Loading library manifest C:\Users\hp\.gradle\caches\8.13\transforms\3709465e82c922f518d124b9b76a7a36\transformed\core-1.13.1\AndroidManifest.xml
Loading library manifest C:\Users\hp\.gradle\caches\8.13\transforms\a06a29764de9d64ba89a5a7c8cec8f9f\transformed\activity-ktx-1.10.0\AndroidManifest.xml
Loading library manifest C:\Users\hp\.gradle\caches\8.13\transforms\bf1e9ce1d657f8d0a5371b2e2b946cf7\transformed\activity-1.10.0\AndroidManifest.xml
Loading library manifest C:\Users\hp\.gradle\caches\8.13\transforms\38955687eabebbb73ff594f28991ed95\transformed\savedstate-ktx-1.2.1\AndroidManifest.xml
Loading library manifest C:\Users\hp\.gradle\caches\8.13\transforms\22b17fa09617d1bd320a8ca07a69765b\transformed\savedstate-1.2.1\AndroidManifest.xml
Loading library manifest C:\Users\hp\.gradle\caches\8.13\transforms\7aefec13fd83b5db0249c546d2d8b078\transformed\lifecycle-viewmodel-ktx-2.6.2\AndroidManifest.xml
Loading library manifest C:\Users\hp\.gradle\caches\8.13\transforms\84bf96c6fa55ad4881b8bc9626d3422f\transformed\lifecycle-viewmodel-2.6.2\AndroidManifest.xml
Loading library manifest C:\Users\hp\.gradle\caches\8.13\transforms\c0c50c88756bcac103613312adb72468\transformed\lifecycle-service-2.6.2\AndroidManifest.xml
Loading library manifest C:\Users\hp\.gradle\caches\8.13\transforms\8fa1795a61f1e4fc8c45e820390b62da\transformed\lifecycle-runtime-ktx-2.6.2\AndroidManifest.xml
Loading library manifest C:\Users\hp\.gradle\caches\8.13\transforms\6e6486fd168175231d9ed9a95f94dbcc\transformed\lifecycle-process-2.6.2\AndroidManifest.xml
Loading library manifest C:\Users\hp\.gradle\caches\8.13\transforms\467a8905804a473e491f1cec3d255218\transformed\lifecycle-livedata-core-ktx-2.6.2\AndroidManifest.xml
Loading library manifest C:\Users\hp\.gradle\caches\8.13\transforms\5cc9cea7ef19e910f9173ebf82db5f9e\transformed\lifecycle-livedata-core-2.6.2\AndroidManifest.xml
Loading library manifest C:\Users\hp\.gradle\caches\8.13\transforms\558d4d9938f8745cd1035c5c21001edb\transformed\lifecycle-livedata-2.6.2\AndroidManifest.xml
Loading library manifest C:\Users\hp\.gradle\caches\8.13\transforms\922da6effdf558a16afc5862d2d1bb0e\transformed\lifecycle-runtime-2.6.2\AndroidManifest.xml
Loading library manifest C:\Users\hp\.gradle\caches\8.13\transforms\f90e556133ee7d96ac3068473486fab1\transformed\lifecycle-viewmodel-savedstate-2.6.2\AndroidManifest.xml
Loading library manifest C:\Users\hp\.gradle\caches\8.13\transforms\da82a7daf4f92b7331a3ae098907e446\transformed\core-ktx-1.13.1\AndroidManifest.xml
Loading library manifest C:\Users\hp\.gradle\caches\8.13\transforms\6a806ce5b0541d9b26a9eb98fc422d6e\transformed\profileinstaller-1.4.0\AndroidManifest.xml
Loading library manifest C:\Users\hp\.gradle\caches\8.13\transforms\1cab8a385a0d890ff7eff3eaeac85db5\transformed\startup-runtime-1.1.1\AndroidManifest.xml
Loading library manifest C:\Users\hp\.gradle\caches\8.13\transforms\ce9bcf49733e17725f148bfc89de8bae\transformed\tracing-1.2.0\AndroidManifest.xml
Loading library manifest C:\Users\hp\.gradle\caches\8.13\transforms\e8d33a325f55fc3eb26b77fce9f02c2d\transformed\tracing-ktx-1.2.0\AndroidManifest.xml
Loading library manifest C:\Users\hp\.gradle\caches\8.13\transforms\fc2fbdb7b1b8ceeab9c0b081e4889a01\transformed\ui-core-3.6.0\AndroidManifest.xml
Loading library manifest C:\Users\hp\.gradle\caches\8.13\transforms\7d6cf214387d91dce9809d6a14dc6c18\transformed\annotation-experimental-1.4.0\AndroidManifest.xml
Loading library manifest C:\Users\hp\.gradle\caches\8.13\transforms\5a5b2ece211fed6c683f81e9e4ffab66\transformed\vito-renderer-3.6.0\AndroidManifest.xml
Loading library manifest C:\Users\hp\.gradle\caches\8.13\transforms\3a9df8d2dce51b9c6e251e89d6835984\transformed\hermes-android-0.79.6-debug\AndroidManifest.xml
Loading library manifest C:\Users\hp\.gradle\caches\8.13\transforms\bac86452941158edb5f6a62bed9fa0a3\transformed\viewbinding-8.8.2\AndroidManifest.xml
Loading library manifest C:\Users\hp\.gradle\caches\8.13\transforms\d0cd0efd977f9a01291ed72ab7691acb\transformed\BlurView-version-2.0.6\AndroidManifest.xml
Loading library manifest C:\Users\hp\.gradle\caches\8.13\transforms\45d8985efe352a315fff4e7dda185980\transformed\exifinterface-1.3.7\AndroidManifest.xml
Loading library manifest C:\Users\hp\.gradle\caches\8.13\transforms\b9449e9f05d0355ebd5a2390e7334597\transformed\interpolator-1.0.0\AndroidManifest.xml
Loading library manifest C:\Users\hp\.gradle\caches\8.13\transforms\17ee30e9c6ccb74f5a80149bde191985\transformed\cardview-1.0.0\AndroidManifest.xml
Loading library manifest C:\Users\hp\.gradle\caches\8.13\transforms\9879aa3271066c0c5de04487ca257f18\transformed\cursoradapter-1.0.0\AndroidManifest.xml
Loading library manifest C:\Users\hp\.gradle\caches\8.13\transforms\b057ec66ea7c2e14e1378a0a2daa40a5\transformed\versionedparcelable-1.1.1\AndroidManifest.xml
Loading library manifest C:\Users\hp\.gradle\caches\8.13\transforms\4b775066769714d9f9e6757e9a9c613b\transformed\gifdecoder-4.16.0\AndroidManifest.xml
Loading library manifest C:\Users\hp\.gradle\caches\8.13\transforms\2bfaf943cc5ce0ec9d6ede06c38e4ed7\transformed\documentfile-1.0.0\AndroidManifest.xml
Loading library manifest C:\Users\hp\.gradle\caches\8.13\transforms\e8b54ca374ae2a622fb7f306fb56d643\transformed\localbroadcastmanager-1.0.0\AndroidManifest.xml
Loading library manifest C:\Users\hp\.gradle\caches\8.13\transforms\06cdf0fd570f8aaa7b43a78cccfdfc93\transformed\print-1.0.0\AndroidManifest.xml
Loading library manifest C:\Users\hp\.gradle\caches\8.13\transforms\ca5243ce18c6e1bbb838c3b9327f353d\transformed\core-runtime-2.2.0\AndroidManifest.xml
Loading library manifest C:\Users\hp\.gradle\caches\8.13\transforms\e19e6d6013b99bbf502dc384103c831d\transformed\appcompat-v7-28.0.0\AndroidManifest.xml
Loading library manifest C:\Users\hp\.gradle\caches\8.13\transforms\56df6f5f77df1e037f27ce4458035fcb\transformed\fbjni-0.7.0\AndroidManifest.xml
Loading library manifest C:\Users\hp\.gradle\caches\8.13\transforms\37573d7fc76771033bad46c4c82d23a7\transformed\soloader-0.12.1\AndroidManifest.xml
Loading library manifest C:\Users\hp\.gradle\caches\8.13\transforms\92fd5c410361e106ef5b263a54c2f6ff\transformed\support-fragment-28.0.0\AndroidManifest.xml
Loading library manifest C:\Users\hp\.gradle\caches\8.13\transforms\2833cf41a7d170df918f5493de4fc343\transformed\animated-vector-drawable-28.0.0\AndroidManifest.xml
Loading library manifest C:\Users\hp\.gradle\caches\8.13\transforms\4d1feb30f819871aab0e3f55d1fd634a\transformed\support-core-ui-28.0.0\AndroidManifest.xml
Loading library manifest C:\Users\hp\.gradle\caches\8.13\transforms\0a7236bc2ad5a935ca076a1b60b5cd1a\transformed\support-core-utils-28.0.0\AndroidManifest.xml
Loading library manifest C:\Users\hp\.gradle\caches\8.13\transforms\e08afb297eeb374f78846c6f4bbb03f6\transformed\support-vector-drawable-28.0.0\AndroidManifest.xml
Loading library manifest C:\Users\hp\.gradle\caches\8.13\transforms\9a8848893291d80b8a0135ebb2b99dd0\transformed\loader-28.0.0\AndroidManifest.xml
Loading library manifest C:\Users\hp\.gradle\caches\8.13\transforms\4338620fd41411fda044991b038eb387\transformed\viewpager-28.0.0\AndroidManifest.xml
Loading library manifest C:\Users\hp\.gradle\caches\8.13\transforms\1b0cc982943ae378a53c6847ffc0d611\transformed\coordinatorlayout-28.0.0\AndroidManifest.xml
Loading library manifest C:\Users\hp\.gradle\caches\8.13\transforms\44c4e32f7a8cba22e8c2e55ea0b70906\transformed\drawerlayout-28.0.0\AndroidManifest.xml
Loading library manifest C:\Users\hp\.gradle\caches\8.13\transforms\11f430a6608c44f45c4cc6217806d83c\transformed\slidingpanelayout-28.0.0\AndroidManifest.xml
Loading library manifest C:\Users\hp\.gradle\caches\8.13\transforms\8659c65f886ba13a3953eb1711250a9e\transformed\customview-28.0.0\AndroidManifest.xml
Loading library manifest C:\Users\hp\.gradle\caches\8.13\transforms\955ca2cb2b27d00503a320e856b87402\transformed\swiperefreshlayout-28.0.0\AndroidManifest.xml
Loading library manifest C:\Users\hp\.gradle\caches\8.13\transforms\0bba80d148088a569116ac16937138a5\transformed\asynclayoutinflater-28.0.0\AndroidManifest.xml
Loading library manifest C:\Users\hp\.gradle\caches\8.13\transforms\52265c90752a4a82816dc800090b08ec\transformed\support-compat-28.0.0\AndroidManifest.xml
Loading library manifest C:\Users\hp\.gradle\caches\8.13\transforms\63dcabb5b11c526324d83f70c8c71def\transformed\versionedparcelable-28.0.0\AndroidManifest.xml
Loading library manifest C:\Users\hp\.gradle\caches\8.13\transforms\23db4f90884320c4763c667a92a85b00\transformed\cursoradapter-28.0.0\AndroidManifest.xml
Loading library manifest C:\Users\hp\.gradle\caches\8.13\transforms\e23f5e47edc10afa38068ed62a516b34\transformed\runtime-1.1.1\AndroidManifest.xml
Loading library manifest C:\Users\hp\.gradle\caches\8.13\transforms\bc899c0a2da461b6f3f7bf50fbbbe95b\transformed\documentfile-28.0.0\AndroidManifest.xml
Loading library manifest C:\Users\hp\.gradle\caches\8.13\transforms\b5fed398c791ad5b4f8e426e0a40a4ed\transformed\localbroadcastmanager-28.0.0\AndroidManifest.xml
Loading library manifest C:\Users\hp\.gradle\caches\8.13\transforms\d63d7eb8c0c6a9e338839ed5998cc128\transformed\print-28.0.0\AndroidManifest.xml
Loading library manifest C:\Users\hp\.gradle\caches\8.13\transforms\c222c5c86b04d3555634620817d822b1\transformed\viewmodel-1.1.1\AndroidManifest.xml
Loading library manifest C:\Users\hp\.gradle\caches\8.13\transforms\ef284ead96877ad697b8859aac746131\transformed\livedata-1.1.1\AndroidManifest.xml
Loading library manifest C:\Users\hp\.gradle\caches\8.13\transforms\5de54f2e1dc5cf63eb00b32920441416\transformed\livedata-core-1.1.1\AndroidManifest.xml
Loading library manifest C:\Users\hp\.gradle\caches\8.13\transforms\1dee2f96a5a3a30f89e9b539f805204f\transformed\runtime-1.1.1\AndroidManifest.xml
Loading library manifest C:\Users\hp\.gradle\caches\8.13\transforms\366483275e64af5769887e712a94e276\transformed\interpolator-28.0.0\AndroidManifest.xml
Loading library manifest C:\Users\hp\.gradle\caches\8.13\transforms\de7c5b560611592033572d4cd2f22550\transformed\installreferrer-2.2\AndroidManifest.xml
Loading library manifest C:\Users\hp\.gradle\caches\8.13\transforms\ca716dd9493af1330d0d51c0ec19a1db\transformed\androidsvg-aar-1.4\AndroidManifest.xml
Loading library manifest C:\Users\hp\.gradle\caches\8.13\transforms\7bcde4c4629bed9fdbeaff91e1e5d2a1\transformed\avif-1.1.1.14d8e3c4\AndroidManifest.xml
Merging flavors and build manifest C:\dev\ferify-project\ferify-mobile-app\android\app\src\debug\AndroidManifest.xml 

Merging main manifest C:\dev\ferify-project\ferify-mobile-app\android\app\src\main\AndroidManifest.xml

Merging manifest with lower AndroidManifest.xml:1:1-35:12
Adopted [uses-permission: null]
Adopted [uses-permission: null]
Adopted [uses-permission: null]
Adopted [uses-permission: null]
Adopted [uses-permission: null]
uses-permission#android.permission.SYSTEM_ALERT_WINDOW defined in both files...
Merging uses-permission#android.permission.SYSTEM_ALERT_WINDOW with lower AndroidManifest.xml:7:3-75
Adopted [uses-permission: null]
Adopted [uses-permission: null]
Adopted [queries: null]
application defined in both files...
Merging application with lower AndroidManifest.xml:17:3-34:17
Adopted [meta-data: null]
Adopted [meta-data: null]
Adopted [meta-data: null]
Adopted [activity: null]
Merging library manifest C:\dev\ferify-project\ferify-mobile-app\node_modules\@react-native-google-signin\google-signin\android\build\intermediates\merged_manifest\debug\processDebugManifest\AndroidManifest.xml
Merging manifest with lower [:react-native-google-signin_google-signin] AndroidManifest.xml:2:1-7:12
uses-sdk defined in both files...
Merging uses-sdk with lower [:react-native-google-signin_google-signin] AndroidManifest.xml:5:5-44
Merging library manifest C:\dev\ferify-project\ferify-mobile-app\node_modules\react-native-gesture-handler\android\build\intermediates\merged_manifest\debug\processDebugManifest\AndroidManifest.xml
Merging manifest with lower [:react-native-gesture-handler] AndroidManifest.xml:2:1-7:12
uses-sdk defined in both files...
Merging uses-sdk with lower [:react-native-gesture-handler] AndroidManifest.xml:5:5-44
Merging library manifest C:\dev\ferify-project\ferify-mobile-app\node_modules\react-native-safe-area-context\android\build\intermediates\merged_manifest\debug\processDebugManifest\AndroidManifest.xml
Merging manifest with lower [:react-native-safe-area-context] AndroidManifest.xml:2:1-7:12
uses-sdk defined in both files...
Merging uses-sdk with lower [:react-native-safe-area-context] AndroidManifest.xml:5:5-44
Merging library manifest C:\dev\ferify-project\ferify-mobile-app\node_modules\react-native-screens\android\build\intermediates\merged_manifest\debug\processDebugManifest\AndroidManifest.xml
Merging manifest with lower [:react-native-screens] AndroidManifest.xml:2:1-7:12
uses-sdk defined in both files...
Merging uses-sdk with lower [:react-native-screens] AndroidManifest.xml:5:5-44
Merging library manifest C:\dev\ferify-project\ferify-mobile-app\node_modules\react-native-webview\android\build\intermediates\merged_manifest\debug\processDebugManifest\AndroidManifest.xml
Merging manifest with lower [:react-native-webview] AndroidManifest.xml:2:1-19:12
uses-sdk defined in both files...
Merging uses-sdk with lower [:react-native-webview] AndroidManifest.xml:5:5-44
application defined in both files...
Merging application with lower [:react-native-webview] AndroidManifest.xml:7:5-17:19
Adopted [provider: null]
Merging library manifest C:\dev\ferify-project\ferify-mobile-app\node_modules\react-native-edge-to-edge\android\build\intermediates\merged_manifest\debug\processDebugManifest\AndroidManifest.xml
Merging manifest with lower [:react-native-edge-to-edge] AndroidManifest.xml:2:1-7:12
uses-sdk defined in both files...
Merging uses-sdk with lower [:react-native-edge-to-edge] AndroidManifest.xml:5:5-44
Merging library manifest C:\dev\ferify-project\ferify-mobile-app\node_modules\@react-native-async-storage\async-storage\android\build\intermediates\merged_manifest\debug\processDebugManifest\AndroidManifest.xml
Merging manifest with lower [:react-native-async-storage_async-storage] AndroidManifest.xml:2:1-7:12
uses-sdk defined in both files...
Merging uses-sdk with lower [:react-native-async-storage_async-storage] AndroidManifest.xml:5:5-44
Merging library manifest C:\dev\ferify-project\ferify-mobile-app\node_modules\@react-native-voice\voice\android\build\intermediates\merged_manifest\debug\processDebugManifest\AndroidManifest.xml
Merging manifest with lower [:react-native-voice_voice] AndroidManifest.xml:2:1-13:12
uses-sdk defined in both files...
Merging uses-sdk with lower [:react-native-voice_voice] AndroidManifest.xml:6:5-8:54
uses-permission#android.permission.RECORD_AUDIO defined in both files...
Merging uses-permission#android.permission.RECORD_AUDIO with lower [:react-native-voice_voice] AndroidManifest.xml:10:5-71
uses-permission#android.permission.INTERNET defined in both files...
Merging uses-permission#android.permission.INTERNET with lower [:react-native-voice_voice] AndroidManifest.xml:11:5-67
Merging library manifest C:\dev\ferify-project\ferify-mobile-app\node_modules\expo\android\build\intermediates\merged_manifest\debug\processDebugManifest\AndroidManifest.xml
Merging manifest with lower [:expo] AndroidManifest.xml:2:1-7:12
uses-sdk defined in both files...
Merging uses-sdk with lower [:expo] AndroidManifest.xml:5:5-44
Merging library manifest C:\dev\ferify-project\ferify-mobile-app\node_modules\react-native-reanimated\android\build\intermediates\merged_manifest\debug\processDebugManifest\AndroidManifest.xml
Merging manifest with lower [:react-native-reanimated] AndroidManifest.xml:2:1-7:12
uses-sdk defined in both files...
Merging uses-sdk with lower [:react-native-reanimated] AndroidManifest.xml:5:5-44
Merging library manifest C:\dev\ferify-project\ferify-mobile-app\node_modules\react-native-vector-icons\android\build\intermediates\merged_manifest\debug\processDebugManifest\AndroidManifest.xml
Merging manifest with lower [:react-native-vector-icons] AndroidManifest.xml:2:1-7:12
uses-sdk defined in both files...
Merging uses-sdk with lower [:react-native-vector-icons] AndroidManifest.xml:5:5-44
Merging library manifest C:\dev\ferify-project\ferify-mobile-app\node_modules\expo-dev-launcher\android\build\intermediates\merged_manifest\debug\processDebugManifest\AndroidManifest.xml
Merging manifest with lower [:expo-dev-launcher] AndroidManifest.xml:2:1-32:12
uses-sdk defined in both files...
Merging uses-sdk with lower [:expo-dev-launcher] AndroidManifest.xml:5:5-44
queries defined in both files...
Merging queries with lower [:expo-dev-launcher] AndroidManifest.xml:7:5-9:15
Adopted [package: null]
application defined in both files...
Merging application with lower [:expo-dev-launcher] AndroidManifest.xml:11:5-30:19
Adopted [activity: null]
Adopted [activity: null]
Merging library manifest C:\dev\ferify-project\ferify-mobile-app\node_modules\expo-dev-menu\android\build\intermediates\merged_manifest\debug\processDebugManifest\AndroidManifest.xml
Merging manifest with lower [:expo-dev-menu] AndroidManifest.xml:2:1-24:12
uses-sdk defined in both files...
Merging uses-sdk with lower [:expo-dev-menu] AndroidManifest.xml:5:5-44
application defined in both files...
Merging application with lower [:expo-dev-menu] AndroidManifest.xml:7:5-22:19
Adopted [activity: null]
Merging library manifest C:\dev\ferify-project\ferify-mobile-app\node_modules\expo-dev-menu-interface\android\build\intermediates\merged_manifest\debug\processDebugManifest\AndroidManifest.xml
Merging manifest with lower [:expo-dev-menu-interface] AndroidManifest.xml:2:1-7:12
uses-sdk defined in both files...
Merging uses-sdk with lower [:expo-dev-menu-interface] AndroidManifest.xml:5:5-44
Merging library manifest C:\dev\ferify-project\ferify-mobile-app\node_modules\expo-speech-recognition\android\build\intermediates\merged_manifest\debug\processDebugManifest\AndroidManifest.xml
Merging manifest with lower [:expo-speech-recognition] AndroidManifest.xml:2:1-7:12
uses-sdk defined in both files...
Merging uses-sdk with lower [:expo-speech-recognition] AndroidManifest.xml:5:5-44
Merging library manifest C:\dev\ferify-project\ferify-mobile-app\node_modules\expo-modules-core\android\build\intermediates\merged_manifest\debug\processDebugManifest\AndroidManifest.xml
Merging manifest with lower [:expo-modules-core] AndroidManifest.xml:2:1-18:12
uses-sdk defined in both files...
Merging uses-sdk with lower [:expo-modules-core] AndroidManifest.xml:6:5-44
application defined in both files...
Merging application with lower [:expo-modules-core] AndroidManifest.xml:8:5-16:19
Adopted [meta-data: null]
Adopted [meta-data: null]
Merging library manifest C:\Users\hp\.gradle\caches\8.13\transforms\4fee0ec28ded3846de5844e9164ba547\transformed\expo.modules.font-13.3.2\AndroidManifest.xml
Merging manifest with lower [host.exp.exponent:expo.modules.font:13.3.2] AndroidManifest.xml:2:1-7:12
uses-sdk defined in both files...
Merging uses-sdk with lower [host.exp.exponent:expo.modules.font:13.3.2] AndroidManifest.xml:5:5-44
Merging library manifest C:\Users\hp\.gradle\caches\8.13\transforms\a6cb8db52191cf3613118879263ea3e8\transformed\expo.modules.image-2.4.1\AndroidManifest.xml
Merging manifest with lower [BareExpo:expo.modules.image:2.4.1] AndroidManifest.xml:2:1-19:12
uses-sdk defined in both files...
Merging uses-sdk with lower [BareExpo:expo.modules.image:2.4.1] AndroidManifest.xml:4:5-44
uses-permission#android.permission.INTERNET defined in both files...
Merging uses-permission#android.permission.INTERNET with lower [BareExpo:expo.modules.image:2.4.1] AndroidManifest.xml:7:5-67
Adopted [uses-permission: null]
uses-permission#android.permission.READ_EXTERNAL_STORAGE defined in both files...
Merging uses-permission#android.permission.READ_EXTERNAL_STORAGE with lower [BareExpo:expo.modules.image:2.4.1] AndroidManifest.xml:15:5-17:38
Merging library manifest C:\Users\hp\.gradle\caches\8.13\transforms\7a2c7cae502529c52084e73dd2e094c1\transformed\expo.modules.splashscreen-0.30.10\AndroidManifest.xml
Merging manifest with lower [host.exp.exponent:expo.modules.splashscreen:0.30.10] AndroidManifest.xml:2:1-7:12
uses-sdk defined in both files...
Merging uses-sdk with lower [host.exp.exponent:expo.modules.splashscreen:0.30.10] AndroidManifest.xml:5:5-44
Merging library manifest C:\Users\hp\.gradle\caches\8.13\transforms\4487fcb09468837d624ec251eee485a5\transformed\expo.modules.systemui-5.0.11\AndroidManifest.xml
Merging manifest with lower [host.exp.exponent:expo.modules.systemui:5.0.11] AndroidManifest.xml:2:1-7:12
uses-sdk defined in both files...
Merging uses-sdk with lower [host.exp.exponent:expo.modules.systemui:5.0.11] AndroidManifest.xml:5:5-44
Merging library manifest C:\Users\hp\.gradle\caches\8.13\transforms\7dd298ccc7748dddcfd5a2a68337b699\transformed\react-android-0.79.6-debug\AndroidManifest.xml
Merging manifest with lower [com.facebook.react:react-android:0.79.6] AndroidManifest.xml:2:1-24:12
uses-sdk defined in both files...
Merging uses-sdk with lower [com.facebook.react:react-android:0.79.6] AndroidManifest.xml:10:5-44
uses-permission#android.permission.SYSTEM_ALERT_WINDOW defined in both files...
Merging uses-permission#android.permission.SYSTEM_ALERT_WINDOW with lower [com.facebook.react:react-android:0.79.6] AndroidManifest.xml:16:5-78
application defined in both files...
Merging application with lower [com.facebook.react:react-android:0.79.6] AndroidManifest.xml:18:5-22:19
Adopted [activity: null]
Merging library manifest C:\Users\hp\.gradle\caches\8.13\transforms\b2e5321f3a359cb09213df0d9dd3ccc4\transformed\play-services-auth-21.4.0\AndroidManifest.xml
Merging manifest with lower [com.google.android.gms:play-services-auth:21.4.0] AndroidManifest.xml:17:1-40:12
uses-sdk defined in both files...
Merging uses-sdk with lower [com.google.android.gms:play-services-auth:21.4.0] AndroidManifest.xml:20:5-44
application defined in both files...
Merging application with lower [com.google.android.gms:play-services-auth:21.4.0] AndroidManifest.xml:22:5-38:19
Adopted [activity: null]
Adopted [service: null]
Merging library manifest C:\Users\hp\.gradle\caches\8.13\transforms\be805c6cdb2e55d8cad4e51721af17b0\transformed\material-1.12.0\AndroidManifest.xml
Merging manifest with lower [com.google.android.material:material:1.12.0] AndroidManifest.xml:17:1-24:12
uses-sdk defined in both files...
Merging uses-sdk with lower [com.google.android.material:material:1.12.0] AndroidManifest.xml:20:5-44
application defined in both files...
Merging application with lower [com.google.android.material:material:1.12.0] AndroidManifest.xml:22:5-20
Merging library manifest C:\Users\hp\.gradle\caches\8.13\transforms\44dedef735c6ff150e386db9293becae\transformed\expo.modules.imagepicker-16.1.4\AndroidManifest.xml
Merging manifest with lower [host.exp.exponent:expo.modules.imagepicker:16.1.4] AndroidManifest.xml:2:1-57:12
uses-sdk defined in both files...
Merging uses-sdk with lower [host.exp.exponent:expo.modules.imagepicker:16.1.4] AndroidManifest.xml:6:5-44
Adopted [uses-permission: null]
uses-permission#android.permission.WRITE_EXTERNAL_STORAGE defined in both files...
Merging uses-permission#android.permission.WRITE_EXTERNAL_STORAGE with lower [host.exp.exponent:expo.modules.imagepicker:16.1.4] AndroidManifest.xml:11:5-81
uses-permission#android.permission.READ_EXTERNAL_STORAGE defined in both files...
Merging uses-permission#android.permission.READ_EXTERNAL_STORAGE with lower [host.exp.exponent:expo.modules.imagepicker:16.1.4] AndroidManifest.xml:12:5-80
queries defined in both files...
Merging queries with lower [host.exp.exponent:expo.modules.imagepicker:16.1.4] AndroidManifest.xml:14:5-25:15
Adopted [intent: null]
Adopted [intent: null]
application defined in both files...
Merging application with lower [host.exp.exponent:expo.modules.imagepicker:16.1.4] AndroidManifest.xml:27:5-55:19
Adopted [service: null]
Adopted [activity: null]
Adopted [provider: null]
Merging library manifest C:\Users\hp\.gradle\caches\8.13\transforms\bbe686a51f4234def6530f433f6d4b7e\transformed\core-splashscreen-1.2.0-alpha02\AndroidManifest.xml
Merging manifest with lower [androidx.core:core-splashscreen:1.2.0-alpha02] AndroidManifest.xml:17:1-22:12
uses-sdk defined in both files...
Merging uses-sdk with lower [androidx.core:core-splashscreen:1.2.0-alpha02] AndroidManifest.xml:20:5-44
Merging library manifest C:\Users\hp\.gradle\caches\8.13\transforms\26f6892b8063a58fd256636b0cfad50c\transformed\appcompat-resources-1.7.0\AndroidManifest.xml
Merging manifest with lower [androidx.appcompat:appcompat-resources:1.7.0] AndroidManifest.xml:2:1-7:12
uses-sdk defined in both files...
Merging uses-sdk with lower [androidx.appcompat:appcompat-resources:1.7.0] AndroidManifest.xml:5:5-44
Merging library manifest C:\Users\hp\.gradle\caches\8.13\transforms\8c90969d8fc8125a2c01d3802ddcdcef\transformed\glide-plugin-3.0.5\AndroidManifest.xml
Merging manifest with lower [com.github.penfeizhou.android.animation:glide-plugin:3.0.5] AndroidManifest.xml:2:1-7:12
uses-sdk defined in both files...
Merging uses-sdk with lower [com.github.penfeizhou.android.animation:glide-plugin:3.0.5] AndroidManifest.xml:5:5-44
Merging library manifest C:\Users\hp\.gradle\caches\8.13\transforms\7a8a81efcb41aae7f46f9c77bd798ed0\transformed\android-image-cropper-4.6.0\AndroidManifest.xml
Merging manifest with lower [com.vanniktech:android-image-cropper:4.6.0] AndroidManifest.xml:2:1-36:12
uses-sdk defined in both files...
Merging uses-sdk with lower [com.vanniktech:android-image-cropper:4.6.0] AndroidManifest.xml:5:5-44
queries defined in both files...
Merging queries with lower [com.vanniktech:android-image-cropper:4.6.0] AndroidManifest.xml:7:5-18:15
Adopted [intent: null]
intent#action:name:android.media.action.IMAGE_CAPTURE defined in both files...
application defined in both files...
Merging application with lower [com.vanniktech:android-image-cropper:4.6.0] AndroidManifest.xml:20:5-34:19
Adopted [provider: null]
activity#com.canhub.cropper.CropImageActivity defined in both files...
Merging activity#com.canhub.cropper.CropImageActivity with lower [com.vanniktech:android-image-cropper:4.6.0] AndroidManifest.xml:31:9-33:39
Merging library manifest C:\Users\hp\.gradle\caches\8.13\transforms\e858cda495d601f85a591d2b2a4e4c7f\transformed\constraintlayout-2.0.1\AndroidManifest.xml
Merging manifest with lower [androidx.constraintlayout:constraintlayout:2.0.1] AndroidManifest.xml:2:1-11:12
uses-sdk defined in both files...
Merging uses-sdk with lower [androidx.constraintlayout:constraintlayout:2.0.1] AndroidManifest.xml:5:5-7:41
application defined in both files...
Merging application with lower [androidx.constraintlayout:constraintlayout:2.0.1] AndroidManifest.xml:9:5-20
Merging library manifest C:\Users\hp\.gradle\caches\8.13\transforms\45d78c65be7ba3f9f1317adc1ef3637c\transformed\awebp-3.0.5\AndroidManifest.xml
Merging manifest with lower [com.github.penfeizhou.android.animation:awebp:3.0.5] AndroidManifest.xml:2:1-7:12
uses-sdk defined in both files...
Merging uses-sdk with lower [com.github.penfeizhou.android.animation:awebp:3.0.5] AndroidManifest.xml:5:5-44
Merging library manifest C:\Users\hp\.gradle\caches\8.13\transforms\04143def5d3e7c75af87a0534d30295e\transformed\apng-3.0.5\AndroidManifest.xml
Merging manifest with lower [com.github.penfeizhou.android.animation:apng:3.0.5] AndroidManifest.xml:2:1-7:12
uses-sdk defined in both files...
Merging uses-sdk with lower [com.github.penfeizhou.android.animation:apng:3.0.5] AndroidManifest.xml:5:5-44
Merging library manifest C:\Users\hp\.gradle\caches\8.13\transforms\a2a00d0d6a454bd6d22cb6add2323155\transformed\gif-3.0.5\AndroidManifest.xml
Merging manifest with lower [com.github.penfeizhou.android.animation:gif:3.0.5] AndroidManifest.xml:2:1-7:12
uses-sdk defined in both files...
Merging uses-sdk with lower [com.github.penfeizhou.android.animation:gif:3.0.5] AndroidManifest.xml:5:5-44
Merging library manifest C:\Users\hp\.gradle\caches\8.13\transforms\67d8de22045adf2f70b988dcbcc9e3fc\transformed\avif-3.0.5\AndroidManifest.xml
Merging manifest with lower [com.github.penfeizhou.android.animation:avif:3.0.5] AndroidManifest.xml:2:1-7:12
uses-sdk defined in both files...
Merging uses-sdk with lower [com.github.penfeizhou.android.animation:avif:3.0.5] AndroidManifest.xml:5:5-44
Merging library manifest C:\Users\hp\.gradle\caches\8.13\transforms\f7c57b62a8463c671a2da12a32c61dbd\transformed\frameanimation-3.0.5\AndroidManifest.xml
Merging manifest with lower [com.github.penfeizhou.android.animation:frameanimation:3.0.5] AndroidManifest.xml:2:1-7:12
uses-sdk defined in both files...
Merging uses-sdk with lower [com.github.penfeizhou.android.animation:frameanimation:3.0.5] AndroidManifest.xml:5:5-44
Merging library manifest C:\Users\hp\.gradle\caches\8.13\transforms\5e158d51adf3650b94fbff634c2369be\transformed\appcompat-1.7.0\AndroidManifest.xml
Merging manifest with lower [androidx.appcompat:appcompat:1.7.0] AndroidManifest.xml:2:1-7:12
uses-sdk defined in both files...
Merging uses-sdk with lower [androidx.appcompat:appcompat:1.7.0] AndroidManifest.xml:5:5-44
Merging library manifest C:\Users\hp\.gradle\caches\8.13\transforms\48bcf1b16b82349b3cb67076c7e5e6ed\transformed\play-services-auth-api-phone-18.0.2\AndroidManifest.xml
Merging manifest with lower [com.google.android.gms:play-services-auth-api-phone:18.0.2] AndroidManifest.xml:2:1-7:12
uses-sdk defined in both files...
Merging uses-sdk with lower [com.google.android.gms:play-services-auth-api-phone:18.0.2] AndroidManifest.xml:5:5-44
Merging library manifest C:\Users\hp\.gradle\caches\8.13\transforms\83c53f666b85265b8edb56674071725d\transformed\play-services-auth-base-18.0.10\AndroidManifest.xml
Merging manifest with lower [com.google.android.gms:play-services-auth-base:18.0.10] AndroidManifest.xml:2:1-7:12
uses-sdk defined in both files...
Merging uses-sdk with lower [com.google.android.gms:play-services-auth-base:18.0.10] AndroidManifest.xml:5:5-44
Merging library manifest C:\Users\hp\.gradle\caches\8.13\transforms\a043d62b8ebd8cc6e69ed9f8fa01927a\transformed\play-services-fido-20.0.1\AndroidManifest.xml
Merging manifest with lower [com.google.android.gms:play-services-fido:20.0.1] AndroidManifest.xml:2:1-10:12
uses-sdk defined in both files...
Merging uses-sdk with lower [com.google.android.gms:play-services-fido:20.0.1] AndroidManifest.xml:5:5-44
application defined in both files...
Merging application with lower [com.google.android.gms:play-services-fido:20.0.1] AndroidManifest.xml:7:5-8:19
Merging library manifest C:\Users\hp\.gradle\caches\8.13\transforms\93a4fa2a2a7d0b80394ce6d46802aaf9\transformed\expo.modules.location-18.1.6\AndroidManifest.xml
Merging manifest with lower [host.exp.exponent:expo.modules.location:18.1.6] AndroidManifest.xml:2:1-17:12
uses-sdk defined in both files...
Merging uses-sdk with lower [host.exp.exponent:expo.modules.location:18.1.6] AndroidManifest.xml:5:5-44
uses-permission#android.permission.ACCESS_COARSE_LOCATION defined in both files...
Merging uses-permission#android.permission.ACCESS_COARSE_LOCATION with lower [host.exp.exponent:expo.modules.location:18.1.6] AndroidManifest.xml:7:5-81
uses-permission#android.permission.ACCESS_FINE_LOCATION defined in both files...
Merging uses-permission#android.permission.ACCESS_FINE_LOCATION with lower [host.exp.exponent:expo.modules.location:18.1.6] AndroidManifest.xml:8:5-79
application defined in both files...
Merging application with lower [host.exp.exponent:expo.modules.location:18.1.6] AndroidManifest.xml:10:5-15:19
Adopted [service: null]
Merging library manifest C:\Users\hp\.gradle\caches\8.13\transforms\255fda635752706b20931b43893150cc\transformed\play-services-location-21.0.1\AndroidManifest.xml
Merging manifest with lower [com.google.android.gms:play-services-location:21.0.1] AndroidManifest.xml:2:1-9:12
uses-sdk defined in both files...
Merging uses-sdk with lower [com.google.android.gms:play-services-location:21.0.1] AndroidManifest.xml:5:5-44
application defined in both files...
Merging application with lower [com.google.android.gms:play-services-location:21.0.1] AndroidManifest.xml:7:5-20
Merging library manifest C:\Users\hp\.gradle\caches\8.13\transforms\84636c784e34b7621b26314b15be794f\transformed\play-services-base-18.5.0\AndroidManifest.xml
Merging manifest with lower [com.google.android.gms:play-services-base:18.5.0] AndroidManifest.xml:2:1-7:12
uses-sdk defined in both files...
Merging uses-sdk with lower [com.google.android.gms:play-services-base:18.5.0] AndroidManifest.xml:3:5-44
application defined in both files...
Merging application with lower [com.google.android.gms:play-services-base:18.5.0] AndroidManifest.xml:4:5-6:19
Adopted [activity: null]
Merging library manifest C:\Users\hp\.gradle\caches\8.13\transforms\111144dc4bd1d308eed5f77a4c8ec3fb\transformed\play-services-tasks-18.2.0\AndroidManifest.xml
Merging manifest with lower [com.google.android.gms:play-services-tasks:18.2.0] AndroidManifest.xml:2:1-5:12
uses-sdk defined in both files...
Merging uses-sdk with lower [com.google.android.gms:play-services-tasks:18.2.0] AndroidManifest.xml:3:5-44
application defined in both files...
Merging application with lower [com.google.android.gms:play-services-tasks:18.2.0] AndroidManifest.xml:4:5-20
Merging library manifest C:\Users\hp\.gradle\caches\8.13\transforms\b7b5be94e522239f8dec619fdef9dc09\transformed\play-services-basement-18.5.0\AndroidManifest.xml
Merging manifest with lower [com.google.android.gms:play-services-basement:18.5.0] AndroidManifest.xml:16:1-26:12
uses-sdk defined in both files...
Merging uses-sdk with lower [com.google.android.gms:play-services-basement:18.5.0] AndroidManifest.xml:18:5-43
application defined in both files...
Merging application with lower [com.google.android.gms:play-services-basement:18.5.0] AndroidManifest.xml:20:5-24:19
Adopted [meta-data: null]
Merging library manifest C:\Users\hp\.gradle\caches\8.13\transforms\e1f636a86fba2bef3d74ca08df15c6cb\transformed\lifecycle-extensions-2.2.0\AndroidManifest.xml
Merging manifest with lower [androidx.lifecycle:lifecycle-extensions:2.2.0] AndroidManifest.xml:17:1-27:12
uses-sdk defined in both files...
Merging uses-sdk with lower [androidx.lifecycle:lifecycle-extensions:2.2.0] AndroidManifest.xml:20:5-22:41
application defined in both files...
Merging application with lower [androidx.lifecycle:lifecycle-extensions:2.2.0] AndroidManifest.xml:24:5-25:19
Merging library manifest C:\dev\ferify-project\ferify-mobile-app\node_modules\expo-image-loader\android\build\intermediates\merged_manifest\debug\processDebugManifest\AndroidManifest.xml
Merging manifest with lower [:expo-image-loader] AndroidManifest.xml:2:1-7:12
uses-sdk defined in both files...
Merging uses-sdk with lower [:expo-image-loader] AndroidManifest.xml:5:5-44
Merging library manifest C:\Users\hp\.gradle\caches\8.13\transforms\e067f93ae14edde50fc6c8871eb5f2d8\transformed\avif-integration-4.16.0\AndroidManifest.xml
Merging manifest with lower [com.github.bumptech.glide:avif-integration:4.16.0] AndroidManifest.xml:2:1-9:12
uses-sdk defined in both files...
Merging uses-sdk with lower [com.github.bumptech.glide:avif-integration:4.16.0] AndroidManifest.xml:5:5-7:41
Merging library manifest C:\Users\hp\.gradle\caches\8.13\transforms\0e99254d9f757a9428ea76631d789a8a\transformed\glide-transformations-4.3.0\AndroidManifest.xml
Merging manifest with lower [jp.wasabeef:glide-transformations:4.3.0] AndroidManifest.xml:2:1-9:12
uses-sdk defined in both files...
Merging uses-sdk with lower [jp.wasabeef:glide-transformations:4.3.0] AndroidManifest.xml:5:5-7:41
Merging library manifest C:\Users\hp\.gradle\caches\8.13\transforms\154a99f393fb48fd5bf19c6e0f6a97b1\transformed\okhttp3-integration-4.11.0\AndroidManifest.xml
Merging manifest with lower [com.github.bumptech.glide:okhttp3-integration:4.11.0] AndroidManifest.xml:2:1-16:12
uses-sdk defined in both files...
Merging uses-sdk with lower [com.github.bumptech.glide:okhttp3-integration:4.11.0] AndroidManifest.xml:6:5-8:41
application defined in both files...
Merging application with lower [com.github.bumptech.glide:okhttp3-integration:4.11.0] AndroidManifest.xml:10:5-14:19
Adopted [meta-data: null]
Merging library manifest C:\Users\hp\.gradle\caches\8.13\transforms\f99b5414e6b0051e279ecadde936e029\transformed\glide-4.16.0\AndroidManifest.xml
Merging manifest with lower [com.github.bumptech.glide:glide:4.16.0] AndroidManifest.xml:2:1-9:12
uses-sdk defined in both files...
Merging uses-sdk with lower [com.github.bumptech.glide:glide:4.16.0] AndroidManifest.xml:5:5-7:41
Merging library manifest C:\Users\hp\.gradle\caches\8.13\transforms\fef9fdc2d941fa61931efd3c291e42b6\transformed\expo.modules.filesystem-18.1.11\AndroidManifest.xml
Merging manifest with lower [host.exp.exponent:expo.modules.filesystem:18.1.11] AndroidManifest.xml:2:1-33:12
uses-sdk defined in both files...
Merging uses-sdk with lower [host.exp.exponent:expo.modules.filesystem:18.1.11] AndroidManifest.xml:6:5-44
uses-permission#android.permission.INTERNET defined in both files...
Merging uses-permission#android.permission.INTERNET with lower [host.exp.exponent:expo.modules.filesystem:18.1.11] AndroidManifest.xml:8:5-67
uses-permission#android.permission.WRITE_EXTERNAL_STORAGE defined in both files...
Merging uses-permission#android.permission.WRITE_EXTERNAL_STORAGE with lower [host.exp.exponent:expo.modules.filesystem:18.1.11] AndroidManifest.xml:9:5-81
uses-permission#android.permission.READ_EXTERNAL_STORAGE defined in both files...
Merging uses-permission#android.permission.READ_EXTERNAL_STORAGE with lower [host.exp.exponent:expo.modules.filesystem:18.1.11] AndroidManifest.xml:10:5-80
queries defined in both files...
Merging queries with lower [host.exp.exponent:expo.modules.filesystem:18.1.11] AndroidManifest.xml:12:5-18:15
Adopted [intent: null]
application defined in both files...
Merging application with lower [host.exp.exponent:expo.modules.filesystem:18.1.11] AndroidManifest.xml:20:5-31:19
Adopted [provider: null]
Merging library manifest C:\Users\hp\.gradle\caches\8.13\transforms\d20daf90899378ea5a280898d5aa93cb\transformed\legacy-support-v4-1.0.0\AndroidManifest.xml
Merging manifest with lower [androidx.legacy:legacy-support-v4:1.0.0] AndroidManifest.xml:17:1-22:12
uses-sdk defined in both files...
Merging uses-sdk with lower [androidx.legacy:legacy-support-v4:1.0.0] AndroidManifest.xml:20:5-44
Merging library manifest C:\Users\hp\.gradle\caches\8.13\transforms\5c0fbb7d50a0a56b4437eb535a0786c1\transformed\viewpager2-1.0.0\AndroidManifest.xml
Merging manifest with lower [androidx.viewpager2:viewpager2:1.0.0] AndroidManifest.xml:17:1-24:12
uses-sdk defined in both files...
Merging uses-sdk with lower [androidx.viewpager2:viewpager2:1.0.0] AndroidManifest.xml:20:5-22:41
Merging library manifest C:\Users\hp\.gradle\caches\8.13\transforms\b5770086ff997f759cd28f2123776681\transformed\fragment-1.6.1\AndroidManifest.xml
Merging manifest with lower [androidx.fragment:fragment:1.6.1] AndroidManifest.xml:17:1-22:12
uses-sdk defined in both files...
Merging uses-sdk with lower [androidx.fragment:fragment:1.6.1] AndroidManifest.xml:20:5-44
Merging library manifest C:\Users\hp\.gradle\caches\8.13\transforms\b2ddb9b8aadd0c7f7492132d8d0246a2\transformed\fragment-ktx-1.6.1\AndroidManifest.xml
Merging manifest with lower [androidx.fragment:fragment-ktx:1.6.1] AndroidManifest.xml:17:1-22:12
uses-sdk defined in both files...
Merging uses-sdk with lower [androidx.fragment:fragment-ktx:1.6.1] AndroidManifest.xml:20:5-44
Merging library manifest C:\Users\hp\.gradle\caches\8.13\transforms\7d4502617db91038f0cebf1e6993eae2\transformed\fresco-3.6.0\AndroidManifest.xml
Merging manifest with lower [com.facebook.fresco:fresco:3.6.0] AndroidManifest.xml:2:1-7:12
uses-sdk defined in both files...
Merging uses-sdk with lower [com.facebook.fresco:fresco:3.6.0] AndroidManifest.xml:5:5-44
Merging library manifest C:\Users\hp\.gradle\caches\8.13\transforms\0fdea9200a8aa1ff23978d0097c23839\transformed\imagepipeline-okhttp3-3.6.0\AndroidManifest.xml
Merging manifest with lower [com.facebook.fresco:imagepipeline-okhttp3:3.6.0] AndroidManifest.xml:2:1-7:12
uses-sdk defined in both files...
Merging uses-sdk with lower [com.facebook.fresco:imagepipeline-okhttp3:3.6.0] AndroidManifest.xml:5:5-44
Merging library manifest C:\Users\hp\.gradle\caches\8.13\transforms\9a307ddaf25a1054b379c2ba4c23808f\transformed\webpsupport-3.6.0\AndroidManifest.xml
Merging manifest with lower [com.facebook.fresco:webpsupport:3.6.0] AndroidManifest.xml:2:1-7:12
uses-sdk defined in both files...
Merging uses-sdk with lower [com.facebook.fresco:webpsupport:3.6.0] AndroidManifest.xml:5:5-44
Merging library manifest C:\Users\hp\.gradle\caches\8.13\transforms\60b1b77cc53176bf075b69970924d7e7\transformed\animated-gif-3.6.0\AndroidManifest.xml
Merging manifest with lower [com.facebook.fresco:animated-gif:3.6.0] AndroidManifest.xml:2:1-7:12
uses-sdk defined in both files...
Merging uses-sdk with lower [com.facebook.fresco:animated-gif:3.6.0] AndroidManifest.xml:5:5-44
Merging library manifest C:\Users\hp\.gradle\caches\8.13\transforms\693c277db55aca8ce4ec6f7323f0ad9f\transformed\animated-base-3.6.0\AndroidManifest.xml
Merging manifest with lower [com.facebook.fresco:animated-base:3.6.0] AndroidManifest.xml:2:1-7:12
uses-sdk defined in both files...
Merging uses-sdk with lower [com.facebook.fresco:animated-base:3.6.0] AndroidManifest.xml:5:5-44
Merging library manifest C:\Users\hp\.gradle\caches\8.13\transforms\abc72a50ec0abe4f7fb0e286aacf49ed\transformed\animated-drawable-3.6.0\AndroidManifest.xml
Merging manifest with lower [com.facebook.fresco:animated-drawable:3.6.0] AndroidManifest.xml:2:1-7:12
uses-sdk defined in both files...
Merging uses-sdk with lower [com.facebook.fresco:animated-drawable:3.6.0] AndroidManifest.xml:5:5-44
Merging library manifest C:\Users\hp\.gradle\caches\8.13\transforms\1b273de8da011bb410071c6523370cd7\transformed\vito-options-3.6.0\AndroidManifest.xml
Merging manifest with lower [com.facebook.fresco:vito-options:3.6.0] AndroidManifest.xml:2:1-7:12
uses-sdk defined in both files...
Merging uses-sdk with lower [com.facebook.fresco:vito-options:3.6.0] AndroidManifest.xml:5:5-44
Merging library manifest C:\Users\hp\.gradle\caches\8.13\transforms\b2ca74fa571d8812f2e9af890a8f9302\transformed\drawee-3.6.0\AndroidManifest.xml
Merging manifest with lower [com.facebook.fresco:drawee:3.6.0] AndroidManifest.xml:2:1-7:12
uses-sdk defined in both files...
Merging uses-sdk with lower [com.facebook.fresco:drawee:3.6.0] AndroidManifest.xml:5:5-44
Merging library manifest C:\Users\hp\.gradle\caches\8.13\transforms\f453b3ccba34c48cb2596ffdd6156ddb\transformed\nativeimagefilters-3.6.0\AndroidManifest.xml
Merging manifest with lower [com.facebook.fresco:nativeimagefilters:3.6.0] AndroidManifest.xml:2:1-7:12
uses-sdk defined in both files...
Merging uses-sdk with lower [com.facebook.fresco:nativeimagefilters:3.6.0] AndroidManifest.xml:5:5-44
Merging library manifest C:\Users\hp\.gradle\caches\8.13\transforms\9f3ca882b0072637e15acbf93d55b263\transformed\memory-type-native-3.6.0\AndroidManifest.xml
Merging manifest with lower [com.facebook.fresco:memory-type-native:3.6.0] AndroidManifest.xml:2:1-7:12
uses-sdk defined in both files...
Merging uses-sdk with lower [com.facebook.fresco:memory-type-native:3.6.0] AndroidManifest.xml:5:5-44
Merging library manifest C:\Users\hp\.gradle\caches\8.13\transforms\04e48458c5c766fd98bda89572ea4821\transformed\memory-type-java-3.6.0\AndroidManifest.xml
Merging manifest with lower [com.facebook.fresco:memory-type-java:3.6.0] AndroidManifest.xml:2:1-7:12
uses-sdk defined in both files...
Merging uses-sdk with lower [com.facebook.fresco:memory-type-java:3.6.0] AndroidManifest.xml:5:5-44
Merging library manifest C:\Users\hp\.gradle\caches\8.13\transforms\bbc66213c0072a19da77e87b50889315\transformed\imagepipeline-native-3.6.0\AndroidManifest.xml
Merging manifest with lower [com.facebook.fresco:imagepipeline-native:3.6.0] AndroidManifest.xml:2:1-7:12
uses-sdk defined in both files...
Merging uses-sdk with lower [com.facebook.fresco:imagepipeline-native:3.6.0] AndroidManifest.xml:5:5-44
Merging library manifest C:\Users\hp\.gradle\caches\8.13\transforms\e3d247f9f869391ae3af108f7d7b20c0\transformed\memory-type-ashmem-3.6.0\AndroidManifest.xml
Merging manifest with lower [com.facebook.fresco:memory-type-ashmem:3.6.0] AndroidManifest.xml:2:1-7:12
uses-sdk defined in both files...
Merging uses-sdk with lower [com.facebook.fresco:memory-type-ashmem:3.6.0] AndroidManifest.xml:5:5-44
Merging library manifest C:\Users\hp\.gradle\caches\8.13\transforms\f6753ea67790b0b3ca90f73bdd49cbb0\transformed\imagepipeline-3.6.0\AndroidManifest.xml
Merging manifest with lower [com.facebook.fresco:imagepipeline:3.6.0] AndroidManifest.xml:2:1-7:12
uses-sdk defined in both files...
Merging uses-sdk with lower [com.facebook.fresco:imagepipeline:3.6.0] AndroidManifest.xml:5:5-44
Merging library manifest C:\Users\hp\.gradle\caches\8.13\transforms\f511f1295f18841f9f800031a2810055\transformed\nativeimagetranscoder-3.6.0\AndroidManifest.xml
Merging manifest with lower [com.facebook.fresco:nativeimagetranscoder:3.6.0] AndroidManifest.xml:2:1-7:12
uses-sdk defined in both files...
Merging uses-sdk with lower [com.facebook.fresco:nativeimagetranscoder:3.6.0] AndroidManifest.xml:5:5-44
Merging library manifest C:\Users\hp\.gradle\caches\8.13\transforms\690c43673a75a2059b420782b7642d6e\transformed\imagepipeline-base-3.6.0\AndroidManifest.xml
Merging manifest with lower [com.facebook.fresco:imagepipeline-base:3.6.0] AndroidManifest.xml:2:1-7:12
uses-sdk defined in both files...
Merging uses-sdk with lower [com.facebook.fresco:imagepipeline-base:3.6.0] AndroidManifest.xml:5:5-44
Merging library manifest C:\Users\hp\.gradle\caches\8.13\transforms\4e986dfdaf95665262597e803ce29dc5\transformed\urimod-3.6.0\AndroidManifest.xml
Merging manifest with lower [com.facebook.fresco:urimod:3.6.0] AndroidManifest.xml:2:1-7:12
uses-sdk defined in both files...
Merging uses-sdk with lower [com.facebook.fresco:urimod:3.6.0] AndroidManifest.xml:5:5-44
Merging library manifest C:\Users\hp\.gradle\caches\8.13\transforms\1b1167c99a3a6bb8d58febc56083f28e\transformed\vito-source-3.6.0\AndroidManifest.xml
Merging manifest with lower [com.facebook.fresco:vito-source:3.6.0] AndroidManifest.xml:2:1-7:12
uses-sdk defined in both files...
Merging uses-sdk with lower [com.facebook.fresco:vito-source:3.6.0] AndroidManifest.xml:5:5-44
Merging library manifest C:\Users\hp\.gradle\caches\8.13\transforms\947906584408133fa258ff81ff4d90ac\transformed\middleware-3.6.0\AndroidManifest.xml
Merging manifest with lower [com.facebook.fresco:middleware:3.6.0] AndroidManifest.xml:2:1-7:12
uses-sdk defined in both files...
Merging uses-sdk with lower [com.facebook.fresco:middleware:3.6.0] AndroidManifest.xml:5:5-44
Merging library manifest C:\Users\hp\.gradle\caches\8.13\transforms\99c60b1e2149d1fbe34a3338abb0b227\transformed\ui-common-3.6.0\AndroidManifest.xml
Merging manifest with lower [com.facebook.fresco:ui-common:3.6.0] AndroidManifest.xml:2:1-7:12
uses-sdk defined in both files...
Merging uses-sdk with lower [com.facebook.fresco:ui-common:3.6.0] AndroidManifest.xml:5:5-44
Merging library manifest C:\Users\hp\.gradle\caches\8.13\transforms\71a3324b13ff71c2857fa6086a7e04af\transformed\soloader-3.6.0\AndroidManifest.xml
Merging manifest with lower [com.facebook.fresco:soloader:3.6.0] AndroidManifest.xml:2:1-7:12
uses-sdk defined in both files...
Merging uses-sdk with lower [com.facebook.fresco:soloader:3.6.0] AndroidManifest.xml:5:5-44
Merging library manifest C:\Users\hp\.gradle\caches\8.13\transforms\34f4ee91430261663fca573edfe8223f\transformed\fbcore-3.6.0\AndroidManifest.xml
Merging manifest with lower [com.facebook.fresco:fbcore:3.6.0] AndroidManifest.xml:2:1-7:12
uses-sdk defined in both files...
Merging uses-sdk with lower [com.facebook.fresco:fbcore:3.6.0] AndroidManifest.xml:5:5-44
Merging library manifest C:\dev\ferify-project\ferify-mobile-app\node_modules\expo-constants\android\build\intermediates\merged_manifest\debug\processDebugManifest\AndroidManifest.xml
Merging manifest with lower [:expo-constants] AndroidManifest.xml:2:1-7:12
uses-sdk defined in both files...
Merging uses-sdk with lower [:expo-constants] AndroidManifest.xml:5:5-44
Merging library manifest C:\dev\ferify-project\ferify-mobile-app\node_modules\expo-dev-client\android\build\intermediates\merged_manifest\debug\processDebugManifest\AndroidManifest.xml
Merging manifest with lower [:expo-dev-client] AndroidManifest.xml:2:1-7:12
uses-sdk defined in both files...
Merging uses-sdk with lower [:expo-dev-client] AndroidManifest.xml:5:5-44
Merging library manifest C:\dev\ferify-project\ferify-mobile-app\node_modules\expo-manifests\android\build\intermediates\merged_manifest\debug\processDebugManifest\AndroidManifest.xml
Merging manifest with lower [:expo-manifests] AndroidManifest.xml:2:1-7:12
uses-sdk defined in both files...
Merging uses-sdk with lower [:expo-manifests] AndroidManifest.xml:5:5-44
Merging library manifest C:\dev\ferify-project\ferify-mobile-app\node_modules\expo-json-utils\android\build\intermediates\merged_manifest\debug\processDebugManifest\AndroidManifest.xml
Merging manifest with lower [:expo-json-utils] AndroidManifest.xml:2:1-7:12
uses-sdk defined in both files...
Merging uses-sdk with lower [:expo-json-utils] AndroidManifest.xml:5:5-44
Merging library manifest C:\dev\ferify-project\ferify-mobile-app\node_modules\expo-updates-interface\android\build\intermediates\merged_manifest\debug\processDebugManifest\AndroidManifest.xml
Merging manifest with lower [:expo-updates-interface] AndroidManifest.xml:2:1-7:12
uses-sdk defined in both files...
Merging uses-sdk with lower [:expo-updates-interface] AndroidManifest.xml:5:5-44
Merging library manifest C:\Users\hp\.gradle\caches\8.13\transforms\7fe0bcfa5de897451213655b018bba8b\transformed\expo.modules.application-6.1.5\AndroidManifest.xml
Merging manifest with lower [host.exp.exponent:expo.modules.application:6.1.5] AndroidManifest.xml:2:1-7:12
uses-sdk defined in both files...
Merging uses-sdk with lower [host.exp.exponent:expo.modules.application:6.1.5] AndroidManifest.xml:5:5-44
Merging library manifest C:\Users\hp\.gradle\caches\8.13\transforms\3ad6fc53b2bff3ae890bfbb7f8abca0f\transformed\expo.modules.asset-11.1.7\AndroidManifest.xml
Merging manifest with lower [expo.modules.asset:expo.modules.asset:11.1.7] AndroidManifest.xml:2:1-7:12
uses-sdk defined in both files...
Merging uses-sdk with lower [expo.modules.asset:expo.modules.asset:11.1.7] AndroidManifest.xml:5:5-44
Merging library manifest C:\Users\hp\.gradle\caches\8.13\transforms\fd9d9a37ebd036d41335a57a923e3f3e\transformed\expo.modules.blur-14.1.5\AndroidManifest.xml
Merging manifest with lower [host.exp.exponent:expo.modules.blur:14.1.5] AndroidManifest.xml:2:1-7:12
uses-sdk defined in both files...
Merging uses-sdk with lower [host.exp.exponent:expo.modules.blur:14.1.5] AndroidManifest.xml:5:5-44
Merging library manifest C:\Users\hp\.gradle\caches\8.13\transforms\2d68ebc3b2d891c94cfd33aa5186afa8\transformed\expo.modules.crypto-14.1.5\AndroidManifest.xml
Merging manifest with lower [host.exp.exponent:expo.modules.crypto:14.1.5] AndroidManifest.xml:2:1-7:12
uses-sdk defined in both files...
Merging uses-sdk with lower [host.exp.exponent:expo.modules.crypto:14.1.5] AndroidManifest.xml:5:5-44
Merging library manifest C:\Users\hp\.gradle\caches\8.13\transforms\a352ec053b24e5141a16241693642fcb\transformed\expo.modules.haptics-14.1.4\AndroidManifest.xml
Merging manifest with lower [host.exp.exponent:expo.modules.haptics:14.1.4] AndroidManifest.xml:2:1-9:12
uses-sdk defined in both files...
Merging uses-sdk with lower [host.exp.exponent:expo.modules.haptics:14.1.4] AndroidManifest.xml:5:5-44
uses-permission#android.permission.VIBRATE defined in both files...
Merging uses-permission#android.permission.VIBRATE with lower [host.exp.exponent:expo.modules.haptics:14.1.4] AndroidManifest.xml:7:5-66
Merging library manifest C:\Users\hp\.gradle\caches\8.13\transforms\ba8a617544e22934a35df8c4c0f00463\transformed\expo.modules.keepawake-14.1.4\AndroidManifest.xml
Merging manifest with lower [host.exp.exponent:expo.modules.keepawake:14.1.4] AndroidManifest.xml:2:1-7:12
uses-sdk defined in both files...
Merging uses-sdk with lower [host.exp.exponent:expo.modules.keepawake:14.1.4] AndroidManifest.xml:5:5-44
Merging library manifest C:\Users\hp\.gradle\caches\8.13\transforms\5e9b522a63dbfac0512e98cafdbb9962\transformed\expo.modules.linking-7.1.7\AndroidManifest.xml
Merging manifest with lower [host.exp.exponent:expo.modules.linking:7.1.7] AndroidManifest.xml:2:1-7:12
uses-sdk defined in both files...
Merging uses-sdk with lower [host.exp.exponent:expo.modules.linking:7.1.7] AndroidManifest.xml:5:5-44
Merging library manifest C:\Users\hp\.gradle\caches\8.13\transforms\3e1c3008415887473f6d920c1b1d8993\transformed\expo.modules.webbrowser-14.2.0\AndroidManifest.xml
Merging manifest with lower [host.exp.exponent:expo.modules.webbrowser:14.2.0] AndroidManifest.xml:2:1-15:12
uses-sdk defined in both files...
Merging uses-sdk with lower [host.exp.exponent:expo.modules.webbrowser:14.2.0] AndroidManifest.xml:5:5-44
queries defined in both files...
Merging queries with lower [host.exp.exponent:expo.modules.webbrowser:14.2.0] AndroidManifest.xml:7:5-13:15
Adopted [intent: null]
Merging library manifest C:\Users\hp\.gradle\caches\8.13\transforms\7c1ff614e55963fb3e5064ef15051de5\transformed\legacy-support-core-ui-1.0.0\AndroidManifest.xml
Merging manifest with lower [androidx.legacy:legacy-support-core-ui:1.0.0] AndroidManifest.xml:17:1-22:12
uses-sdk defined in both files...
Merging uses-sdk with lower [androidx.legacy:legacy-support-core-ui:1.0.0] AndroidManifest.xml:20:5-44
Merging library manifest C:\Users\hp\.gradle\caches\8.13\transforms\841b5dd71bd0e36526ae3ac4049ae36d\transformed\coordinatorlayout-1.2.0\AndroidManifest.xml
Merging manifest with lower [androidx.coordinatorlayout:coordinatorlayout:1.2.0] AndroidManifest.xml:17:1-24:12
uses-sdk defined in both files...
Merging uses-sdk with lower [androidx.coordinatorlayout:coordinatorlayout:1.2.0] AndroidManifest.xml:20:5-22:41
Merging library manifest C:\Users\hp\.gradle\caches\8.13\transforms\c98eac47421cc411bfb007f7b1f2f704\transformed\swiperefreshlayout-1.1.0\AndroidManifest.xml
Merging manifest with lower [androidx.swiperefreshlayout:swiperefreshlayout:1.1.0] AndroidManifest.xml:17:1-24:12
uses-sdk defined in both files...
Merging uses-sdk with lower [androidx.swiperefreshlayout:swiperefreshlayout:1.1.0] AndroidManifest.xml:20:5-22:41
Merging library manifest C:\Users\hp\.gradle\caches\8.13\transforms\4b4a8ea01ead8b0022554150177b8940\transformed\webkit-1.4.0\AndroidManifest.xml
Merging manifest with lower [androidx.webkit:webkit:1.4.0] AndroidManifest.xml:17:1-24:12
uses-sdk defined in both files...
Merging uses-sdk with lower [androidx.webkit:webkit:1.4.0] AndroidManifest.xml:20:5-22:41
Merging library manifest C:\Users\hp\.gradle\caches\8.13\transforms\590c8cbe0e5fc75f6ea99f0329cc6beb\transformed\autofill-1.1.0\AndroidManifest.xml
Merging manifest with lower [androidx.autofill:autofill:1.1.0] AndroidManifest.xml:17:1-24:12
uses-sdk defined in both files...
Merging uses-sdk with lower [androidx.autofill:autofill:1.1.0] AndroidManifest.xml:20:5-22:41
Merging library manifest C:\Users\hp\.gradle\caches\8.13\transforms\0b92901caa862045d69af21a069d1503\transformed\transition-1.5.0\AndroidManifest.xml
Merging manifest with lower [androidx.transition:transition:1.5.0] AndroidManifest.xml:2:1-7:12
uses-sdk defined in both files...
Merging uses-sdk with lower [androidx.transition:transition:1.5.0] AndroidManifest.xml:5:5-44
Merging library manifest C:\Users\hp\.gradle\caches\8.13\transforms\871f0814459475f69100ee5b6b0e11e9\transformed\dynamicanimation-1.0.0\AndroidManifest.xml
Merging manifest with lower [androidx.dynamicanimation:dynamicanimation:1.0.0] AndroidManifest.xml:17:1-22:12
uses-sdk defined in both files...
Merging uses-sdk with lower [androidx.dynamicanimation:dynamicanimation:1.0.0] AndroidManifest.xml:20:5-44
Merging library manifest C:\Users\hp\.gradle\caches\8.13\transforms\5d86e34d59f20b76b06d8eaae58141ed\transformed\legacy-support-core-utils-1.0.0\AndroidManifest.xml
Merging manifest with lower [androidx.legacy:legacy-support-core-utils:1.0.0] AndroidManifest.xml:17:1-22:12
uses-sdk defined in both files...
Merging uses-sdk with lower [androidx.legacy:legacy-support-core-utils:1.0.0] AndroidManifest.xml:20:5-44
Merging library manifest C:\Users\hp\.gradle\caches\8.13\transforms\d3030fe858a43e700e033860cda2030c\transformed\loader-1.1.0\AndroidManifest.xml
Merging manifest with lower [androidx.loader:loader:1.1.0] AndroidManifest.xml:17:1-24:12
uses-sdk defined in both files...
Merging uses-sdk with lower [androidx.loader:loader:1.1.0] AndroidManifest.xml:20:5-22:41
Merging library manifest C:\Users\hp\.gradle\caches\8.13\transforms\ebcbc782ad50c6803126b618e584af22\transformed\browser-1.6.0\AndroidManifest.xml
Merging manifest with lower [androidx.browser:browser:1.6.0] AndroidManifest.xml:2:1-7:12
uses-sdk defined in both files...
Merging uses-sdk with lower [androidx.browser:browser:1.6.0] AndroidManifest.xml:5:5-44
Merging library manifest C:\Users\hp\.gradle\caches\8.13\transforms\ab65da9ffdc054d7515fd82d7732c762\transformed\drawerlayout-1.1.1\AndroidManifest.xml
Merging manifest with lower [androidx.drawerlayout:drawerlayout:1.1.1] AndroidManifest.xml:17:1-24:12
uses-sdk defined in both files...
Merging uses-sdk with lower [androidx.drawerlayout:drawerlayout:1.1.1] AndroidManifest.xml:20:5-22:41
Merging library manifest C:\Users\hp\.gradle\caches\8.13\transforms\628f0576876fb12cb1d8ef18fbf9961d\transformed\vectordrawable-animated-1.1.0\AndroidManifest.xml
Merging manifest with lower [androidx.vectordrawable:vectordrawable-animated:1.1.0] AndroidManifest.xml:17:1-24:12
uses-sdk defined in both files...
Merging uses-sdk with lower [androidx.vectordrawable:vectordrawable-animated:1.1.0] AndroidManifest.xml:20:5-22:41
Merging library manifest C:\Users\hp\.gradle\caches\8.13\transforms\a433e5aaa6f715a8603c3533d2172210\transformed\vectordrawable-1.1.0\AndroidManifest.xml
Merging manifest with lower [androidx.vectordrawable:vectordrawable:1.1.0] AndroidManifest.xml:17:1-24:12
uses-sdk defined in both files...
Merging uses-sdk with lower [androidx.vectordrawable:vectordrawable:1.1.0] AndroidManifest.xml:20:5-22:41
Merging library manifest C:\Users\hp\.gradle\caches\8.13\transforms\dda552785eb2e21281835f82139051bd\transformed\emoji2-views-helper-1.3.0\AndroidManifest.xml
Merging manifest with lower [androidx.emoji2:emoji2-views-helper:1.3.0] AndroidManifest.xml:2:1-7:12
uses-sdk defined in both files...
Merging uses-sdk with lower [androidx.emoji2:emoji2-views-helper:1.3.0] AndroidManifest.xml:5:5-44
Merging library manifest C:\Users\hp\.gradle\caches\8.13\transforms\bdf6bd7e275c0c4cf963c663ef85151f\transformed\emoji2-1.3.0\AndroidManifest.xml
Merging manifest with lower [androidx.emoji2:emoji2:1.3.0] AndroidManifest.xml:17:1-35:12
uses-sdk defined in both files...
Merging uses-sdk with lower [androidx.emoji2:emoji2:1.3.0] AndroidManifest.xml:21:5-44
application defined in both files...
Merging application with lower [androidx.emoji2:emoji2:1.3.0] AndroidManifest.xml:23:5-33:19
Adopted [provider: null]
Merging library manifest C:\Users\hp\.gradle\caches\8.13\transforms\6c67b3583535e8d04d5e1c7b305efadb\transformed\media-1.0.0\AndroidManifest.xml
Merging manifest with lower [androidx.media:media:1.0.0] AndroidManifest.xml:17:1-22:12
uses-sdk defined in both files...
Merging uses-sdk with lower [androidx.media:media:1.0.0] AndroidManifest.xml:20:5-44
Merging library manifest C:\Users\hp\.gradle\caches\8.13\transforms\7eb48d80ccb41afe7bab343cd08e8abd\transformed\viewpager-1.0.0\AndroidManifest.xml
Merging manifest with lower [androidx.viewpager:viewpager:1.0.0] AndroidManifest.xml:17:1-22:12
uses-sdk defined in both files...
Merging uses-sdk with lower [androidx.viewpager:viewpager:1.0.0] AndroidManifest.xml:20:5-44
Merging library manifest C:\Users\hp\.gradle\caches\8.13\transforms\67d16a499d95463eeb6fca9b907cf54c\transformed\recyclerview-1.1.0\AndroidManifest.xml
Merging manifest with lower [androidx.recyclerview:recyclerview:1.1.0] AndroidManifest.xml:17:1-24:12
uses-sdk defined in both files...
Merging uses-sdk with lower [androidx.recyclerview:recyclerview:1.1.0] AndroidManifest.xml:20:5-22:41
Merging library manifest C:\Users\hp\.gradle\caches\8.13\transforms\5d51cf8119f9cb9ec6baa74668132a69\transformed\slidingpanelayout-1.0.0\AndroidManifest.xml
Merging manifest with lower [androidx.slidingpanelayout:slidingpanelayout:1.0.0] AndroidManifest.xml:17:1-22:12
uses-sdk defined in both files...
Merging uses-sdk with lower [androidx.slidingpanelayout:slidingpanelayout:1.0.0] AndroidManifest.xml:20:5-44
Merging library manifest C:\Users\hp\.gradle\caches\8.13\transforms\d038064b9ff5b4c58cbf7bd34b404aa9\transformed\customview-1.1.0\AndroidManifest.xml
Merging manifest with lower [androidx.customview:customview:1.1.0] AndroidManifest.xml:17:1-24:12
uses-sdk defined in both files...
Merging uses-sdk with lower [androidx.customview:customview:1.1.0] AndroidManifest.xml:20:5-22:41
Merging library manifest C:\Users\hp\.gradle\caches\8.13\transforms\4f0f97c276b89593efd1cc9c6a4ad66c\transformed\asynclayoutinflater-1.0.0\AndroidManifest.xml
Merging manifest with lower [androidx.asynclayoutinflater:asynclayoutinflater:1.0.0] AndroidManifest.xml:17:1-22:12
uses-sdk defined in both files...
Merging uses-sdk with lower [androidx.asynclayoutinflater:asynclayoutinflater:1.0.0] AndroidManifest.xml:20:5-44
Merging library manifest C:\Users\hp\.gradle\caches\8.13\transforms\3709465e82c922f518d124b9b76a7a36\transformed\core-1.13.1\AndroidManifest.xml
Merging manifest with lower [androidx.core:core:1.13.1] AndroidManifest.xml:17:1-30:12
uses-sdk defined in both files...
Merging uses-sdk with lower [androidx.core:core:1.13.1] AndroidManifest.xml:20:5-44
Adopted [permission: null]
Adopted [uses-permission: null]
application defined in both files...
Merging application with lower [androidx.core:core:1.13.1] AndroidManifest.xml:28:5-89
Merging library manifest C:\Users\hp\.gradle\caches\8.13\transforms\a06a29764de9d64ba89a5a7c8cec8f9f\transformed\activity-ktx-1.10.0\AndroidManifest.xml
Merging manifest with lower [androidx.activity:activity-ktx:1.10.0] AndroidManifest.xml:2:1-7:12
uses-sdk defined in both files...
Merging uses-sdk with lower [androidx.activity:activity-ktx:1.10.0] AndroidManifest.xml:5:5-44
Merging library manifest C:\Users\hp\.gradle\caches\8.13\transforms\bf1e9ce1d657f8d0a5371b2e2b946cf7\transformed\activity-1.10.0\AndroidManifest.xml
Merging manifest with lower [androidx.activity:activity:1.10.0] AndroidManifest.xml:17:1-22:12
uses-sdk defined in both files...
Merging uses-sdk with lower [androidx.activity:activity:1.10.0] AndroidManifest.xml:20:5-44
Merging library manifest C:\Users\hp\.gradle\caches\8.13\transforms\38955687eabebbb73ff594f28991ed95\transformed\savedstate-ktx-1.2.1\AndroidManifest.xml
Merging manifest with lower [androidx.savedstate:savedstate-ktx:1.2.1] AndroidManifest.xml:17:1-22:12
uses-sdk defined in both files...
Merging uses-sdk with lower [androidx.savedstate:savedstate-ktx:1.2.1] AndroidManifest.xml:20:5-44
Merging library manifest C:\Users\hp\.gradle\caches\8.13\transforms\22b17fa09617d1bd320a8ca07a69765b\transformed\savedstate-1.2.1\AndroidManifest.xml
Merging manifest with lower [androidx.savedstate:savedstate:1.2.1] AndroidManifest.xml:17:1-22:12
uses-sdk defined in both files...
Merging uses-sdk with lower [androidx.savedstate:savedstate:1.2.1] AndroidManifest.xml:20:5-44
Merging library manifest C:\Users\hp\.gradle\caches\8.13\transforms\7aefec13fd83b5db0249c546d2d8b078\transformed\lifecycle-viewmodel-ktx-2.6.2\AndroidManifest.xml
Merging manifest with lower [androidx.lifecycle:lifecycle-viewmodel-ktx:2.6.2] AndroidManifest.xml:17:1-22:12
uses-sdk defined in both files...
Merging uses-sdk with lower [androidx.lifecycle:lifecycle-viewmodel-ktx:2.6.2] AndroidManifest.xml:20:5-44
Merging library manifest C:\Users\hp\.gradle\caches\8.13\transforms\84bf96c6fa55ad4881b8bc9626d3422f\transformed\lifecycle-viewmodel-2.6.2\AndroidManifest.xml
Merging manifest with lower [androidx.lifecycle:lifecycle-viewmodel:2.6.2] AndroidManifest.xml:17:1-22:12
uses-sdk defined in both files...
Merging uses-sdk with lower [androidx.lifecycle:lifecycle-viewmodel:2.6.2] AndroidManifest.xml:20:5-44
Merging library manifest C:\Users\hp\.gradle\caches\8.13\transforms\c0c50c88756bcac103613312adb72468\transformed\lifecycle-service-2.6.2\AndroidManifest.xml
Merging manifest with lower [androidx.lifecycle:lifecycle-service:2.6.2] AndroidManifest.xml:17:1-22:12
uses-sdk defined in both files...
Merging uses-sdk with lower [androidx.lifecycle:lifecycle-service:2.6.2] AndroidManifest.xml:20:5-44
Merging library manifest C:\Users\hp\.gradle\caches\8.13\transforms\8fa1795a61f1e4fc8c45e820390b62da\transformed\lifecycle-runtime-ktx-2.6.2\AndroidManifest.xml
Merging manifest with lower [androidx.lifecycle:lifecycle-runtime-ktx:2.6.2] AndroidManifest.xml:17:1-22:12
uses-sdk defined in both files...
Merging uses-sdk with lower [androidx.lifecycle:lifecycle-runtime-ktx:2.6.2] AndroidManifest.xml:20:5-44
Merging library manifest C:\Users\hp\.gradle\caches\8.13\transforms\6e6486fd168175231d9ed9a95f94dbcc\transformed\lifecycle-process-2.6.2\AndroidManifest.xml
Merging manifest with lower [androidx.lifecycle:lifecycle-process:2.6.2] AndroidManifest.xml:17:1-35:12
uses-sdk defined in both files...
Merging uses-sdk with lower [androidx.lifecycle:lifecycle-process:2.6.2] AndroidManifest.xml:21:5-44
application defined in both files...
Merging application with lower [androidx.lifecycle:lifecycle-process:2.6.2] AndroidManifest.xml:23:5-33:19
provider#androidx.startup.InitializationProvider defined in both files...
Merging provider#androidx.startup.InitializationProvider with lower [androidx.lifecycle:lifecycle-process:2.6.2] AndroidManifest.xml:24:9-32:20
Adopted [meta-data: null]
Merging library manifest C:\Users\hp\.gradle\caches\8.13\transforms\467a8905804a473e491f1cec3d255218\transformed\lifecycle-livedata-core-ktx-2.6.2\AndroidManifest.xml
Merging manifest with lower [androidx.lifecycle:lifecycle-livedata-core-ktx:2.6.2] AndroidManifest.xml:17:1-22:12
uses-sdk defined in both files...
Merging uses-sdk with lower [androidx.lifecycle:lifecycle-livedata-core-ktx:2.6.2] AndroidManifest.xml:20:5-44
Merging library manifest C:\Users\hp\.gradle\caches\8.13\transforms\5cc9cea7ef19e910f9173ebf82db5f9e\transformed\lifecycle-livedata-core-2.6.2\AndroidManifest.xml
Merging manifest with lower [androidx.lifecycle:lifecycle-livedata-core:2.6.2] AndroidManifest.xml:17:1-22:12
uses-sdk defined in both files...
Merging uses-sdk with lower [androidx.lifecycle:lifecycle-livedata-core:2.6.2] AndroidManifest.xml:20:5-44
Merging library manifest C:\Users\hp\.gradle\caches\8.13\transforms\558d4d9938f8745cd1035c5c21001edb\transformed\lifecycle-livedata-2.6.2\AndroidManifest.xml
Merging manifest with lower [androidx.lifecycle:lifecycle-livedata:2.6.2] AndroidManifest.xml:17:1-22:12
uses-sdk defined in both files...
Merging uses-sdk with lower [androidx.lifecycle:lifecycle-livedata:2.6.2] AndroidManifest.xml:20:5-44
Merging library manifest C:\Users\hp\.gradle\caches\8.13\transforms\922da6effdf558a16afc5862d2d1bb0e\transformed\lifecycle-runtime-2.6.2\AndroidManifest.xml
Merging manifest with lower [androidx.lifecycle:lifecycle-runtime:2.6.2] AndroidManifest.xml:2:1-7:12
uses-sdk defined in both files...
Merging uses-sdk with lower [androidx.lifecycle:lifecycle-runtime:2.6.2] AndroidManifest.xml:5:5-44
Merging library manifest C:\Users\hp\.gradle\caches\8.13\transforms\f90e556133ee7d96ac3068473486fab1\transformed\lifecycle-viewmodel-savedstate-2.6.2\AndroidManifest.xml
Merging manifest with lower [androidx.lifecycle:lifecycle-viewmodel-savedstate:2.6.2] AndroidManifest.xml:17:1-22:12
uses-sdk defined in both files...
Merging uses-sdk with lower [androidx.lifecycle:lifecycle-viewmodel-savedstate:2.6.2] AndroidManifest.xml:20:5-44
Merging library manifest C:\Users\hp\.gradle\caches\8.13\transforms\da82a7daf4f92b7331a3ae098907e446\transformed\core-ktx-1.13.1\AndroidManifest.xml
Merging manifest with lower [androidx.core:core-ktx:1.13.1] AndroidManifest.xml:2:1-7:12
uses-sdk defined in both files...
Merging uses-sdk with lower [androidx.core:core-ktx:1.13.1] AndroidManifest.xml:5:5-44
Merging library manifest C:\Users\hp\.gradle\caches\8.13\transforms\6a806ce5b0541d9b26a9eb98fc422d6e\transformed\profileinstaller-1.4.0\AndroidManifest.xml
Merging manifest with lower [androidx.profileinstaller:profileinstaller:1.4.0] AndroidManifest.xml:17:1-55:12
uses-sdk defined in both files...
Merging uses-sdk with lower [androidx.profileinstaller:profileinstaller:1.4.0] AndroidManifest.xml:21:5-44
application defined in both files...
Merging application with lower [androidx.profileinstaller:profileinstaller:1.4.0] AndroidManifest.xml:23:5-53:19
provider#androidx.startup.InitializationProvider defined in both files...
Merging provider#androidx.startup.InitializationProvider with lower [androidx.profileinstaller:profileinstaller:1.4.0] AndroidManifest.xml:24:9-32:20
Adopted [meta-data: null]
Adopted [receiver: null]
Merging library manifest C:\Users\hp\.gradle\caches\8.13\transforms\1cab8a385a0d890ff7eff3eaeac85db5\transformed\startup-runtime-1.1.1\AndroidManifest.xml
Merging manifest with lower [androidx.startup:startup-runtime:1.1.1] AndroidManifest.xml:17:1-33:12
uses-sdk defined in both files...
Merging uses-sdk with lower [androidx.startup:startup-runtime:1.1.1] AndroidManifest.xml:21:5-23:41
application defined in both files...
Merging application with lower [androidx.startup:startup-runtime:1.1.1] AndroidManifest.xml:25:5-31:19
provider#androidx.startup.InitializationProvider defined in both files...
Merging provider#androidx.startup.InitializationProvider with lower [androidx.startup:startup-runtime:1.1.1] AndroidManifest.xml:26:9-30:34
Merging library manifest C:\Users\hp\.gradle\caches\8.13\transforms\ce9bcf49733e17725f148bfc89de8bae\transformed\tracing-1.2.0\AndroidManifest.xml
Merging manifest with lower [androidx.tracing:tracing:1.2.0] AndroidManifest.xml:17:1-22:12
uses-sdk defined in both files...
Merging uses-sdk with lower [androidx.tracing:tracing:1.2.0] AndroidManifest.xml:20:5-44
Merging library manifest C:\Users\hp\.gradle\caches\8.13\transforms\e8d33a325f55fc3eb26b77fce9f02c2d\transformed\tracing-ktx-1.2.0\AndroidManifest.xml
Merging manifest with lower [androidx.tracing:tracing-ktx:1.2.0] AndroidManifest.xml:17:1-22:12
uses-sdk defined in both files...
Merging uses-sdk with lower [androidx.tracing:tracing-ktx:1.2.0] AndroidManifest.xml:20:5-44
Merging library manifest C:\Users\hp\.gradle\caches\8.13\transforms\fc2fbdb7b1b8ceeab9c0b081e4889a01\transformed\ui-core-3.6.0\AndroidManifest.xml
Merging manifest with lower [com.facebook.fresco:ui-core:3.6.0] AndroidManifest.xml:2:1-7:12
uses-sdk defined in both files...
Merging uses-sdk with lower [com.facebook.fresco:ui-core:3.6.0] AndroidManifest.xml:5:5-44
Merging library manifest C:\Users\hp\.gradle\caches\8.13\transforms\7d6cf214387d91dce9809d6a14dc6c18\transformed\annotation-experimental-1.4.0\AndroidManifest.xml
Merging manifest with lower [androidx.annotation:annotation-experimental:1.4.0] AndroidManifest.xml:2:1-7:12
uses-sdk defined in both files...
Merging uses-sdk with lower [androidx.annotation:annotation-experimental:1.4.0] AndroidManifest.xml:5:5-44
Merging library manifest C:\Users\hp\.gradle\caches\8.13\transforms\5a5b2ece211fed6c683f81e9e4ffab66\transformed\vito-renderer-3.6.0\AndroidManifest.xml
Merging manifest with lower [com.facebook.fresco:vito-renderer:3.6.0] AndroidManifest.xml:2:1-7:12
uses-sdk defined in both files...
Merging uses-sdk with lower [com.facebook.fresco:vito-renderer:3.6.0] AndroidManifest.xml:5:5-44
Merging library manifest C:\Users\hp\.gradle\caches\8.13\transforms\3a9df8d2dce51b9c6e251e89d6835984\transformed\hermes-android-0.79.6-debug\AndroidManifest.xml
Merging manifest with lower [com.facebook.react:hermes-android:0.79.6] AndroidManifest.xml:2:1-7:12
uses-sdk defined in both files...
Merging uses-sdk with lower [com.facebook.react:hermes-android:0.79.6] AndroidManifest.xml:5:5-44
Merging library manifest C:\Users\hp\.gradle\caches\8.13\transforms\bac86452941158edb5f6a62bed9fa0a3\transformed\viewbinding-8.8.2\AndroidManifest.xml
Merging manifest with lower [androidx.databinding:viewbinding:8.8.2] AndroidManifest.xml:2:1-7:12
uses-sdk defined in both files...
Merging uses-sdk with lower [androidx.databinding:viewbinding:8.8.2] AndroidManifest.xml:5:5-44
Merging library manifest C:\Users\hp\.gradle\caches\8.13\transforms\d0cd0efd977f9a01291ed72ab7691acb\transformed\BlurView-version-2.0.6\AndroidManifest.xml
Merging manifest with lower [com.github.Dimezis:BlurView:version-2.0.6] AndroidManifest.xml:2:1-11:12
uses-sdk defined in both files...
Merging uses-sdk with lower [com.github.Dimezis:BlurView:version-2.0.6] AndroidManifest.xml:5:5-7:41
application defined in both files...
Merging application with lower [com.github.Dimezis:BlurView:version-2.0.6] AndroidManifest.xml:9:5-20
Merging library manifest C:\Users\hp\.gradle\caches\8.13\transforms\45d8985efe352a315fff4e7dda185980\transformed\exifinterface-1.3.7\AndroidManifest.xml
Merging manifest with lower [androidx.exifinterface:exifinterface:1.3.7] AndroidManifest.xml:17:1-24:12
uses-sdk defined in both files...
Merging uses-sdk with lower [androidx.exifinterface:exifinterface:1.3.7] AndroidManifest.xml:20:5-22:41
Merging library manifest C:\Users\hp\.gradle\caches\8.13\transforms\b9449e9f05d0355ebd5a2390e7334597\transformed\interpolator-1.0.0\AndroidManifest.xml
Merging manifest with lower [androidx.interpolator:interpolator:1.0.0] AndroidManifest.xml:17:1-22:12
uses-sdk defined in both files...
Merging uses-sdk with lower [androidx.interpolator:interpolator:1.0.0] AndroidManifest.xml:20:5-44
Merging library manifest C:\Users\hp\.gradle\caches\8.13\transforms\17ee30e9c6ccb74f5a80149bde191985\transformed\cardview-1.0.0\AndroidManifest.xml
Merging manifest with lower [androidx.cardview:cardview:1.0.0] AndroidManifest.xml:17:1-22:12
uses-sdk defined in both files...
Merging uses-sdk with lower [androidx.cardview:cardview:1.0.0] AndroidManifest.xml:20:5-44
Merging library manifest C:\Users\hp\.gradle\caches\8.13\transforms\9879aa3271066c0c5de04487ca257f18\transformed\cursoradapter-1.0.0\AndroidManifest.xml
Merging manifest with lower [androidx.cursoradapter:cursoradapter:1.0.0] AndroidManifest.xml:17:1-22:12
uses-sdk defined in both files...
Merging uses-sdk with lower [androidx.cursoradapter:cursoradapter:1.0.0] AndroidManifest.xml:20:5-44
Merging library manifest C:\Users\hp\.gradle\caches\8.13\transforms\b057ec66ea7c2e14e1378a0a2daa40a5\transformed\versionedparcelable-1.1.1\AndroidManifest.xml
Merging manifest with lower [androidx.versionedparcelable:versionedparcelable:1.1.1] AndroidManifest.xml:17:1-27:12
uses-sdk defined in both files...
Merging uses-sdk with lower [androidx.versionedparcelable:versionedparcelable:1.1.1] AndroidManifest.xml:20:5-22:41
application defined in both files...
Merging application with lower [androidx.versionedparcelable:versionedparcelable:1.1.1] AndroidManifest.xml:24:5-25:19
Merging library manifest C:\Users\hp\.gradle\caches\8.13\transforms\4b775066769714d9f9e6757e9a9c613b\transformed\gifdecoder-4.16.0\AndroidManifest.xml
Merging manifest with lower [com.github.bumptech.glide:gifdecoder:4.16.0] AndroidManifest.xml:2:1-9:12
uses-sdk defined in both files...
Merging uses-sdk with lower [com.github.bumptech.glide:gifdecoder:4.16.0] AndroidManifest.xml:5:5-7:41
Merging library manifest C:\Users\hp\.gradle\caches\8.13\transforms\2bfaf943cc5ce0ec9d6ede06c38e4ed7\transformed\documentfile-1.0.0\AndroidManifest.xml
Merging manifest with lower [androidx.documentfile:documentfile:1.0.0] AndroidManifest.xml:17:1-22:12
uses-sdk defined in both files...
Merging uses-sdk with lower [androidx.documentfile:documentfile:1.0.0] AndroidManifest.xml:20:5-44
Merging library manifest C:\Users\hp\.gradle\caches\8.13\transforms\e8b54ca374ae2a622fb7f306fb56d643\transformed\localbroadcastmanager-1.0.0\AndroidManifest.xml
Merging manifest with lower [androidx.localbroadcastmanager:localbroadcastmanager:1.0.0] AndroidManifest.xml:17:1-22:12
uses-sdk defined in both files...
Merging uses-sdk with lower [androidx.localbroadcastmanager:localbroadcastmanager:1.0.0] AndroidManifest.xml:20:5-44
Merging library manifest C:\Users\hp\.gradle\caches\8.13\transforms\06cdf0fd570f8aaa7b43a78cccfdfc93\transformed\print-1.0.0\AndroidManifest.xml
Merging manifest with lower [androidx.print:print:1.0.0] AndroidManifest.xml:17:1-22:12
uses-sdk defined in both files...
Merging uses-sdk with lower [androidx.print:print:1.0.0] AndroidManifest.xml:20:5-44
Merging library manifest C:\Users\hp\.gradle\caches\8.13\transforms\ca5243ce18c6e1bbb838c3b9327f353d\transformed\core-runtime-2.2.0\AndroidManifest.xml
Merging manifest with lower [androidx.arch.core:core-runtime:2.2.0] AndroidManifest.xml:17:1-22:12
uses-sdk defined in both files...
Merging uses-sdk with lower [androidx.arch.core:core-runtime:2.2.0] AndroidManifest.xml:20:5-44
Merging library manifest C:\Users\hp\.gradle\caches\8.13\transforms\e19e6d6013b99bbf502dc384103c831d\transformed\appcompat-v7-28.0.0\AndroidManifest.xml
Merging manifest with lower [com.android.support:appcompat-v7:28.0.0] AndroidManifest.xml:17:1-22:12
uses-sdk defined in both files...
Merging uses-sdk with lower [com.android.support:appcompat-v7:28.0.0] AndroidManifest.xml:20:5-44
Merging library manifest C:\Users\hp\.gradle\caches\8.13\transforms\56df6f5f77df1e037f27ce4458035fcb\transformed\fbjni-0.7.0\AndroidManifest.xml
Merging manifest with lower [com.facebook.fbjni:fbjni:0.7.0] AndroidManifest.xml:2:1-7:12
uses-sdk defined in both files...
Merging uses-sdk with lower [com.facebook.fbjni:fbjni:0.7.0] AndroidManifest.xml:5:5-44
Merging library manifest C:\Users\hp\.gradle\caches\8.13\transforms\37573d7fc76771033bad46c4c82d23a7\transformed\soloader-0.12.1\AndroidManifest.xml
Merging manifest with lower [com.facebook.soloader:soloader:0.12.1] AndroidManifest.xml:2:1-17:12
uses-sdk defined in both files...
Merging uses-sdk with lower [com.facebook.soloader:soloader:0.12.1] AndroidManifest.xml:7:5-9:41
C:\dev\ferify-project\ferify-mobile-app\android\app\src\debug\AndroidManifes
t.xml:28:18-86 Error:
	Attribute application@appComponentFactory 
value=(androidx.core.app.CoreComponentFactory) from 
[androidx.core:core:1.13.1] AndroidManifest.xml:28:18-86
	is also present at [com.android.support:support-compat:28.0.0] 
AndroidManifest.xml:22:18-91 
value=(android.support.v4.app.CoreComponentFactory).
	Suggestion: add 'tools:replace="android:appComponentFactory"' to 
<application> element at AndroidManifest.xml:6:5-162 to override.
application defined in both files...
Merging application with lower [com.facebook.soloader:soloader:0.12.1] AndroidManifest.xml:11:5-15:19
meta-data#com.facebook.soloader.enabled defined in both files...
Merging meta-data#com.facebook.soloader.enabled with lower [com.facebook.soloader:soloader:0.12.1] AndroidManifest.xml:12:9-14:37
Merging library manifest C:\Users\hp\.gradle\caches\8.13\transforms\92fd5c410361e106ef5b263a54c2f6ff\transformed\support-fragment-28.0.0\AndroidManifest.xml
Merging manifest with lower [com.android.support:support-fragment:28.0.0] AndroidManifest.xml:17:1-22:12
uses-sdk defined in both files...
Merging uses-sdk with lower [com.android.support:support-fragment:28.0.0] AndroidManifest.xml:20:5-44
Merging library manifest C:\Users\hp\.gradle\caches\8.13\transforms\2833cf41a7d170df918f5493de4fc343\transformed\animated-vector-drawable-28.0.0\AndroidManifest.xml
Merging manifest with lower [com.android.support:animated-vector-drawable:28.0.0] AndroidManifest.xml:17:1-22:12
uses-sdk defined in both files...
Merging uses-sdk with lower [com.android.support:animated-vector-drawable:28.0.0] AndroidManifest.xml:20:5-44
Merging library manifest C:\Users\hp\.gradle\caches\8.13\transforms\4d1feb30f819871aab0e3f55d1fd634a\transformed\support-core-ui-28.0.0\AndroidManifest.xml
Merging manifest with lower [com.android.support:support-core-ui:28.0.0] AndroidManifest.xml:17:1-22:12
uses-sdk defined in both files...
Merging uses-sdk with lower [com.android.support:support-core-ui:28.0.0] AndroidManifest.xml:20:5-44
Merging library manifest C:\Users\hp\.gradle\caches\8.13\transforms\0a7236bc2ad5a935ca076a1b60b5cd1a\transformed\support-core-utils-28.0.0\AndroidManifest.xml
Merging manifest with lower [com.android.support:support-core-utils:28.0.0] AndroidManifest.xml:17:1-22:12
uses-sdk defined in both files...
Merging uses-sdk with lower [com.android.support:support-core-utils:28.0.0] AndroidManifest.xml:20:5-44
Merging library manifest C:\Users\hp\.gradle\caches\8.13\transforms\e08afb297eeb374f78846c6f4bbb03f6\transformed\support-vector-drawable-28.0.0\AndroidManifest.xml
Merging manifest with lower [com.android.support:support-vector-drawable:28.0.0] AndroidManifest.xml:17:1-22:12
uses-sdk defined in both files...
Merging uses-sdk with lower [com.android.support:support-vector-drawable:28.0.0] AndroidManifest.xml:20:5-44
Merging library manifest C:\Users\hp\.gradle\caches\8.13\transforms\9a8848893291d80b8a0135ebb2b99dd0\transformed\loader-28.0.0\AndroidManifest.xml
Merging manifest with lower [com.android.support:loader:28.0.0] AndroidManifest.xml:17:1-22:12
uses-sdk defined in both files...
Merging uses-sdk with lower [com.android.support:loader:28.0.0] AndroidManifest.xml:20:5-44
Merging library manifest C:\Users\hp\.gradle\caches\8.13\transforms\4338620fd41411fda044991b038eb387\transformed\viewpager-28.0.0\AndroidManifest.xml
Merging manifest with lower [com.android.support:viewpager:28.0.0] AndroidManifest.xml:17:1-22:12
uses-sdk defined in both files...
Merging uses-sdk with lower [com.android.support:viewpager:28.0.0] AndroidManifest.xml:20:5-44
Merging library manifest C:\Users\hp\.gradle\caches\8.13\transforms\1b0cc982943ae378a53c6847ffc0d611\transformed\coordinatorlayout-28.0.0\AndroidManifest.xml
Merging manifest with lower [com.android.support:coordinatorlayout:28.0.0] AndroidManifest.xml:17:1-22:12
uses-sdk defined in both files...
Merging uses-sdk with lower [com.android.support:coordinatorlayout:28.0.0] AndroidManifest.xml:20:5-44
Merging library manifest C:\Users\hp\.gradle\caches\8.13\transforms\44c4e32f7a8cba22e8c2e55ea0b70906\transformed\drawerlayout-28.0.0\AndroidManifest.xml
Merging manifest with lower [com.android.support:drawerlayout:28.0.0] AndroidManifest.xml:17:1-22:12
uses-sdk defined in both files...
Merging uses-sdk with lower [com.android.support:drawerlayout:28.0.0] AndroidManifest.xml:20:5-44
Merging library manifest C:\Users\hp\.gradle\caches\8.13\transforms\11f430a6608c44f45c4cc6217806d83c\transformed\slidingpanelayout-28.0.0\AndroidManifest.xml
Merging manifest with lower [com.android.support:slidingpanelayout:28.0.0] AndroidManifest.xml:17:1-22:12
uses-sdk defined in both files...
Merging uses-sdk with lower [com.android.support:slidingpanelayout:28.0.0] AndroidManifest.xml:20:5-44
Merging library manifest C:\Users\hp\.gradle\caches\8.13\transforms\8659c65f886ba13a3953eb1711250a9e\transformed\customview-28.0.0\AndroidManifest.xml
Merging manifest with lower [com.android.support:customview:28.0.0] AndroidManifest.xml:17:1-22:12
uses-sdk defined in both files...
Merging uses-sdk with lower [com.android.support:customview:28.0.0] AndroidManifest.xml:20:5-44
Merging library manifest C:\Users\hp\.gradle\caches\8.13\transforms\955ca2cb2b27d00503a320e856b87402\transformed\swiperefreshlayout-28.0.0\AndroidManifest.xml
Merging manifest with lower [com.android.support:swiperefreshlayout:28.0.0] AndroidManifest.xml:17:1-22:12
uses-sdk defined in both files...
Merging uses-sdk with lower [com.android.support:swiperefreshlayout:28.0.0] AndroidManifest.xml:20:5-44
Merging library manifest C:\Users\hp\.gradle\caches\8.13\transforms\0bba80d148088a569116ac16937138a5\transformed\asynclayoutinflater-28.0.0\AndroidManifest.xml
Merging manifest with lower [com.android.support:asynclayoutinflater:28.0.0] AndroidManifest.xml:17:1-22:12
uses-sdk defined in both files...
Merging uses-sdk with lower [com.android.support:asynclayoutinflater:28.0.0] AndroidManifest.xml:20:5-44
Merging library manifest C:\Users\hp\.gradle\caches\8.13\transforms\52265c90752a4a82816dc800090b08ec\transformed\support-compat-28.0.0\AndroidManifest.xml
Merging manifest with lower [com.android.support:support-compat:28.0.0] AndroidManifest.xml:17:1-24:12
uses-sdk defined in both files...
Merging uses-sdk with lower [com.android.support:support-compat:28.0.0] AndroidManifest.xml:20:5-44
application defined in both files...
Merging application with lower [com.android.support:support-compat:28.0.0] AndroidManifest.xml:22:5-94
Merging result: ERROR
[com.android.support:animated-vector-drawable:28.0.0] C:\Users\hp\.gradle\caches\8.13\transforms\2833cf41a7d170df918f5493de4fc343\transformed\animated-vector-drawable-28.0.0\AndroidManifest.xml Warning:
	Namespace 'android.support.graphics.drawable' is used in multiple modules and/or libraries: com.android.support:animated-vector-drawable:28.0.0, com.android.support:support-vector-drawable:28.0.0. Please ensure that all modules and libraries have a unique namespace. For more information, See https://developer.android.com/studio/build/configure-app-module#set-namespace
[androidx.versionedparcelable:versionedparcelable:1.1.1] C:\Users\hp\.gradle\caches\8.13\transforms\b057ec66ea7c2e14e1378a0a2daa40a5\transformed\versionedparcelable-1.1.1\AndroidManifest.xml Warning:
	Namespace 'androidx.versionedparcelable' is used in multiple modules and/or libraries: androidx.versionedparcelable:versionedparcelable:1.1.1, com.android.support:versionedparcelable:28.0.0. Please ensure that all modules and libraries have a unique namespace. For more information, See https://developer.android.com/studio/build/configure-app-module#set-namespace
-- Merging decision tree log ---
manifest
ADDED from C:\dev\ferify-project\ferify-mobile-app\android\app\src\main\AndroidManifest.xml:1:1-35:12
MERGED from C:\dev\ferify-project\ferify-mobile-app\android\app\src\main\AndroidManifest.xml:1:1-35:12
INJECTED from C:\dev\ferify-project\ferify-mobile-app\android\app\src\debug\AndroidManifest.xml:1:1-7:12
INJECTED from C:\dev\ferify-project\ferify-mobile-app\android\app\src\debug\AndroidManifest.xml:1:1-7:12
INJECTED from C:\dev\ferify-project\ferify-mobile-app\android\app\src\debug\AndroidManifest.xml:1:1-7:12
MERGED from [:react-native-google-signin_google-signin] C:\dev\ferify-project\ferify-mobile-app\node_modules\@react-native-google-signin\google-signin\android\build\intermediates\merged_manifest\debug\processDebugManifest\AndroidManifest.xml:2:1-7:12
MERGED from [:react-native-gesture-handler] C:\dev\ferify-project\ferify-mobile-app\node_modules\react-native-gesture-handler\android\build\intermediates\merged_manifest\debug\processDebugManifest\AndroidManifest.xml:2:1-7:12
MERGED from [:react-native-safe-area-context] C:\dev\ferify-project\ferify-mobile-app\node_modules\react-native-safe-area-context\android\build\intermediates\merged_manifest\debug\processDebugManifest\AndroidManifest.xml:2:1-7:12
MERGED from [:react-native-screens] C:\dev\ferify-project\ferify-mobile-app\node_modules\react-native-screens\android\build\intermediates\merged_manifest\debug\processDebugManifest\AndroidManifest.xml:2:1-7:12
MERGED from [:react-native-webview] C:\dev\ferify-project\ferify-mobile-app\node_modules\react-native-webview\android\build\intermediates\merged_manifest\debug\processDebugManifest\AndroidManifest.xml:2:1-19:12
MERGED from [:react-native-edge-to-edge] C:\dev\ferify-project\ferify-mobile-app\node_modules\react-native-edge-to-edge\android\build\intermediates\merged_manifest\debug\processDebugManifest\AndroidManifest.xml:2:1-7:12
MERGED from [:react-native-async-storage_async-storage] C:\dev\ferify-project\ferify-mobile-app\node_modules\@react-native-async-storage\async-storage\android\build\intermediates\merged_manifest\debug\processDebugManifest\AndroidManifest.xml:2:1-7:12
MERGED from [:react-native-voice_voice] C:\dev\ferify-project\ferify-mobile-app\node_modules\@react-native-voice\voice\android\build\intermediates\merged_manifest\debug\processDebugManifest\AndroidManifest.xml:2:1-13:12
MERGED from [:expo] C:\dev\ferify-project\ferify-mobile-app\node_modules\expo\android\build\intermediates\merged_manifest\debug\processDebugManifest\AndroidManifest.xml:2:1-7:12
MERGED from [:react-native-reanimated] C:\dev\ferify-project\ferify-mobile-app\node_modules\react-native-reanimated\android\build\intermediates\merged_manifest\debug\processDebugManifest\AndroidManifest.xml:2:1-7:12
MERGED from [:react-native-vector-icons] C:\dev\ferify-project\ferify-mobile-app\node_modules\react-native-vector-icons\android\build\intermediates\merged_manifest\debug\processDebugManifest\AndroidManifest.xml:2:1-7:12
MERGED from [:expo-dev-launcher] C:\dev\ferify-project\ferify-mobile-app\node_modules\expo-dev-launcher\android\build\intermediates\merged_manifest\debug\processDebugManifest\AndroidManifest.xml:2:1-32:12
MERGED from [:expo-dev-menu] C:\dev\ferify-project\ferify-mobile-app\node_modules\expo-dev-menu\android\build\intermediates\merged_manifest\debug\processDebugManifest\AndroidManifest.xml:2:1-24:12
MERGED from [:expo-dev-menu-interface] C:\dev\ferify-project\ferify-mobile-app\node_modules\expo-dev-menu-interface\android\build\intermediates\merged_manifest\debug\processDebugManifest\AndroidManifest.xml:2:1-7:12
MERGED from [:expo-speech-recognition] C:\dev\ferify-project\ferify-mobile-app\node_modules\expo-speech-recognition\android\build\intermediates\merged_manifest\debug\processDebugManifest\AndroidManifest.xml:2:1-7:12
MERGED from [:expo-modules-core] C:\dev\ferify-project\ferify-mobile-app\node_modules\expo-modules-core\android\build\intermediates\merged_manifest\debug\processDebugManifest\AndroidManifest.xml:2:1-18:12
MERGED from [host.exp.exponent:expo.modules.font:13.3.2] C:\Users\hp\.gradle\caches\8.13\transforms\4fee0ec28ded3846de5844e9164ba547\transformed\expo.modules.font-13.3.2\AndroidManifest.xml:2:1-7:12
MERGED from [BareExpo:expo.modules.image:2.4.1] C:\Users\hp\.gradle\caches\8.13\transforms\a6cb8db52191cf3613118879263ea3e8\transformed\expo.modules.image-2.4.1\AndroidManifest.xml:2:1-19:12
MERGED from [host.exp.exponent:expo.modules.splashscreen:0.30.10] C:\Users\hp\.gradle\caches\8.13\transforms\7a2c7cae502529c52084e73dd2e094c1\transformed\expo.modules.splashscreen-0.30.10\AndroidManifest.xml:2:1-7:12
MERGED from [host.exp.exponent:expo.modules.systemui:5.0.11] C:\Users\hp\.gradle\caches\8.13\transforms\4487fcb09468837d624ec251eee485a5\transformed\expo.modules.systemui-5.0.11\AndroidManifest.xml:2:1-7:12
MERGED from [com.facebook.react:react-android:0.79.6] C:\Users\hp\.gradle\caches\8.13\transforms\7dd298ccc7748dddcfd5a2a68337b699\transformed\react-android-0.79.6-debug\AndroidManifest.xml:2:1-24:12
MERGED from [com.google.android.gms:play-services-auth:21.4.0] C:\Users\hp\.gradle\caches\8.13\transforms\b2e5321f3a359cb09213df0d9dd3ccc4\transformed\play-services-auth-21.4.0\AndroidManifest.xml:17:1-40:12
MERGED from [com.google.android.material:material:1.12.0] C:\Users\hp\.gradle\caches\8.13\transforms\be805c6cdb2e55d8cad4e51721af17b0\transformed\material-1.12.0\AndroidManifest.xml:17:1-24:12
MERGED from [host.exp.exponent:expo.modules.imagepicker:16.1.4] C:\Users\hp\.gradle\caches\8.13\transforms\44dedef735c6ff150e386db9293becae\transformed\expo.modules.imagepicker-16.1.4\AndroidManifest.xml:2:1-57:12
MERGED from [androidx.core:core-splashscreen:1.2.0-alpha02] C:\Users\hp\.gradle\caches\8.13\transforms\bbe686a51f4234def6530f433f6d4b7e\transformed\core-splashscreen-1.2.0-alpha02\AndroidManifest.xml:17:1-22:12
MERGED from [androidx.appcompat:appcompat-resources:1.7.0] C:\Users\hp\.gradle\caches\8.13\transforms\26f6892b8063a58fd256636b0cfad50c\transformed\appcompat-resources-1.7.0\AndroidManifest.xml:2:1-7:12
MERGED from [com.github.penfeizhou.android.animation:glide-plugin:3.0.5] C:\Users\hp\.gradle\caches\8.13\transforms\8c90969d8fc8125a2c01d3802ddcdcef\transformed\glide-plugin-3.0.5\AndroidManifest.xml:2:1-7:12
MERGED from [com.vanniktech:android-image-cropper:4.6.0] C:\Users\hp\.gradle\caches\8.13\transforms\7a8a81efcb41aae7f46f9c77bd798ed0\transformed\android-image-cropper-4.6.0\AndroidManifest.xml:2:1-36:12
MERGED from [androidx.constraintlayout:constraintlayout:2.0.1] C:\Users\hp\.gradle\caches\8.13\transforms\e858cda495d601f85a591d2b2a4e4c7f\transformed\constraintlayout-2.0.1\AndroidManifest.xml:2:1-11:12
MERGED from [com.github.penfeizhou.android.animation:awebp:3.0.5] C:\Users\hp\.gradle\caches\8.13\transforms\45d78c65be7ba3f9f1317adc1ef3637c\transformed\awebp-3.0.5\AndroidManifest.xml:2:1-7:12
MERGED from [com.github.penfeizhou.android.animation:apng:3.0.5] C:\Users\hp\.gradle\caches\8.13\transforms\04143def5d3e7c75af87a0534d30295e\transformed\apng-3.0.5\AndroidManifest.xml:2:1-7:12
MERGED from [com.github.penfeizhou.android.animation:gif:3.0.5] C:\Users\hp\.gradle\caches\8.13\transforms\a2a00d0d6a454bd6d22cb6add2323155\transformed\gif-3.0.5\AndroidManifest.xml:2:1-7:12
MERGED from [com.github.penfeizhou.android.animation:avif:3.0.5] C:\Users\hp\.gradle\caches\8.13\transforms\67d8de22045adf2f70b988dcbcc9e3fc\transformed\avif-3.0.5\AndroidManifest.xml:2:1-7:12
MERGED from [com.github.penfeizhou.android.animation:frameanimation:3.0.5] C:\Users\hp\.gradle\caches\8.13\transforms\f7c57b62a8463c671a2da12a32c61dbd\transformed\frameanimation-3.0.5\AndroidManifest.xml:2:1-7:12
MERGED from [androidx.appcompat:appcompat:1.7.0] C:\Users\hp\.gradle\caches\8.13\transforms\5e158d51adf3650b94fbff634c2369be\transformed\appcompat-1.7.0\AndroidManifest.xml:2:1-7:12
MERGED from [com.google.android.gms:play-services-auth-api-phone:18.0.2] C:\Users\hp\.gradle\caches\8.13\transforms\48bcf1b16b82349b3cb67076c7e5e6ed\transformed\play-services-auth-api-phone-18.0.2\AndroidManifest.xml:2:1-7:12
MERGED from [com.google.android.gms:play-services-auth-base:18.0.10] C:\Users\hp\.gradle\caches\8.13\transforms\83c53f666b85265b8edb56674071725d\transformed\play-services-auth-base-18.0.10\AndroidManifest.xml:2:1-7:12
MERGED from [com.google.android.gms:play-services-fido:20.0.1] C:\Users\hp\.gradle\caches\8.13\transforms\a043d62b8ebd8cc6e69ed9f8fa01927a\transformed\play-services-fido-20.0.1\AndroidManifest.xml:2:1-10:12
MERGED from [host.exp.exponent:expo.modules.location:18.1.6] C:\Users\hp\.gradle\caches\8.13\transforms\93a4fa2a2a7d0b80394ce6d46802aaf9\transformed\expo.modules.location-18.1.6\AndroidManifest.xml:2:1-17:12
MERGED from [com.google.android.gms:play-services-location:21.0.1] C:\Users\hp\.gradle\caches\8.13\transforms\255fda635752706b20931b43893150cc\transformed\play-services-location-21.0.1\AndroidManifest.xml:2:1-9:12
MERGED from [com.google.android.gms:play-services-base:18.5.0] C:\Users\hp\.gradle\caches\8.13\transforms\84636c784e34b7621b26314b15be794f\transformed\play-services-base-18.5.0\AndroidManifest.xml:2:1-7:12
MERGED from [com.google.android.gms:play-services-tasks:18.2.0] C:\Users\hp\.gradle\caches\8.13\transforms\111144dc4bd1d308eed5f77a4c8ec3fb\transformed\play-services-tasks-18.2.0\AndroidManifest.xml:2:1-5:12
MERGED from [com.google.android.gms:play-services-basement:18.5.0] C:\Users\hp\.gradle\caches\8.13\transforms\b7b5be94e522239f8dec619fdef9dc09\transformed\play-services-basement-18.5.0\AndroidManifest.xml:16:1-26:12
MERGED from [androidx.lifecycle:lifecycle-extensions:2.2.0] C:\Users\hp\.gradle\caches\8.13\transforms\e1f636a86fba2bef3d74ca08df15c6cb\transformed\lifecycle-extensions-2.2.0\AndroidManifest.xml:17:1-27:12
MERGED from [:expo-image-loader] C:\dev\ferify-project\ferify-mobile-app\node_modules\expo-image-loader\android\build\intermediates\merged_manifest\debug\processDebugManifest\AndroidManifest.xml:2:1-7:12
MERGED from [com.github.bumptech.glide:avif-integration:4.16.0] C:\Users\hp\.gradle\caches\8.13\transforms\e067f93ae14edde50fc6c8871eb5f2d8\transformed\avif-integration-4.16.0\AndroidManifest.xml:2:1-9:12
MERGED from [jp.wasabeef:glide-transformations:4.3.0] C:\Users\hp\.gradle\caches\8.13\transforms\0e99254d9f757a9428ea76631d789a8a\transformed\glide-transformations-4.3.0\AndroidManifest.xml:2:1-9:12
MERGED from [com.github.bumptech.glide:okhttp3-integration:4.11.0] C:\Users\hp\.gradle\caches\8.13\transforms\154a99f393fb48fd5bf19c6e0f6a97b1\transformed\okhttp3-integration-4.11.0\AndroidManifest.xml:2:1-16:12
MERGED from [com.github.bumptech.glide:glide:4.16.0] C:\Users\hp\.gradle\caches\8.13\transforms\f99b5414e6b0051e279ecadde936e029\transformed\glide-4.16.0\AndroidManifest.xml:2:1-9:12
MERGED from [host.exp.exponent:expo.modules.filesystem:18.1.11] C:\Users\hp\.gradle\caches\8.13\transforms\fef9fdc2d941fa61931efd3c291e42b6\transformed\expo.modules.filesystem-18.1.11\AndroidManifest.xml:2:1-33:12
MERGED from [androidx.legacy:legacy-support-v4:1.0.0] C:\Users\hp\.gradle\caches\8.13\transforms\d20daf90899378ea5a280898d5aa93cb\transformed\legacy-support-v4-1.0.0\AndroidManifest.xml:17:1-22:12
MERGED from [androidx.viewpager2:viewpager2:1.0.0] C:\Users\hp\.gradle\caches\8.13\transforms\5c0fbb7d50a0a56b4437eb535a0786c1\transformed\viewpager2-1.0.0\AndroidManifest.xml:17:1-24:12
MERGED from [androidx.fragment:fragment:1.6.1] C:\Users\hp\.gradle\caches\8.13\transforms\b5770086ff997f759cd28f2123776681\transformed\fragment-1.6.1\AndroidManifest.xml:17:1-22:12
MERGED from [androidx.fragment:fragment-ktx:1.6.1] C:\Users\hp\.gradle\caches\8.13\transforms\b2ddb9b8aadd0c7f7492132d8d0246a2\transformed\fragment-ktx-1.6.1\AndroidManifest.xml:17:1-22:12
MERGED from [com.facebook.fresco:fresco:3.6.0] C:\Users\hp\.gradle\caches\8.13\transforms\7d4502617db91038f0cebf1e6993eae2\transformed\fresco-3.6.0\AndroidManifest.xml:2:1-7:12
MERGED from [com.facebook.fresco:imagepipeline-okhttp3:3.6.0] C:\Users\hp\.gradle\caches\8.13\transforms\0fdea9200a8aa1ff23978d0097c23839\transformed\imagepipeline-okhttp3-3.6.0\AndroidManifest.xml:2:1-7:12
MERGED from [com.facebook.fresco:webpsupport:3.6.0] C:\Users\hp\.gradle\caches\8.13\transforms\9a307ddaf25a1054b379c2ba4c23808f\transformed\webpsupport-3.6.0\AndroidManifest.xml:2:1-7:12
MERGED from [com.facebook.fresco:animated-gif:3.6.0] C:\Users\hp\.gradle\caches\8.13\transforms\60b1b77cc53176bf075b69970924d7e7\transformed\animated-gif-3.6.0\AndroidManifest.xml:2:1-7:12
MERGED from [com.facebook.fresco:animated-base:3.6.0] C:\Users\hp\.gradle\caches\8.13\transforms\693c277db55aca8ce4ec6f7323f0ad9f\transformed\animated-base-3.6.0\AndroidManifest.xml:2:1-7:12
MERGED from [com.facebook.fresco:animated-drawable:3.6.0] C:\Users\hp\.gradle\caches\8.13\transforms\abc72a50ec0abe4f7fb0e286aacf49ed\transformed\animated-drawable-3.6.0\AndroidManifest.xml:2:1-7:12
MERGED from [com.facebook.fresco:vito-options:3.6.0] C:\Users\hp\.gradle\caches\8.13\transforms\1b273de8da011bb410071c6523370cd7\transformed\vito-options-3.6.0\AndroidManifest.xml:2:1-7:12
MERGED from [com.facebook.fresco:drawee:3.6.0] C:\Users\hp\.gradle\caches\8.13\transforms\b2ca74fa571d8812f2e9af890a8f9302\transformed\drawee-3.6.0\AndroidManifest.xml:2:1-7:12
MERGED from [com.facebook.fresco:nativeimagefilters:3.6.0] C:\Users\hp\.gradle\caches\8.13\transforms\f453b3ccba34c48cb2596ffdd6156ddb\transformed\nativeimagefilters-3.6.0\AndroidManifest.xml:2:1-7:12
MERGED from [com.facebook.fresco:memory-type-native:3.6.0] C:\Users\hp\.gradle\caches\8.13\transforms\9f3ca882b0072637e15acbf93d55b263\transformed\memory-type-native-3.6.0\AndroidManifest.xml:2:1-7:12
MERGED from [com.facebook.fresco:memory-type-java:3.6.0] C:\Users\hp\.gradle\caches\8.13\transforms\04e48458c5c766fd98bda89572ea4821\transformed\memory-type-java-3.6.0\AndroidManifest.xml:2:1-7:12
MERGED from [com.facebook.fresco:imagepipeline-native:3.6.0] C:\Users\hp\.gradle\caches\8.13\transforms\bbc66213c0072a19da77e87b50889315\transformed\imagepipeline-native-3.6.0\AndroidManifest.xml:2:1-7:12
MERGED from [com.facebook.fresco:memory-type-ashmem:3.6.0] C:\Users\hp\.gradle\caches\8.13\transforms\e3d247f9f869391ae3af108f7d7b20c0\transformed\memory-type-ashmem-3.6.0\AndroidManifest.xml:2:1-7:12
MERGED from [com.facebook.fresco:imagepipeline:3.6.0] C:\Users\hp\.gradle\caches\8.13\transforms\f6753ea67790b0b3ca90f73bdd49cbb0\transformed\imagepipeline-3.6.0\AndroidManifest.xml:2:1-7:12
MERGED from [com.facebook.fresco:nativeimagetranscoder:3.6.0] C:\Users\hp\.gradle\caches\8.13\transforms\f511f1295f18841f9f800031a2810055\transformed\nativeimagetranscoder-3.6.0\AndroidManifest.xml:2:1-7:12
MERGED from [com.facebook.fresco:imagepipeline-base:3.6.0] C:\Users\hp\.gradle\caches\8.13\transforms\690c43673a75a2059b420782b7642d6e\transformed\imagepipeline-base-3.6.0\AndroidManifest.xml:2:1-7:12
MERGED from [com.facebook.fresco:urimod:3.6.0] C:\Users\hp\.gradle\caches\8.13\transforms\4e986dfdaf95665262597e803ce29dc5\transformed\urimod-3.6.0\AndroidManifest.xml:2:1-7:12
MERGED from [com.facebook.fresco:vito-source:3.6.0] C:\Users\hp\.gradle\caches\8.13\transforms\1b1167c99a3a6bb8d58febc56083f28e\transformed\vito-source-3.6.0\AndroidManifest.xml:2:1-7:12
MERGED from [com.facebook.fresco:middleware:3.6.0] C:\Users\hp\.gradle\caches\8.13\transforms\947906584408133fa258ff81ff4d90ac\transformed\middleware-3.6.0\AndroidManifest.xml:2:1-7:12
MERGED from [com.facebook.fresco:ui-common:3.6.0] C:\Users\hp\.gradle\caches\8.13\transforms\99c60b1e2149d1fbe34a3338abb0b227\transformed\ui-common-3.6.0\AndroidManifest.xml:2:1-7:12
MERGED from [com.facebook.fresco:soloader:3.6.0] C:\Users\hp\.gradle\caches\8.13\transforms\71a3324b13ff71c2857fa6086a7e04af\transformed\soloader-3.6.0\AndroidManifest.xml:2:1-7:12
MERGED from [com.facebook.fresco:fbcore:3.6.0] C:\Users\hp\.gradle\caches\8.13\transforms\34f4ee91430261663fca573edfe8223f\transformed\fbcore-3.6.0\AndroidManifest.xml:2:1-7:12
MERGED from [:expo-constants] C:\dev\ferify-project\ferify-mobile-app\node_modules\expo-constants\android\build\intermediates\merged_manifest\debug\processDebugManifest\AndroidManifest.xml:2:1-7:12
MERGED from [:expo-dev-client] C:\dev\ferify-project\ferify-mobile-app\node_modules\expo-dev-client\android\build\intermediates\merged_manifest\debug\processDebugManifest\AndroidManifest.xml:2:1-7:12
MERGED from [:expo-manifests] C:\dev\ferify-project\ferify-mobile-app\node_modules\expo-manifests\android\build\intermediates\merged_manifest\debug\processDebugManifest\AndroidManifest.xml:2:1-7:12
MERGED from [:expo-json-utils] C:\dev\ferify-project\ferify-mobile-app\node_modules\expo-json-utils\android\build\intermediates\merged_manifest\debug\processDebugManifest\AndroidManifest.xml:2:1-7:12
MERGED from [:expo-updates-interface] C:\dev\ferify-project\ferify-mobile-app\node_modules\expo-updates-interface\android\build\intermediates\merged_manifest\debug\processDebugManifest\AndroidManifest.xml:2:1-7:12
MERGED from [host.exp.exponent:expo.modules.application:6.1.5] C:\Users\hp\.gradle\caches\8.13\transforms\7fe0bcfa5de897451213655b018bba8b\transformed\expo.modules.application-6.1.5\AndroidManifest.xml:2:1-7:12
MERGED from [expo.modules.asset:expo.modules.asset:11.1.7] C:\Users\hp\.gradle\caches\8.13\transforms\3ad6fc53b2bff3ae890bfbb7f8abca0f\transformed\expo.modules.asset-11.1.7\AndroidManifest.xml:2:1-7:12
MERGED from [host.exp.exponent:expo.modules.blur:14.1.5] C:\Users\hp\.gradle\caches\8.13\transforms\fd9d9a37ebd036d41335a57a923e3f3e\transformed\expo.modules.blur-14.1.5\AndroidManifest.xml:2:1-7:12
MERGED from [host.exp.exponent:expo.modules.crypto:14.1.5] C:\Users\hp\.gradle\caches\8.13\transforms\2d68ebc3b2d891c94cfd33aa5186afa8\transformed\expo.modules.crypto-14.1.5\AndroidManifest.xml:2:1-7:12
MERGED from [host.exp.exponent:expo.modules.haptics:14.1.4] C:\Users\hp\.gradle\caches\8.13\transforms\a352ec053b24e5141a16241693642fcb\transformed\expo.modules.haptics-14.1.4\AndroidManifest.xml:2:1-9:12
MERGED from [host.exp.exponent:expo.modules.keepawake:14.1.4] C:\Users\hp\.gradle\caches\8.13\transforms\ba8a617544e22934a35df8c4c0f00463\transformed\expo.modules.keepawake-14.1.4\AndroidManifest.xml:2:1-7:12
MERGED from [host.exp.exponent:expo.modules.linking:7.1.7] C:\Users\hp\.gradle\caches\8.13\transforms\5e9b522a63dbfac0512e98cafdbb9962\transformed\expo.modules.linking-7.1.7\AndroidManifest.xml:2:1-7:12
MERGED from [host.exp.exponent:expo.modules.webbrowser:14.2.0] C:\Users\hp\.gradle\caches\8.13\transforms\3e1c3008415887473f6d920c1b1d8993\transformed\expo.modules.webbrowser-14.2.0\AndroidManifest.xml:2:1-15:12
MERGED from [androidx.legacy:legacy-support-core-ui:1.0.0] C:\Users\hp\.gradle\caches\8.13\transforms\7c1ff614e55963fb3e5064ef15051de5\transformed\legacy-support-core-ui-1.0.0\AndroidManifest.xml:17:1-22:12
MERGED from [androidx.coordinatorlayout:coordinatorlayout:1.2.0] C:\Users\hp\.gradle\caches\8.13\transforms\841b5dd71bd0e36526ae3ac4049ae36d\transformed\coordinatorlayout-1.2.0\AndroidManifest.xml:17:1-24:12
MERGED from [androidx.swiperefreshlayout:swiperefreshlayout:1.1.0] C:\Users\hp\.gradle\caches\8.13\transforms\c98eac47421cc411bfb007f7b1f2f704\transformed\swiperefreshlayout-1.1.0\AndroidManifest.xml:17:1-24:12
MERGED from [androidx.webkit:webkit:1.4.0] C:\Users\hp\.gradle\caches\8.13\transforms\4b4a8ea01ead8b0022554150177b8940\transformed\webkit-1.4.0\AndroidManifest.xml:17:1-24:12
MERGED from [androidx.autofill:autofill:1.1.0] C:\Users\hp\.gradle\caches\8.13\transforms\590c8cbe0e5fc75f6ea99f0329cc6beb\transformed\autofill-1.1.0\AndroidManifest.xml:17:1-24:12
MERGED from [androidx.transition:transition:1.5.0] C:\Users\hp\.gradle\caches\8.13\transforms\0b92901caa862045d69af21a069d1503\transformed\transition-1.5.0\AndroidManifest.xml:2:1-7:12
MERGED from [androidx.dynamicanimation:dynamicanimation:1.0.0] C:\Users\hp\.gradle\caches\8.13\transforms\871f0814459475f69100ee5b6b0e11e9\transformed\dynamicanimation-1.0.0\AndroidManifest.xml:17:1-22:12
MERGED from [androidx.legacy:legacy-support-core-utils:1.0.0] C:\Users\hp\.gradle\caches\8.13\transforms\5d86e34d59f20b76b06d8eaae58141ed\transformed\legacy-support-core-utils-1.0.0\AndroidManifest.xml:17:1-22:12
MERGED from [androidx.loader:loader:1.1.0] C:\Users\hp\.gradle\caches\8.13\transforms\d3030fe858a43e700e033860cda2030c\transformed\loader-1.1.0\AndroidManifest.xml:17:1-24:12
MERGED from [androidx.browser:browser:1.6.0] C:\Users\hp\.gradle\caches\8.13\transforms\ebcbc782ad50c6803126b618e584af22\transformed\browser-1.6.0\AndroidManifest.xml:2:1-7:12
MERGED from [androidx.drawerlayout:drawerlayout:1.1.1] C:\Users\hp\.gradle\caches\8.13\transforms\ab65da9ffdc054d7515fd82d7732c762\transformed\drawerlayout-1.1.1\AndroidManifest.xml:17:1-24:12
MERGED from [androidx.vectordrawable:vectordrawable-animated:1.1.0] C:\Users\hp\.gradle\caches\8.13\transforms\628f0576876fb12cb1d8ef18fbf9961d\transformed\vectordrawable-animated-1.1.0\AndroidManifest.xml:17:1-24:12
MERGED from [androidx.vectordrawable:vectordrawable:1.1.0] C:\Users\hp\.gradle\caches\8.13\transforms\a433e5aaa6f715a8603c3533d2172210\transformed\vectordrawable-1.1.0\AndroidManifest.xml:17:1-24:12
MERGED from [androidx.emoji2:emoji2-views-helper:1.3.0] C:\Users\hp\.gradle\caches\8.13\transforms\dda552785eb2e21281835f82139051bd\transformed\emoji2-views-helper-1.3.0\AndroidManifest.xml:2:1-7:12
MERGED from [androidx.emoji2:emoji2:1.3.0] C:\Users\hp\.gradle\caches\8.13\transforms\bdf6bd7e275c0c4cf963c663ef85151f\transformed\emoji2-1.3.0\AndroidManifest.xml:17:1-35:12
MERGED from [androidx.media:media:1.0.0] C:\Users\hp\.gradle\caches\8.13\transforms\6c67b3583535e8d04d5e1c7b305efadb\transformed\media-1.0.0\AndroidManifest.xml:17:1-22:12
MERGED from [androidx.viewpager:viewpager:1.0.0] C:\Users\hp\.gradle\caches\8.13\transforms\7eb48d80ccb41afe7bab343cd08e8abd\transformed\viewpager-1.0.0\AndroidManifest.xml:17:1-22:12
MERGED from [androidx.recyclerview:recyclerview:1.1.0] C:\Users\hp\.gradle\caches\8.13\transforms\67d16a499d95463eeb6fca9b907cf54c\transformed\recyclerview-1.1.0\AndroidManifest.xml:17:1-24:12
MERGED from [androidx.slidingpanelayout:slidingpanelayout:1.0.0] C:\Users\hp\.gradle\caches\8.13\transforms\5d51cf8119f9cb9ec6baa74668132a69\transformed\slidingpanelayout-1.0.0\AndroidManifest.xml:17:1-22:12
MERGED from [androidx.customview:customview:1.1.0] C:\Users\hp\.gradle\caches\8.13\transforms\d038064b9ff5b4c58cbf7bd34b404aa9\transformed\customview-1.1.0\AndroidManifest.xml:17:1-24:12
MERGED from [androidx.asynclayoutinflater:asynclayoutinflater:1.0.0] C:\Users\hp\.gradle\caches\8.13\transforms\4f0f97c276b89593efd1cc9c6a4ad66c\transformed\asynclayoutinflater-1.0.0\AndroidManifest.xml:17:1-22:12
MERGED from [androidx.core:core:1.13.1] C:\Users\hp\.gradle\caches\8.13\transforms\3709465e82c922f518d124b9b76a7a36\transformed\core-1.13.1\AndroidManifest.xml:17:1-30:12
MERGED from [androidx.activity:activity-ktx:1.10.0] C:\Users\hp\.gradle\caches\8.13\transforms\a06a29764de9d64ba89a5a7c8cec8f9f\transformed\activity-ktx-1.10.0\AndroidManifest.xml:2:1-7:12
MERGED from [androidx.activity:activity:1.10.0] C:\Users\hp\.gradle\caches\8.13\transforms\bf1e9ce1d657f8d0a5371b2e2b946cf7\transformed\activity-1.10.0\AndroidManifest.xml:17:1-22:12
MERGED from [androidx.savedstate:savedstate-ktx:1.2.1] C:\Users\hp\.gradle\caches\8.13\transforms\38955687eabebbb73ff594f28991ed95\transformed\savedstate-ktx-1.2.1\AndroidManifest.xml:17:1-22:12
MERGED from [androidx.savedstate:savedstate:1.2.1] C:\Users\hp\.gradle\caches\8.13\transforms\22b17fa09617d1bd320a8ca07a69765b\transformed\savedstate-1.2.1\AndroidManifest.xml:17:1-22:12
MERGED from [androidx.lifecycle:lifecycle-viewmodel-ktx:2.6.2] C:\Users\hp\.gradle\caches\8.13\transforms\7aefec13fd83b5db0249c546d2d8b078\transformed\lifecycle-viewmodel-ktx-2.6.2\AndroidManifest.xml:17:1-22:12
MERGED from [androidx.lifecycle:lifecycle-viewmodel:2.6.2] C:\Users\hp\.gradle\caches\8.13\transforms\84bf96c6fa55ad4881b8bc9626d3422f\transformed\lifecycle-viewmodel-2.6.2\AndroidManifest.xml:17:1-22:12
MERGED from [androidx.lifecycle:lifecycle-service:2.6.2] C:\Users\hp\.gradle\caches\8.13\transforms\c0c50c88756bcac103613312adb72468\transformed\lifecycle-service-2.6.2\AndroidManifest.xml:17:1-22:12
MERGED from [androidx.lifecycle:lifecycle-runtime-ktx:2.6.2] C:\Users\hp\.gradle\caches\8.13\transforms\8fa1795a61f1e4fc8c45e820390b62da\transformed\lifecycle-runtime-ktx-2.6.2\AndroidManifest.xml:17:1-22:12
MERGED from [androidx.lifecycle:lifecycle-process:2.6.2] C:\Users\hp\.gradle\caches\8.13\transforms\6e6486fd168175231d9ed9a95f94dbcc\transformed\lifecycle-process-2.6.2\AndroidManifest.xml:17:1-35:12
MERGED from [androidx.lifecycle:lifecycle-livedata-core-ktx:2.6.2] C:\Users\hp\.gradle\caches\8.13\transforms\467a8905804a473e491f1cec3d255218\transformed\lifecycle-livedata-core-ktx-2.6.2\AndroidManifest.xml:17:1-22:12
MERGED from [androidx.lifecycle:lifecycle-livedata-core:2.6.2] C:\Users\hp\.gradle\caches\8.13\transforms\5cc9cea7ef19e910f9173ebf82db5f9e\transformed\lifecycle-livedata-core-2.6.2\AndroidManifest.xml:17:1-22:12
MERGED from [androidx.lifecycle:lifecycle-livedata:2.6.2] C:\Users\hp\.gradle\caches\8.13\transforms\558d4d9938f8745cd1035c5c21001edb\transformed\lifecycle-livedata-2.6.2\AndroidManifest.xml:17:1-22:12
MERGED from [androidx.lifecycle:lifecycle-runtime:2.6.2] C:\Users\hp\.gradle\caches\8.13\transforms\922da6effdf558a16afc5862d2d1bb0e\transformed\lifecycle-runtime-2.6.2\AndroidManifest.xml:2:1-7:12
MERGED from [androidx.lifecycle:lifecycle-viewmodel-savedstate:2.6.2] C:\Users\hp\.gradle\caches\8.13\transforms\f90e556133ee7d96ac3068473486fab1\transformed\lifecycle-viewmodel-savedstate-2.6.2\AndroidManifest.xml:17:1-22:12
MERGED from [androidx.core:core-ktx:1.13.1] C:\Users\hp\.gradle\caches\8.13\transforms\da82a7daf4f92b7331a3ae098907e446\transformed\core-ktx-1.13.1\AndroidManifest.xml:2:1-7:12
MERGED from [androidx.profileinstaller:profileinstaller:1.4.0] C:\Users\hp\.gradle\caches\8.13\transforms\6a806ce5b0541d9b26a9eb98fc422d6e\transformed\profileinstaller-1.4.0\AndroidManifest.xml:17:1-55:12
MERGED from [androidx.startup:startup-runtime:1.1.1] C:\Users\hp\.gradle\caches\8.13\transforms\1cab8a385a0d890ff7eff3eaeac85db5\transformed\startup-runtime-1.1.1\AndroidManifest.xml:17:1-33:12
MERGED from [androidx.tracing:tracing:1.2.0] C:\Users\hp\.gradle\caches\8.13\transforms\ce9bcf49733e17725f148bfc89de8bae\transformed\tracing-1.2.0\AndroidManifest.xml:17:1-22:12
MERGED from [androidx.tracing:tracing-ktx:1.2.0] C:\Users\hp\.gradle\caches\8.13\transforms\e8d33a325f55fc3eb26b77fce9f02c2d\transformed\tracing-ktx-1.2.0\AndroidManifest.xml:17:1-22:12
MERGED from [com.facebook.fresco:ui-core:3.6.0] C:\Users\hp\.gradle\caches\8.13\transforms\fc2fbdb7b1b8ceeab9c0b081e4889a01\transformed\ui-core-3.6.0\AndroidManifest.xml:2:1-7:12
MERGED from [androidx.annotation:annotation-experimental:1.4.0] C:\Users\hp\.gradle\caches\8.13\transforms\7d6cf214387d91dce9809d6a14dc6c18\transformed\annotation-experimental-1.4.0\AndroidManifest.xml:2:1-7:12
MERGED from [com.facebook.fresco:vito-renderer:3.6.0] C:\Users\hp\.gradle\caches\8.13\transforms\5a5b2ece211fed6c683f81e9e4ffab66\transformed\vito-renderer-3.6.0\AndroidManifest.xml:2:1-7:12
MERGED from [com.facebook.react:hermes-android:0.79.6] C:\Users\hp\.gradle\caches\8.13\transforms\3a9df8d2dce51b9c6e251e89d6835984\transformed\hermes-android-0.79.6-debug\AndroidManifest.xml:2:1-7:12
MERGED from [androidx.databinding:viewbinding:8.8.2] C:\Users\hp\.gradle\caches\8.13\transforms\bac86452941158edb5f6a62bed9fa0a3\transformed\viewbinding-8.8.2\AndroidManifest.xml:2:1-7:12
MERGED from [com.github.Dimezis:BlurView:version-2.0.6] C:\Users\hp\.gradle\caches\8.13\transforms\d0cd0efd977f9a01291ed72ab7691acb\transformed\BlurView-version-2.0.6\AndroidManifest.xml:2:1-11:12
MERGED from [androidx.exifinterface:exifinterface:1.3.7] C:\Users\hp\.gradle\caches\8.13\transforms\45d8985efe352a315fff4e7dda185980\transformed\exifinterface-1.3.7\AndroidManifest.xml:17:1-24:12
MERGED from [androidx.interpolator:interpolator:1.0.0] C:\Users\hp\.gradle\caches\8.13\transforms\b9449e9f05d0355ebd5a2390e7334597\transformed\interpolator-1.0.0\AndroidManifest.xml:17:1-22:12
MERGED from [androidx.cardview:cardview:1.0.0] C:\Users\hp\.gradle\caches\8.13\transforms\17ee30e9c6ccb74f5a80149bde191985\transformed\cardview-1.0.0\AndroidManifest.xml:17:1-22:12
MERGED from [androidx.cursoradapter:cursoradapter:1.0.0] C:\Users\hp\.gradle\caches\8.13\transforms\9879aa3271066c0c5de04487ca257f18\transformed\cursoradapter-1.0.0\AndroidManifest.xml:17:1-22:12
MERGED from [androidx.versionedparcelable:versionedparcelable:1.1.1] C:\Users\hp\.gradle\caches\8.13\transforms\b057ec66ea7c2e14e1378a0a2daa40a5\transformed\versionedparcelable-1.1.1\AndroidManifest.xml:17:1-27:12
MERGED from [com.github.bumptech.glide:gifdecoder:4.16.0] C:\Users\hp\.gradle\caches\8.13\transforms\4b775066769714d9f9e6757e9a9c613b\transformed\gifdecoder-4.16.0\AndroidManifest.xml:2:1-9:12
MERGED from [androidx.documentfile:documentfile:1.0.0] C:\Users\hp\.gradle\caches\8.13\transforms\2bfaf943cc5ce0ec9d6ede06c38e4ed7\transformed\documentfile-1.0.0\AndroidManifest.xml:17:1-22:12
MERGED from [androidx.localbroadcastmanager:localbroadcastmanager:1.0.0] C:\Users\hp\.gradle\caches\8.13\transforms\e8b54ca374ae2a622fb7f306fb56d643\transformed\localbroadcastmanager-1.0.0\AndroidManifest.xml:17:1-22:12
MERGED from [androidx.print:print:1.0.0] C:\Users\hp\.gradle\caches\8.13\transforms\06cdf0fd570f8aaa7b43a78cccfdfc93\transformed\print-1.0.0\AndroidManifest.xml:17:1-22:12
MERGED from [androidx.arch.core:core-runtime:2.2.0] C:\Users\hp\.gradle\caches\8.13\transforms\ca5243ce18c6e1bbb838c3b9327f353d\transformed\core-runtime-2.2.0\AndroidManifest.xml:17:1-22:12
MERGED from [com.android.support:appcompat-v7:28.0.0] C:\Users\hp\.gradle\caches\8.13\transforms\e19e6d6013b99bbf502dc384103c831d\transformed\appcompat-v7-28.0.0\AndroidManifest.xml:17:1-22:12
MERGED from [com.facebook.fbjni:fbjni:0.7.0] C:\Users\hp\.gradle\caches\8.13\transforms\56df6f5f77df1e037f27ce4458035fcb\transformed\fbjni-0.7.0\AndroidManifest.xml:2:1-7:12
MERGED from [com.facebook.soloader:soloader:0.12.1] C:\Users\hp\.gradle\caches\8.13\transforms\37573d7fc76771033bad46c4c82d23a7\transformed\soloader-0.12.1\AndroidManifest.xml:2:1-17:12
MERGED from [com.android.support:support-fragment:28.0.0] C:\Users\hp\.gradle\caches\8.13\transforms\92fd5c410361e106ef5b263a54c2f6ff\transformed\support-fragment-28.0.0\AndroidManifest.xml:17:1-22:12
MERGED from [com.android.support:animated-vector-drawable:28.0.0] C:\Users\hp\.gradle\caches\8.13\transforms\2833cf41a7d170df918f5493de4fc343\transformed\animated-vector-drawable-28.0.0\AndroidManifest.xml:17:1-22:12
MERGED from [com.android.support:support-core-ui:28.0.0] C:\Users\hp\.gradle\caches\8.13\transforms\4d1feb30f819871aab0e3f55d1fd634a\transformed\support-core-ui-28.0.0\AndroidManifest.xml:17:1-22:12
MERGED from [com.android.support:support-core-utils:28.0.0] C:\Users\hp\.gradle\caches\8.13\transforms\0a7236bc2ad5a935ca076a1b60b5cd1a\transformed\support-core-utils-28.0.0\AndroidManifest.xml:17:1-22:12
MERGED from [com.android.support:support-vector-drawable:28.0.0] C:\Users\hp\.gradle\caches\8.13\transforms\e08afb297eeb374f78846c6f4bbb03f6\transformed\support-vector-drawable-28.0.0\AndroidManifest.xml:17:1-22:12
MERGED from [com.android.support:loader:28.0.0] C:\Users\hp\.gradle\caches\8.13\transforms\9a8848893291d80b8a0135ebb2b99dd0\transformed\loader-28.0.0\AndroidManifest.xml:17:1-22:12
MERGED from [com.android.support:viewpager:28.0.0] C:\Users\hp\.gradle\caches\8.13\transforms\4338620fd41411fda044991b038eb387\transformed\viewpager-28.0.0\AndroidManifest.xml:17:1-22:12
MERGED from [com.android.support:coordinatorlayout:28.0.0] C:\Users\hp\.gradle\caches\8.13\transforms\1b0cc982943ae378a53c6847ffc0d611\transformed\coordinatorlayout-28.0.0\AndroidManifest.xml:17:1-22:12
MERGED from [com.android.support:drawerlayout:28.0.0] C:\Users\hp\.gradle\caches\8.13\transforms\44c4e32f7a8cba22e8c2e55ea0b70906\transformed\drawerlayout-28.0.0\AndroidManifest.xml:17:1-22:12
MERGED from [com.android.support:slidingpanelayout:28.0.0] C:\Users\hp\.gradle\caches\8.13\transforms\11f430a6608c44f45c4cc6217806d83c\transformed\slidingpanelayout-28.0.0\AndroidManifest.xml:17:1-22:12
MERGED from [com.android.support:customview:28.0.0] C:\Users\hp\.gradle\caches\8.13\transforms\8659c65f886ba13a3953eb1711250a9e\transformed\customview-28.0.0\AndroidManifest.xml:17:1-22:12
MERGED from [com.android.support:swiperefreshlayout:28.0.0] C:\Users\hp\.gradle\caches\8.13\transforms\955ca2cb2b27d00503a320e856b87402\transformed\swiperefreshlayout-28.0.0\AndroidManifest.xml:17:1-22:12
MERGED from [com.android.support:asynclayoutinflater:28.0.0] C:\Users\hp\.gradle\caches\8.13\transforms\0bba80d148088a569116ac16937138a5\transformed\asynclayoutinflater-28.0.0\AndroidManifest.xml:17:1-22:12
MERGED from [com.android.support:support-compat:28.0.0] C:\Users\hp\.gradle\caches\8.13\transforms\52265c90752a4a82816dc800090b08ec\transformed\support-compat-28.0.0\AndroidManifest.xml:17:1-24:12
	package
		INJECTED from C:\dev\ferify-project\ferify-mobile-app\android\app\src\debug\AndroidManifest.xml
	android:versionName
		INJECTED from C:\dev\ferify-project\ferify-mobile-app\android\app\src\debug\AndroidManifest.xml
	xmlns:tools
		ADDED from C:\dev\ferify-project\ferify-mobile-app\android\app\src\main\AndroidManifest.xml:1:70-116
	android:versionCode
		INJECTED from C:\dev\ferify-project\ferify-mobile-app\android\app\src\debug\AndroidManifest.xml
	xmlns:android
		ADDED from C:\dev\ferify-project\ferify-mobile-app\android\app\src\main\AndroidManifest.xml:1:11-69
uses-permission#android.permission.ACCESS_COARSE_LOCATION
ADDED from C:\dev\ferify-project\ferify-mobile-app\android\app\src\main\AndroidManifest.xml:2:3-78
MERGED from [host.exp.exponent:expo.modules.location:18.1.6] C:\Users\hp\.gradle\caches\8.13\transforms\93a4fa2a2a7d0b80394ce6d46802aaf9\transformed\expo.modules.location-18.1.6\AndroidManifest.xml:7:5-81
MERGED from [host.exp.exponent:expo.modules.location:18.1.6] C:\Users\hp\.gradle\caches\8.13\transforms\93a4fa2a2a7d0b80394ce6d46802aaf9\transformed\expo.modules.location-18.1.6\AndroidManifest.xml:7:5-81
	android:name
		ADDED from C:\dev\ferify-project\ferify-mobile-app\android\app\src\main\AndroidManifest.xml:2:20-76
uses-permission#android.permission.ACCESS_FINE_LOCATION
ADDED from C:\dev\ferify-project\ferify-mobile-app\android\app\src\main\AndroidManifest.xml:3:3-76
MERGED from [host.exp.exponent:expo.modules.location:18.1.6] C:\Users\hp\.gradle\caches\8.13\transforms\93a4fa2a2a7d0b80394ce6d46802aaf9\transformed\expo.modules.location-18.1.6\AndroidManifest.xml:8:5-79
MERGED from [host.exp.exponent:expo.modules.location:18.1.6] C:\Users\hp\.gradle\caches\8.13\transforms\93a4fa2a2a7d0b80394ce6d46802aaf9\transformed\expo.modules.location-18.1.6\AndroidManifest.xml:8:5-79
	android:name
		ADDED from C:\dev\ferify-project\ferify-mobile-app\android\app\src\main\AndroidManifest.xml:3:20-74
uses-permission#android.permission.INTERNET
ADDED from C:\dev\ferify-project\ferify-mobile-app\android\app\src\main\AndroidManifest.xml:4:3-64
MERGED from [:react-native-voice_voice] C:\dev\ferify-project\ferify-mobile-app\node_modules\@react-native-voice\voice\android\build\intermediates\merged_manifest\debug\processDebugManifest\AndroidManifest.xml:11:5-67
MERGED from [:react-native-voice_voice] C:\dev\ferify-project\ferify-mobile-app\node_modules\@react-native-voice\voice\android\build\intermediates\merged_manifest\debug\processDebugManifest\AndroidManifest.xml:11:5-67
MERGED from [BareExpo:expo.modules.image:2.4.1] C:\Users\hp\.gradle\caches\8.13\transforms\a6cb8db52191cf3613118879263ea3e8\transformed\expo.modules.image-2.4.1\AndroidManifest.xml:7:5-67
MERGED from [BareExpo:expo.modules.image:2.4.1] C:\Users\hp\.gradle\caches\8.13\transforms\a6cb8db52191cf3613118879263ea3e8\transformed\expo.modules.image-2.4.1\AndroidManifest.xml:7:5-67
MERGED from [host.exp.exponent:expo.modules.filesystem:18.1.11] C:\Users\hp\.gradle\caches\8.13\transforms\fef9fdc2d941fa61931efd3c291e42b6\transformed\expo.modules.filesystem-18.1.11\AndroidManifest.xml:8:5-67
MERGED from [host.exp.exponent:expo.modules.filesystem:18.1.11] C:\Users\hp\.gradle\caches\8.13\transforms\fef9fdc2d941fa61931efd3c291e42b6\transformed\expo.modules.filesystem-18.1.11\AndroidManifest.xml:8:5-67
	android:name
		ADDED from C:\dev\ferify-project\ferify-mobile-app\android\app\src\main\AndroidManifest.xml:4:20-62
uses-permission#android.permission.READ_EXTERNAL_STORAGE
ADDED from C:\dev\ferify-project\ferify-mobile-app\android\app\src\main\AndroidManifest.xml:5:3-77
MERGED from [BareExpo:expo.modules.image:2.4.1] C:\Users\hp\.gradle\caches\8.13\transforms\a6cb8db52191cf3613118879263ea3e8\transformed\expo.modules.image-2.4.1\AndroidManifest.xml:15:5-17:38
MERGED from [BareExpo:expo.modules.image:2.4.1] C:\Users\hp\.gradle\caches\8.13\transforms\a6cb8db52191cf3613118879263ea3e8\transformed\expo.modules.image-2.4.1\AndroidManifest.xml:15:5-17:38
MERGED from [host.exp.exponent:expo.modules.imagepicker:16.1.4] C:\Users\hp\.gradle\caches\8.13\transforms\44dedef735c6ff150e386db9293becae\transformed\expo.modules.imagepicker-16.1.4\AndroidManifest.xml:12:5-80
MERGED from [host.exp.exponent:expo.modules.imagepicker:16.1.4] C:\Users\hp\.gradle\caches\8.13\transforms\44dedef735c6ff150e386db9293becae\transformed\expo.modules.imagepicker-16.1.4\AndroidManifest.xml:12:5-80
MERGED from [host.exp.exponent:expo.modules.filesystem:18.1.11] C:\Users\hp\.gradle\caches\8.13\transforms\fef9fdc2d941fa61931efd3c291e42b6\transformed\expo.modules.filesystem-18.1.11\AndroidManifest.xml:10:5-80
MERGED from [host.exp.exponent:expo.modules.filesystem:18.1.11] C:\Users\hp\.gradle\caches\8.13\transforms\fef9fdc2d941fa61931efd3c291e42b6\transformed\expo.modules.filesystem-18.1.11\AndroidManifest.xml:10:5-80
	android:maxSdkVersion
		ADDED from [BareExpo:expo.modules.image:2.4.1] C:\Users\hp\.gradle\caches\8.13\transforms\a6cb8db52191cf3613118879263ea3e8\transformed\expo.modules.image-2.4.1\AndroidManifest.xml:17:9-35
	android:name
		ADDED from C:\dev\ferify-project\ferify-mobile-app\android\app\src\main\AndroidManifest.xml:5:20-75
uses-permission#android.permission.RECORD_AUDIO
ADDED from C:\dev\ferify-project\ferify-mobile-app\android\app\src\main\AndroidManifest.xml:6:3-68
MERGED from [:react-native-voice_voice] C:\dev\ferify-project\ferify-mobile-app\node_modules\@react-native-voice\voice\android\build\intermediates\merged_manifest\debug\processDebugManifest\AndroidManifest.xml:10:5-71
MERGED from [:react-native-voice_voice] C:\dev\ferify-project\ferify-mobile-app\node_modules\@react-native-voice\voice\android\build\intermediates\merged_manifest\debug\processDebugManifest\AndroidManifest.xml:10:5-71
	android:name
		ADDED from C:\dev\ferify-project\ferify-mobile-app\android\app\src\main\AndroidManifest.xml:6:20-66
uses-permission#android.permission.SYSTEM_ALERT_WINDOW
ADDED from C:\dev\ferify-project\ferify-mobile-app\android\app\src\main\AndroidManifest.xml:7:3-75
MERGED from C:\dev\ferify-project\ferify-mobile-app\android\app\src\main\AndroidManifest.xml:7:3-75
MERGED from C:\dev\ferify-project\ferify-mobile-app\android\app\src\main\AndroidManifest.xml:7:3-75
MERGED from [com.facebook.react:react-android:0.79.6] C:\Users\hp\.gradle\caches\8.13\transforms\7dd298ccc7748dddcfd5a2a68337b699\transformed\react-android-0.79.6-debug\AndroidManifest.xml:16:5-78
MERGED from [com.facebook.react:react-android:0.79.6] C:\Users\hp\.gradle\caches\8.13\transforms\7dd298ccc7748dddcfd5a2a68337b699\transformed\react-android-0.79.6-debug\AndroidManifest.xml:16:5-78
	android:name
		ADDED from C:\dev\ferify-project\ferify-mobile-app\android\app\src\main\AndroidManifest.xml:7:20-73
uses-permission#android.permission.VIBRATE
ADDED from C:\dev\ferify-project\ferify-mobile-app\android\app\src\main\AndroidManifest.xml:8:3-63
MERGED from [host.exp.exponent:expo.modules.haptics:14.1.4] C:\Users\hp\.gradle\caches\8.13\transforms\a352ec053b24e5141a16241693642fcb\transformed\expo.modules.haptics-14.1.4\AndroidManifest.xml:7:5-66
MERGED from [host.exp.exponent:expo.modules.haptics:14.1.4] C:\Users\hp\.gradle\caches\8.13\transforms\a352ec053b24e5141a16241693642fcb\transformed\expo.modules.haptics-14.1.4\AndroidManifest.xml:7:5-66
	android:name
		ADDED from C:\dev\ferify-project\ferify-mobile-app\android\app\src\main\AndroidManifest.xml:8:20-61
uses-permission#android.permission.WRITE_EXTERNAL_STORAGE
ADDED from C:\dev\ferify-project\ferify-mobile-app\android\app\src\main\AndroidManifest.xml:9:3-78
MERGED from [host.exp.exponent:expo.modules.imagepicker:16.1.4] C:\Users\hp\.gradle\caches\8.13\transforms\44dedef735c6ff150e386db9293becae\transformed\expo.modules.imagepicker-16.1.4\AndroidManifest.xml:11:5-81
MERGED from [host.exp.exponent:expo.modules.imagepicker:16.1.4] C:\Users\hp\.gradle\caches\8.13\transforms\44dedef735c6ff150e386db9293becae\transformed\expo.modules.imagepicker-16.1.4\AndroidManifest.xml:11:5-81
MERGED from [host.exp.exponent:expo.modules.filesystem:18.1.11] C:\Users\hp\.gradle\caches\8.13\transforms\fef9fdc2d941fa61931efd3c291e42b6\transformed\expo.modules.filesystem-18.1.11\AndroidManifest.xml:9:5-81
MERGED from [host.exp.exponent:expo.modules.filesystem:18.1.11] C:\Users\hp\.gradle\caches\8.13\transforms\fef9fdc2d941fa61931efd3c291e42b6\transformed\expo.modules.filesystem-18.1.11\AndroidManifest.xml:9:5-81
	android:name
		ADDED from C:\dev\ferify-project\ferify-mobile-app\android\app\src\main\AndroidManifest.xml:9:20-76
queries
ADDED from C:\dev\ferify-project\ferify-mobile-app\android\app\src\main\AndroidManifest.xml:10:3-16:13
MERGED from [:expo-dev-launcher] C:\dev\ferify-project\ferify-mobile-app\node_modules\expo-dev-launcher\android\build\intermediates\merged_manifest\debug\processDebugManifest\AndroidManifest.xml:7:5-9:15
MERGED from [:expo-dev-launcher] C:\dev\ferify-project\ferify-mobile-app\node_modules\expo-dev-launcher\android\build\intermediates\merged_manifest\debug\processDebugManifest\AndroidManifest.xml:7:5-9:15
MERGED from [host.exp.exponent:expo.modules.imagepicker:16.1.4] C:\Users\hp\.gradle\caches\8.13\transforms\44dedef735c6ff150e386db9293becae\transformed\expo.modules.imagepicker-16.1.4\AndroidManifest.xml:14:5-25:15
MERGED from [host.exp.exponent:expo.modules.imagepicker:16.1.4] C:\Users\hp\.gradle\caches\8.13\transforms\44dedef735c6ff150e386db9293becae\transformed\expo.modules.imagepicker-16.1.4\AndroidManifest.xml:14:5-25:15
MERGED from [com.vanniktech:android-image-cropper:4.6.0] C:\Users\hp\.gradle\caches\8.13\transforms\7a8a81efcb41aae7f46f9c77bd798ed0\transformed\android-image-cropper-4.6.0\AndroidManifest.xml:7:5-18:15
MERGED from [com.vanniktech:android-image-cropper:4.6.0] C:\Users\hp\.gradle\caches\8.13\transforms\7a8a81efcb41aae7f46f9c77bd798ed0\transformed\android-image-cropper-4.6.0\AndroidManifest.xml:7:5-18:15
MERGED from [host.exp.exponent:expo.modules.filesystem:18.1.11] C:\Users\hp\.gradle\caches\8.13\transforms\fef9fdc2d941fa61931efd3c291e42b6\transformed\expo.modules.filesystem-18.1.11\AndroidManifest.xml:12:5-18:15
MERGED from [host.exp.exponent:expo.modules.filesystem:18.1.11] C:\Users\hp\.gradle\caches\8.13\transforms\fef9fdc2d941fa61931efd3c291e42b6\transformed\expo.modules.filesystem-18.1.11\AndroidManifest.xml:12:5-18:15
MERGED from [host.exp.exponent:expo.modules.webbrowser:14.2.0] C:\Users\hp\.gradle\caches\8.13\transforms\3e1c3008415887473f6d920c1b1d8993\transformed\expo.modules.webbrowser-14.2.0\AndroidManifest.xml:7:5-13:15
MERGED from [host.exp.exponent:expo.modules.webbrowser:14.2.0] C:\Users\hp\.gradle\caches\8.13\transforms\3e1c3008415887473f6d920c1b1d8993\transformed\expo.modules.webbrowser-14.2.0\AndroidManifest.xml:7:5-13:15
intent#action:name:android.intent.action.VIEW+category:name:android.intent.category.BROWSABLE+data:scheme:https
ADDED from C:\dev\ferify-project\ferify-mobile-app\android\app\src\main\AndroidManifest.xml:11:5-15:14
action#android.intent.action.VIEW
ADDED from C:\dev\ferify-project\ferify-mobile-app\android\app\src\main\AndroidManifest.xml:12:7-58
	android:name
		ADDED from C:\dev\ferify-project\ferify-mobile-app\android\app\src\main\AndroidManifest.xml:12:15-56
category#android.intent.category.BROWSABLE
ADDED from C:\dev\ferify-project\ferify-mobile-app\android\app\src\main\AndroidManifest.xml:13:7-67
	android:name
		ADDED from C:\dev\ferify-project\ferify-mobile-app\android\app\src\main\AndroidManifest.xml:13:17-65
data
ADDED from C:\dev\ferify-project\ferify-mobile-app\android\app\src\main\AndroidManifest.xml:14:7-37
	android:scheme
		ADDED from C:\dev\ferify-project\ferify-mobile-app\android\app\src\main\AndroidManifest.xml:14:13-35
application
ADDED from C:\dev\ferify-project\ferify-mobile-app\android\app\src\main\AndroidManifest.xml:17:3-34:17
MERGED from C:\dev\ferify-project\ferify-mobile-app\android\app\src\main\AndroidManifest.xml:17:3-34:17
MERGED from C:\dev\ferify-project\ferify-mobile-app\android\app\src\main\AndroidManifest.xml:17:3-34:17
INJECTED from C:\dev\ferify-project\ferify-mobile-app\android\app\src\debug\AndroidManifest.xml:6:5-162
MERGED from [:react-native-webview] C:\dev\ferify-project\ferify-mobile-app\node_modules\react-native-webview\android\build\intermediates\merged_manifest\debug\processDebugManifest\AndroidManifest.xml:7:5-17:19
MERGED from [:react-native-webview] C:\dev\ferify-project\ferify-mobile-app\node_modules\react-native-webview\android\build\intermediates\merged_manifest\debug\processDebugManifest\AndroidManifest.xml:7:5-17:19
MERGED from [:expo-dev-launcher] C:\dev\ferify-project\ferify-mobile-app\node_modules\expo-dev-launcher\android\build\intermediates\merged_manifest\debug\processDebugManifest\AndroidManifest.xml:11:5-30:19
MERGED from [:expo-dev-launcher] C:\dev\ferify-project\ferify-mobile-app\node_modules\expo-dev-launcher\android\build\intermediates\merged_manifest\debug\processDebugManifest\AndroidManifest.xml:11:5-30:19
MERGED from [:expo-dev-menu] C:\dev\ferify-project\ferify-mobile-app\node_modules\expo-dev-menu\android\build\intermediates\merged_manifest\debug\processDebugManifest\AndroidManifest.xml:7:5-22:19
MERGED from [:expo-dev-menu] C:\dev\ferify-project\ferify-mobile-app\node_modules\expo-dev-menu\android\build\intermediates\merged_manifest\debug\processDebugManifest\AndroidManifest.xml:7:5-22:19
MERGED from [:expo-modules-core] C:\dev\ferify-project\ferify-mobile-app\node_modules\expo-modules-core\android\build\intermediates\merged_manifest\debug\processDebugManifest\AndroidManifest.xml:8:5-16:19
MERGED from [:expo-modules-core] C:\dev\ferify-project\ferify-mobile-app\node_modules\expo-modules-core\android\build\intermediates\merged_manifest\debug\processDebugManifest\AndroidManifest.xml:8:5-16:19
MERGED from [com.facebook.react:react-android:0.79.6] C:\Users\hp\.gradle\caches\8.13\transforms\7dd298ccc7748dddcfd5a2a68337b699\transformed\react-android-0.79.6-debug\AndroidManifest.xml:18:5-22:19
MERGED from [com.facebook.react:react-android:0.79.6] C:\Users\hp\.gradle\caches\8.13\transforms\7dd298ccc7748dddcfd5a2a68337b699\transformed\react-android-0.79.6-debug\AndroidManifest.xml:18:5-22:19
MERGED from [com.google.android.gms:play-services-auth:21.4.0] C:\Users\hp\.gradle\caches\8.13\transforms\b2e5321f3a359cb09213df0d9dd3ccc4\transformed\play-services-auth-21.4.0\AndroidManifest.xml:22:5-38:19
MERGED from [com.google.android.gms:play-services-auth:21.4.0] C:\Users\hp\.gradle\caches\8.13\transforms\b2e5321f3a359cb09213df0d9dd3ccc4\transformed\play-services-auth-21.4.0\AndroidManifest.xml:22:5-38:19
MERGED from [com.google.android.material:material:1.12.0] C:\Users\hp\.gradle\caches\8.13\transforms\be805c6cdb2e55d8cad4e51721af17b0\transformed\material-1.12.0\AndroidManifest.xml:22:5-20
MERGED from [com.google.android.material:material:1.12.0] C:\Users\hp\.gradle\caches\8.13\transforms\be805c6cdb2e55d8cad4e51721af17b0\transformed\material-1.12.0\AndroidManifest.xml:22:5-20
MERGED from [host.exp.exponent:expo.modules.imagepicker:16.1.4] C:\Users\hp\.gradle\caches\8.13\transforms\44dedef735c6ff150e386db9293becae\transformed\expo.modules.imagepicker-16.1.4\AndroidManifest.xml:27:5-55:19
MERGED from [host.exp.exponent:expo.modules.imagepicker:16.1.4] C:\Users\hp\.gradle\caches\8.13\transforms\44dedef735c6ff150e386db9293becae\transformed\expo.modules.imagepicker-16.1.4\AndroidManifest.xml:27:5-55:19
MERGED from [com.vanniktech:android-image-cropper:4.6.0] C:\Users\hp\.gradle\caches\8.13\transforms\7a8a81efcb41aae7f46f9c77bd798ed0\transformed\android-image-cropper-4.6.0\AndroidManifest.xml:20:5-34:19
MERGED from [com.vanniktech:android-image-cropper:4.6.0] C:\Users\hp\.gradle\caches\8.13\transforms\7a8a81efcb41aae7f46f9c77bd798ed0\transformed\android-image-cropper-4.6.0\AndroidManifest.xml:20:5-34:19
MERGED from [androidx.constraintlayout:constraintlayout:2.0.1] C:\Users\hp\.gradle\caches\8.13\transforms\e858cda495d601f85a591d2b2a4e4c7f\transformed\constraintlayout-2.0.1\AndroidManifest.xml:9:5-20
MERGED from [androidx.constraintlayout:constraintlayout:2.0.1] C:\Users\hp\.gradle\caches\8.13\transforms\e858cda495d601f85a591d2b2a4e4c7f\transformed\constraintlayout-2.0.1\AndroidManifest.xml:9:5-20
MERGED from [com.google.android.gms:play-services-fido:20.0.1] C:\Users\hp\.gradle\caches\8.13\transforms\a043d62b8ebd8cc6e69ed9f8fa01927a\transformed\play-services-fido-20.0.1\AndroidManifest.xml:7:5-8:19
MERGED from [com.google.android.gms:play-services-fido:20.0.1] C:\Users\hp\.gradle\caches\8.13\transforms\a043d62b8ebd8cc6e69ed9f8fa01927a\transformed\play-services-fido-20.0.1\AndroidManifest.xml:7:5-8:19
MERGED from [host.exp.exponent:expo.modules.location:18.1.6] C:\Users\hp\.gradle\caches\8.13\transforms\93a4fa2a2a7d0b80394ce6d46802aaf9\transformed\expo.modules.location-18.1.6\AndroidManifest.xml:10:5-15:19
MERGED from [host.exp.exponent:expo.modules.location:18.1.6] C:\Users\hp\.gradle\caches\8.13\transforms\93a4fa2a2a7d0b80394ce6d46802aaf9\transformed\expo.modules.location-18.1.6\AndroidManifest.xml:10:5-15:19
MERGED from [com.google.android.gms:play-services-location:21.0.1] C:\Users\hp\.gradle\caches\8.13\transforms\255fda635752706b20931b43893150cc\transformed\play-services-location-21.0.1\AndroidManifest.xml:7:5-20
MERGED from [com.google.android.gms:play-services-location:21.0.1] C:\Users\hp\.gradle\caches\8.13\transforms\255fda635752706b20931b43893150cc\transformed\play-services-location-21.0.1\AndroidManifest.xml:7:5-20
MERGED from [com.google.android.gms:play-services-base:18.5.0] C:\Users\hp\.gradle\caches\8.13\transforms\84636c784e34b7621b26314b15be794f\transformed\play-services-base-18.5.0\AndroidManifest.xml:4:5-6:19
MERGED from [com.google.android.gms:play-services-base:18.5.0] C:\Users\hp\.gradle\caches\8.13\transforms\84636c784e34b7621b26314b15be794f\transformed\play-services-base-18.5.0\AndroidManifest.xml:4:5-6:19
MERGED from [com.google.android.gms:play-services-tasks:18.2.0] C:\Users\hp\.gradle\caches\8.13\transforms\111144dc4bd1d308eed5f77a4c8ec3fb\transformed\play-services-tasks-18.2.0\AndroidManifest.xml:4:5-20
MERGED from [com.google.android.gms:play-services-tasks:18.2.0] C:\Users\hp\.gradle\caches\8.13\transforms\111144dc4bd1d308eed5f77a4c8ec3fb\transformed\play-services-tasks-18.2.0\AndroidManifest.xml:4:5-20
MERGED from [com.google.android.gms:play-services-basement:18.5.0] C:\Users\hp\.gradle\caches\8.13\transforms\b7b5be94e522239f8dec619fdef9dc09\transformed\play-services-basement-18.5.0\AndroidManifest.xml:20:5-24:19
MERGED from [com.google.android.gms:play-services-basement:18.5.0] C:\Users\hp\.gradle\caches\8.13\transforms\b7b5be94e522239f8dec619fdef9dc09\transformed\play-services-basement-18.5.0\AndroidManifest.xml:20:5-24:19
MERGED from [androidx.lifecycle:lifecycle-extensions:2.2.0] C:\Users\hp\.gradle\caches\8.13\transforms\e1f636a86fba2bef3d74ca08df15c6cb\transformed\lifecycle-extensions-2.2.0\AndroidManifest.xml:24:5-25:19
MERGED from [androidx.lifecycle:lifecycle-extensions:2.2.0] C:\Users\hp\.gradle\caches\8.13\transforms\e1f636a86fba2bef3d74ca08df15c6cb\transformed\lifecycle-extensions-2.2.0\AndroidManifest.xml:24:5-25:19
MERGED from [com.github.bumptech.glide:okhttp3-integration:4.11.0] C:\Users\hp\.gradle\caches\8.13\transforms\154a99f393fb48fd5bf19c6e0f6a97b1\transformed\okhttp3-integration-4.11.0\AndroidManifest.xml:10:5-14:19
MERGED from [com.github.bumptech.glide:okhttp3-integration:4.11.0] C:\Users\hp\.gradle\caches\8.13\transforms\154a99f393fb48fd5bf19c6e0f6a97b1\transformed\okhttp3-integration-4.11.0\AndroidManifest.xml:10:5-14:19
MERGED from [host.exp.exponent:expo.modules.filesystem:18.1.11] C:\Users\hp\.gradle\caches\8.13\transforms\fef9fdc2d941fa61931efd3c291e42b6\transformed\expo.modules.filesystem-18.1.11\AndroidManifest.xml:20:5-31:19
MERGED from [host.exp.exponent:expo.modules.filesystem:18.1.11] C:\Users\hp\.gradle\caches\8.13\transforms\fef9fdc2d941fa61931efd3c291e42b6\transformed\expo.modules.filesystem-18.1.11\AndroidManifest.xml:20:5-31:19
MERGED from [androidx.emoji2:emoji2:1.3.0] C:\Users\hp\.gradle\caches\8.13\transforms\bdf6bd7e275c0c4cf963c663ef85151f\transformed\emoji2-1.3.0\AndroidManifest.xml:23:5-33:19
MERGED from [androidx.emoji2:emoji2:1.3.0] C:\Users\hp\.gradle\caches\8.13\transforms\bdf6bd7e275c0c4cf963c663ef85151f\transformed\emoji2-1.3.0\AndroidManifest.xml:23:5-33:19
MERGED from [androidx.core:core:1.13.1] C:\Users\hp\.gradle\caches\8.13\transforms\3709465e82c922f518d124b9b76a7a36\transformed\core-1.13.1\AndroidManifest.xml:28:5-89
MERGED from [androidx.core:core:1.13.1] C:\Users\hp\.gradle\caches\8.13\transforms\3709465e82c922f518d124b9b76a7a36\transformed\core-1.13.1\AndroidManifest.xml:28:5-89
MERGED from [androidx.lifecycle:lifecycle-process:2.6.2] C:\Users\hp\.gradle\caches\8.13\transforms\6e6486fd168175231d9ed9a95f94dbcc\transformed\lifecycle-process-2.6.2\AndroidManifest.xml:23:5-33:19
MERGED from [androidx.lifecycle:lifecycle-process:2.6.2] C:\Users\hp\.gradle\caches\8.13\transforms\6e6486fd168175231d9ed9a95f94dbcc\transformed\lifecycle-process-2.6.2\AndroidManifest.xml:23:5-33:19
MERGED from [androidx.profileinstaller:profileinstaller:1.4.0] C:\Users\hp\.gradle\caches\8.13\transforms\6a806ce5b0541d9b26a9eb98fc422d6e\transformed\profileinstaller-1.4.0\AndroidManifest.xml:23:5-53:19
MERGED from [androidx.profileinstaller:profileinstaller:1.4.0] C:\Users\hp\.gradle\caches\8.13\transforms\6a806ce5b0541d9b26a9eb98fc422d6e\transformed\profileinstaller-1.4.0\AndroidManifest.xml:23:5-53:19
MERGED from [androidx.startup:startup-runtime:1.1.1] C:\Users\hp\.gradle\caches\8.13\transforms\1cab8a385a0d890ff7eff3eaeac85db5\transformed\startup-runtime-1.1.1\AndroidManifest.xml:25:5-31:19
MERGED from [androidx.startup:startup-runtime:1.1.1] C:\Users\hp\.gradle\caches\8.13\transforms\1cab8a385a0d890ff7eff3eaeac85db5\transformed\startup-runtime-1.1.1\AndroidManifest.xml:25:5-31:19
MERGED from [com.github.Dimezis:BlurView:version-2.0.6] C:\Users\hp\.gradle\caches\8.13\transforms\d0cd0efd977f9a01291ed72ab7691acb\transformed\BlurView-version-2.0.6\AndroidManifest.xml:9:5-20
MERGED from [com.github.Dimezis:BlurView:version-2.0.6] C:\Users\hp\.gradle\caches\8.13\transforms\d0cd0efd977f9a01291ed72ab7691acb\transformed\BlurView-version-2.0.6\AndroidManifest.xml:9:5-20
MERGED from [androidx.versionedparcelable:versionedparcelable:1.1.1] C:\Users\hp\.gradle\caches\8.13\transforms\b057ec66ea7c2e14e1378a0a2daa40a5\transformed\versionedparcelable-1.1.1\AndroidManifest.xml:24:5-25:19
MERGED from [androidx.versionedparcelable:versionedparcelable:1.1.1] C:\Users\hp\.gradle\caches\8.13\transforms\b057ec66ea7c2e14e1378a0a2daa40a5\transformed\versionedparcelable-1.1.1\AndroidManifest.xml:24:5-25:19
MERGED from [com.facebook.soloader:soloader:0.12.1] C:\Users\hp\.gradle\caches\8.13\transforms\37573d7fc76771033bad46c4c82d23a7\transformed\soloader-0.12.1\AndroidManifest.xml:11:5-15:19
MERGED from [com.facebook.soloader:soloader:0.12.1] C:\Users\hp\.gradle\caches\8.13\transforms\37573d7fc76771033bad46c4c82d23a7\transformed\soloader-0.12.1\AndroidManifest.xml:11:5-15:19
MERGED from [com.android.support:support-compat:28.0.0] C:\Users\hp\.gradle\caches\8.13\transforms\52265c90752a4a82816dc800090b08ec\transformed\support-compat-28.0.0\AndroidManifest.xml:22:5-94
MERGED from [com.android.support:support-compat:28.0.0] C:\Users\hp\.gradle\caches\8.13\transforms\52265c90752a4a82816dc800090b08ec\transformed\support-compat-28.0.0\AndroidManifest.xml:22:5-94
	android:extractNativeLibs
		INJECTED from C:\dev\ferify-project\ferify-mobile-app\android\app\src\debug\AndroidManifest.xml
	tools:ignore
		ADDED from C:\dev\ferify-project\ferify-mobile-app\android\app\src\debug\AndroidManifest.xml:6:75-114
	android:roundIcon
		ADDED from C:\dev\ferify-project\ferify-mobile-app\android\app\src\main\AndroidManifest.xml:17:116-161
		ADDED from C:\dev\ferify-project\ferify-mobile-app\android\app\src\main\AndroidManifest.xml:17:116-161
	android:icon
		ADDED from C:\dev\ferify-project\ferify-mobile-app\android\app\src\main\AndroidManifest.xml:17:81-115
		ADDED from C:\dev\ferify-project\ferify-mobile-app\android\app\src\main\AndroidManifest.xml:17:81-115
	android:appComponentFactory
		ADDED from [androidx.core:core:1.13.1] C:\Users\hp\.gradle\caches\8.13\transforms\3709465e82c922f518d124b9b76a7a36\transformed\core-1.13.1\AndroidManifest.xml:28:18-86
	android:supportsRtl
		ADDED from C:\dev\ferify-project\ferify-mobile-app\android\app\src\main\AndroidManifest.xml:17:221-247
		ADDED from C:\dev\ferify-project\ferify-mobile-app\android\app\src\main\AndroidManifest.xml:17:221-247
	android:label
		ADDED from C:\dev\ferify-project\ferify-mobile-app\android\app\src\main\AndroidManifest.xml:17:48-80
		ADDED from C:\dev\ferify-project\ferify-mobile-app\android\app\src\main\AndroidManifest.xml:17:48-80
	tools:targetApi
		ADDED from C:\dev\ferify-project\ferify-mobile-app\android\app\src\debug\AndroidManifest.xml:6:54-74
	android:allowBackup
		ADDED from C:\dev\ferify-project\ferify-mobile-app\android\app\src\main\AndroidManifest.xml:17:162-188
		ADDED from C:\dev\ferify-project\ferify-mobile-app\android\app\src\main\AndroidManifest.xml:17:162-188
	android:theme
		ADDED from C:\dev\ferify-project\ferify-mobile-app\android\app\src\main\AndroidManifest.xml:17:189-220
		ADDED from C:\dev\ferify-project\ferify-mobile-app\android\app\src\main\AndroidManifest.xml:17:189-220
	tools:replace
		ADDED from C:\dev\ferify-project\ferify-mobile-app\android\app\src\debug\AndroidManifest.xml:6:115-159
	android:usesCleartextTraffic
		ADDED from C:\dev\ferify-project\ferify-mobile-app\android\app\src\debug\AndroidManifest.xml:6:18-53
	android:name
		ADDED from C:\dev\ferify-project\ferify-mobile-app\android\app\src\main\AndroidManifest.xml:17:16-47
		ADDED from C:\dev\ferify-project\ferify-mobile-app\android\app\src\main\AndroidManifest.xml:17:16-47
meta-data#expo.modules.updates.ENABLED
ADDED from C:\dev\ferify-project\ferify-mobile-app\android\app\src\main\AndroidManifest.xml:18:5-83
	android:value
		ADDED from C:\dev\ferify-project\ferify-mobile-app\android\app\src\main\AndroidManifest.xml:18:60-81
	android:name
		ADDED from C:\dev\ferify-project\ferify-mobile-app\android\app\src\main\AndroidManifest.xml:18:16-59
meta-data#expo.modules.updates.EXPO_UPDATES_CHECK_ON_LAUNCH
ADDED from C:\dev\ferify-project\ferify-mobile-app\android\app\src\main\AndroidManifest.xml:19:5-105
	android:value
		ADDED from C:\dev\ferify-project\ferify-mobile-app\android\app\src\main\AndroidManifest.xml:19:81-103
	android:name
		ADDED from C:\dev\ferify-project\ferify-mobile-app\android\app\src\main\AndroidManifest.xml:19:16-80
meta-data#expo.modules.updates.EXPO_UPDATES_LAUNCH_WAIT_MS
ADDED from C:\dev\ferify-project\ferify-mobile-app\android\app\src\main\AndroidManifest.xml:20:5-99
	android:value
		ADDED from C:\dev\ferify-project\ferify-mobile-app\android\app\src\main\AndroidManifest.xml:20:80-97
	android:name
		ADDED from C:\dev\ferify-project\ferify-mobile-app\android\app\src\main\AndroidManifest.xml:20:16-79
activity#com.ferify.app.MainActivity
ADDED from C:\dev\ferify-project\ferify-mobile-app\android\app\src\main\AndroidManifest.xml:21:5-33:16
	android:screenOrientation
		ADDED from C:\dev\ferify-project\ferify-mobile-app\android\app\src\main\AndroidManifest.xml:21:280-316
	android:launchMode
		ADDED from C:\dev\ferify-project\ferify-mobile-app\android\app\src\main\AndroidManifest.xml:21:135-166
	android:windowSoftInputMode
		ADDED from C:\dev\ferify-project\ferify-mobile-app\android\app\src\main\AndroidManifest.xml:21:167-209
	android:exported
		ADDED from C:\dev\ferify-project\ferify-mobile-app\android\app\src\main\AndroidManifest.xml:21:256-279
	android:configChanges
		ADDED from C:\dev\ferify-project\ferify-mobile-app\android\app\src\main\AndroidManifest.xml:21:44-134
	android:theme
		ADDED from C:\dev\ferify-project\ferify-mobile-app\android\app\src\main\AndroidManifest.xml:21:210-255
	android:name
		ADDED from C:\dev\ferify-project\ferify-mobile-app\android\app\src\main\AndroidManifest.xml:21:15-43
intent-filter#action:name:android.intent.action.MAIN+category:name:android.intent.category.LAUNCHER
ADDED from C:\dev\ferify-project\ferify-mobile-app\android\app\src\main\AndroidManifest.xml:22:7-25:23
action#android.intent.action.MAIN
ADDED from C:\dev\ferify-project\ferify-mobile-app\android\app\src\main\AndroidManifest.xml:23:9-60
	android:name
		ADDED from C:\dev\ferify-project\ferify-mobile-app\android\app\src\main\AndroidManifest.xml:23:17-58
category#android.intent.category.LAUNCHER
ADDED from C:\dev\ferify-project\ferify-mobile-app\android\app\src\main\AndroidManifest.xml:24:9-68
	android:name
		ADDED from C:\dev\ferify-project\ferify-mobile-app\android\app\src\main\AndroidManifest.xml:24:19-66
intent-filter#action:name:android.intent.action.VIEW+category:name:android.intent.category.BROWSABLE+category:name:android.intent.category.DEFAULT+data:scheme:exp+ferify-mobile-app+data:scheme:ferifymobileapp
ADDED from C:\dev\ferify-project\ferify-mobile-app\android\app\src\main\AndroidManifest.xml:26:7-32:23
category#android.intent.category.DEFAULT
ADDED from C:\dev\ferify-project\ferify-mobile-app\android\app\src\main\AndroidManifest.xml:28:9-67
	android:name
		ADDED from C:\dev\ferify-project\ferify-mobile-app\android\app\src\main\AndroidManifest.xml:28:19-65
uses-sdk
INJECTED from C:\dev\ferify-project\ferify-mobile-app\android\app\src\debug\AndroidManifest.xml reason: use-sdk injection requested
INJECTED from C:\dev\ferify-project\ferify-mobile-app\android\app\src\debug\AndroidManifest.xml
INJECTED from C:\dev\ferify-project\ferify-mobile-app\android\app\src\debug\AndroidManifest.xml
MERGED from [:react-native-google-signin_google-signin] C:\dev\ferify-project\ferify-mobile-app\node_modules\@react-native-google-signin\google-signin\android\build\intermediates\merged_manifest\debug\processDebugManifest\AndroidManifest.xml:5:5-44
MERGED from [:react-native-google-signin_google-signin] C:\dev\ferify-project\ferify-mobile-app\node_modules\@react-native-google-signin\google-signin\android\build\intermediates\merged_manifest\debug\processDebugManifest\AndroidManifest.xml:5:5-44
MERGED from [:react-native-gesture-handler] C:\dev\ferify-project\ferify-mobile-app\node_modules\react-native-gesture-handler\android\build\intermediates\merged_manifest\debug\processDebugManifest\AndroidManifest.xml:5:5-44
MERGED from [:react-native-gesture-handler] C:\dev\ferify-project\ferify-mobile-app\node_modules\react-native-gesture-handler\android\build\intermediates\merged_manifest\debug\processDebugManifest\AndroidManifest.xml:5:5-44
MERGED from [:react-native-safe-area-context] C:\dev\ferify-project\ferify-mobile-app\node_modules\react-native-safe-area-context\android\build\intermediates\merged_manifest\debug\processDebugManifest\AndroidManifest.xml:5:5-44
MERGED from [:react-native-safe-area-context] C:\dev\ferify-project\ferify-mobile-app\node_modules\react-native-safe-area-context\android\build\intermediates\merged_manifest\debug\processDebugManifest\AndroidManifest.xml:5:5-44
MERGED from [:react-native-screens] C:\dev\ferify-project\ferify-mobile-app\node_modules\react-native-screens\android\build\intermediates\merged_manifest\debug\processDebugManifest\AndroidManifest.xml:5:5-44
MERGED from [:react-native-screens] C:\dev\ferify-project\ferify-mobile-app\node_modules\react-native-screens\android\build\intermediates\merged_manifest\debug\processDebugManifest\AndroidManifest.xml:5:5-44
MERGED from [:react-native-webview] C:\dev\ferify-project\ferify-mobile-app\node_modules\react-native-webview\android\build\intermediates\merged_manifest\debug\processDebugManifest\AndroidManifest.xml:5:5-44
MERGED from [:react-native-webview] C:\dev\ferify-project\ferify-mobile-app\node_modules\react-native-webview\android\build\intermediates\merged_manifest\debug\processDebugManifest\AndroidManifest.xml:5:5-44
MERGED from [:react-native-edge-to-edge] C:\dev\ferify-project\ferify-mobile-app\node_modules\react-native-edge-to-edge\android\build\intermediates\merged_manifest\debug\processDebugManifest\AndroidManifest.xml:5:5-44
MERGED from [:react-native-edge-to-edge] C:\dev\ferify-project\ferify-mobile-app\node_modules\react-native-edge-to-edge\android\build\intermediates\merged_manifest\debug\processDebugManifest\AndroidManifest.xml:5:5-44
MERGED from [:react-native-async-storage_async-storage] C:\dev\ferify-project\ferify-mobile-app\node_modules\@react-native-async-storage\async-storage\android\build\intermediates\merged_manifest\debug\processDebugManifest\AndroidManifest.xml:5:5-44
MERGED from [:react-native-async-storage_async-storage] C:\dev\ferify-project\ferify-mobile-app\node_modules\@react-native-async-storage\async-storage\android\build\intermediates\merged_manifest\debug\processDebugManifest\AndroidManifest.xml:5:5-44
MERGED from [:react-native-voice_voice] C:\dev\ferify-project\ferify-mobile-app\node_modules\@react-native-voice\voice\android\build\intermediates\merged_manifest\debug\processDebugManifest\AndroidManifest.xml:6:5-8:54
MERGED from [:react-native-voice_voice] C:\dev\ferify-project\ferify-mobile-app\node_modules\@react-native-voice\voice\android\build\intermediates\merged_manifest\debug\processDebugManifest\AndroidManifest.xml:6:5-8:54
MERGED from [:expo] C:\dev\ferify-project\ferify-mobile-app\node_modules\expo\android\build\intermediates\merged_manifest\debug\processDebugManifest\AndroidManifest.xml:5:5-44
MERGED from [:expo] C:\dev\ferify-project\ferify-mobile-app\node_modules\expo\android\build\intermediates\merged_manifest\debug\processDebugManifest\AndroidManifest.xml:5:5-44
MERGED from [:react-native-reanimated] C:\dev\ferify-project\ferify-mobile-app\node_modules\react-native-reanimated\android\build\intermediates\merged_manifest\debug\processDebugManifest\AndroidManifest.xml:5:5-44
MERGED from [:react-native-reanimated] C:\dev\ferify-project\ferify-mobile-app\node_modules\react-native-reanimated\android\build\intermediates\merged_manifest\debug\processDebugManifest\AndroidManifest.xml:5:5-44
MERGED from [:react-native-vector-icons] C:\dev\ferify-project\ferify-mobile-app\node_modules\react-native-vector-icons\android\build\intermediates\merged_manifest\debug\processDebugManifest\AndroidManifest.xml:5:5-44
MERGED from [:react-native-vector-icons] C:\dev\ferify-project\ferify-mobile-app\node_modules\react-native-vector-icons\android\build\intermediates\merged_manifest\debug\processDebugManifest\AndroidManifest.xml:5:5-44
MERGED from [:expo-dev-launcher] C:\dev\ferify-project\ferify-mobile-app\node_modules\expo-dev-launcher\android\build\intermediates\merged_manifest\debug\processDebugManifest\AndroidManifest.xml:5:5-44
MERGED from [:expo-dev-launcher] C:\dev\ferify-project\ferify-mobile-app\node_modules\expo-dev-launcher\android\build\intermediates\merged_manifest\debug\processDebugManifest\AndroidManifest.xml:5:5-44
MERGED from [:expo-dev-menu] C:\dev\ferify-project\ferify-mobile-app\node_modules\expo-dev-menu\android\build\intermediates\merged_manifest\debug\processDebugManifest\AndroidManifest.xml:5:5-44
MERGED from [:expo-dev-menu] C:\dev\ferify-project\ferify-mobile-app\node_modules\expo-dev-menu\android\build\intermediates\merged_manifest\debug\processDebugManifest\AndroidManifest.xml:5:5-44
MERGED from [:expo-dev-menu-interface] C:\dev\ferify-project\ferify-mobile-app\node_modules\expo-dev-menu-interface\android\build\intermediates\merged_manifest\debug\processDebugManifest\AndroidManifest.xml:5:5-44
MERGED from [:expo-dev-menu-interface] C:\dev\ferify-project\ferify-mobile-app\node_modules\expo-dev-menu-interface\android\build\intermediates\merged_manifest\debug\processDebugManifest\AndroidManifest.xml:5:5-44
MERGED from [:expo-speech-recognition] C:\dev\ferify-project\ferify-mobile-app\node_modules\expo-speech-recognition\android\build\intermediates\merged_manifest\debug\processDebugManifest\AndroidManifest.xml:5:5-44
MERGED from [:expo-speech-recognition] C:\dev\ferify-project\ferify-mobile-app\node_modules\expo-speech-recognition\android\build\intermediates\merged_manifest\debug\processDebugManifest\AndroidManifest.xml:5:5-44
MERGED from [:expo-modules-core] C:\dev\ferify-project\ferify-mobile-app\node_modules\expo-modules-core\android\build\intermediates\merged_manifest\debug\processDebugManifest\AndroidManifest.xml:6:5-44
MERGED from [:expo-modules-core] C:\dev\ferify-project\ferify-mobile-app\node_modules\expo-modules-core\android\build\intermediates\merged_manifest\debug\processDebugManifest\AndroidManifest.xml:6:5-44
MERGED from [host.exp.exponent:expo.modules.font:13.3.2] C:\Users\hp\.gradle\caches\8.13\transforms\4fee0ec28ded3846de5844e9164ba547\transformed\expo.modules.font-13.3.2\AndroidManifest.xml:5:5-44
MERGED from [host.exp.exponent:expo.modules.font:13.3.2] C:\Users\hp\.gradle\caches\8.13\transforms\4fee0ec28ded3846de5844e9164ba547\transformed\expo.modules.font-13.3.2\AndroidManifest.xml:5:5-44
MERGED from [BareExpo:expo.modules.image:2.4.1] C:\Users\hp\.gradle\caches\8.13\transforms\a6cb8db52191cf3613118879263ea3e8\transformed\expo.modules.image-2.4.1\AndroidManifest.xml:4:5-44
MERGED from [BareExpo:expo.modules.image:2.4.1] C:\Users\hp\.gradle\caches\8.13\transforms\a6cb8db52191cf3613118879263ea3e8\transformed\expo.modules.image-2.4.1\AndroidManifest.xml:4:5-44
MERGED from [host.exp.exponent:expo.modules.splashscreen:0.30.10] C:\Users\hp\.gradle\caches\8.13\transforms\7a2c7cae502529c52084e73dd2e094c1\transformed\expo.modules.splashscreen-0.30.10\AndroidManifest.xml:5:5-44
MERGED from [host.exp.exponent:expo.modules.splashscreen:0.30.10] C:\Users\hp\.gradle\caches\8.13\transforms\7a2c7cae502529c52084e73dd2e094c1\transformed\expo.modules.splashscreen-0.30.10\AndroidManifest.xml:5:5-44
MERGED from [host.exp.exponent:expo.modules.systemui:5.0.11] C:\Users\hp\.gradle\caches\8.13\transforms\4487fcb09468837d624ec251eee485a5\transformed\expo.modules.systemui-5.0.11\AndroidManifest.xml:5:5-44
MERGED from [host.exp.exponent:expo.modules.systemui:5.0.11] C:\Users\hp\.gradle\caches\8.13\transforms\4487fcb09468837d624ec251eee485a5\transformed\expo.modules.systemui-5.0.11\AndroidManifest.xml:5:5-44
MERGED from [com.facebook.react:react-android:0.79.6] C:\Users\hp\.gradle\caches\8.13\transforms\7dd298ccc7748dddcfd5a2a68337b699\transformed\react-android-0.79.6-debug\AndroidManifest.xml:10:5-44
MERGED from [com.facebook.react:react-android:0.79.6] C:\Users\hp\.gradle\caches\8.13\transforms\7dd298ccc7748dddcfd5a2a68337b699\transformed\react-android-0.79.6-debug\AndroidManifest.xml:10:5-44
MERGED from [com.google.android.gms:play-services-auth:21.4.0] C:\Users\hp\.gradle\caches\8.13\transforms\b2e5321f3a359cb09213df0d9dd3ccc4\transformed\play-services-auth-21.4.0\AndroidManifest.xml:20:5-44
MERGED from [com.google.android.gms:play-services-auth:21.4.0] C:\Users\hp\.gradle\caches\8.13\transforms\b2e5321f3a359cb09213df0d9dd3ccc4\transformed\play-services-auth-21.4.0\AndroidManifest.xml:20:5-44
MERGED from [com.google.android.material:material:1.12.0] C:\Users\hp\.gradle\caches\8.13\transforms\be805c6cdb2e55d8cad4e51721af17b0\transformed\material-1.12.0\AndroidManifest.xml:20:5-44
MERGED from [com.google.android.material:material:1.12.0] C:\Users\hp\.gradle\caches\8.13\transforms\be805c6cdb2e55d8cad4e51721af17b0\transformed\material-1.12.0\AndroidManifest.xml:20:5-44
MERGED from [host.exp.exponent:expo.modules.imagepicker:16.1.4] C:\Users\hp\.gradle\caches\8.13\transforms\44dedef735c6ff150e386db9293becae\transformed\expo.modules.imagepicker-16.1.4\AndroidManifest.xml:6:5-44
MERGED from [host.exp.exponent:expo.modules.imagepicker:16.1.4] C:\Users\hp\.gradle\caches\8.13\transforms\44dedef735c6ff150e386db9293becae\transformed\expo.modules.imagepicker-16.1.4\AndroidManifest.xml:6:5-44
MERGED from [androidx.core:core-splashscreen:1.2.0-alpha02] C:\Users\hp\.gradle\caches\8.13\transforms\bbe686a51f4234def6530f433f6d4b7e\transformed\core-splashscreen-1.2.0-alpha02\AndroidManifest.xml:20:5-44
MERGED from [androidx.core:core-splashscreen:1.2.0-alpha02] C:\Users\hp\.gradle\caches\8.13\transforms\bbe686a51f4234def6530f433f6d4b7e\transformed\core-splashscreen-1.2.0-alpha02\AndroidManifest.xml:20:5-44
MERGED from [androidx.appcompat:appcompat-resources:1.7.0] C:\Users\hp\.gradle\caches\8.13\transforms\26f6892b8063a58fd256636b0cfad50c\transformed\appcompat-resources-1.7.0\AndroidManifest.xml:5:5-44
MERGED from [androidx.appcompat:appcompat-resources:1.7.0] C:\Users\hp\.gradle\caches\8.13\transforms\26f6892b8063a58fd256636b0cfad50c\transformed\appcompat-resources-1.7.0\AndroidManifest.xml:5:5-44
MERGED from [com.github.penfeizhou.android.animation:glide-plugin:3.0.5] C:\Users\hp\.gradle\caches\8.13\transforms\8c90969d8fc8125a2c01d3802ddcdcef\transformed\glide-plugin-3.0.5\AndroidManifest.xml:5:5-44
MERGED from [com.github.penfeizhou.android.animation:glide-plugin:3.0.5] C:\Users\hp\.gradle\caches\8.13\transforms\8c90969d8fc8125a2c01d3802ddcdcef\transformed\glide-plugin-3.0.5\AndroidManifest.xml:5:5-44
MERGED from [com.vanniktech:android-image-cropper:4.6.0] C:\Users\hp\.gradle\caches\8.13\transforms\7a8a81efcb41aae7f46f9c77bd798ed0\transformed\android-image-cropper-4.6.0\AndroidManifest.xml:5:5-44
MERGED from [com.vanniktech:android-image-cropper:4.6.0] C:\Users\hp\.gradle\caches\8.13\transforms\7a8a81efcb41aae7f46f9c77bd798ed0\transformed\android-image-cropper-4.6.0\AndroidManifest.xml:5:5-44
MERGED from [androidx.constraintlayout:constraintlayout:2.0.1] C:\Users\hp\.gradle\caches\8.13\transforms\e858cda495d601f85a591d2b2a4e4c7f\transformed\constraintlayout-2.0.1\AndroidManifest.xml:5:5-7:41
MERGED from [androidx.constraintlayout:constraintlayout:2.0.1] C:\Users\hp\.gradle\caches\8.13\transforms\e858cda495d601f85a591d2b2a4e4c7f\transformed\constraintlayout-2.0.1\AndroidManifest.xml:5:5-7:41
MERGED from [com.github.penfeizhou.android.animation:awebp:3.0.5] C:\Users\hp\.gradle\caches\8.13\transforms\45d78c65be7ba3f9f1317adc1ef3637c\transformed\awebp-3.0.5\AndroidManifest.xml:5:5-44
MERGED from [com.github.penfeizhou.android.animation:awebp:3.0.5] C:\Users\hp\.gradle\caches\8.13\transforms\45d78c65be7ba3f9f1317adc1ef3637c\transformed\awebp-3.0.5\AndroidManifest.xml:5:5-44
MERGED from [com.github.penfeizhou.android.animation:apng:3.0.5] C:\Users\hp\.gradle\caches\8.13\transforms\04143def5d3e7c75af87a0534d30295e\transformed\apng-3.0.5\AndroidManifest.xml:5:5-44
MERGED from [com.github.penfeizhou.android.animation:apng:3.0.5] C:\Users\hp\.gradle\caches\8.13\transforms\04143def5d3e7c75af87a0534d30295e\transformed\apng-3.0.5\AndroidManifest.xml:5:5-44
MERGED from [com.github.penfeizhou.android.animation:gif:3.0.5] C:\Users\hp\.gradle\caches\8.13\transforms\a2a00d0d6a454bd6d22cb6add2323155\transformed\gif-3.0.5\AndroidManifest.xml:5:5-44
MERGED from [com.github.penfeizhou.android.animation:gif:3.0.5] C:\Users\hp\.gradle\caches\8.13\transforms\a2a00d0d6a454bd6d22cb6add2323155\transformed\gif-3.0.5\AndroidManifest.xml:5:5-44
MERGED from [com.github.penfeizhou.android.animation:avif:3.0.5] C:\Users\hp\.gradle\caches\8.13\transforms\67d8de22045adf2f70b988dcbcc9e3fc\transformed\avif-3.0.5\AndroidManifest.xml:5:5-44
MERGED from [com.github.penfeizhou.android.animation:avif:3.0.5] C:\Users\hp\.gradle\caches\8.13\transforms\67d8de22045adf2f70b988dcbcc9e3fc\transformed\avif-3.0.5\AndroidManifest.xml:5:5-44
MERGED from [com.github.penfeizhou.android.animation:frameanimation:3.0.5] C:\Users\hp\.gradle\caches\8.13\transforms\f7c57b62a8463c671a2da12a32c61dbd\transformed\frameanimation-3.0.5\AndroidManifest.xml:5:5-44
MERGED from [com.github.penfeizhou.android.animation:frameanimation:3.0.5] C:\Users\hp\.gradle\caches\8.13\transforms\f7c57b62a8463c671a2da12a32c61dbd\transformed\frameanimation-3.0.5\AndroidManifest.xml:5:5-44
MERGED from [androidx.appcompat:appcompat:1.7.0] C:\Users\hp\.gradle\caches\8.13\transforms\5e158d51adf3650b94fbff634c2369be\transformed\appcompat-1.7.0\AndroidManifest.xml:5:5-44
MERGED from [androidx.appcompat:appcompat:1.7.0] C:\Users\hp\.gradle\caches\8.13\transforms\5e158d51adf3650b94fbff634c2369be\transformed\appcompat-1.7.0\AndroidManifest.xml:5:5-44
MERGED from [com.google.android.gms:play-services-auth-api-phone:18.0.2] C:\Users\hp\.gradle\caches\8.13\transforms\48bcf1b16b82349b3cb67076c7e5e6ed\transformed\play-services-auth-api-phone-18.0.2\AndroidManifest.xml:5:5-44
MERGED from [com.google.android.gms:play-services-auth-api-phone:18.0.2] C:\Users\hp\.gradle\caches\8.13\transforms\48bcf1b16b82349b3cb67076c7e5e6ed\transformed\play-services-auth-api-phone-18.0.2\AndroidManifest.xml:5:5-44
MERGED from [com.google.android.gms:play-services-auth-base:18.0.10] C:\Users\hp\.gradle\caches\8.13\transforms\83c53f666b85265b8edb56674071725d\transformed\play-services-auth-base-18.0.10\AndroidManifest.xml:5:5-44
MERGED from [com.google.android.gms:play-services-auth-base:18.0.10] C:\Users\hp\.gradle\caches\8.13\transforms\83c53f666b85265b8edb56674071725d\transformed\play-services-auth-base-18.0.10\AndroidManifest.xml:5:5-44
MERGED from [com.google.android.gms:play-services-fido:20.0.1] C:\Users\hp\.gradle\caches\8.13\transforms\a043d62b8ebd8cc6e69ed9f8fa01927a\transformed\play-services-fido-20.0.1\AndroidManifest.xml:5:5-44
MERGED from [com.google.android.gms:play-services-fido:20.0.1] C:\Users\hp\.gradle\caches\8.13\transforms\a043d62b8ebd8cc6e69ed9f8fa01927a\transformed\play-services-fido-20.0.1\AndroidManifest.xml:5:5-44
MERGED from [host.exp.exponent:expo.modules.location:18.1.6] C:\Users\hp\.gradle\caches\8.13\transforms\93a4fa2a2a7d0b80394ce6d46802aaf9\transformed\expo.modules.location-18.1.6\AndroidManifest.xml:5:5-44
MERGED from [host.exp.exponent:expo.modules.location:18.1.6] C:\Users\hp\.gradle\caches\8.13\transforms\93a4fa2a2a7d0b80394ce6d46802aaf9\transformed\expo.modules.location-18.1.6\AndroidManifest.xml:5:5-44
MERGED from [com.google.android.gms:play-services-location:21.0.1] C:\Users\hp\.gradle\caches\8.13\transforms\255fda635752706b20931b43893150cc\transformed\play-services-location-21.0.1\AndroidManifest.xml:5:5-44
MERGED from [com.google.android.gms:play-services-location:21.0.1] C:\Users\hp\.gradle\caches\8.13\transforms\255fda635752706b20931b43893150cc\transformed\play-services-location-21.0.1\AndroidManifest.xml:5:5-44
MERGED from [com.google.android.gms:play-services-base:18.5.0] C:\Users\hp\.gradle\caches\8.13\transforms\84636c784e34b7621b26314b15be794f\transformed\play-services-base-18.5.0\AndroidManifest.xml:3:5-44
MERGED from [com.google.android.gms:play-services-base:18.5.0] C:\Users\hp\.gradle\caches\8.13\transforms\84636c784e34b7621b26314b15be794f\transformed\play-services-base-18.5.0\AndroidManifest.xml:3:5-44
MERGED from [com.google.android.gms:play-services-tasks:18.2.0] C:\Users\hp\.gradle\caches\8.13\transforms\111144dc4bd1d308eed5f77a4c8ec3fb\transformed\play-services-tasks-18.2.0\AndroidManifest.xml:3:5-44
MERGED from [com.google.android.gms:play-services-tasks:18.2.0] C:\Users\hp\.gradle\caches\8.13\transforms\111144dc4bd1d308eed5f77a4c8ec3fb\transformed\play-services-tasks-18.2.0\AndroidManifest.xml:3:5-44
MERGED from [com.google.android.gms:play-services-basement:18.5.0] C:\Users\hp\.gradle\caches\8.13\transforms\b7b5be94e522239f8dec619fdef9dc09\transformed\play-services-basement-18.5.0\AndroidManifest.xml:18:5-43
MERGED from [com.google.android.gms:play-services-basement:18.5.0] C:\Users\hp\.gradle\caches\8.13\transforms\b7b5be94e522239f8dec619fdef9dc09\transformed\play-services-basement-18.5.0\AndroidManifest.xml:18:5-43
MERGED from [androidx.lifecycle:lifecycle-extensions:2.2.0] C:\Users\hp\.gradle\caches\8.13\transforms\e1f636a86fba2bef3d74ca08df15c6cb\transformed\lifecycle-extensions-2.2.0\AndroidManifest.xml:20:5-22:41
MERGED from [androidx.lifecycle:lifecycle-extensions:2.2.0] C:\Users\hp\.gradle\caches\8.13\transforms\e1f636a86fba2bef3d74ca08df15c6cb\transformed\lifecycle-extensions-2.2.0\AndroidManifest.xml:20:5-22:41
MERGED from [:expo-image-loader] C:\dev\ferify-project\ferify-mobile-app\node_modules\expo-image-loader\android\build\intermediates\merged_manifest\debug\processDebugManifest\AndroidManifest.xml:5:5-44
MERGED from [:expo-image-loader] C:\dev\ferify-project\ferify-mobile-app\node_modules\expo-image-loader\android\build\intermediates\merged_manifest\debug\processDebugManifest\AndroidManifest.xml:5:5-44
MERGED from [com.github.bumptech.glide:avif-integration:4.16.0] C:\Users\hp\.gradle\caches\8.13\transforms\e067f93ae14edde50fc6c8871eb5f2d8\transformed\avif-integration-4.16.0\AndroidManifest.xml:5:5-7:41
MERGED from [com.github.bumptech.glide:avif-integration:4.16.0] C:\Users\hp\.gradle\caches\8.13\transforms\e067f93ae14edde50fc6c8871eb5f2d8\transformed\avif-integration-4.16.0\AndroidManifest.xml:5:5-7:41
MERGED from [jp.wasabeef:glide-transformations:4.3.0] C:\Users\hp\.gradle\caches\8.13\transforms\0e99254d9f757a9428ea76631d789a8a\transformed\glide-transformations-4.3.0\AndroidManifest.xml:5:5-7:41
MERGED from [jp.wasabeef:glide-transformations:4.3.0] C:\Users\hp\.gradle\caches\8.13\transforms\0e99254d9f757a9428ea76631d789a8a\transformed\glide-transformations-4.3.0\AndroidManifest.xml:5:5-7:41
MERGED from [com.github.bumptech.glide:okhttp3-integration:4.11.0] C:\Users\hp\.gradle\caches\8.13\transforms\154a99f393fb48fd5bf19c6e0f6a97b1\transformed\okhttp3-integration-4.11.0\AndroidManifest.xml:6:5-8:41
MERGED from [com.github.bumptech.glide:okhttp3-integration:4.11.0] C:\Users\hp\.gradle\caches\8.13\transforms\154a99f393fb48fd5bf19c6e0f6a97b1\transformed\okhttp3-integration-4.11.0\AndroidManifest.xml:6:5-8:41
MERGED from [com.github.bumptech.glide:glide:4.16.0] C:\Users\hp\.gradle\caches\8.13\transforms\f99b5414e6b0051e279ecadde936e029\transformed\glide-4.16.0\AndroidManifest.xml:5:5-7:41
MERGED from [com.github.bumptech.glide:glide:4.16.0] C:\Users\hp\.gradle\caches\8.13\transforms\f99b5414e6b0051e279ecadde936e029\transformed\glide-4.16.0\AndroidManifest.xml:5:5-7:41
MERGED from [host.exp.exponent:expo.modules.filesystem:18.1.11] C:\Users\hp\.gradle\caches\8.13\transforms\fef9fdc2d941fa61931efd3c291e42b6\transformed\expo.modules.filesystem-18.1.11\AndroidManifest.xml:6:5-44
MERGED from [host.exp.exponent:expo.modules.filesystem:18.1.11] C:\Users\hp\.gradle\caches\8.13\transforms\fef9fdc2d941fa61931efd3c291e42b6\transformed\expo.modules.filesystem-18.1.11\AndroidManifest.xml:6:5-44
MERGED from [androidx.legacy:legacy-support-v4:1.0.0] C:\Users\hp\.gradle\caches\8.13\transforms\d20daf90899378ea5a280898d5aa93cb\transformed\legacy-support-v4-1.0.0\AndroidManifest.xml:20:5-44
MERGED from [androidx.legacy:legacy-support-v4:1.0.0] C:\Users\hp\.gradle\caches\8.13\transforms\d20daf90899378ea5a280898d5aa93cb\transformed\legacy-support-v4-1.0.0\AndroidManifest.xml:20:5-44
MERGED from [androidx.viewpager2:viewpager2:1.0.0] C:\Users\hp\.gradle\caches\8.13\transforms\5c0fbb7d50a0a56b4437eb535a0786c1\transformed\viewpager2-1.0.0\AndroidManifest.xml:20:5-22:41
MERGED from [androidx.viewpager2:viewpager2:1.0.0] C:\Users\hp\.gradle\caches\8.13\transforms\5c0fbb7d50a0a56b4437eb535a0786c1\transformed\viewpager2-1.0.0\AndroidManifest.xml:20:5-22:41
MERGED from [androidx.fragment:fragment:1.6.1] C:\Users\hp\.gradle\caches\8.13\transforms\b5770086ff997f759cd28f2123776681\transformed\fragment-1.6.1\AndroidManifest.xml:20:5-44
MERGED from [androidx.fragment:fragment:1.6.1] C:\Users\hp\.gradle\caches\8.13\transforms\b5770086ff997f759cd28f2123776681\transformed\fragment-1.6.1\AndroidManifest.xml:20:5-44
MERGED from [androidx.fragment:fragment-ktx:1.6.1] C:\Users\hp\.gradle\caches\8.13\transforms\b2ddb9b8aadd0c7f7492132d8d0246a2\transformed\fragment-ktx-1.6.1\AndroidManifest.xml:20:5-44
MERGED from [androidx.fragment:fragment-ktx:1.6.1] C:\Users\hp\.gradle\caches\8.13\transforms\b2ddb9b8aadd0c7f7492132d8d0246a2\transformed\fragment-ktx-1.6.1\AndroidManifest.xml:20:5-44
MERGED from [com.facebook.fresco:fresco:3.6.0] C:\Users\hp\.gradle\caches\8.13\transforms\7d4502617db91038f0cebf1e6993eae2\transformed\fresco-3.6.0\AndroidManifest.xml:5:5-44
MERGED from [com.facebook.fresco:fresco:3.6.0] C:\Users\hp\.gradle\caches\8.13\transforms\7d4502617db91038f0cebf1e6993eae2\transformed\fresco-3.6.0\AndroidManifest.xml:5:5-44
MERGED from [com.facebook.fresco:imagepipeline-okhttp3:3.6.0] C:\Users\hp\.gradle\caches\8.13\transforms\0fdea9200a8aa1ff23978d0097c23839\transformed\imagepipeline-okhttp3-3.6.0\AndroidManifest.xml:5:5-44
MERGED from [com.facebook.fresco:imagepipeline-okhttp3:3.6.0] C:\Users\hp\.gradle\caches\8.13\transforms\0fdea9200a8aa1ff23978d0097c23839\transformed\imagepipeline-okhttp3-3.6.0\AndroidManifest.xml:5:5-44
MERGED from [com.facebook.fresco:webpsupport:3.6.0] C:\Users\hp\.gradle\caches\8.13\transforms\9a307ddaf25a1054b379c2ba4c23808f\transformed\webpsupport-3.6.0\AndroidManifest.xml:5:5-44
MERGED from [com.facebook.fresco:webpsupport:3.6.0] C:\Users\hp\.gradle\caches\8.13\transforms\9a307ddaf25a1054b379c2ba4c23808f\transformed\webpsupport-3.6.0\AndroidManifest.xml:5:5-44
MERGED from [com.facebook.fresco:animated-gif:3.6.0] C:\Users\hp\.gradle\caches\8.13\transforms\60b1b77cc53176bf075b69970924d7e7\transformed\animated-gif-3.6.0\AndroidManifest.xml:5:5-44
MERGED from [com.facebook.fresco:animated-gif:3.6.0] C:\Users\hp\.gradle\caches\8.13\transforms\60b1b77cc53176bf075b69970924d7e7\transformed\animated-gif-3.6.0\AndroidManifest.xml:5:5-44
MERGED from [com.facebook.fresco:animated-base:3.6.0] C:\Users\hp\.gradle\caches\8.13\transforms\693c277db55aca8ce4ec6f7323f0ad9f\transformed\animated-base-3.6.0\AndroidManifest.xml:5:5-44
MERGED from [com.facebook.fresco:animated-base:3.6.0] C:\Users\hp\.gradle\caches\8.13\transforms\693c277db55aca8ce4ec6f7323f0ad9f\transformed\animated-base-3.6.0\AndroidManifest.xml:5:5-44
MERGED from [com.facebook.fresco:animated-drawable:3.6.0] C:\Users\hp\.gradle\caches\8.13\transforms\abc72a50ec0abe4f7fb0e286aacf49ed\transformed\animated-drawable-3.6.0\AndroidManifest.xml:5:5-44
MERGED from [com.facebook.fresco:animated-drawable:3.6.0] C:\Users\hp\.gradle\caches\8.13\transforms\abc72a50ec0abe4f7fb0e286aacf49ed\transformed\animated-drawable-3.6.0\AndroidManifest.xml:5:5-44
MERGED from [com.facebook.fresco:vito-options:3.6.0] C:\Users\hp\.gradle\caches\8.13\transforms\1b273de8da011bb410071c6523370cd7\transformed\vito-options-3.6.0\AndroidManifest.xml:5:5-44
MERGED from [com.facebook.fresco:vito-options:3.6.0] C:\Users\hp\.gradle\caches\8.13\transforms\1b273de8da011bb410071c6523370cd7\transformed\vito-options-3.6.0\AndroidManifest.xml:5:5-44
MERGED from [com.facebook.fresco:drawee:3.6.0] C:\Users\hp\.gradle\caches\8.13\transforms\b2ca74fa571d8812f2e9af890a8f9302\transformed\drawee-3.6.0\AndroidManifest.xml:5:5-44
MERGED from [com.facebook.fresco:drawee:3.6.0] C:\Users\hp\.gradle\caches\8.13\transforms\b2ca74fa571d8812f2e9af890a8f9302\transformed\drawee-3.6.0\AndroidManifest.xml:5:5-44
MERGED from [com.facebook.fresco:nativeimagefilters:3.6.0] C:\Users\hp\.gradle\caches\8.13\transforms\f453b3ccba34c48cb2596ffdd6156ddb\transformed\nativeimagefilters-3.6.0\AndroidManifest.xml:5:5-44
MERGED from [com.facebook.fresco:nativeimagefilters:3.6.0] C:\Users\hp\.gradle\caches\8.13\transforms\f453b3ccba34c48cb2596ffdd6156ddb\transformed\nativeimagefilters-3.6.0\AndroidManifest.xml:5:5-44
MERGED from [com.facebook.fresco:memory-type-native:3.6.0] C:\Users\hp\.gradle\caches\8.13\transforms\9f3ca882b0072637e15acbf93d55b263\transformed\memory-type-native-3.6.0\AndroidManifest.xml:5:5-44
MERGED from [com.facebook.fresco:memory-type-native:3.6.0] C:\Users\hp\.gradle\caches\8.13\transforms\9f3ca882b0072637e15acbf93d55b263\transformed\memory-type-native-3.6.0\AndroidManifest.xml:5:5-44
MERGED from [com.facebook.fresco:memory-type-java:3.6.0] C:\Users\hp\.gradle\caches\8.13\transforms\04e48458c5c766fd98bda89572ea4821\transformed\memory-type-java-3.6.0\AndroidManifest.xml:5:5-44
MERGED from [com.facebook.fresco:memory-type-java:3.6.0] C:\Users\hp\.gradle\caches\8.13\transforms\04e48458c5c766fd98bda89572ea4821\transformed\memory-type-java-3.6.0\AndroidManifest.xml:5:5-44
MERGED from [com.facebook.fresco:imagepipeline-native:3.6.0] C:\Users\hp\.gradle\caches\8.13\transforms\bbc66213c0072a19da77e87b50889315\transformed\imagepipeline-native-3.6.0\AndroidManifest.xml:5:5-44
MERGED from [com.facebook.fresco:imagepipeline-native:3.6.0] C:\Users\hp\.gradle\caches\8.13\transforms\bbc66213c0072a19da77e87b50889315\transformed\imagepipeline-native-3.6.0\AndroidManifest.xml:5:5-44
MERGED from [com.facebook.fresco:memory-type-ashmem:3.6.0] C:\Users\hp\.gradle\caches\8.13\transforms\e3d247f9f869391ae3af108f7d7b20c0\transformed\memory-type-ashmem-3.6.0\AndroidManifest.xml:5:5-44
MERGED from [com.facebook.fresco:memory-type-ashmem:3.6.0] C:\Users\hp\.gradle\caches\8.13\transforms\e3d247f9f869391ae3af108f7d7b20c0\transformed\memory-type-ashmem-3.6.0\AndroidManifest.xml:5:5-44
MERGED from [com.facebook.fresco:imagepipeline:3.6.0] C:\Users\hp\.gradle\caches\8.13\transforms\f6753ea67790b0b3ca90f73bdd49cbb0\transformed\imagepipeline-3.6.0\AndroidManifest.xml:5:5-44
MERGED from [com.facebook.fresco:imagepipeline:3.6.0] C:\Users\hp\.gradle\caches\8.13\transforms\f6753ea67790b0b3ca90f73bdd49cbb0\transformed\imagepipeline-3.6.0\AndroidManifest.xml:5:5-44
MERGED from [com.facebook.fresco:nativeimagetranscoder:3.6.0] C:\Users\hp\.gradle\caches\8.13\transforms\f511f1295f18841f9f800031a2810055\transformed\nativeimagetranscoder-3.6.0\AndroidManifest.xml:5:5-44
MERGED from [com.facebook.fresco:nativeimagetranscoder:3.6.0] C:\Users\hp\.gradle\caches\8.13\transforms\f511f1295f18841f9f800031a2810055\transformed\nativeimagetranscoder-3.6.0\AndroidManifest.xml:5:5-44
MERGED from [com.facebook.fresco:imagepipeline-base:3.6.0] C:\Users\hp\.gradle\caches\8.13\transforms\690c43673a75a2059b420782b7642d6e\transformed\imagepipeline-base-3.6.0\AndroidManifest.xml:5:5-44
MERGED from [com.facebook.fresco:imagepipeline-base:3.6.0] C:\Users\hp\.gradle\caches\8.13\transforms\690c43673a75a2059b420782b7642d6e\transformed\imagepipeline-base-3.6.0\AndroidManifest.xml:5:5-44
MERGED from [com.facebook.fresco:urimod:3.6.0] C:\Users\hp\.gradle\caches\8.13\transforms\4e986dfdaf95665262597e803ce29dc5\transformed\urimod-3.6.0\AndroidManifest.xml:5:5-44
MERGED from [com.facebook.fresco:urimod:3.6.0] C:\Users\hp\.gradle\caches\8.13\transforms\4e986dfdaf95665262597e803ce29dc5\transformed\urimod-3.6.0\AndroidManifest.xml:5:5-44
MERGED from [com.facebook.fresco:vito-source:3.6.0] C:\Users\hp\.gradle\caches\8.13\transforms\1b1167c99a3a6bb8d58febc56083f28e\transformed\vito-source-3.6.0\AndroidManifest.xml:5:5-44
MERGED from [com.facebook.fresco:vito-source:3.6.0] C:\Users\hp\.gradle\caches\8.13\transforms\1b1167c99a3a6bb8d58febc56083f28e\transformed\vito-source-3.6.0\AndroidManifest.xml:5:5-44
MERGED from [com.facebook.fresco:middleware:3.6.0] C:\Users\hp\.gradle\caches\8.13\transforms\947906584408133fa258ff81ff4d90ac\transformed\middleware-3.6.0\AndroidManifest.xml:5:5-44
MERGED from [com.facebook.fresco:middleware:3.6.0] C:\Users\hp\.gradle\caches\8.13\transforms\947906584408133fa258ff81ff4d90ac\transformed\middleware-3.6.0\AndroidManifest.xml:5:5-44
MERGED from [com.facebook.fresco:ui-common:3.6.0] C:\Users\hp\.gradle\caches\8.13\transforms\99c60b1e2149d1fbe34a3338abb0b227\transformed\ui-common-3.6.0\AndroidManifest.xml:5:5-44
MERGED from [com.facebook.fresco:ui-common:3.6.0] C:\Users\hp\.gradle\caches\8.13\transforms\99c60b1e2149d1fbe34a3338abb0b227\transformed\ui-common-3.6.0\AndroidManifest.xml:5:5-44
MERGED from [com.facebook.fresco:soloader:3.6.0] C:\Users\hp\.gradle\caches\8.13\transforms\71a3324b13ff71c2857fa6086a7e04af\transformed\soloader-3.6.0\AndroidManifest.xml:5:5-44
MERGED from [com.facebook.fresco:soloader:3.6.0] C:\Users\hp\.gradle\caches\8.13\transforms\71a3324b13ff71c2857fa6086a7e04af\transformed\soloader-3.6.0\AndroidManifest.xml:5:5-44
MERGED from [com.facebook.fresco:fbcore:3.6.0] C:\Users\hp\.gradle\caches\8.13\transforms\34f4ee91430261663fca573edfe8223f\transformed\fbcore-3.6.0\AndroidManifest.xml:5:5-44
MERGED from [com.facebook.fresco:fbcore:3.6.0] C:\Users\hp\.gradle\caches\8.13\transforms\34f4ee91430261663fca573edfe8223f\transformed\fbcore-3.6.0\AndroidManifest.xml:5:5-44
MERGED from [:expo-constants] C:\dev\ferify-project\ferify-mobile-app\node_modules\expo-constants\android\build\intermediates\merged_manifest\debug\processDebugManifest\AndroidManifest.xml:5:5-44
MERGED from [:expo-constants] C:\dev\ferify-project\ferify-mobile-app\node_modules\expo-constants\android\build\intermediates\merged_manifest\debug\processDebugManifest\AndroidManifest.xml:5:5-44
MERGED from [:expo-dev-client] C:\dev\ferify-project\ferify-mobile-app\node_modules\expo-dev-client\android\build\intermediates\merged_manifest\debug\processDebugManifest\AndroidManifest.xml:5:5-44
MERGED from [:expo-dev-client] C:\dev\ferify-project\ferify-mobile-app\node_modules\expo-dev-client\android\build\intermediates\merged_manifest\debug\processDebugManifest\AndroidManifest.xml:5:5-44
MERGED from [:expo-manifests] C:\dev\ferify-project\ferify-mobile-app\node_modules\expo-manifests\android\build\intermediates\merged_manifest\debug\processDebugManifest\AndroidManifest.xml:5:5-44
MERGED from [:expo-manifests] C:\dev\ferify-project\ferify-mobile-app\node_modules\expo-manifests\android\build\intermediates\merged_manifest\debug\processDebugManifest\AndroidManifest.xml:5:5-44
MERGED from [:expo-json-utils] C:\dev\ferify-project\ferify-mobile-app\node_modules\expo-json-utils\android\build\intermediates\merged_manifest\debug\processDebugManifest\AndroidManifest.xml:5:5-44
MERGED from [:expo-json-utils] C:\dev\ferify-project\ferify-mobile-app\node_modules\expo-json-utils\android\build\intermediates\merged_manifest\debug\processDebugManifest\AndroidManifest.xml:5:5-44
MERGED from [:expo-updates-interface] C:\dev\ferify-project\ferify-mobile-app\node_modules\expo-updates-interface\android\build\intermediates\merged_manifest\debug\processDebugManifest\AndroidManifest.xml:5:5-44
MERGED from [:expo-updates-interface] C:\dev\ferify-project\ferify-mobile-app\node_modules\expo-updates-interface\android\build\intermediates\merged_manifest\debug\processDebugManifest\AndroidManifest.xml:5:5-44
MERGED from [host.exp.exponent:expo.modules.application:6.1.5] C:\Users\hp\.gradle\caches\8.13\transforms\7fe0bcfa5de897451213655b018bba8b\transformed\expo.modules.application-6.1.5\AndroidManifest.xml:5:5-44
MERGED from [host.exp.exponent:expo.modules.application:6.1.5] C:\Users\hp\.gradle\caches\8.13\transforms\7fe0bcfa5de897451213655b018bba8b\transformed\expo.modules.application-6.1.5\AndroidManifest.xml:5:5-44
MERGED from [expo.modules.asset:expo.modules.asset:11.1.7] C:\Users\hp\.gradle\caches\8.13\transforms\3ad6fc53b2bff3ae890bfbb7f8abca0f\transformed\expo.modules.asset-11.1.7\AndroidManifest.xml:5:5-44
MERGED from [expo.modules.asset:expo.modules.asset:11.1.7] C:\Users\hp\.gradle\caches\8.13\transforms\3ad6fc53b2bff3ae890bfbb7f8abca0f\transformed\expo.modules.asset-11.1.7\AndroidManifest.xml:5:5-44
MERGED from [host.exp.exponent:expo.modules.blur:14.1.5] C:\Users\hp\.gradle\caches\8.13\transforms\fd9d9a37ebd036d41335a57a923e3f3e\transformed\expo.modules.blur-14.1.5\AndroidManifest.xml:5:5-44
MERGED from [host.exp.exponent:expo.modules.blur:14.1.5] C:\Users\hp\.gradle\caches\8.13\transforms\fd9d9a37ebd036d41335a57a923e3f3e\transformed\expo.modules.blur-14.1.5\AndroidManifest.xml:5:5-44
MERGED from [host.exp.exponent:expo.modules.crypto:14.1.5] C:\Users\hp\.gradle\caches\8.13\transforms\2d68ebc3b2d891c94cfd33aa5186afa8\transformed\expo.modules.crypto-14.1.5\AndroidManifest.xml:5:5-44
MERGED from [host.exp.exponent:expo.modules.crypto:14.1.5] C:\Users\hp\.gradle\caches\8.13\transforms\2d68ebc3b2d891c94cfd33aa5186afa8\transformed\expo.modules.crypto-14.1.5\AndroidManifest.xml:5:5-44
MERGED from [host.exp.exponent:expo.modules.haptics:14.1.4] C:\Users\hp\.gradle\caches\8.13\transforms\a352ec053b24e5141a16241693642fcb\transformed\expo.modules.haptics-14.1.4\AndroidManifest.xml:5:5-44
MERGED from [host.exp.exponent:expo.modules.haptics:14.1.4] C:\Users\hp\.gradle\caches\8.13\transforms\a352ec053b24e5141a16241693642fcb\transformed\expo.modules.haptics-14.1.4\AndroidManifest.xml:5:5-44
MERGED from [host.exp.exponent:expo.modules.keepawake:14.1.4] C:\Users\hp\.gradle\caches\8.13\transforms\ba8a617544e22934a35df8c4c0f00463\transformed\expo.modules.keepawake-14.1.4\AndroidManifest.xml:5:5-44
MERGED from [host.exp.exponent:expo.modules.keepawake:14.1.4] C:\Users\hp\.gradle\caches\8.13\transforms\ba8a617544e22934a35df8c4c0f00463\transformed\expo.modules.keepawake-14.1.4\AndroidManifest.xml:5:5-44
MERGED from [host.exp.exponent:expo.modules.linking:7.1.7] C:\Users\hp\.gradle\caches\8.13\transforms\5e9b522a63dbfac0512e98cafdbb9962\transformed\expo.modules.linking-7.1.7\AndroidManifest.xml:5:5-44
MERGED from [host.exp.exponent:expo.modules.linking:7.1.7] C:\Users\hp\.gradle\caches\8.13\transforms\5e9b522a63dbfac0512e98cafdbb9962\transformed\expo.modules.linking-7.1.7\AndroidManifest.xml:5:5-44
MERGED from [host.exp.exponent:expo.modules.webbrowser:14.2.0] C:\Users\hp\.gradle\caches\8.13\transforms\3e1c3008415887473f6d920c1b1d8993\transformed\expo.modules.webbrowser-14.2.0\AndroidManifest.xml:5:5-44
MERGED from [host.exp.exponent:expo.modules.webbrowser:14.2.0] C:\Users\hp\.gradle\caches\8.13\transforms\3e1c3008415887473f6d920c1b1d8993\transformed\expo.modules.webbrowser-14.2.0\AndroidManifest.xml:5:5-44
MERGED from [androidx.legacy:legacy-support-core-ui:1.0.0] C:\Users\hp\.gradle\caches\8.13\transforms\7c1ff614e55963fb3e5064ef15051de5\transformed\legacy-support-core-ui-1.0.0\AndroidManifest.xml:20:5-44
MERGED from [androidx.legacy:legacy-support-core-ui:1.0.0] C:\Users\hp\.gradle\caches\8.13\transforms\7c1ff614e55963fb3e5064ef15051de5\transformed\legacy-support-core-ui-1.0.0\AndroidManifest.xml:20:5-44
MERGED from [androidx.coordinatorlayout:coordinatorlayout:1.2.0] C:\Users\hp\.gradle\caches\8.13\transforms\841b5dd71bd0e36526ae3ac4049ae36d\transformed\coordinatorlayout-1.2.0\AndroidManifest.xml:20:5-22:41
MERGED from [androidx.coordinatorlayout:coordinatorlayout:1.2.0] C:\Users\hp\.gradle\caches\8.13\transforms\841b5dd71bd0e36526ae3ac4049ae36d\transformed\coordinatorlayout-1.2.0\AndroidManifest.xml:20:5-22:41
MERGED from [androidx.swiperefreshlayout:swiperefreshlayout:1.1.0] C:\Users\hp\.gradle\caches\8.13\transforms\c98eac47421cc411bfb007f7b1f2f704\transformed\swiperefreshlayout-1.1.0\AndroidManifest.xml:20:5-22:41
MERGED from [androidx.swiperefreshlayout:swiperefreshlayout:1.1.0] C:\Users\hp\.gradle\caches\8.13\transforms\c98eac47421cc411bfb007f7b1f2f704\transformed\swiperefreshlayout-1.1.0\AndroidManifest.xml:20:5-22:41
MERGED from [androidx.webkit:webkit:1.4.0] C:\Users\hp\.gradle\caches\8.13\transforms\4b4a8ea01ead8b0022554150177b8940\transformed\webkit-1.4.0\AndroidManifest.xml:20:5-22:41
MERGED from [androidx.webkit:webkit:1.4.0] C:\Users\hp\.gradle\caches\8.13\transforms\4b4a8ea01ead8b0022554150177b8940\transformed\webkit-1.4.0\AndroidManifest.xml:20:5-22:41
MERGED from [androidx.autofill:autofill:1.1.0] C:\Users\hp\.gradle\caches\8.13\transforms\590c8cbe0e5fc75f6ea99f0329cc6beb\transformed\autofill-1.1.0\AndroidManifest.xml:20:5-22:41
MERGED from [androidx.autofill:autofill:1.1.0] C:\Users\hp\.gradle\caches\8.13\transforms\590c8cbe0e5fc75f6ea99f0329cc6beb\transformed\autofill-1.1.0\AndroidManifest.xml:20:5-22:41
MERGED from [androidx.transition:transition:1.5.0] C:\Users\hp\.gradle\caches\8.13\transforms\0b92901caa862045d69af21a069d1503\transformed\transition-1.5.0\AndroidManifest.xml:5:5-44
MERGED from [androidx.transition:transition:1.5.0] C:\Users\hp\.gradle\caches\8.13\transforms\0b92901caa862045d69af21a069d1503\transformed\transition-1.5.0\AndroidManifest.xml:5:5-44
MERGED from [androidx.dynamicanimation:dynamicanimation:1.0.0] C:\Users\hp\.gradle\caches\8.13\transforms\871f0814459475f69100ee5b6b0e11e9\transformed\dynamicanimation-1.0.0\AndroidManifest.xml:20:5-44
MERGED from [androidx.dynamicanimation:dynamicanimation:1.0.0] C:\Users\hp\.gradle\caches\8.13\transforms\871f0814459475f69100ee5b6b0e11e9\transformed\dynamicanimation-1.0.0\AndroidManifest.xml:20:5-44
MERGED from [androidx.legacy:legacy-support-core-utils:1.0.0] C:\Users\hp\.gradle\caches\8.13\transforms\5d86e34d59f20b76b06d8eaae58141ed\transformed\legacy-support-core-utils-1.0.0\AndroidManifest.xml:20:5-44
MERGED from [androidx.legacy:legacy-support-core-utils:1.0.0] C:\Users\hp\.gradle\caches\8.13\transforms\5d86e34d59f20b76b06d8eaae58141ed\transformed\legacy-support-core-utils-1.0.0\AndroidManifest.xml:20:5-44
MERGED from [androidx.loader:loader:1.1.0] C:\Users\hp\.gradle\caches\8.13\transforms\d3030fe858a43e700e033860cda2030c\transformed\loader-1.1.0\AndroidManifest.xml:20:5-22:41
MERGED from [androidx.loader:loader:1.1.0] C:\Users\hp\.gradle\caches\8.13\transforms\d3030fe858a43e700e033860cda2030c\transformed\loader-1.1.0\AndroidManifest.xml:20:5-22:41
MERGED from [androidx.browser:browser:1.6.0] C:\Users\hp\.gradle\caches\8.13\transforms\ebcbc782ad50c6803126b618e584af22\transformed\browser-1.6.0\AndroidManifest.xml:5:5-44
MERGED from [androidx.browser:browser:1.6.0] C:\Users\hp\.gradle\caches\8.13\transforms\ebcbc782ad50c6803126b618e584af22\transformed\browser-1.6.0\AndroidManifest.xml:5:5-44
MERGED from [androidx.drawerlayout:drawerlayout:1.1.1] C:\Users\hp\.gradle\caches\8.13\transforms\ab65da9ffdc054d7515fd82d7732c762\transformed\drawerlayout-1.1.1\AndroidManifest.xml:20:5-22:41
MERGED from [androidx.drawerlayout:drawerlayout:1.1.1] C:\Users\hp\.gradle\caches\8.13\transforms\ab65da9ffdc054d7515fd82d7732c762\transformed\drawerlayout-1.1.1\AndroidManifest.xml:20:5-22:41
MERGED from [androidx.vectordrawable:vectordrawable-animated:1.1.0] C:\Users\hp\.gradle\caches\8.13\transforms\628f0576876fb12cb1d8ef18fbf9961d\transformed\vectordrawable-animated-1.1.0\AndroidManifest.xml:20:5-22:41
MERGED from [androidx.vectordrawable:vectordrawable-animated:1.1.0] C:\Users\hp\.gradle\caches\8.13\transforms\628f0576876fb12cb1d8ef18fbf9961d\transformed\vectordrawable-animated-1.1.0\AndroidManifest.xml:20:5-22:41
MERGED from [androidx.vectordrawable:vectordrawable:1.1.0] C:\Users\hp\.gradle\caches\8.13\transforms\a433e5aaa6f715a8603c3533d2172210\transformed\vectordrawable-1.1.0\AndroidManifest.xml:20:5-22:41
MERGED from [androidx.vectordrawable:vectordrawable:1.1.0] C:\Users\hp\.gradle\caches\8.13\transforms\a433e5aaa6f715a8603c3533d2172210\transformed\vectordrawable-1.1.0\AndroidManifest.xml:20:5-22:41
MERGED from [androidx.emoji2:emoji2-views-helper:1.3.0] C:\Users\hp\.gradle\caches\8.13\transforms\dda552785eb2e21281835f82139051bd\transformed\emoji2-views-helper-1.3.0\AndroidManifest.xml:5:5-44
MERGED from [androidx.emoji2:emoji2-views-helper:1.3.0] C:\Users\hp\.gradle\caches\8.13\transforms\dda552785eb2e21281835f82139051bd\transformed\emoji2-views-helper-1.3.0\AndroidManifest.xml:5:5-44
MERGED from [androidx.emoji2:emoji2:1.3.0] C:\Users\hp\.gradle\caches\8.13\transforms\bdf6bd7e275c0c4cf963c663ef85151f\transformed\emoji2-1.3.0\AndroidManifest.xml:21:5-44
MERGED from [androidx.emoji2:emoji2:1.3.0] C:\Users\hp\.gradle\caches\8.13\transforms\bdf6bd7e275c0c4cf963c663ef85151f\transformed\emoji2-1.3.0\AndroidManifest.xml:21:5-44
MERGED from [androidx.media:media:1.0.0] C:\Users\hp\.gradle\caches\8.13\transforms\6c67b3583535e8d04d5e1c7b305efadb\transformed\media-1.0.0\AndroidManifest.xml:20:5-44
MERGED from [androidx.media:media:1.0.0] C:\Users\hp\.gradle\caches\8.13\transforms\6c67b3583535e8d04d5e1c7b305efadb\transformed\media-1.0.0\AndroidManifest.xml:20:5-44
MERGED from [androidx.viewpager:viewpager:1.0.0] C:\Users\hp\.gradle\caches\8.13\transforms\7eb48d80ccb41afe7bab343cd08e8abd\transformed\viewpager-1.0.0\AndroidManifest.xml:20:5-44
MERGED from [androidx.viewpager:viewpager:1.0.0] C:\Users\hp\.gradle\caches\8.13\transforms\7eb48d80ccb41afe7bab343cd08e8abd\transformed\viewpager-1.0.0\AndroidManifest.xml:20:5-44
MERGED from [androidx.recyclerview:recyclerview:1.1.0] C:\Users\hp\.gradle\caches\8.13\transforms\67d16a499d95463eeb6fca9b907cf54c\transformed\recyclerview-1.1.0\AndroidManifest.xml:20:5-22:41
MERGED from [androidx.recyclerview:recyclerview:1.1.0] C:\Users\hp\.gradle\caches\8.13\transforms\67d16a499d95463eeb6fca9b907cf54c\transformed\recyclerview-1.1.0\AndroidManifest.xml:20:5-22:41
MERGED from [androidx.slidingpanelayout:slidingpanelayout:1.0.0] C:\Users\hp\.gradle\caches\8.13\transforms\5d51cf8119f9cb9ec6baa74668132a69\transformed\slidingpanelayout-1.0.0\AndroidManifest.xml:20:5-44
MERGED from [androidx.slidingpanelayout:slidingpanelayout:1.0.0] C:\Users\hp\.gradle\caches\8.13\transforms\5d51cf8119f9cb9ec6baa74668132a69\transformed\slidingpanelayout-1.0.0\AndroidManifest.xml:20:5-44
MERGED from [androidx.customview:customview:1.1.0] C:\Users\hp\.gradle\caches\8.13\transforms\d038064b9ff5b4c58cbf7bd34b404aa9\transformed\customview-1.1.0\AndroidManifest.xml:20:5-22:41
MERGED from [androidx.customview:customview:1.1.0] C:\Users\hp\.gradle\caches\8.13\transforms\d038064b9ff5b4c58cbf7bd34b404aa9\transformed\customview-1.1.0\AndroidManifest.xml:20:5-22:41
MERGED from [androidx.asynclayoutinflater:asynclayoutinflater:1.0.0] C:\Users\hp\.gradle\caches\8.13\transforms\4f0f97c276b89593efd1cc9c6a4ad66c\transformed\asynclayoutinflater-1.0.0\AndroidManifest.xml:20:5-44
MERGED from [androidx.asynclayoutinflater:asynclayoutinflater:1.0.0] C:\Users\hp\.gradle\caches\8.13\transforms\4f0f97c276b89593efd1cc9c6a4ad66c\transformed\asynclayoutinflater-1.0.0\AndroidManifest.xml:20:5-44
MERGED from [androidx.core:core:1.13.1] C:\Users\hp\.gradle\caches\8.13\transforms\3709465e82c922f518d124b9b76a7a36\transformed\core-1.13.1\AndroidManifest.xml:20:5-44
MERGED from [androidx.core:core:1.13.1] C:\Users\hp\.gradle\caches\8.13\transforms\3709465e82c922f518d124b9b76a7a36\transformed\core-1.13.1\AndroidManifest.xml:20:5-44
MERGED from [androidx.activity:activity-ktx:1.10.0] C:\Users\hp\.gradle\caches\8.13\transforms\a06a29764de9d64ba89a5a7c8cec8f9f\transformed\activity-ktx-1.10.0\AndroidManifest.xml:5:5-44
MERGED from [androidx.activity:activity-ktx:1.10.0] C:\Users\hp\.gradle\caches\8.13\transforms\a06a29764de9d64ba89a5a7c8cec8f9f\transformed\activity-ktx-1.10.0\AndroidManifest.xml:5:5-44
MERGED from [androidx.activity:activity:1.10.0] C:\Users\hp\.gradle\caches\8.13\transforms\bf1e9ce1d657f8d0a5371b2e2b946cf7\transformed\activity-1.10.0\AndroidManifest.xml:20:5-44
MERGED from [androidx.activity:activity:1.10.0] C:\Users\hp\.gradle\caches\8.13\transforms\bf1e9ce1d657f8d0a5371b2e2b946cf7\transformed\activity-1.10.0\AndroidManifest.xml:20:5-44
MERGED from [androidx.savedstate:savedstate-ktx:1.2.1] C:\Users\hp\.gradle\caches\8.13\transforms\38955687eabebbb73ff594f28991ed95\transformed\savedstate-ktx-1.2.1\AndroidManifest.xml:20:5-44
MERGED from [androidx.savedstate:savedstate-ktx:1.2.1] C:\Users\hp\.gradle\caches\8.13\transforms\38955687eabebbb73ff594f28991ed95\transformed\savedstate-ktx-1.2.1\AndroidManifest.xml:20:5-44
MERGED from [androidx.savedstate:savedstate:1.2.1] C:\Users\hp\.gradle\caches\8.13\transforms\22b17fa09617d1bd320a8ca07a69765b\transformed\savedstate-1.2.1\AndroidManifest.xml:20:5-44
MERGED from [androidx.savedstate:savedstate:1.2.1] C:\Users\hp\.gradle\caches\8.13\transforms\22b17fa09617d1bd320a8ca07a69765b\transformed\savedstate-1.2.1\AndroidManifest.xml:20:5-44
MERGED from [androidx.lifecycle:lifecycle-viewmodel-ktx:2.6.2] C:\Users\hp\.gradle\caches\8.13\transforms\7aefec13fd83b5db0249c546d2d8b078\transformed\lifecycle-viewmodel-ktx-2.6.2\AndroidManifest.xml:20:5-44
MERGED from [androidx.lifecycle:lifecycle-viewmodel-ktx:2.6.2] C:\Users\hp\.gradle\caches\8.13\transforms\7aefec13fd83b5db0249c546d2d8b078\transformed\lifecycle-viewmodel-ktx-2.6.2\AndroidManifest.xml:20:5-44
MERGED from [androidx.lifecycle:lifecycle-viewmodel:2.6.2] C:\Users\hp\.gradle\caches\8.13\transforms\84bf96c6fa55ad4881b8bc9626d3422f\transformed\lifecycle-viewmodel-2.6.2\AndroidManifest.xml:20:5-44
MERGED from [androidx.lifecycle:lifecycle-viewmodel:2.6.2] C:\Users\hp\.gradle\caches\8.13\transforms\84bf96c6fa55ad4881b8bc9626d3422f\transformed\lifecycle-viewmodel-2.6.2\AndroidManifest.xml:20:5-44
MERGED from [androidx.lifecycle:lifecycle-service:2.6.2] C:\Users\hp\.gradle\caches\8.13\transforms\c0c50c88756bcac103613312adb72468\transformed\lifecycle-service-2.6.2\AndroidManifest.xml:20:5-44
MERGED from [androidx.lifecycle:lifecycle-service:2.6.2] C:\Users\hp\.gradle\caches\8.13\transforms\c0c50c88756bcac103613312adb72468\transformed\lifecycle-service-2.6.2\AndroidManifest.xml:20:5-44
MERGED from [androidx.lifecycle:lifecycle-runtime-ktx:2.6.2] C:\Users\hp\.gradle\caches\8.13\transforms\8fa1795a61f1e4fc8c45e820390b62da\transformed\lifecycle-runtime-ktx-2.6.2\AndroidManifest.xml:20:5-44
MERGED from [androidx.lifecycle:lifecycle-runtime-ktx:2.6.2] C:\Users\hp\.gradle\caches\8.13\transforms\8fa1795a61f1e4fc8c45e820390b62da\transformed\lifecycle-runtime-ktx-2.6.2\AndroidManifest.xml:20:5-44
MERGED from [androidx.lifecycle:lifecycle-process:2.6.2] C:\Users\hp\.gradle\caches\8.13\transforms\6e6486fd168175231d9ed9a95f94dbcc\transformed\lifecycle-process-2.6.2\AndroidManifest.xml:21:5-44
MERGED from [androidx.lifecycle:lifecycle-process:2.6.2] C:\Users\hp\.gradle\caches\8.13\transforms\6e6486fd168175231d9ed9a95f94dbcc\transformed\lifecycle-process-2.6.2\AndroidManifest.xml:21:5-44
MERGED from [androidx.lifecycle:lifecycle-livedata-core-ktx:2.6.2] C:\Users\hp\.gradle\caches\8.13\transforms\467a8905804a473e491f1cec3d255218\transformed\lifecycle-livedata-core-ktx-2.6.2\AndroidManifest.xml:20:5-44
MERGED from [androidx.lifecycle:lifecycle-livedata-core-ktx:2.6.2] C:\Users\hp\.gradle\caches\8.13\transforms\467a8905804a473e491f1cec3d255218\transformed\lifecycle-livedata-core-ktx-2.6.2\AndroidManifest.xml:20:5-44
MERGED from [androidx.lifecycle:lifecycle-livedata-core:2.6.2] C:\Users\hp\.gradle\caches\8.13\transforms\5cc9cea7ef19e910f9173ebf82db5f9e\transformed\lifecycle-livedata-core-2.6.2\AndroidManifest.xml:20:5-44
MERGED from [androidx.lifecycle:lifecycle-livedata-core:2.6.2] C:\Users\hp\.gradle\caches\8.13\transforms\5cc9cea7ef19e910f9173ebf82db5f9e\transformed\lifecycle-livedata-core-2.6.2\AndroidManifest.xml:20:5-44
MERGED from [androidx.lifecycle:lifecycle-livedata:2.6.2] C:\Users\hp\.gradle\caches\8.13\transforms\558d4d9938f8745cd1035c5c21001edb\transformed\lifecycle-livedata-2.6.2\AndroidManifest.xml:20:5-44
MERGED from [androidx.lifecycle:lifecycle-livedata:2.6.2] C:\Users\hp\.gradle\caches\8.13\transforms\558d4d9938f8745cd1035c5c21001edb\transformed\lifecycle-livedata-2.6.2\AndroidManifest.xml:20:5-44
MERGED from [androidx.lifecycle:lifecycle-runtime:2.6.2] C:\Users\hp\.gradle\caches\8.13\transforms\922da6effdf558a16afc5862d2d1bb0e\transformed\lifecycle-runtime-2.6.2\AndroidManifest.xml:5:5-44
MERGED from [androidx.lifecycle:lifecycle-runtime:2.6.2] C:\Users\hp\.gradle\caches\8.13\transforms\922da6effdf558a16afc5862d2d1bb0e\transformed\lifecycle-runtime-2.6.2\AndroidManifest.xml:5:5-44
MERGED from [androidx.lifecycle:lifecycle-viewmodel-savedstate:2.6.2] C:\Users\hp\.gradle\caches\8.13\transforms\f90e556133ee7d96ac3068473486fab1\transformed\lifecycle-viewmodel-savedstate-2.6.2\AndroidManifest.xml:20:5-44
MERGED from [androidx.lifecycle:lifecycle-viewmodel-savedstate:2.6.2] C:\Users\hp\.gradle\caches\8.13\transforms\f90e556133ee7d96ac3068473486fab1\transformed\lifecycle-viewmodel-savedstate-2.6.2\AndroidManifest.xml:20:5-44
MERGED from [androidx.core:core-ktx:1.13.1] C:\Users\hp\.gradle\caches\8.13\transforms\da82a7daf4f92b7331a3ae098907e446\transformed\core-ktx-1.13.1\AndroidManifest.xml:5:5-44
MERGED from [androidx.core:core-ktx:1.13.1] C:\Users\hp\.gradle\caches\8.13\transforms\da82a7daf4f92b7331a3ae098907e446\transformed\core-ktx-1.13.1\AndroidManifest.xml:5:5-44
MERGED from [androidx.profileinstaller:profileinstaller:1.4.0] C:\Users\hp\.gradle\caches\8.13\transforms\6a806ce5b0541d9b26a9eb98fc422d6e\transformed\profileinstaller-1.4.0\AndroidManifest.xml:21:5-44
MERGED from [androidx.profileinstaller:profileinstaller:1.4.0] C:\Users\hp\.gradle\caches\8.13\transforms\6a806ce5b0541d9b26a9eb98fc422d6e\transformed\profileinstaller-1.4.0\AndroidManifest.xml:21:5-44
MERGED from [androidx.startup:startup-runtime:1.1.1] C:\Users\hp\.gradle\caches\8.13\transforms\1cab8a385a0d890ff7eff3eaeac85db5\transformed\startup-runtime-1.1.1\AndroidManifest.xml:21:5-23:41
MERGED from [androidx.startup:startup-runtime:1.1.1] C:\Users\hp\.gradle\caches\8.13\transforms\1cab8a385a0d890ff7eff3eaeac85db5\transformed\startup-runtime-1.1.1\AndroidManifest.xml:21:5-23:41
MERGED from [androidx.tracing:tracing:1.2.0] C:\Users\hp\.gradle\caches\8.13\transforms\ce9bcf49733e17725f148bfc89de8bae\transformed\tracing-1.2.0\AndroidManifest.xml:20:5-44
MERGED from [androidx.tracing:tracing:1.2.0] C:\Users\hp\.gradle\caches\8.13\transforms\ce9bcf49733e17725f148bfc89de8bae\transformed\tracing-1.2.0\AndroidManifest.xml:20:5-44
MERGED from [androidx.tracing:tracing-ktx:1.2.0] C:\Users\hp\.gradle\caches\8.13\transforms\e8d33a325f55fc3eb26b77fce9f02c2d\transformed\tracing-ktx-1.2.0\AndroidManifest.xml:20:5-44
MERGED from [androidx.tracing:tracing-ktx:1.2.0] C:\Users\hp\.gradle\caches\8.13\transforms\e8d33a325f55fc3eb26b77fce9f02c2d\transformed\tracing-ktx-1.2.0\AndroidManifest.xml:20:5-44
MERGED from [com.facebook.fresco:ui-core:3.6.0] C:\Users\hp\.gradle\caches\8.13\transforms\fc2fbdb7b1b8ceeab9c0b081e4889a01\transformed\ui-core-3.6.0\AndroidManifest.xml:5:5-44
MERGED from [com.facebook.fresco:ui-core:3.6.0] C:\Users\hp\.gradle\caches\8.13\transforms\fc2fbdb7b1b8ceeab9c0b081e4889a01\transformed\ui-core-3.6.0\AndroidManifest.xml:5:5-44
MERGED from [androidx.annotation:annotation-experimental:1.4.0] C:\Users\hp\.gradle\caches\8.13\transforms\7d6cf214387d91dce9809d6a14dc6c18\transformed\annotation-experimental-1.4.0\AndroidManifest.xml:5:5-44
MERGED from [androidx.annotation:annotation-experimental:1.4.0] C:\Users\hp\.gradle\caches\8.13\transforms\7d6cf214387d91dce9809d6a14dc6c18\transformed\annotation-experimental-1.4.0\AndroidManifest.xml:5:5-44
MERGED from [com.facebook.fresco:vito-renderer:3.6.0] C:\Users\hp\.gradle\caches\8.13\transforms\5a5b2ece211fed6c683f81e9e4ffab66\transformed\vito-renderer-3.6.0\AndroidManifest.xml:5:5-44
MERGED from [com.facebook.fresco:vito-renderer:3.6.0] C:\Users\hp\.gradle\caches\8.13\transforms\5a5b2ece211fed6c683f81e9e4ffab66\transformed\vito-renderer-3.6.0\AndroidManifest.xml:5:5-44
MERGED from [com.facebook.react:hermes-android:0.79.6] C:\Users\hp\.gradle\caches\8.13\transforms\3a9df8d2dce51b9c6e251e89d6835984\transformed\hermes-android-0.79.6-debug\AndroidManifest.xml:5:5-44
MERGED from [com.facebook.react:hermes-android:0.79.6] C:\Users\hp\.gradle\caches\8.13\transforms\3a9df8d2dce51b9c6e251e89d6835984\transformed\hermes-android-0.79.6-debug\AndroidManifest.xml:5:5-44
MERGED from [androidx.databinding:viewbinding:8.8.2] C:\Users\hp\.gradle\caches\8.13\transforms\bac86452941158edb5f6a62bed9fa0a3\transformed\viewbinding-8.8.2\AndroidManifest.xml:5:5-44
MERGED from [androidx.databinding:viewbinding:8.8.2] C:\Users\hp\.gradle\caches\8.13\transforms\bac86452941158edb5f6a62bed9fa0a3\transformed\viewbinding-8.8.2\AndroidManifest.xml:5:5-44
MERGED from [com.github.Dimezis:BlurView:version-2.0.6] C:\Users\hp\.gradle\caches\8.13\transforms\d0cd0efd977f9a01291ed72ab7691acb\transformed\BlurView-version-2.0.6\AndroidManifest.xml:5:5-7:41
MERGED from [com.github.Dimezis:BlurView:version-2.0.6] C:\Users\hp\.gradle\caches\8.13\transforms\d0cd0efd977f9a01291ed72ab7691acb\transformed\BlurView-version-2.0.6\AndroidManifest.xml:5:5-7:41
MERGED from [androidx.exifinterface:exifinterface:1.3.7] C:\Users\hp\.gradle\caches\8.13\transforms\45d8985efe352a315fff4e7dda185980\transformed\exifinterface-1.3.7\AndroidManifest.xml:20:5-22:41
MERGED from [androidx.exifinterface:exifinterface:1.3.7] C:\Users\hp\.gradle\caches\8.13\transforms\45d8985efe352a315fff4e7dda185980\transformed\exifinterface-1.3.7\AndroidManifest.xml:20:5-22:41
MERGED from [androidx.interpolator:interpolator:1.0.0] C:\Users\hp\.gradle\caches\8.13\transforms\b9449e9f05d0355ebd5a2390e7334597\transformed\interpolator-1.0.0\AndroidManifest.xml:20:5-44
MERGED from [androidx.interpolator:interpolator:1.0.0] C:\Users\hp\.gradle\caches\8.13\transforms\b9449e9f05d0355ebd5a2390e7334597\transformed\interpolator-1.0.0\AndroidManifest.xml:20:5-44
MERGED from [androidx.cardview:cardview:1.0.0] C:\Users\hp\.gradle\caches\8.13\transforms\17ee30e9c6ccb74f5a80149bde191985\transformed\cardview-1.0.0\AndroidManifest.xml:20:5-44
MERGED from [androidx.cardview:cardview:1.0.0] C:\Users\hp\.gradle\caches\8.13\transforms\17ee30e9c6ccb74f5a80149bde191985\transformed\cardview-1.0.0\AndroidManifest.xml:20:5-44
MERGED from [androidx.cursoradapter:cursoradapter:1.0.0] C:\Users\hp\.gradle\caches\8.13\transforms\9879aa3271066c0c5de04487ca257f18\transformed\cursoradapter-1.0.0\AndroidManifest.xml:20:5-44
MERGED from [androidx.cursoradapter:cursoradapter:1.0.0] C:\Users\hp\.gradle\caches\8.13\transforms\9879aa3271066c0c5de04487ca257f18\transformed\cursoradapter-1.0.0\AndroidManifest.xml:20:5-44
MERGED from [androidx.versionedparcelable:versionedparcelable:1.1.1] C:\Users\hp\.gradle\caches\8.13\transforms\b057ec66ea7c2e14e1378a0a2daa40a5\transformed\versionedparcelable-1.1.1\AndroidManifest.xml:20:5-22:41
MERGED from [androidx.versionedparcelable:versionedparcelable:1.1.1] C:\Users\hp\.gradle\caches\8.13\transforms\b057ec66ea7c2e14e1378a0a2daa40a5\transformed\versionedparcelable-1.1.1\AndroidManifest.xml:20:5-22:41
MERGED from [com.github.bumptech.glide:gifdecoder:4.16.0] C:\Users\hp\.gradle\caches\8.13\transforms\4b775066769714d9f9e6757e9a9c613b\transformed\gifdecoder-4.16.0\AndroidManifest.xml:5:5-7:41
MERGED from [com.github.bumptech.glide:gifdecoder:4.16.0] C:\Users\hp\.gradle\caches\8.13\transforms\4b775066769714d9f9e6757e9a9c613b\transformed\gifdecoder-4.16.0\AndroidManifest.xml:5:5-7:41
MERGED from [androidx.documentfile:documentfile:1.0.0] C:\Users\hp\.gradle\caches\8.13\transforms\2bfaf943cc5ce0ec9d6ede06c38e4ed7\transformed\documentfile-1.0.0\AndroidManifest.xml:20:5-44
MERGED from [androidx.documentfile:documentfile:1.0.0] C:\Users\hp\.gradle\caches\8.13\transforms\2bfaf943cc5ce0ec9d6ede06c38e4ed7\transformed\documentfile-1.0.0\AndroidManifest.xml:20:5-44
MERGED from [androidx.localbroadcastmanager:localbroadcastmanager:1.0.0] C:\Users\hp\.gradle\caches\8.13\transforms\e8b54ca374ae2a622fb7f306fb56d643\transformed\localbroadcastmanager-1.0.0\AndroidManifest.xml:20:5-44
MERGED from [androidx.localbroadcastmanager:localbroadcastmanager:1.0.0] C:\Users\hp\.gradle\caches\8.13\transforms\e8b54ca374ae2a622fb7f306fb56d643\transformed\localbroadcastmanager-1.0.0\AndroidManifest.xml:20:5-44
MERGED from [androidx.print:print:1.0.0] C:\Users\hp\.gradle\caches\8.13\transforms\06cdf0fd570f8aaa7b43a78cccfdfc93\transformed\print-1.0.0\AndroidManifest.xml:20:5-44
MERGED from [androidx.print:print:1.0.0] C:\Users\hp\.gradle\caches\8.13\transforms\06cdf0fd570f8aaa7b43a78cccfdfc93\transformed\print-1.0.0\AndroidManifest.xml:20:5-44
MERGED from [androidx.arch.core:core-runtime:2.2.0] C:\Users\hp\.gradle\caches\8.13\transforms\ca5243ce18c6e1bbb838c3b9327f353d\transformed\core-runtime-2.2.0\AndroidManifest.xml:20:5-44
MERGED from [androidx.arch.core:core-runtime:2.2.0] C:\Users\hp\.gradle\caches\8.13\transforms\ca5243ce18c6e1bbb838c3b9327f353d\transformed\core-runtime-2.2.0\AndroidManifest.xml:20:5-44
MERGED from [com.android.support:appcompat-v7:28.0.0] C:\Users\hp\.gradle\caches\8.13\transforms\e19e6d6013b99bbf502dc384103c831d\transformed\appcompat-v7-28.0.0\AndroidManifest.xml:20:5-44
MERGED from [com.android.support:appcompat-v7:28.0.0] C:\Users\hp\.gradle\caches\8.13\transforms\e19e6d6013b99bbf502dc384103c831d\transformed\appcompat-v7-28.0.0\AndroidManifest.xml:20:5-44
MERGED from [com.facebook.fbjni:fbjni:0.7.0] C:\Users\hp\.gradle\caches\8.13\transforms\56df6f5f77df1e037f27ce4458035fcb\transformed\fbjni-0.7.0\AndroidManifest.xml:5:5-44
MERGED from [com.facebook.fbjni:fbjni:0.7.0] C:\Users\hp\.gradle\caches\8.13\transforms\56df6f5f77df1e037f27ce4458035fcb\transformed\fbjni-0.7.0\AndroidManifest.xml:5:5-44
MERGED from [com.facebook.soloader:soloader:0.12.1] C:\Users\hp\.gradle\caches\8.13\transforms\37573d7fc76771033bad46c4c82d23a7\transformed\soloader-0.12.1\AndroidManifest.xml:7:5-9:41
MERGED from [com.facebook.soloader:soloader:0.12.1] C:\Users\hp\.gradle\caches\8.13\transforms\37573d7fc76771033bad46c4c82d23a7\transformed\soloader-0.12.1\AndroidManifest.xml:7:5-9:41
MERGED from [com.android.support:support-fragment:28.0.0] C:\Users\hp\.gradle\caches\8.13\transforms\92fd5c410361e106ef5b263a54c2f6ff\transformed\support-fragment-28.0.0\AndroidManifest.xml:20:5-44
MERGED from [com.android.support:support-fragment:28.0.0] C:\Users\hp\.gradle\caches\8.13\transforms\92fd5c410361e106ef5b263a54c2f6ff\transformed\support-fragment-28.0.0\AndroidManifest.xml:20:5-44
MERGED from [com.android.support:animated-vector-drawable:28.0.0] C:\Users\hp\.gradle\caches\8.13\transforms\2833cf41a7d170df918f5493de4fc343\transformed\animated-vector-drawable-28.0.0\AndroidManifest.xml:20:5-44
MERGED from [com.android.support:animated-vector-drawable:28.0.0] C:\Users\hp\.gradle\caches\8.13\transforms\2833cf41a7d170df918f5493de4fc343\transformed\animated-vector-drawable-28.0.0\AndroidManifest.xml:20:5-44
MERGED from [com.android.support:support-core-ui:28.0.0] C:\Users\hp\.gradle\caches\8.13\transforms\4d1feb30f819871aab0e3f55d1fd634a\transformed\support-core-ui-28.0.0\AndroidManifest.xml:20:5-44
MERGED from [com.android.support:support-core-ui:28.0.0] C:\Users\hp\.gradle\caches\8.13\transforms\4d1feb30f819871aab0e3f55d1fd634a\transformed\support-core-ui-28.0.0\AndroidManifest.xml:20:5-44
MERGED from [com.android.support:support-core-utils:28.0.0] C:\Users\hp\.gradle\caches\8.13\transforms\0a7236bc2ad5a935ca076a1b60b5cd1a\transformed\support-core-utils-28.0.0\AndroidManifest.xml:20:5-44
MERGED from [com.android.support:support-core-utils:28.0.0] C:\Users\hp\.gradle\caches\8.13\transforms\0a7236bc2ad5a935ca076a1b60b5cd1a\transformed\support-core-utils-28.0.0\AndroidManifest.xml:20:5-44
MERGED from [com.android.support:support-vector-drawable:28.0.0] C:\Users\hp\.gradle\caches\8.13\transforms\e08afb297eeb374f78846c6f4bbb03f6\transformed\support-vector-drawable-28.0.0\AndroidManifest.xml:20:5-44
MERGED from [com.android.support:support-vector-drawable:28.0.0] C:\Users\hp\.gradle\caches\8.13\transforms\e08afb297eeb374f78846c6f4bbb03f6\transformed\support-vector-drawable-28.0.0\AndroidManifest.xml:20:5-44
MERGED from [com.android.support:loader:28.0.0] C:\Users\hp\.gradle\caches\8.13\transforms\9a8848893291d80b8a0135ebb2b99dd0\transformed\loader-28.0.0\AndroidManifest.xml:20:5-44
MERGED from [com.android.support:loader:28.0.0] C:\Users\hp\.gradle\caches\8.13\transforms\9a8848893291d80b8a0135ebb2b99dd0\transformed\loader-28.0.0\AndroidManifest.xml:20:5-44
MERGED from [com.android.support:viewpager:28.0.0] C:\Users\hp\.gradle\caches\8.13\transforms\4338620fd41411fda044991b038eb387\transformed\viewpager-28.0.0\AndroidManifest.xml:20:5-44
MERGED from [com.android.support:viewpager:28.0.0] C:\Users\hp\.gradle\caches\8.13\transforms\4338620fd41411fda044991b038eb387\transformed\viewpager-28.0.0\AndroidManifest.xml:20:5-44
MERGED from [com.android.support:coordinatorlayout:28.0.0] C:\Users\hp\.gradle\caches\8.13\transforms\1b0cc982943ae378a53c6847ffc0d611\transformed\coordinatorlayout-28.0.0\AndroidManifest.xml:20:5-44
MERGED from [com.android.support:coordinatorlayout:28.0.0] C:\Users\hp\.gradle\caches\8.13\transforms\1b0cc982943ae378a53c6847ffc0d611\transformed\coordinatorlayout-28.0.0\AndroidManifest.xml:20:5-44
MERGED from [com.android.support:drawerlayout:28.0.0] C:\Users\hp\.gradle\caches\8.13\transforms\44c4e32f7a8cba22e8c2e55ea0b70906\transformed\drawerlayout-28.0.0\AndroidManifest.xml:20:5-44
MERGED from [com.android.support:drawerlayout:28.0.0] C:\Users\hp\.gradle\caches\8.13\transforms\44c4e32f7a8cba22e8c2e55ea0b70906\transformed\drawerlayout-28.0.0\AndroidManifest.xml:20:5-44
MERGED from [com.android.support:slidingpanelayout:28.0.0] C:\Users\hp\.gradle\caches\8.13\transforms\11f430a6608c44f45c4cc6217806d83c\transformed\slidingpanelayout-28.0.0\AndroidManifest.xml:20:5-44
MERGED from [com.android.support:slidingpanelayout:28.0.0] C:\Users\hp\.gradle\caches\8.13\transforms\11f430a6608c44f45c4cc6217806d83c\transformed\slidingpanelayout-28.0.0\AndroidManifest.xml:20:5-44
MERGED from [com.android.support:customview:28.0.0] C:\Users\hp\.gradle\caches\8.13\transforms\8659c65f886ba13a3953eb1711250a9e\transformed\customview-28.0.0\AndroidManifest.xml:20:5-44
MERGED from [com.android.support:customview:28.0.0] C:\Users\hp\.gradle\caches\8.13\transforms\8659c65f886ba13a3953eb1711250a9e\transformed\customview-28.0.0\AndroidManifest.xml:20:5-44
MERGED from [com.android.support:swiperefreshlayout:28.0.0] C:\Users\hp\.gradle\caches\8.13\transforms\955ca2cb2b27d00503a320e856b87402\transformed\swiperefreshlayout-28.0.0\AndroidManifest.xml:20:5-44
MERGED from [com.android.support:swiperefreshlayout:28.0.0] C:\Users\hp\.gradle\caches\8.13\transforms\955ca2cb2b27d00503a320e856b87402\transformed\swiperefreshlayout-28.0.0\AndroidManifest.xml:20:5-44
MERGED from [com.android.support:asynclayoutinflater:28.0.0] C:\Users\hp\.gradle\caches\8.13\transforms\0bba80d148088a569116ac16937138a5\transformed\asynclayoutinflater-28.0.0\AndroidManifest.xml:20:5-44
MERGED from [com.android.support:asynclayoutinflater:28.0.0] C:\Users\hp\.gradle\caches\8.13\transforms\0bba80d148088a569116ac16937138a5\transformed\asynclayoutinflater-28.0.0\AndroidManifest.xml:20:5-44
MERGED from [com.android.support:support-compat:28.0.0] C:\Users\hp\.gradle\caches\8.13\transforms\52265c90752a4a82816dc800090b08ec\transformed\support-compat-28.0.0\AndroidManifest.xml:20:5-44
MERGED from [com.android.support:support-compat:28.0.0] C:\Users\hp\.gradle\caches\8.13\transforms\52265c90752a4a82816dc800090b08ec\transformed\support-compat-28.0.0\AndroidManifest.xml:20:5-44
	tools:overrideLibrary
		ADDED from [:react-native-voice_voice] C:\dev\ferify-project\ferify-mobile-app\node_modules\@react-native-voice\voice\android\build\intermediates\merged_manifest\debug\processDebugManifest\AndroidManifest.xml:8:9-51
	android:targetSdkVersion
		INJECTED from C:\dev\ferify-project\ferify-mobile-app\android\app\src\debug\AndroidManifest.xml
	android:minSdkVersion
		INJECTED from C:\dev\ferify-project\ferify-mobile-app\android\app\src\debug\AndroidManifest.xml
provider#com.reactnativecommunity.webview.RNCWebViewFileProvider
ADDED from [:react-native-webview] C:\dev\ferify-project\ferify-mobile-app\node_modules\react-native-webview\android\build\intermediates\merged_manifest\debug\processDebugManifest\AndroidManifest.xml:8:9-16:20
	android:grantUriPermissions
		ADDED from [:react-native-webview] C:\dev\ferify-project\ferify-mobile-app\node_modules\react-native-webview\android\build\intermediates\merged_manifest\debug\processDebugManifest\AndroidManifest.xml:12:13-47
	android:authorities
		ADDED from [:react-native-webview] C:\dev\ferify-project\ferify-mobile-app\node_modules\react-native-webview\android\build\intermediates\merged_manifest\debug\processDebugManifest\AndroidManifest.xml:10:13-64
	android:exported
		ADDED from [:react-native-webview] C:\dev\ferify-project\ferify-mobile-app\node_modules\react-native-webview\android\build\intermediates\merged_manifest\debug\processDebugManifest\AndroidManifest.xml:11:13-37
	android:name
		ADDED from [:react-native-webview] C:\dev\ferify-project\ferify-mobile-app\node_modules\react-native-webview\android\build\intermediates\merged_manifest\debug\processDebugManifest\AndroidManifest.xml:9:13-83
meta-data#android.support.FILE_PROVIDER_PATHS
ADDED from [:react-native-webview] C:\dev\ferify-project\ferify-mobile-app\node_modules\react-native-webview\android\build\intermediates\merged_manifest\debug\processDebugManifest\AndroidManifest.xml:13:13-15:63
	android:resource
		ADDED from [:react-native-webview] C:\dev\ferify-project\ferify-mobile-app\node_modules\react-native-webview\android\build\intermediates\merged_manifest\debug\processDebugManifest\AndroidManifest.xml:15:17-60
	android:name
		ADDED from [:react-native-webview] C:\dev\ferify-project\ferify-mobile-app\node_modules\react-native-webview\android\build\intermediates\merged_manifest\debug\processDebugManifest\AndroidManifest.xml:14:17-67
package#host.exp.exponent
ADDED from [:expo-dev-launcher] C:\dev\ferify-project\ferify-mobile-app\node_modules\expo-dev-launcher\android\build\intermediates\merged_manifest\debug\processDebugManifest\AndroidManifest.xml:8:9-53
	android:name
		ADDED from [:expo-dev-launcher] C:\dev\ferify-project\ferify-mobile-app\node_modules\expo-dev-launcher\android\build\intermediates\merged_manifest\debug\processDebugManifest\AndroidManifest.xml:8:18-50
activity#expo.modules.devlauncher.launcher.DevLauncherActivity
ADDED from [:expo-dev-launcher] C:\dev\ferify-project\ferify-mobile-app\node_modules\expo-dev-launcher\android\build\intermediates\merged_manifest\debug\processDebugManifest\AndroidManifest.xml:12:9-25:20
	android:launchMode
		ADDED from [:expo-dev-launcher] C:\dev\ferify-project\ferify-mobile-app\node_modules\expo-dev-launcher\android\build\intermediates\merged_manifest\debug\processDebugManifest\AndroidManifest.xml:15:13-44
	android:exported
		ADDED from [:expo-dev-launcher] C:\dev\ferify-project\ferify-mobile-app\node_modules\expo-dev-launcher\android\build\intermediates\merged_manifest\debug\processDebugManifest\AndroidManifest.xml:14:13-36
	android:theme
		ADDED from [:expo-dev-launcher] C:\dev\ferify-project\ferify-mobile-app\node_modules\expo-dev-launcher\android\build\intermediates\merged_manifest\debug\processDebugManifest\AndroidManifest.xml:16:13-70
	android:name
		ADDED from [:expo-dev-launcher] C:\dev\ferify-project\ferify-mobile-app\node_modules\expo-dev-launcher\android\build\intermediates\merged_manifest\debug\processDebugManifest\AndroidManifest.xml:13:13-81
intent-filter#action:name:android.intent.action.VIEW+category:name:android.intent.category.BROWSABLE+category:name:android.intent.category.DEFAULT+data:scheme:expo-dev-launcher
ADDED from [:expo-dev-launcher] C:\dev\ferify-project\ferify-mobile-app\node_modules\expo-dev-launcher\android\build\intermediates\merged_manifest\debug\processDebugManifest\AndroidManifest.xml:17:13-24:29
activity#expo.modules.devlauncher.launcher.errors.DevLauncherErrorActivity
ADDED from [:expo-dev-launcher] C:\dev\ferify-project\ferify-mobile-app\node_modules\expo-dev-launcher\android\build\intermediates\merged_manifest\debug\processDebugManifest\AndroidManifest.xml:26:9-29:70
	android:screenOrientation
		ADDED from [:expo-dev-launcher] C:\dev\ferify-project\ferify-mobile-app\node_modules\expo-dev-launcher\android\build\intermediates\merged_manifest\debug\processDebugManifest\AndroidManifest.xml:28:13-49
	android:theme
		ADDED from [:expo-dev-launcher] C:\dev\ferify-project\ferify-mobile-app\node_modules\expo-dev-launcher\android\build\intermediates\merged_manifest\debug\processDebugManifest\AndroidManifest.xml:29:13-67
	android:name
		ADDED from [:expo-dev-launcher] C:\dev\ferify-project\ferify-mobile-app\node_modules\expo-dev-launcher\android\build\intermediates\merged_manifest\debug\processDebugManifest\AndroidManifest.xml:27:13-93
activity#expo.modules.devmenu.DevMenuActivity
ADDED from [:expo-dev-menu] C:\dev\ferify-project\ferify-mobile-app\node_modules\expo-dev-menu\android\build\intermediates\merged_manifest\debug\processDebugManifest\AndroidManifest.xml:8:9-21:20
	android:launchMode
		ADDED from [:expo-dev-menu] C:\dev\ferify-project\ferify-mobile-app\node_modules\expo-dev-menu\android\build\intermediates\merged_manifest\debug\processDebugManifest\AndroidManifest.xml:11:13-44
	android:exported
		ADDED from [:expo-dev-menu] C:\dev\ferify-project\ferify-mobile-app\node_modules\expo-dev-menu\android\build\intermediates\merged_manifest\debug\processDebugManifest\AndroidManifest.xml:10:13-36
	android:theme
		ADDED from [:expo-dev-menu] C:\dev\ferify-project\ferify-mobile-app\node_modules\expo-dev-menu\android\build\intermediates\merged_manifest\debug\processDebugManifest\AndroidManifest.xml:12:13-75
	android:name
		ADDED from [:expo-dev-menu] C:\dev\ferify-project\ferify-mobile-app\node_modules\expo-dev-menu\android\build\intermediates\merged_manifest\debug\processDebugManifest\AndroidManifest.xml:9:13-64
intent-filter#action:name:android.intent.action.VIEW+category:name:android.intent.category.BROWSABLE+category:name:android.intent.category.DEFAULT+data:scheme:expo-dev-menu
ADDED from [:expo-dev-menu] C:\dev\ferify-project\ferify-mobile-app\node_modules\expo-dev-menu\android\build\intermediates\merged_manifest\debug\processDebugManifest\AndroidManifest.xml:13:13-20:29
meta-data#org.unimodules.core.AppLoader#react-native-headless
ADDED from [:expo-modules-core] C:\dev\ferify-project\ferify-mobile-app\node_modules\expo-modules-core\android\build\intermediates\merged_manifest\debug\processDebugManifest\AndroidManifest.xml:9:9-11:89
	android:value
		ADDED from [:expo-modules-core] C:\dev\ferify-project\ferify-mobile-app\node_modules\expo-modules-core\android\build\intermediates\merged_manifest\debug\processDebugManifest\AndroidManifest.xml:11:13-86
	android:name
		ADDED from [:expo-modules-core] C:\dev\ferify-project\ferify-mobile-app\node_modules\expo-modules-core\android\build\intermediates\merged_manifest\debug\processDebugManifest\AndroidManifest.xml:10:13-79
meta-data#com.facebook.soloader.enabled
ADDED from [:expo-modules-core] C:\dev\ferify-project\ferify-mobile-app\node_modules\expo-modules-core\android\build\intermediates\merged_manifest\debug\processDebugManifest\AndroidManifest.xml:12:9-15:45
MERGED from [com.facebook.soloader:soloader:0.12.1] C:\Users\hp\.gradle\caches\8.13\transforms\37573d7fc76771033bad46c4c82d23a7\transformed\soloader-0.12.1\AndroidManifest.xml:12:9-14:37
MERGED from [com.facebook.soloader:soloader:0.12.1] C:\Users\hp\.gradle\caches\8.13\transforms\37573d7fc76771033bad46c4c82d23a7\transformed\soloader-0.12.1\AndroidManifest.xml:12:9-14:37
	tools:replace
		ADDED from [:expo-modules-core] C:\dev\ferify-project\ferify-mobile-app\node_modules\expo-modules-core\android\build\intermediates\merged_manifest\debug\processDebugManifest\AndroidManifest.xml:15:13-42
	android:value
		ADDED from [:expo-modules-core] C:\dev\ferify-project\ferify-mobile-app\node_modules\expo-modules-core\android\build\intermediates\merged_manifest\debug\processDebugManifest\AndroidManifest.xml:14:13-33
		REJECTED from [com.facebook.soloader:soloader:0.12.1] C:\Users\hp\.gradle\caches\8.13\transforms\37573d7fc76771033bad46c4c82d23a7\transformed\soloader-0.12.1\AndroidManifest.xml:14:13-34
	android:name
		ADDED from [:expo-modules-core] C:\dev\ferify-project\ferify-mobile-app\node_modules\expo-modules-core\android\build\intermediates\merged_manifest\debug\processDebugManifest\AndroidManifest.xml:13:13-57
uses-permission#android.permission.ACCESS_NETWORK_STATE
ADDED from [BareExpo:expo.modules.image:2.4.1] C:\Users\hp\.gradle\caches\8.13\transforms\a6cb8db52191cf3613118879263ea3e8\transformed\expo.modules.image-2.4.1\AndroidManifest.xml:12:5-79
	android:name
		ADDED from [BareExpo:expo.modules.image:2.4.1] C:\Users\hp\.gradle\caches\8.13\transforms\a6cb8db52191cf3613118879263ea3e8\transformed\expo.modules.image-2.4.1\AndroidManifest.xml:12:22-76
activity#com.facebook.react.devsupport.DevSettingsActivity
ADDED from [com.facebook.react:react-android:0.79.6] C:\Users\hp\.gradle\caches\8.13\transforms\7dd298ccc7748dddcfd5a2a68337b699\transformed\react-android-0.79.6-debug\AndroidManifest.xml:19:9-21:40
	android:exported
		ADDED from [com.facebook.react:react-android:0.79.6] C:\Users\hp\.gradle\caches\8.13\transforms\7dd298ccc7748dddcfd5a2a68337b699\transformed\react-android-0.79.6-debug\AndroidManifest.xml:21:13-37
	android:name
		ADDED from [com.facebook.react:react-android:0.79.6] C:\Users\hp\.gradle\caches\8.13\transforms\7dd298ccc7748dddcfd5a2a68337b699\transformed\react-android-0.79.6-debug\AndroidManifest.xml:20:13-77
activity#com.google.android.gms.auth.api.signin.internal.SignInHubActivity
ADDED from [com.google.android.gms:play-services-auth:21.4.0] C:\Users\hp\.gradle\caches\8.13\transforms\b2e5321f3a359cb09213df0d9dd3ccc4\transformed\play-services-auth-21.4.0\AndroidManifest.xml:23:9-27:75
	android:excludeFromRecents
		ADDED from [com.google.android.gms:play-services-auth:21.4.0] C:\Users\hp\.gradle\caches\8.13\transforms\b2e5321f3a359cb09213df0d9dd3ccc4\transformed\play-services-auth-21.4.0\AndroidManifest.xml:25:13-46
	android:exported
		ADDED from [com.google.android.gms:play-services-auth:21.4.0] C:\Users\hp\.gradle\caches\8.13\transforms\b2e5321f3a359cb09213df0d9dd3ccc4\transformed\play-services-auth-21.4.0\AndroidManifest.xml:26:13-37
	android:theme
		ADDED from [com.google.android.gms:play-services-auth:21.4.0] C:\Users\hp\.gradle\caches\8.13\transforms\b2e5321f3a359cb09213df0d9dd3ccc4\transformed\play-services-auth-21.4.0\AndroidManifest.xml:27:13-72
	android:name
		ADDED from [com.google.android.gms:play-services-auth:21.4.0] C:\Users\hp\.gradle\caches\8.13\transforms\b2e5321f3a359cb09213df0d9dd3ccc4\transformed\play-services-auth-21.4.0\AndroidManifest.xml:24:13-93
service#com.google.android.gms.auth.api.signin.RevocationBoundService
ADDED from [com.google.android.gms:play-services-auth:21.4.0] C:\Users\hp\.gradle\caches\8.13\transforms\b2e5321f3a359cb09213df0d9dd3ccc4\transformed\play-services-auth-21.4.0\AndroidManifest.xml:33:9-37:51
	android:exported
		ADDED from [com.google.android.gms:play-services-auth:21.4.0] C:\Users\hp\.gradle\caches\8.13\transforms\b2e5321f3a359cb09213df0d9dd3ccc4\transformed\play-services-auth-21.4.0\AndroidManifest.xml:35:13-36
	android:visibleToInstantApps
		ADDED from [com.google.android.gms:play-services-auth:21.4.0] C:\Users\hp\.gradle\caches\8.13\transforms\b2e5321f3a359cb09213df0d9dd3ccc4\transformed\play-services-auth-21.4.0\AndroidManifest.xml:37:13-48
	android:permission
		ADDED from [com.google.android.gms:play-services-auth:21.4.0] C:\Users\hp\.gradle\caches\8.13\transforms\b2e5321f3a359cb09213df0d9dd3ccc4\transformed\play-services-auth-21.4.0\AndroidManifest.xml:36:13-107
	android:name
		ADDED from [com.google.android.gms:play-services-auth:21.4.0] C:\Users\hp\.gradle\caches\8.13\transforms\b2e5321f3a359cb09213df0d9dd3ccc4\transformed\play-services-auth-21.4.0\AndroidManifest.xml:34:13-89
uses-permission#android.permission.CAMERA
ADDED from [host.exp.exponent:expo.modules.imagepicker:16.1.4] C:\Users\hp\.gradle\caches\8.13\transforms\44dedef735c6ff150e386db9293becae\transformed\expo.modules.imagepicker-16.1.4\AndroidManifest.xml:8:5-65
	android:name
		ADDED from [host.exp.exponent:expo.modules.imagepicker:16.1.4] C:\Users\hp\.gradle\caches\8.13\transforms\44dedef735c6ff150e386db9293becae\transformed\expo.modules.imagepicker-16.1.4\AndroidManifest.xml:8:22-62
intent#action:name:android.media.action.IMAGE_CAPTURE
ADDED from [host.exp.exponent:expo.modules.imagepicker:16.1.4] C:\Users\hp\.gradle\caches\8.13\transforms\44dedef735c6ff150e386db9293becae\transformed\expo.modules.imagepicker-16.1.4\AndroidManifest.xml:15:9-19:18
action#android.media.action.IMAGE_CAPTURE
ADDED from [host.exp.exponent:expo.modules.imagepicker:16.1.4] C:\Users\hp\.gradle\caches\8.13\transforms\44dedef735c6ff150e386db9293becae\transformed\expo.modules.imagepicker-16.1.4\AndroidManifest.xml:18:13-73
	android:name
		ADDED from [host.exp.exponent:expo.modules.imagepicker:16.1.4] C:\Users\hp\.gradle\caches\8.13\transforms\44dedef735c6ff150e386db9293becae\transformed\expo.modules.imagepicker-16.1.4\AndroidManifest.xml:18:21-70
intent#action:name:android.media.action.ACTION_VIDEO_CAPTURE
ADDED from [host.exp.exponent:expo.modules.imagepicker:16.1.4] C:\Users\hp\.gradle\caches\8.13\transforms\44dedef735c6ff150e386db9293becae\transformed\expo.modules.imagepicker-16.1.4\AndroidManifest.xml:20:9-24:18
action#android.media.action.ACTION_VIDEO_CAPTURE
ADDED from [host.exp.exponent:expo.modules.imagepicker:16.1.4] C:\Users\hp\.gradle\caches\8.13\transforms\44dedef735c6ff150e386db9293becae\transformed\expo.modules.imagepicker-16.1.4\AndroidManifest.xml:23:13-80
	android:name
		ADDED from [host.exp.exponent:expo.modules.imagepicker:16.1.4] C:\Users\hp\.gradle\caches\8.13\transforms\44dedef735c6ff150e386db9293becae\transformed\expo.modules.imagepicker-16.1.4\AndroidManifest.xml:23:21-77
service#com.google.android.gms.metadata.ModuleDependencies
ADDED from [host.exp.exponent:expo.modules.imagepicker:16.1.4] C:\Users\hp\.gradle\caches\8.13\transforms\44dedef735c6ff150e386db9293becae\transformed\expo.modules.imagepicker-16.1.4\AndroidManifest.xml:28:9-40:19
	android:enabled
		ADDED from [host.exp.exponent:expo.modules.imagepicker:16.1.4] C:\Users\hp\.gradle\caches\8.13\transforms\44dedef735c6ff150e386db9293becae\transformed\expo.modules.imagepicker-16.1.4\AndroidManifest.xml:30:13-36
	android:exported
		ADDED from [host.exp.exponent:expo.modules.imagepicker:16.1.4] C:\Users\hp\.gradle\caches\8.13\transforms\44dedef735c6ff150e386db9293becae\transformed\expo.modules.imagepicker-16.1.4\AndroidManifest.xml:31:13-37
	tools:ignore
		ADDED from [host.exp.exponent:expo.modules.imagepicker:16.1.4] C:\Users\hp\.gradle\caches\8.13\transforms\44dedef735c6ff150e386db9293becae\transformed\expo.modules.imagepicker-16.1.4\AndroidManifest.xml:32:13-40
	android:name
		ADDED from [host.exp.exponent:expo.modules.imagepicker:16.1.4] C:\Users\hp\.gradle\caches\8.13\transforms\44dedef735c6ff150e386db9293becae\transformed\expo.modules.imagepicker-16.1.4\AndroidManifest.xml:29:13-78
intent-filter#action:name:com.google.android.gms.metadata.MODULE_DEPENDENCIES
ADDED from [host.exp.exponent:expo.modules.imagepicker:16.1.4] C:\Users\hp\.gradle\caches\8.13\transforms\44dedef735c6ff150e386db9293becae\transformed\expo.modules.imagepicker-16.1.4\AndroidManifest.xml:33:13-35:29
action#com.google.android.gms.metadata.MODULE_DEPENDENCIES
ADDED from [host.exp.exponent:expo.modules.imagepicker:16.1.4] C:\Users\hp\.gradle\caches\8.13\transforms\44dedef735c6ff150e386db9293becae\transformed\expo.modules.imagepicker-16.1.4\AndroidManifest.xml:34:17-94
	android:name
		ADDED from [host.exp.exponent:expo.modules.imagepicker:16.1.4] C:\Users\hp\.gradle\caches\8.13\transforms\44dedef735c6ff150e386db9293becae\transformed\expo.modules.imagepicker-16.1.4\AndroidManifest.xml:34:25-91
meta-data#photopicker_activity:0:required
ADDED from [host.exp.exponent:expo.modules.imagepicker:16.1.4] C:\Users\hp\.gradle\caches\8.13\transforms\44dedef735c6ff150e386db9293becae\transformed\expo.modules.imagepicker-16.1.4\AndroidManifest.xml:37:13-39:36
	android:value
		ADDED from [host.exp.exponent:expo.modules.imagepicker:16.1.4] C:\Users\hp\.gradle\caches\8.13\transforms\44dedef735c6ff150e386db9293becae\transformed\expo.modules.imagepicker-16.1.4\AndroidManifest.xml:39:17-33
	android:name
		ADDED from [host.exp.exponent:expo.modules.imagepicker:16.1.4] C:\Users\hp\.gradle\caches\8.13\transforms\44dedef735c6ff150e386db9293becae\transformed\expo.modules.imagepicker-16.1.4\AndroidManifest.xml:38:17-63
activity#com.canhub.cropper.CropImageActivity
ADDED from [host.exp.exponent:expo.modules.imagepicker:16.1.4] C:\Users\hp\.gradle\caches\8.13\transforms\44dedef735c6ff150e386db9293becae\transformed\expo.modules.imagepicker-16.1.4\AndroidManifest.xml:42:9-44:59
MERGED from [com.vanniktech:android-image-cropper:4.6.0] C:\Users\hp\.gradle\caches\8.13\transforms\7a8a81efcb41aae7f46f9c77bd798ed0\transformed\android-image-cropper-4.6.0\AndroidManifest.xml:31:9-33:39
MERGED from [com.vanniktech:android-image-cropper:4.6.0] C:\Users\hp\.gradle\caches\8.13\transforms\7a8a81efcb41aae7f46f9c77bd798ed0\transformed\android-image-cropper-4.6.0\AndroidManifest.xml:31:9-33:39
	android:exported
		ADDED from [com.vanniktech:android-image-cropper:4.6.0] C:\Users\hp\.gradle\caches\8.13\transforms\7a8a81efcb41aae7f46f9c77bd798ed0\transformed\android-image-cropper-4.6.0\AndroidManifest.xml:33:13-36
	android:theme
		ADDED from [host.exp.exponent:expo.modules.imagepicker:16.1.4] C:\Users\hp\.gradle\caches\8.13\transforms\44dedef735c6ff150e386db9293becae\transformed\expo.modules.imagepicker-16.1.4\AndroidManifest.xml:44:13-56
	android:name
		ADDED from [host.exp.exponent:expo.modules.imagepicker:16.1.4] C:\Users\hp\.gradle\caches\8.13\transforms\44dedef735c6ff150e386db9293becae\transformed\expo.modules.imagepicker-16.1.4\AndroidManifest.xml:43:13-64
provider#expo.modules.imagepicker.fileprovider.ImagePickerFileProvider
ADDED from [host.exp.exponent:expo.modules.imagepicker:16.1.4] C:\Users\hp\.gradle\caches\8.13\transforms\44dedef735c6ff150e386db9293becae\transformed\expo.modules.imagepicker-16.1.4\AndroidManifest.xml:46:9-54:20
	android:grantUriPermissions
		ADDED from [host.exp.exponent:expo.modules.imagepicker:16.1.4] C:\Users\hp\.gradle\caches\8.13\transforms\44dedef735c6ff150e386db9293becae\transformed\expo.modules.imagepicker-16.1.4\AndroidManifest.xml:50:13-47
	android:authorities
		ADDED from [host.exp.exponent:expo.modules.imagepicker:16.1.4] C:\Users\hp\.gradle\caches\8.13\transforms\44dedef735c6ff150e386db9293becae\transformed\expo.modules.imagepicker-16.1.4\AndroidManifest.xml:48:13-75
	android:exported
		ADDED from [host.exp.exponent:expo.modules.imagepicker:16.1.4] C:\Users\hp\.gradle\caches\8.13\transforms\44dedef735c6ff150e386db9293becae\transformed\expo.modules.imagepicker-16.1.4\AndroidManifest.xml:49:13-37
	android:name
		ADDED from [host.exp.exponent:expo.modules.imagepicker:16.1.4] C:\Users\hp\.gradle\caches\8.13\transforms\44dedef735c6ff150e386db9293becae\transformed\expo.modules.imagepicker-16.1.4\AndroidManifest.xml:47:13-89
intent#action:name:android.intent.action.GET_CONTENT+category:name:android.intent.category.OPENABLE+data:mimeType:*/*
ADDED from [com.vanniktech:android-image-cropper:4.6.0] C:\Users\hp\.gradle\caches\8.13\transforms\7a8a81efcb41aae7f46f9c77bd798ed0\transformed\android-image-cropper-4.6.0\AndroidManifest.xml:8:9-14:18
action#android.intent.action.GET_CONTENT
ADDED from [com.vanniktech:android-image-cropper:4.6.0] C:\Users\hp\.gradle\caches\8.13\transforms\7a8a81efcb41aae7f46f9c77bd798ed0\transformed\android-image-cropper-4.6.0\AndroidManifest.xml:9:13-72
	android:name
		ADDED from [com.vanniktech:android-image-cropper:4.6.0] C:\Users\hp\.gradle\caches\8.13\transforms\7a8a81efcb41aae7f46f9c77bd798ed0\transformed\android-image-cropper-4.6.0\AndroidManifest.xml:9:21-69
category#android.intent.category.OPENABLE
ADDED from [com.vanniktech:android-image-cropper:4.6.0] C:\Users\hp\.gradle\caches\8.13\transforms\7a8a81efcb41aae7f46f9c77bd798ed0\transformed\android-image-cropper-4.6.0\AndroidManifest.xml:11:13-73
	android:name
		ADDED from [com.vanniktech:android-image-cropper:4.6.0] C:\Users\hp\.gradle\caches\8.13\transforms\7a8a81efcb41aae7f46f9c77bd798ed0\transformed\android-image-cropper-4.6.0\AndroidManifest.xml:11:23-70
provider#com.canhub.cropper.CropFileProvider
ADDED from [com.vanniktech:android-image-cropper:4.6.0] C:\Users\hp\.gradle\caches\8.13\transforms\7a8a81efcb41aae7f46f9c77bd798ed0\transformed\android-image-cropper-4.6.0\AndroidManifest.xml:21:9-29:20
	android:grantUriPermissions
		ADDED from [com.vanniktech:android-image-cropper:4.6.0] C:\Users\hp\.gradle\caches\8.13\transforms\7a8a81efcb41aae7f46f9c77bd798ed0\transformed\android-image-cropper-4.6.0\AndroidManifest.xml:25:13-47
	android:authorities
		ADDED from [com.vanniktech:android-image-cropper:4.6.0] C:\Users\hp\.gradle\caches\8.13\transforms\7a8a81efcb41aae7f46f9c77bd798ed0\transformed\android-image-cropper-4.6.0\AndroidManifest.xml:23:13-72
	android:exported
		ADDED from [com.vanniktech:android-image-cropper:4.6.0] C:\Users\hp\.gradle\caches\8.13\transforms\7a8a81efcb41aae7f46f9c77bd798ed0\transformed\android-image-cropper-4.6.0\AndroidManifest.xml:24:13-37
	android:name
		ADDED from [com.vanniktech:android-image-cropper:4.6.0] C:\Users\hp\.gradle\caches\8.13\transforms\7a8a81efcb41aae7f46f9c77bd798ed0\transformed\android-image-cropper-4.6.0\AndroidManifest.xml:22:13-63
service#expo.modules.location.services.LocationTaskService
ADDED from [host.exp.exponent:expo.modules.location:18.1.6] C:\Users\hp\.gradle\caches\8.13\transforms\93a4fa2a2a7d0b80394ce6d46802aaf9\transformed\expo.modules.location-18.1.6\AndroidManifest.xml:11:9-14:56
	android:exported
		ADDED from [host.exp.exponent:expo.modules.location:18.1.6] C:\Users\hp\.gradle\caches\8.13\transforms\93a4fa2a2a7d0b80394ce6d46802aaf9\transformed\expo.modules.location-18.1.6\AndroidManifest.xml:13:13-37
	android:foregroundServiceType
		ADDED from [host.exp.exponent:expo.modules.location:18.1.6] C:\Users\hp\.gradle\caches\8.13\transforms\93a4fa2a2a7d0b80394ce6d46802aaf9\transformed\expo.modules.location-18.1.6\AndroidManifest.xml:14:13-53
	android:name
		ADDED from [host.exp.exponent:expo.modules.location:18.1.6] C:\Users\hp\.gradle\caches\8.13\transforms\93a4fa2a2a7d0b80394ce6d46802aaf9\transformed\expo.modules.location-18.1.6\AndroidManifest.xml:12:13-78
activity#com.google.android.gms.common.api.GoogleApiActivity
ADDED from [com.google.android.gms:play-services-base:18.5.0] C:\Users\hp\.gradle\caches\8.13\transforms\84636c784e34b7621b26314b15be794f\transformed\play-services-base-18.5.0\AndroidManifest.xml:5:9-173
	android:exported
		ADDED from [com.google.android.gms:play-services-base:18.5.0] C:\Users\hp\.gradle\caches\8.13\transforms\84636c784e34b7621b26314b15be794f\transformed\play-services-base-18.5.0\AndroidManifest.xml:5:146-170
	android:theme
		ADDED from [com.google.android.gms:play-services-base:18.5.0] C:\Users\hp\.gradle\caches\8.13\transforms\84636c784e34b7621b26314b15be794f\transformed\play-services-base-18.5.0\AndroidManifest.xml:5:86-145
	android:name
		ADDED from [com.google.android.gms:play-services-base:18.5.0] C:\Users\hp\.gradle\caches\8.13\transforms\84636c784e34b7621b26314b15be794f\transformed\play-services-base-18.5.0\AndroidManifest.xml:5:19-85
meta-data#com.google.android.gms.version
ADDED from [com.google.android.gms:play-services-basement:18.5.0] C:\Users\hp\.gradle\caches\8.13\transforms\b7b5be94e522239f8dec619fdef9dc09\transformed\play-services-basement-18.5.0\AndroidManifest.xml:21:9-23:69
	android:value
		ADDED from [com.google.android.gms:play-services-basement:18.5.0] C:\Users\hp\.gradle\caches\8.13\transforms\b7b5be94e522239f8dec619fdef9dc09\transformed\play-services-basement-18.5.0\AndroidManifest.xml:23:13-66
	android:name
		ADDED from [com.google.android.gms:play-services-basement:18.5.0] C:\Users\hp\.gradle\caches\8.13\transforms\b7b5be94e522239f8dec619fdef9dc09\transformed\play-services-basement-18.5.0\AndroidManifest.xml:22:13-58
meta-data#com.bumptech.glide.integration.okhttp3.OkHttpGlideModule
ADDED from [com.github.bumptech.glide:okhttp3-integration:4.11.0] C:\Users\hp\.gradle\caches\8.13\transforms\154a99f393fb48fd5bf19c6e0f6a97b1\transformed\okhttp3-integration-4.11.0\AndroidManifest.xml:11:9-13:43
	android:value
		ADDED from [com.github.bumptech.glide:okhttp3-integration:4.11.0] C:\Users\hp\.gradle\caches\8.13\transforms\154a99f393fb48fd5bf19c6e0f6a97b1\transformed\okhttp3-integration-4.11.0\AndroidManifest.xml:13:13-40
	android:name
		ADDED from [com.github.bumptech.glide:okhttp3-integration:4.11.0] C:\Users\hp\.gradle\caches\8.13\transforms\154a99f393fb48fd5bf19c6e0f6a97b1\transformed\okhttp3-integration-4.11.0\AndroidManifest.xml:12:13-84
intent#action:name:android.intent.action.OPEN_DOCUMENT_TREE
ADDED from [host.exp.exponent:expo.modules.filesystem:18.1.11] C:\Users\hp\.gradle\caches\8.13\transforms\fef9fdc2d941fa61931efd3c291e42b6\transformed\expo.modules.filesystem-18.1.11\AndroidManifest.xml:15:9-17:18
action#android.intent.action.OPEN_DOCUMENT_TREE
ADDED from [host.exp.exponent:expo.modules.filesystem:18.1.11] C:\Users\hp\.gradle\caches\8.13\transforms\fef9fdc2d941fa61931efd3c291e42b6\transformed\expo.modules.filesystem-18.1.11\AndroidManifest.xml:16:13-79
	android:name
		ADDED from [host.exp.exponent:expo.modules.filesystem:18.1.11] C:\Users\hp\.gradle\caches\8.13\transforms\fef9fdc2d941fa61931efd3c291e42b6\transformed\expo.modules.filesystem-18.1.11\AndroidManifest.xml:16:21-76
provider#expo.modules.filesystem.FileSystemFileProvider
ADDED from [host.exp.exponent:expo.modules.filesystem:18.1.11] C:\Users\hp\.gradle\caches\8.13\transforms\fef9fdc2d941fa61931efd3c291e42b6\transformed\expo.modules.filesystem-18.1.11\AndroidManifest.xml:21:9-30:20
	android:grantUriPermissions
		ADDED from [host.exp.exponent:expo.modules.filesystem:18.1.11] C:\Users\hp\.gradle\caches\8.13\transforms\fef9fdc2d941fa61931efd3c291e42b6\transformed\expo.modules.filesystem-18.1.11\AndroidManifest.xml:25:13-47
	android:authorities
		ADDED from [host.exp.exponent:expo.modules.filesystem:18.1.11] C:\Users\hp\.gradle\caches\8.13\transforms\fef9fdc2d941fa61931efd3c291e42b6\transformed\expo.modules.filesystem-18.1.11\AndroidManifest.xml:23:13-74
	android:exported
		ADDED from [host.exp.exponent:expo.modules.filesystem:18.1.11] C:\Users\hp\.gradle\caches\8.13\transforms\fef9fdc2d941fa61931efd3c291e42b6\transformed\expo.modules.filesystem-18.1.11\AndroidManifest.xml:24:13-37
	tools:replace
		ADDED from [host.exp.exponent:expo.modules.filesystem:18.1.11] C:\Users\hp\.gradle\caches\8.13\transforms\fef9fdc2d941fa61931efd3c291e42b6\transformed\expo.modules.filesystem-18.1.11\AndroidManifest.xml:26:13-48
	android:name
		ADDED from [host.exp.exponent:expo.modules.filesystem:18.1.11] C:\Users\hp\.gradle\caches\8.13\transforms\fef9fdc2d941fa61931efd3c291e42b6\transformed\expo.modules.filesystem-18.1.11\AndroidManifest.xml:22:13-74
intent#action:name:android.support.customtabs.action.CustomTabsService
ADDED from [host.exp.exponent:expo.modules.webbrowser:14.2.0] C:\Users\hp\.gradle\caches\8.13\transforms\3e1c3008415887473f6d920c1b1d8993\transformed\expo.modules.webbrowser-14.2.0\AndroidManifest.xml:8:9-12:18
action#android.support.customtabs.action.CustomTabsService
ADDED from [host.exp.exponent:expo.modules.webbrowser:14.2.0] C:\Users\hp\.gradle\caches\8.13\transforms\3e1c3008415887473f6d920c1b1d8993\transformed\expo.modules.webbrowser-14.2.0\AndroidManifest.xml:11:13-90
	android:name
		ADDED from [host.exp.exponent:expo.modules.webbrowser:14.2.0] C:\Users\hp\.gradle\caches\8.13\transforms\3e1c3008415887473f6d920c1b1d8993\transformed\expo.modules.webbrowser-14.2.0\AndroidManifest.xml:11:21-87
provider#androidx.startup.InitializationProvider
ADDED from [androidx.emoji2:emoji2:1.3.0] C:\Users\hp\.gradle\caches\8.13\transforms\bdf6bd7e275c0c4cf963c663ef85151f\transformed\emoji2-1.3.0\AndroidManifest.xml:24:9-32:20
MERGED from [androidx.lifecycle:lifecycle-process:2.6.2] C:\Users\hp\.gradle\caches\8.13\transforms\6e6486fd168175231d9ed9a95f94dbcc\transformed\lifecycle-process-2.6.2\AndroidManifest.xml:24:9-32:20
MERGED from [androidx.lifecycle:lifecycle-process:2.6.2] C:\Users\hp\.gradle\caches\8.13\transforms\6e6486fd168175231d9ed9a95f94dbcc\transformed\lifecycle-process-2.6.2\AndroidManifest.xml:24:9-32:20
MERGED from [androidx.profileinstaller:profileinstaller:1.4.0] C:\Users\hp\.gradle\caches\8.13\transforms\6a806ce5b0541d9b26a9eb98fc422d6e\transformed\profileinstaller-1.4.0\AndroidManifest.xml:24:9-32:20
MERGED from [androidx.profileinstaller:profileinstaller:1.4.0] C:\Users\hp\.gradle\caches\8.13\transforms\6a806ce5b0541d9b26a9eb98fc422d6e\transformed\profileinstaller-1.4.0\AndroidManifest.xml:24:9-32:20
MERGED from [androidx.startup:startup-runtime:1.1.1] C:\Users\hp\.gradle\caches\8.13\transforms\1cab8a385a0d890ff7eff3eaeac85db5\transformed\startup-runtime-1.1.1\AndroidManifest.xml:26:9-30:34
MERGED from [androidx.startup:startup-runtime:1.1.1] C:\Users\hp\.gradle\caches\8.13\transforms\1cab8a385a0d890ff7eff3eaeac85db5\transformed\startup-runtime-1.1.1\AndroidManifest.xml:26:9-30:34
	tools:node
		ADDED from [androidx.emoji2:emoji2:1.3.0] C:\Users\hp\.gradle\caches\8.13\transforms\bdf6bd7e275c0c4cf963c663ef85151f\transformed\emoji2-1.3.0\AndroidManifest.xml:28:13-31
	android:authorities
		ADDED from [androidx.emoji2:emoji2:1.3.0] C:\Users\hp\.gradle\caches\8.13\transforms\bdf6bd7e275c0c4cf963c663ef85151f\transformed\emoji2-1.3.0\AndroidManifest.xml:26:13-68
	android:exported
		ADDED from [androidx.emoji2:emoji2:1.3.0] C:\Users\hp\.gradle\caches\8.13\transforms\bdf6bd7e275c0c4cf963c663ef85151f\transformed\emoji2-1.3.0\AndroidManifest.xml:27:13-37
	android:name
		ADDED from [androidx.emoji2:emoji2:1.3.0] C:\Users\hp\.gradle\caches\8.13\transforms\bdf6bd7e275c0c4cf963c663ef85151f\transformed\emoji2-1.3.0\AndroidManifest.xml:25:13-67
meta-data#androidx.emoji2.text.EmojiCompatInitializer
ADDED from [androidx.emoji2:emoji2:1.3.0] C:\Users\hp\.gradle\caches\8.13\transforms\bdf6bd7e275c0c4cf963c663ef85151f\transformed\emoji2-1.3.0\AndroidManifest.xml:29:13-31:52
	android:value
		ADDED from [androidx.emoji2:emoji2:1.3.0] C:\Users\hp\.gradle\caches\8.13\transforms\bdf6bd7e275c0c4cf963c663ef85151f\transformed\emoji2-1.3.0\AndroidManifest.xml:31:17-49
	android:name
		ADDED from [androidx.emoji2:emoji2:1.3.0] C:\Users\hp\.gradle\caches\8.13\transforms\bdf6bd7e275c0c4cf963c663ef85151f\transformed\emoji2-1.3.0\AndroidManifest.xml:30:17-75
permission#${applicationId}.DYNAMIC_RECEIVER_NOT_EXPORTED_PERMISSION
ADDED from [androidx.core:core:1.13.1] C:\Users\hp\.gradle\caches\8.13\transforms\3709465e82c922f518d124b9b76a7a36\transformed\core-1.13.1\AndroidManifest.xml:22:5-24:47
	android:protectionLevel
		ADDED from [androidx.core:core:1.13.1] C:\Users\hp\.gradle\caches\8.13\transforms\3709465e82c922f518d124b9b76a7a36\transformed\core-1.13.1\AndroidManifest.xml:24:9-44
	android:name
		ADDED from [androidx.core:core:1.13.1] C:\Users\hp\.gradle\caches\8.13\transforms\3709465e82c922f518d124b9b76a7a36\transformed\core-1.13.1\AndroidManifest.xml:23:9-81
permission#com.ferify.app.DYNAMIC_RECEIVER_NOT_EXPORTED_PERMISSION
ADDED from [androidx.core:core:1.13.1] C:\Users\hp\.gradle\caches\8.13\transforms\3709465e82c922f518d124b9b76a7a36\transformed\core-1.13.1\AndroidManifest.xml:22:5-24:47
	android:protectionLevel
		ADDED from [androidx.core:core:1.13.1] C:\Users\hp\.gradle\caches\8.13\transforms\3709465e82c922f518d124b9b76a7a36\transformed\core-1.13.1\AndroidManifest.xml:24:9-44
	android:name
		ADDED from [androidx.core:core:1.13.1] C:\Users\hp\.gradle\caches\8.13\transforms\3709465e82c922f518d124b9b76a7a36\transformed\core-1.13.1\AndroidManifest.xml:23:9-81
uses-permission#${applicationId}.DYNAMIC_RECEIVER_NOT_EXPORTED_PERMISSION
ADDED from [androidx.core:core:1.13.1] C:\Users\hp\.gradle\caches\8.13\transforms\3709465e82c922f518d124b9b76a7a36\transformed\core-1.13.1\AndroidManifest.xml:26:5-97
	android:name
		ADDED from [androidx.core:core:1.13.1] C:\Users\hp\.gradle\caches\8.13\transforms\3709465e82c922f518d124b9b76a7a36\transformed\core-1.13.1\AndroidManifest.xml:26:22-94
uses-permission#com.ferify.app.DYNAMIC_RECEIVER_NOT_EXPORTED_PERMISSION
ADDED from [androidx.core:core:1.13.1] C:\Users\hp\.gradle\caches\8.13\transforms\3709465e82c922f518d124b9b76a7a36\transformed\core-1.13.1\AndroidManifest.xml:26:5-97
	android:name
		ADDED from [androidx.core:core:1.13.1] C:\Users\hp\.gradle\caches\8.13\transforms\3709465e82c922f518d124b9b76a7a36\transformed\core-1.13.1\AndroidManifest.xml:26:22-94
meta-data#androidx.lifecycle.ProcessLifecycleInitializer
ADDED from [androidx.lifecycle:lifecycle-process:2.6.2] C:\Users\hp\.gradle\caches\8.13\transforms\6e6486fd168175231d9ed9a95f94dbcc\transformed\lifecycle-process-2.6.2\AndroidManifest.xml:29:13-31:52
	android:value
		ADDED from [androidx.lifecycle:lifecycle-process:2.6.2] C:\Users\hp\.gradle\caches\8.13\transforms\6e6486fd168175231d9ed9a95f94dbcc\transformed\lifecycle-process-2.6.2\AndroidManifest.xml:31:17-49
	android:name

FAILURE: Build failed with an exception.

* What went wrong:
Execution failed for task ':app:processDebugMainManifest'.
		ADDED from [androidx.lifecycle:lifecycle-process:2.6.2] C:\Users\hp\.gradle\caches\8.13\transforms\6e6486fd168175231d9ed9a95f94dbcc\transformed\lifecycle-process-2.6.2\AndroidManifest.xml:30:17-78
meta-data#androidx.profileinstaller.ProfileInstallerInitializer
ADDED from [androidx.profileinstaller:profileinstaller:1.4.0] C:\Users\hp\.gradle\caches\8.13\transforms\6a806ce5b0541d9b26a9eb98fc422d6e\transformed\profileinstaller-1.4.0\AndroidManifest.xml:29:13-31:52
	android:value
		ADDED from [androidx.profileinstaller:profileinstaller:1.4.0] C:\Users\hp\.gradle\caches\8.13\transforms\6a806ce5b0541d9b26a9eb98fc422d6e\transformed\profileinstaller-1.4.0\AndroidManifest.xml:31:17-49
	android:name
> Manifest merger failed with multiple errors, see logs

* Try:
> Run with --debug option to get more log output.
		ADDED from [androidx.profileinstaller:profileinstaller:1.4.0] C:\Users\hp\.gradle\caches\8.13\transforms\6a806ce5b0541d9b26a9eb98fc422d6e\transformed\profileinstaller-1.4.0\AndroidManifest.xml:30:17-85
receiver#androidx.profileinstaller.ProfileInstallReceiver
ADDED from [androidx.profileinstaller:profileinstaller:1.4.0] C:\Users\hp\.gradle\caches\8.13\transforms\6a806ce5b0541d9b26a9eb98fc422d6e\transformed\profileinstaller-1.4.0\AndroidManifest.xml:34:9-52:20
	android:enabled
> Run with --scan to get full insights.
> Get more help at https://help.gradle.org.

		ADDED from [androidx.profileinstaller:profileinstaller:1.4.0] C:\Users\hp\.gradle\caches\8.13\transforms\6a806ce5b0541d9b26a9eb98fc422d6e\transformed\profileinstaller-1.4.0\AndroidManifest.xml:37:13-35
	android:exported
		ADDED from [androidx.profileinstaller:profileinstaller:1.4.0] C:\Users\hp\.gradle\caches\8.13\transforms\6a806ce5b0541d9b26a9eb98fc422d6e\transformed\profileinstaller-1.4.0\AndroidManifest.xml:38:13-36
	android:permission
* Exception is:
org.gradle.api.tasks.TaskExecutionException: Execution failed for task 
':app:processDebugMainManifest'.
	at org.gradle.api.internal.tasks.execution.ExecuteActionsTaskExecuter.lambd
a$executeIfValid$1(ExecuteActionsTaskExecuter.java:130)
	at org.gradle.internal.Try$Failure.ifSuccessfulOrElse(Try.java:293)
		ADDED from [androidx.profileinstaller:profileinstaller:1.4.0] C:\Users\hp\.gradle\caches\8.13\transforms\6a806ce5b0541d9b26a9eb98fc422d6e\transformed\profileinstaller-1.4.0\AndroidManifest.xml:39:13-57
	android:directBootAware
		ADDED from [androidx.profileinstaller:profileinstaller:1.4.0] C:\Users\hp\.gradle\caches\8.13\transforms\6a806ce5b0541d9b26a9eb98fc422d6e\transformed\profileinstaller-1.4.0\AndroidManifest.xml:36:13-44
	android:name
		ADDED from [androidx.profileinstaller:profileinstaller:1.4.0] C:\Users\hp\.gradle\caches\8.13\transforms\6a806ce5b0541d9b26a9eb98fc422d6e\transformed\profileinstaller-1.4.0\AndroidManifest.xml:35:13-76
	at org.gradle.api.internal.tasks.execution.ExecuteActionsTaskExecuter.execu
teIfValid(ExecuteActionsTaskExecuter.java:128)
	at org.gradle.api.internal.tasks.execution.ExecuteActionsTaskExecuter.execu
te(ExecuteActionsTaskExecuter.java:116)
	at org.gradle.api.internal.tasks.execution.ProblemsTaskPathTrackingTaskExec
uter.execute(ProblemsTaskPathTrackingTaskExecuter.java:40)
	at org.gradle.api.internal.tasks.execution.FinalizePropertiesTaskExecuter.e
xecute(FinalizePropertiesTaskExecuter.java:46)
	at org.gradle.api.internal.tasks.execution.ResolveTaskExecutionModeExecuter
.execute(ResolveTaskExecutionModeExecuter.java:51)
	at org.gradle.api.internal.tasks.execution.SkipTaskWithNoActionsExecuter.ex
ecute(SkipTaskWithNoActionsExecuter.java:57)
intent-filter#action:name:androidx.profileinstaller.action.INSTALL_PROFILE
ADDED from [androidx.profileinstaller:profileinstaller:1.4.0] C:\Users\hp\.gradle\caches\8.13\transforms\6a806ce5b0541d9b26a9eb98fc422d6e\transformed\profileinstaller-1.4.0\AndroidManifest.xml:40:13-42:29
action#androidx.profileinstaller.action.INSTALL_PROFILE
ADDED from [androidx.profileinstaller:profileinstaller:1.4.0] C:\Users\hp\.gradle\caches\8.13\transforms\6a806ce5b0541d9b26a9eb98fc422d6e\transformed\profileinstaller-1.4.0\AndroidManifest.xml:41:17-91
	android:name
	at org.gradle.api.internal.tasks.execution.SkipOnlyIfTaskExecuter.execute(S
kipOnlyIfTaskExecuter.java:74)
	at org.gradle.api.internal.tasks.execution.CatchExceptionTaskExecuter.execu
te(CatchExceptionTaskExecuter.java:36)
	at org.gradle.api.internal.tasks.execution.EventFiringTaskExecuter$1.execut
eTask(EventFiringTaskExecuter.java:77)
	at org.gradle.api.internal.tasks.execution.EventFiringTaskExecuter$1.call(E
ventFiringTaskExecuter.java:55)
	at org.gradle.api.internal.tasks.execution.EventFiringTaskExecuter$1.call(E
ventFiringTaskExecuter.java:52)
	at org.gradle.internal.operations.DefaultBuildOperationRunner$CallableBuild
OperationWorker.execute(DefaultBuildOperationRunner.java:210)
		ADDED from [androidx.profileinstaller:profileinstaller:1.4.0] C:\Users\hp\.gradle\caches\8.13\transforms\6a806ce5b0541d9b26a9eb98fc422d6e\transformed\profileinstaller-1.4.0\AndroidManifest.xml:41:25-88
intent-filter#action:name:androidx.profileinstaller.action.SKIP_FILE
ADDED from [androidx.profileinstaller:profileinstaller:1.4.0] C:\Users\hp\.gradle\caches\8.13\transforms\6a806ce5b0541d9b26a9eb98fc422d6e\transformed\profileinstaller-1.4.0\AndroidManifest.xml:43:13-45:29
action#androidx.profileinstaller.action.SKIP_FILE
	at org.gradle.internal.operations.DefaultBuildOperationRunner$CallableBuild
OperationWorker.execute(DefaultBuildOperationRunner.java:205)
	at org.gradle.internal.operations.DefaultBuildOperationRunner$2.execute(Def
aultBuildOperationRunner.java:67)
	at org.gradle.internal.operations.DefaultBuildOperationRunner$2.execute(Def
aultBuildOperationRunner.java:60)
ADDED from [androidx.profileinstaller:profileinstaller:1.4.0] C:\Users\hp\.gradle\caches\8.13\transforms\6a806ce5b0541d9b26a9eb98fc422d6e\transformed\profileinstaller-1.4.0\AndroidManifest.xml:44:17-85
	android:name
		ADDED from [androidx.profileinstaller:profileinstaller:1.4.0] C:\Users\hp\.gradle\caches\8.13\transforms\6a806ce5b0541d9b26a9eb98fc422d6e\transformed\profileinstaller-1.4.0\AndroidManifest.xml:44:25-82
intent-filter#action:name:androidx.profileinstaller.action.SAVE_PROFILE
ADDED from [androidx.profileinstaller:profileinstaller:1.4.0] C:\Users\hp\.gradle\caches\8.13\transforms\6a806ce5b0541d9b26a9eb98fc422d6e\transformed\profileinstaller-1.4.0\AndroidManifest.xml:46:13-48:29
action#androidx.profileinstaller.action.SAVE_PROFILE
	at org.gradle.internal.operations.DefaultBuildOperationRunner.execute(Defau
ltBuildOperationRunner.java:167)
	at org.gradle.internal.operations.DefaultBuildOperationRunner.execute(Defau
ltBuildOperationRunner.java:60)
	at org.gradle.internal.operations.DefaultBuildOperationRunner.call(DefaultB
uildOperationRunner.java:54)
	at org.gradle.api.internal.tasks.execution.EventFiringTaskExecuter.execute(
EventFiringTaskExecuter.java:52)
	at org.gradle.execution.plan.LocalTaskNodeExecutor.execute(LocalTaskNodeExe
cutor.java:42)
ADDED from [androidx.profileinstaller:profileinstaller:1.4.0] C:\Users\hp\.gradle\caches\8.13\transforms\6a806ce5b0541d9b26a9eb98fc422d6e\transformed\profileinstaller-1.4.0\AndroidManifest.xml:47:17-88
	android:name
		ADDED from [androidx.profileinstaller:profileinstaller:1.4.0] C:\Users\hp\.gradle\caches\8.13\transforms\6a806ce5b0541d9b26a9eb98fc422d6e\transformed\profileinstaller-1.4.0\AndroidManifest.xml:47:25-85
	at org.gradle.execution.taskgraph.DefaultTaskExecutionGraph$InvokeNodeExecu
torsAction.execute(DefaultTaskExecutionGraph.java:331)
	at org.gradle.execution.taskgraph.DefaultTaskExecutionGraph$InvokeNodeExecu
torsAction.execute(DefaultTaskExecutionGraph.java:318)
	at org.gradle.execution.taskgraph.DefaultTaskExecutionGraph$BuildOperationA
wareExecutionAction.lambda$execute$0(DefaultTaskExecutionGraph.java:314)
	at org.gradle.internal.operations.CurrentBuildOperationRef.with(CurrentBuil
dOperationRef.java:85)
intent-filter#action:name:androidx.profileinstaller.action.BENCHMARK_OPERATION
ADDED from [androidx.profileinstaller:profileinstaller:1.4.0] C:\Users\hp\.gradle\caches\8.13\transforms\6a806ce5b0541d9b26a9eb98fc422d6e\transformed\profileinstaller-1.4.0\AndroidManifest.xml:49:13-51:29
action#androidx.profileinstaller.action.BENCHMARK_OPERATION
ADDED from [androidx.profileinstaller:profileinstaller:1.4.0] C:\Users\hp\.gradle\caches\8.13\transforms\6a806ce5b0541d9b26a9eb98fc422d6e\transformed\profileinstaller-1.4.0\AndroidManifest.xml:50:17-95
	at org.gradle.execution.taskgraph.DefaultTaskExecutionGraph$BuildOperationA
wareExecutionAction.execute(DefaultTaskExecutionGraph.java:314)
	at org.gradle.execution.taskgraph.DefaultTaskExecutionGraph$BuildOperationA
wareExecutionAction.execute(DefaultTaskExecutionGraph.java:303)
	at org.gradle.execution.plan.DefaultPlanExecutor$ExecutorWorker.execute(Def
aultPlanExecutor.java:459)
	android:name
		ADDED from [androidx.profileinstaller:profileinstaller:1.4.0] C:\Users\hp\.gradle\caches\8.13\transforms\6a806ce5b0541d9b26a9eb98fc422d6e\transformed\profileinstaller-1.4.0\AndroidManifest.xml:50:25-92

	at org.gradle.execution.plan.DefaultPlanExecutor$ExecutorWorker.run(Default
PlanExecutor.java:376)
	at org.gradle.execution.plan.DefaultPlanExecutor.process(DefaultPlanExecuto
r.java:111)
	at org.gradle.execution.taskgraph.DefaultTaskExecutionGraph.executeWithServ
ices(DefaultTaskExecutionGraph.java:138)
	at org.gradle.execution.taskgraph.DefaultTaskExecutionGraph.execute(Default
TaskExecutionGraph.java:123)

See https://developer.android.com/r/studio-ui/build/manifest-merger for more information about the manifest merger.


> Task :app:processDebugMainManifest FAILED
	at org.gradle.execution.SelectedTaskExecutionAction.execute(SelectedTaskExe
cutionAction.java:35)
	at org.gradle.execution.DryRunBuildExecutionAction.execute(DryRunBuildExecu
tionAction.java:51)
	at org.gradle.execution.BuildOperationFiringBuildWorkerExecutor$ExecuteTask
s.call(BuildOperationFiringBuildWorkerExecutor.java:54)

[Incubating] Problems report is available at: file:///C:/dev/ferify-project/ferify-mobile-app/android/build/reports/problems/problems-report.html
	at org.gradle.execution.BuildOperationFiringBuildWorkerExecutor$ExecuteTask
s.call(BuildOperationFiringBuildWorkerExecutor.java:43)
	at org.gradle.internal.operations.DefaultBuildOperationRunner$CallableBuild
OperationWorker.execute(DefaultBuildOperationRunner.java:210)
	at org.gradle.internal.operations.DefaultBuildOperationRunner$CallableBuild
OperationWorker.execute(DefaultBuildOperationRunner.java:205)
	at org.gradle.internal.operations.DefaultBuildOperationRunner$2.execute(Def
aultBuildOperationRunner.java:67)
	at org.gradle.internal.operations.DefaultBuildOperationRunner$2.execute(Def
aultBuildOperationRunner.java:60)
	at org.gradle.internal.operations.DefaultBuildOperationRunner.execute(Defau
ltBuildOperationRunner.java:167)
	at org.gradle.internal.operations.DefaultBuildOperationRunner.execute(Defau
ltBuildOperationRunner.java:60)
	at org.gradle.internal.operations.DefaultBuildOperationRunner.call(DefaultB
uildOperationRunner.java:54)
	at org.gradle.execution.BuildOperationFiringBuildWorkerExecutor.execute(Bui
ldOperationFiringBuildWorkerExecutor.java:40)
	at org.gradle.internal.build.DefaultBuildLifecycleController.lambda$execute
Tasks$10(DefaultBuildLifecycleController.java:313)
	at org.gradle.internal.model.StateTransitionController.doTransition(StateTr
ansitionController.java:266)
	at org.gradle.internal.model.StateTransitionController.lambda$tryTransition
$8(StateTransitionController.java:177)
	at org.gradle.internal.work.DefaultSynchronizer.withLock(DefaultSynchronize
r.java:46)
	at org.gradle.internal.model.StateTransitionController.tryTransition(StateT
ransitionController.java:177)
	at org.gradle.internal.build.DefaultBuildLifecycleController.executeTasks(D
efaultBuildLifecycleController.java:304)
	at org.gradle.internal.build.DefaultBuildWorkGraphController$DefaultBuildWo
rkGraph.runWork(DefaultBuildWorkGraphController.java:220)
	at org.gradle.internal.work.DefaultWorkerLeaseService.withLocks(DefaultWork
erLeaseService.java:263)
	at org.gradle.internal.work.DefaultWorkerLeaseService.runAsWorkerThread(Def
aultWorkerLeaseService.java:127)
	at org.gradle.composite.internal.DefaultBuildController.doRun(DefaultBuildC
ontroller.java:181)
	at org.gradle.composite.internal.DefaultBuildController.access$000(DefaultB
uildController.java:50)
	at org.gradle.composite.internal.DefaultBuildController$BuildOpRunnable.lam
bda$run$0(DefaultBuildController.java:198)
	at org.gradle.internal.operations.CurrentBuildOperationRef.with(CurrentBuil
dOperationRef.java:85)
	at org.gradle.composite.internal.DefaultBuildController$BuildOpRunnable.run
(DefaultBuildController.java:198)
	at org.gradle.internal.concurrent.ExecutorPolicy$CatchAndRecordFailures.onE
xecute(ExecutorPolicy.java:64)
	at org.gradle.internal.concurrent.AbstractManagedExecutor$1.run(AbstractMan
agedExecutor.java:48)
Caused by: java.lang.RuntimeException: Manifest merger failed with multiple 
errors, see logs
	at com.android.build.gradle.internal.tasks.manifest.ManifestHelperKt.mergeM
anifests(ManifestHelper.kt:125)
	at com.android.build.gradle.internal.tasks.manifest.ManifestHelperKt.mergeM
anifests$default(ManifestHelper.kt:46)
	at com.android.build.gradle.tasks.ProcessApplicationManifest.doTaskAction(P
rocessApplicationManifest.kt:162)
	at com.android.build.gradle.internal.tasks.NonIncrementalTask$taskAction$$i
nlined$recordTaskAction$1.invoke(BaseTask.kt:60)
	at 
com.android.build.gradle.internal.tasks.Blocks.recordSpan(Blocks.java:51)
	at com.android.build.gradle.internal.tasks.NonIncrementalTask.taskAction(No
nIncrementalTask.kt:78)
	at java.base/jdk.internal.reflect.DirectMethodHandleAccessor.invoke(DirectM
ethodHandleAccessor.java:104)
	at org.gradle.internal.reflect.JavaMethod.invoke(JavaMethod.java:125)
	at org.gradle.api.internal.project.taskfactory.StandardTaskAction.doExecute
(StandardTaskAction.java:58)
	at org.gradle.api.internal.project.taskfactory.StandardTaskAction.execute(S
tandardTaskAction.java:51)
	at org.gradle.api.internal.project.taskfactory.StandardTaskAction.execute(S
tandardTaskAction.java:29)
	at org.gradle.api.internal.tasks.execution.TaskExecution$3.run(TaskExecutio
n.java:244)
	at org.gradle.internal.operations.DefaultBuildOperationRunner$1.execute(Def
aultBuildOperationRunner.java:30)
	at org.gradle.internal.operations.DefaultBuildOperationRunner$1.execute(Def
aultBuildOperationRunner.java:27)
	at org.gradle.internal.operations.DefaultBuildOperationRunner$2.execute(Def
aultBuildOperationRunner.java:67)
	at org.gradle.internal.operations.DefaultBuildOperationRunner$2.execute(Def
aultBuildOperationRunner.java:60)
	at org.gradle.internal.operations.DefaultBuildOperationRunner.execute(Defau
ltBuildOperationRunner.java:167)
	at org.gradle.internal.operations.DefaultBuildOperationRunner.execute(Defau
ltBuildOperationRunner.java:60)
	at org.gradle.internal.operations.DefaultBuildOperationRunner.run(DefaultBu
ildOperationRunner.java:48)
	at org.gradle.api.internal.tasks.execution.TaskExecution.executeAction(Task
Execution.java:229)
	at org.gradle.api.internal.tasks.execution.TaskExecution.executeActions(Tas
kExecution.java:212)
	at org.gradle.api.internal.tasks.execution.TaskExecution.executeWithPreviou
sOutputFiles(TaskExecution.java:195)
	at org.gradle.api.internal.tasks.execution.TaskExecution.execute(TaskExecut
ion.java:162)
	at org.gradle.internal.execution.steps.ExecuteStep.executeInternal(ExecuteS
tep.java:105)
	at org.gradle.internal.execution.steps.ExecuteStep.access$000(ExecuteStep.j
ava:44)
	at 
org.gradle.internal.execution.steps.ExecuteStep$1.call(ExecuteStep.java:59)
	at 
org.gradle.internal.execution.steps.ExecuteStep$1.call(ExecuteStep.java:56)
	at org.gradle.internal.operations.DefaultBuildOperationRunner$CallableBuild
OperationWorker.execute(DefaultBuildOperationRunner.java:210)
	at org.gradle.internal.operations.DefaultBuildOperationRunner$CallableBuild
OperationWorker.execute(DefaultBuildOperationRunner.java:205)
	at org.gradle.internal.operations.DefaultBuildOperationRunner$2.execute(Def
aultBuildOperationRunner.java:67)
	at org.gradle.internal.operations.DefaultBuildOperationRunner$2.execute(Def
aultBuildOperationRunner.java:60)
	at org.gradle.internal.operations.DefaultBuildOperationRunner.execute(Defau
ltBuildOperationRunner.java:167)
	at org.gradle.internal.operations.DefaultBuildOperationRunner.execute(Defau
ltBuildOperationRunner.java:60)
	at org.gradle.internal.operations.DefaultBuildOperationRunner.call(DefaultB
uildOperationRunner.java:54)
	at 
org.gradle.internal.execution.steps.ExecuteStep.execute(ExecuteStep.java:56)
	at 
org.gradle.internal.execution.steps.ExecuteStep.execute(ExecuteStep.java:44)
	at org.gradle.internal.execution.steps.CancelExecutionStep.execute(CancelEx
ecutionStep.java:42)
	at org.gradle.internal.execution.steps.TimeoutStep.executeWithoutTimeout(Ti
meoutStep.java:75)
	at 
org.gradle.internal.execution.steps.TimeoutStep.execute(TimeoutStep.java:55)
	at org.gradle.internal.execution.steps.PreCreateOutputParentsStep.execute(P
reCreateOutputParentsStep.java:50)
	at org.gradle.internal.execution.steps.PreCreateOutputParentsStep.execute(P
reCreateOutputParentsStep.java:28)
	at org.gradle.internal.execution.steps.RemovePreviousOutputsStep.execute(Re
movePreviousOutputsStep.java:67)
	at org.gradle.internal.execution.steps.RemovePreviousOutputsStep.execute(Re
movePreviousOutputsStep.java:37)
	at org.gradle.internal.execution.steps.BroadcastChangingOutputsStep.execute
(BroadcastChangingOutputsStep.java:61)
	at org.gradle.internal.execution.steps.BroadcastChangingOutputsStep.execute
(BroadcastChangingOutputsStep.java:26)
	at org.gradle.internal.execution.steps.CaptureOutputsAfterExecutionStep.exe
cute(CaptureOutputsAfterExecutionStep.java:69)
	at org.gradle.internal.execution.steps.CaptureOutputsAfterExecutionStep.exe
cute(CaptureOutputsAfterExecutionStep.java:46)
	at org.gradle.internal.execution.steps.ResolveInputChangesStep.execute(Reso
lveInputChangesStep.java:40)
	at org.gradle.internal.execution.steps.ResolveInputChangesStep.execute(Reso
lveInputChangesStep.java:29)
	at org.gradle.internal.execution.steps.BuildCacheStep.executeWithoutCache(B
uildCacheStep.java:189)
	at org.gradle.internal.execution.steps.BuildCacheStep.lambda$execute$1(Buil
dCacheStep.java:75)
	at org.gradle.internal.Either$Right.fold(Either.java:175)
	at org.gradle.internal.execution.caching.CachingState.fold(CachingState.jav
a:62)
	at org.gradle.internal.execution.steps.BuildCacheStep.execute(BuildCacheSte
p.java:73)
	at org.gradle.internal.execution.steps.BuildCacheStep.execute(BuildCacheSte
p.java:48)
	at org.gradle.internal.execution.steps.StoreExecutionStateStep.execute(Stor
eExecutionStateStep.java:46)
	at org.gradle.internal.execution.steps.StoreExecutionStateStep.execute(Stor
eExecutionStateStep.java:35)
	at org.gradle.internal.execution.steps.SkipUpToDateStep.executeBecause(Skip
UpToDateStep.java:75)
	at org.gradle.internal.execution.steps.SkipUpToDateStep.lambda$execute$2(Sk
ipUpToDateStep.java:53)
	at org.gradle.internal.execution.steps.SkipUpToDateStep.execute(SkipUpToDat
eStep.java:53)
	at org.gradle.internal.execution.steps.SkipUpToDateStep.execute(SkipUpToDat
eStep.java:35)
	at org.gradle.internal.execution.steps.legacy.MarkSnapshottingInputsFinishe
dStep.execute(MarkSnapshottingInputsFinishedStep.java:37)
	at org.gradle.internal.execution.steps.legacy.MarkSnapshottingInputsFinishe
dStep.execute(MarkSnapshottingInputsFinishedStep.java:27)
	at org.gradle.internal.execution.steps.ResolveIncrementalCachingStateStep.e
xecuteDelegate(ResolveIncrementalCachingStateStep.java:49)
	at org.gradle.internal.execution.steps.ResolveIncrementalCachingStateStep.e
xecuteDelegate(ResolveIncrementalCachingStateStep.java:27)
	at org.gradle.internal.execution.steps.AbstractResolveCachingStateStep.exec
ute(AbstractResolveCachingStateStep.java:71)
	at org.gradle.internal.execution.steps.AbstractResolveCachingStateStep.exec
ute(AbstractResolveCachingStateStep.java:39)
	at org.gradle.internal.execution.steps.ResolveChangesStep.execute(ResolveCh
angesStep.java:65)
	at org.gradle.internal.execution.steps.ResolveChangesStep.execute(ResolveCh
angesStep.java:36)
	at org.gradle.internal.execution.steps.ValidateStep.execute(ValidateStep.ja
va:107)
	at org.gradle.internal.execution.steps.ValidateStep.execute(ValidateStep.ja
va:56)
	at org.gradle.internal.execution.steps.AbstractCaptureStateBeforeExecutionS
tep.execute(AbstractCaptureStateBeforeExecutionStep.java:64)
	at org.gradle.internal.execution.steps.AbstractCaptureStateBeforeExecutionS
tep.execute(AbstractCaptureStateBeforeExecutionStep.java:43)
	at org.gradle.internal.execution.steps.AbstractSkipEmptyWorkStep.executeWit
hNonEmptySources(AbstractSkipEmptyWorkStep.java:125)
	at org.gradle.internal.execution.steps.AbstractSkipEmptyWorkStep.execute(Ab
stractSkipEmptyWorkStep.java:56)
	at org.gradle.internal.execution.steps.AbstractSkipEmptyWorkStep.execute(Ab
stractSkipEmptyWorkStep.java:36)
	at org.gradle.internal.execution.steps.legacy.MarkSnapshottingInputsStarted
Step.execute(MarkSnapshottingInputsStartedStep.java:38)
	at org.gradle.internal.execution.steps.LoadPreviousExecutionStateStep.execu
te(LoadPreviousExecutionStateStep.java:36)
	at org.gradle.internal.execution.steps.LoadPreviousExecutionStateStep.execu
te(LoadPreviousExecutionStateStep.java:23)
	at org.gradle.internal.execution.steps.HandleStaleOutputsStep.execute(Handl
eStaleOutputsStep.java:75)
	at org.gradle.internal.execution.steps.HandleStaleOutputsStep.execute(Handl
eStaleOutputsStep.java:41)
	at org.gradle.internal.execution.steps.AssignMutableWorkspaceStep.lambda$ex
ecute$0(AssignMutableWorkspaceStep.java:35)
	at org.gradle.api.internal.tasks.execution.TaskExecution$4.withWorkspace(Ta
skExecution.java:289)
	at org.gradle.internal.execution.steps.AssignMutableWorkspaceStep.execute(A
ssignMutableWorkspaceStep.java:31)

	at org.gradle.internal.execution.steps.AssignMutableWorkspaceStep.execute(A
ssignMutableWorkspaceStep.java:22)
Deprecated Gradle features were used in this build, making it incompatible with Gradle 9.0.

You can use '--warning-mode all' to show the individual deprecation warnings and determine if they come from your own scripts or plugins.

	at org.gradle.internal.execution.steps.ChoosePipelineStep.execute(ChoosePip
elineStep.java:40)
For more on this, please refer to https://docs.gradle.org/8.13/userguide/command_line_interface.html#sec:command_line_warnings in the Gradle documentation.
	at org.gradle.internal.execution.steps.ChoosePipelineStep.execute(ChoosePip
elineStep.java:23)
202 actionable tasks: 7 executed, 195 up-to-date
Watched directory hierarchies: [C:\dev\ferify-project\ferify-mobile-app\node_modules\expo-modules-core\expo-module-gradle-plugin, C:\dev\ferify-project\ferify-mobile-app\node_modules\expo-dev-launcher\expo-dev-launcher-gradle-plugin, C:\dev\ferify-project\ferify-mobile-app\node_modules\expo-modules-autolinking\android\expo-gradle-plugin, C:\dev\ferify-project\ferify-mobile-app\node_modules\@react-native\gradle-plugin, C:\dev\ferify-project\ferify-mobile-app\android]
	at org.gradle.internal.execution.steps.ExecuteWorkBuildOperationFiringStep.
lambda$execute$2(ExecuteWorkBuildOperationFiringStep.java:67)
	at org.gradle.internal.execution.steps.ExecuteWorkBuildOperationFiringStep.
execute(ExecuteWorkBuildOperationFiringStep.java:67)
	at org.gradle.internal.execution.steps.ExecuteWorkBuildOperationFiringStep.
execute(ExecuteWorkBuildOperationFiringStep.java:39)
	at org.gradle.internal.execution.steps.IdentityCacheStep.execute(IdentityCa
cheStep.java:46)
	at org.gradle.internal.execution.steps.IdentityCacheStep.execute(IdentityCa
cheStep.java:34)
	at org.gradle.internal.execution.steps.IdentifyStep.execute(IdentifyStep.ja
va:48)
	at org.gradle.internal.execution.steps.IdentifyStep.execute(IdentifyStep.ja
va:35)
	at org.gradle.internal.execution.impl.DefaultExecutionEngine$1.execute(Defa
ultExecutionEngine.java:61)
	at org.gradle.api.internal.tasks.execution.ExecuteActionsTaskExecuter.execu
teIfValid(ExecuteActionsTaskExecuter.java:127)
	at org.gradle.api.internal.tasks.execution.ExecuteActionsTaskExecuter.execu
te(ExecuteActionsTaskExecuter.java:116)
	at org.gradle.api.internal.tasks.execution.ProblemsTaskPathTrackingTaskExec
uter.execute(ProblemsTaskPathTrackingTaskExecuter.java:40)
	at org.gradle.api.internal.tasks.execution.FinalizePropertiesTaskExecuter.e
xecute(FinalizePropertiesTaskExecuter.java:46)
	at org.gradle.api.internal.tasks.execution.ResolveTaskExecutionModeExecuter
.execute(ResolveTaskExecutionModeExecuter.java:51)
	at org.gradle.api.internal.tasks.execution.SkipTaskWithNoActionsExecuter.ex
ecute(SkipTaskWithNoActionsExecuter.java:57)
	at org.gradle.api.internal.tasks.execution.SkipOnlyIfTaskExecuter.execute(S
kipOnlyIfTaskExecuter.java:74)
	at org.gradle.api.internal.tasks.execution.CatchExceptionTaskExecuter.execu
te(CatchExceptionTaskExecuter.java:36)
	at org.gradle.api.internal.tasks.execution.EventFiringTaskExecuter$1.execut
eTask(EventFiringTaskExecuter.java:77)
	at org.gradle.api.internal.tasks.execution.EventFiringTaskExecuter$1.call(E
ventFiringTaskExecuter.java:55)
	at org.gradle.api.internal.tasks.execution.EventFiringTaskExecuter$1.call(E
ventFiringTaskExecuter.java:52)
	at org.gradle.internal.operations.DefaultBuildOperationRunner$CallableBuild
OperationWorker.execute(DefaultBuildOperationRunner.java:210)
	at org.gradle.internal.operations.DefaultBuildOperationRunner$CallableBuild
OperationWorker.execute(DefaultBuildOperationRunner.java:205)
	at org.gradle.internal.operations.DefaultBuildOperationRunner$2.execute(Def
aultBuildOperationRunner.java:67)
	at org.gradle.internal.operations.DefaultBuildOperationRunner$2.execute(Def
aultBuildOperationRunner.java:60)
	at org.gradle.internal.operations.DefaultBuildOperationRunner.execute(Defau
ltBuildOperationRunner.java:167)
	at org.gradle.internal.operations.DefaultBuildOperationRunner.execute(Defau
ltBuildOperationRunner.java:60)
	at org.gradle.internal.operations.DefaultBuildOperationRunner.call(DefaultB
uildOperationRunner.java:54)
	at org.gradle.api.internal.tasks.execution.EventFiringTaskExecuter.execute(
EventFiringTaskExecuter.java:52)
	at org.gradle.execution.plan.LocalTaskNodeExecutor.execute(LocalTaskNodeExe
cutor.java:42)
	at org.gradle.execution.taskgraph.DefaultTaskExecutionGraph$InvokeNodeExecu
torsAction.execute(DefaultTaskExecutionGraph.java:331)
	at org.gradle.execution.taskgraph.DefaultTaskExecutionGraph$InvokeNodeExecu
torsAction.execute(DefaultTaskExecutionGraph.java:318)
	at org.gradle.execution.taskgraph.DefaultTaskExecutionGraph$BuildOperationA
wareExecutionAction.lambda$execute$0(DefaultTaskExecutionGraph.java:314)
	at org.gradle.internal.operations.CurrentBuildOperationRef.with(CurrentBuil
dOperationRef.java:85)
	at org.gradle.execution.taskgraph.DefaultTaskExecutionGraph$BuildOperationA
wareExecutionAction.execute(DefaultTaskExecutionGraph.java:314)
	at org.gradle.execution.taskgraph.DefaultTaskExecutionGraph$BuildOperationA
wareExecutionAction.execute(DefaultTaskExecutionGraph.java:303)
	at org.gradle.execution.plan.DefaultPlanExecutor$ExecutorWorker.execute(Def
aultPlanExecutor.java:459)
	at org.gradle.execution.plan.DefaultPlanExecutor$ExecutorWorker.run(Default
PlanExecutor.java:376)
	at org.gradle.execution.plan.DefaultPlanExecutor.process(DefaultPlanExecuto
r.java:111)
	at org.gradle.execution.taskgraph.DefaultTaskExecutionGraph.executeWithServ
ices(DefaultTaskExecutionGraph.java:138)
	at org.gradle.execution.taskgraph.DefaultTaskExecutionGraph.execute(Default
TaskExecutionGraph.java:123)
	at org.gradle.execution.SelectedTaskExecutionAction.execute(SelectedTaskExe
cutionAction.java:35)
	at org.gradle.execution.DryRunBuildExecutionAction.execute(DryRunBuildExecu
tionAction.java:51)
	at org.gradle.execution.BuildOperationFiringBuildWorkerExecutor$ExecuteTask
s.call(BuildOperationFiringBuildWorkerExecutor.java:54)
	at org.gradle.execution.BuildOperationFiringBuildWorkerExecutor$ExecuteTask
s.call(BuildOperationFiringBuildWorkerExecutor.java:43)
	at org.gradle.internal.operations.DefaultBuildOperationRunner$CallableBuild
OperationWorker.execute(DefaultBuildOperationRunner.java:210)
	at org.gradle.internal.operations.DefaultBuildOperationRunner$CallableBuild
OperationWorker.execute(DefaultBuildOperationRunner.java:205)
	at org.gradle.internal.operations.DefaultBuildOperationRunner$2.execute(Def
aultBuildOperationRunner.java:67)
	at org.gradle.internal.operations.DefaultBuildOperationRunner$2.execute(Def
aultBuildOperationRunner.java:60)
	at org.gradle.internal.operations.DefaultBuildOperationRunner.execute(Defau
ltBuildOperationRunner.java:167)
	at org.gradle.internal.operations.DefaultBuildOperationRunner.execute(Defau
ltBuildOperationRunner.java:60)
	at org.gradle.internal.operations.DefaultBuildOperationRunner.call(DefaultB
uildOperationRunner.java:54)
	at org.gradle.execution.BuildOperationFiringBuildWorkerExecutor.execute(Bui
ldOperationFiringBuildWorkerExecutor.java:40)
	at org.gradle.internal.build.DefaultBuildLifecycleController.lambda$execute
Tasks$10(DefaultBuildLifecycleController.java:313)
	at org.gradle.internal.model.StateTransitionController.doTransition(StateTr
ansitionController.java:266)
	at org.gradle.internal.model.StateTransitionController.lambda$tryTransition
$8(StateTransitionController.java:177)
	at org.gradle.internal.work.DefaultSynchronizer.withLock(DefaultSynchronize
r.java:46)
	at org.gradle.internal.model.StateTransitionController.tryTransition(StateT
ransitionController.java:177)
	at org.gradle.internal.build.DefaultBuildLifecycleController.executeTasks(D
efaultBuildLifecycleController.java:304)
	at org.gradle.internal.build.DefaultBuildWorkGraphController$DefaultBuildWo
rkGraph.runWork(DefaultBuildWorkGraphController.java:220)
	at org.gradle.internal.work.DefaultWorkerLeaseService.withLocks(DefaultWork
erLeaseService.java:263)
	at org.gradle.internal.work.DefaultWorkerLeaseService.runAsWorkerThread(Def
aultWorkerLeaseService.java:127)
	at org.gradle.composite.internal.DefaultBuildController.doRun(DefaultBuildC
ontroller.java:181)
	at org.gradle.composite.internal.DefaultBuildController.access$000(DefaultB
uildController.java:50)
	at org.gradle.composite.internal.DefaultBuildController$BuildOpRunnable.lam
bda$run$0(DefaultBuildController.java:198)
	at org.gradle.internal.operations.CurrentBuildOperationRef.with(CurrentBuil
dOperationRef.java:85)
	at org.gradle.composite.internal.DefaultBuildController$BuildOpRunnable.run
(DefaultBuildController.java:198)
	at org.gradle.internal.concurrent.ExecutorPolicy$CatchAndRecordFailures.onE
xecute(ExecutorPolicy.java:64)
	at org.gradle.internal.concurrent.AbstractManagedExecutor$1.run(AbstractMan
agedExecutor.java:48)


BUILD FAILED in 56s
