app/account/SavedRoutesScreen.tsx(76,44): error TS2820: Type '"/setting/account/AddRouteScreen"' is not assignable to type 'RelativePathString | ExternalPathString | "/" | "/LeaderBoardScreen" | "/route/RouteResultScreen" | "/_sitemap" | "/(tabs)/AccountScreen" | ... 58 more ... | "/test/VoiceSearch"'. Did you mean '"/account/AddRouteScreen"'?
app/account/SavedRoutesScreen.tsx(84,44): error TS2820: Type '"/setting/account/AddRouteScreen"' is not assignable to type 'RelativePathString | ExternalPathString | "/" | "/LeaderBoardScreen" | "/route/RouteResultScreen" | "/_sitemap" | "/(tabs)/AccountScreen" | ... 58 more ... | "/test/VoiceSearch"'. Did you mean '"/account/AddRouteScreen"'?
app/auth/forgot-password/CompleteForgotPasswordScreen.tsx(45,44): error TS2345: Argument of type '"/auth/OnboardingScreen"' is not assignable to parameter of type 'RelativePathString | ExternalPathString | "/" | `/?${string}` | `/#${string}` | "/LeaderBoardScreen" | `/LeaderBoardScreen?${string}` | `/LeaderBoardScreen#${string}` | "/route/RouteResultScreen" | ... 247 more ... | { ...; }'.
app/auth/forgot-password/ForgotPasswordScreen.tsx(37,21): error TS2322: Type '"/auth/VerifyForgotPasswordOtpScreen"' is not assignable to type 'RelativePathString | ExternalPathString | "/" | "/LeaderBoardScreen" | "/route/RouteResultScreen" | "/_sitemap" | "/(tabs)/AccountScreen" | ... 58 more ... | "/test/VoiceSearch"'.
app/auth/forgot-password/VerifyForgotPasswordOtpScreen.tsx(126,29): error TS2322: Type '(ref: TextInput | null) => TextInput | null' is not assignable to type 'Ref<TextInput> | undefined'.
  Type '(ref: TextInput | null) => TextInput | null' is not assignable to type '(instance: TextInput | null) => void | (() => VoidOrUndefinedOnly)'.
    Type 'TextInput | null' is not assignable to type 'void | (() => VoidOrUndefinedOnly)'.
      Type 'null' is not assignable to type 'void | (() => VoidOrUndefinedOnly)'.
app/auth/login/LoginScreen.tsx(216,33): error TS2322: Type '(idToken: string) => Promise<void>' is not assignable to type '(event: GestureResponderEvent) => void'.
  Types of parameters 'idToken' and 'event' are incompatible.
    Type 'GestureResponderEvent' is not assignable to type 'string'.
app/setting/VerifyUpdateUserEmailScreen.tsx(31,13): error TS2322: Type 'number' is not assignable to type 'Timeout'.
app/setting/VerifyUpdateUserEmailScreen.tsx(73,65): error TS2345: Argument of type '"/tabs/HomeScreen"' is not assignable to parameter of type 'RelativePathString | ExternalPathString | "/" | `/?${string}` | `/#${string}` | "/LeaderBoardScreen" | `/LeaderBoardScreen?${string}` | `/LeaderBoardScreen#${string}` | "/route/RouteResultScreen" | ... 247 more ... | { ...; }'.
app/setting/VerifyUpdateUserEmailScreen.tsx(127,33): error TS2322: Type '(ref: TextInput | null) => TextInput | null' is not assignable to type 'Ref<TextInput> | undefined'.
  Type '(ref: TextInput | null) => TextInput | null' is not assignable to type '(instance: TextInput | null) => void | (() => VoidOrUndefinedOnly)'.
    Type 'TextInput | null' is not assignable to type 'void | (() => VoidOrUndefinedOnly)'.
      Type 'null' is not assignable to type 'void | (() => VoidOrUndefinedOnly)'.
app/test/RouteBreakdownScreen.tsx(79,9): error TS2322: Type 'number' is not assignable to type 'Timeout'.
components/VoiceSearchModal.tsx(115,29): error TS2345: Argument of type '"/route/RouteSelect"' is not assignable to parameter of type 'RelativePathString | ExternalPathString | "/" | `/?${string}` | `/#${string}` | "/LeaderBoardScreen" | `/LeaderBoardScreen?${string}` | `/LeaderBoardScreen#${string}` | "/route/RouteResultScreen" | ... 247 more ... | { ...; }'.
